{
  "Entries": [
    {
      "RequestUri": "/webhdfs/v1/SDKTestFolder01%2FSDKTestFile01.txt0157?op=CREATE&write=true&api-version=2015-10-01-preview",
      "EncodedRequestUri": "L3dlYmhkZnMvdjEvU0RLVGVzdEZvbGRlcjAxJTJGU0RLVGVzdEZpbGUwMS50eHQwMTU3P29wPUNSRUFURSZ3cml0ZT10cnVlJmFwaS12ZXJzaW9uPTIwMTUtMTAtMDEtcHJldmlldw==",
      "RequestMethod": "PUT",
      "RequestBody": "These are some random test contents 1234!@",
      "RequestHeaders": {
        "Content-Type": [
          "application/octet-stream"
        ],
        "Content-Length": [
          "42"
        ],
        "Transfer-Encoding": [
          "chunked"
        ],
        "useragent": [
          "Azure SDK - Microsoft.Azure.Management.DataLake.StoreFileSystem 0.9.4-preview "
        ],
        "User-Agent": [
          "Azure",
          "SDK",
          "-",
          "Microsoft.Azure.Management.DataLake.StoreFileSystem",
          "0.9.4-preview"
        ]
      },
      "ResponseBody": "",
      "ResponseHeaders": {
        "Content-Length": [
          "0"
        ],
        "Expires": [
          "-1"
        ],
        "Pragma": [
          "no-cache"
        ],
        "x-ms-request-id": [
          "0afbdb58-f472-4e92-94d7-6bd6b82a3803"
        ],
        "x-origin-server": [
          "bn4sch103201524"
        ],
        "ContentLength": [
          "0"
        ],
        "Server-Perf": [
          "[0afbdb58f4724e9294d76bd6b82a3803][ AuthTime::1810.4296658981::PostAuthTime::31688.7207195186 ][Open :: 00:00:559 ms]%0a[Write :: 00:00:273 ms]%0a[FlushWrite :: 00:00:078 ms]%0a[CREATE :: 00:00:933 ms]%0a"
        ],
        "X-Content-Type-Options": [
          "nosniff"
        ],
        "Strict-Transport-Security": [
          "max-age=15724800; includeSubDomains"
        ],
        "Cache-Control": [
          "no-cache"
        ],
        "Date": [
          "Tue, 20 Oct 2015 20:30:55 GMT"
        ],
        "Location": [
          "https://testadlfs1606.caboaccountdogfood.net/webhdfs/v1/SDKTestFolder01/SDKTestFile01.txt0157?op=CREATE&write=true&api-version=2015-10-01-preview"
        ],
        "Set-Cookie": [
          "UserPrincipalSession=41b08131-bcac-4d9d-befb-50113eb31432; path=/; secure; HttpOnly"
        ]
      },
      "StatusCode": 201
    },
    {
      "RequestUri": "/webhdfs/v1/SDKTestFolder01%2FSDKTestFile01.txt0157?op=GETFILESTATUS&api-version=2015-10-01-preview",
      "EncodedRequestUri": "L3dlYmhkZnMvdjEvU0RLVGVzdEZvbGRlcjAxJTJGU0RLVGVzdEZpbGUwMS50eHQwMTU3P29wPUdFVEZJTEVTVEFUVVMmYXBpLXZlcnNpb249MjAxNS0xMC0wMS1wcmV2aWV3",
      "RequestMethod": "GET",
      "RequestBody": "",
      "RequestHeaders": {
        "useragent": [
          "Azure SDK - Microsoft.Azure.Management.DataLake.StoreFileSystem 0.9.4-preview "
        ],
        "User-Agent": [
          "Azure",
          "SDK",
          "-",
          "Microsoft.Azure.Management.DataLake.StoreFileSystem",
          "0.9.4-preview"
        ]
      },
      "ResponseBody": "{\r\n  \"FileStatus\": {\r\n    \"length\": 42,\r\n    \"pathSuffix\": \"\",\r\n    \"type\": \"FILE\",\r\n    \"blockSize\": 268435456,\r\n    \"accessTime\": 1445373055207,\r\n    \"modificationTime\": 1445373055873,\r\n    \"replication\": 0,\r\n    \"permission\": \"777\",\r\n    \"owner\": \"NotSupportYet\",\r\n    \"group\": \"NotSupportYet\"\r\n  }\r\n}",
      "ResponseHeaders": {
        "Content-Length": [
          "223"
        ],
        "Content-Type": [
          "application/json; charset=utf-8"
        ],
        "Expires": [
          "-1"
        ],
        "Pragma": [
          "no-cache"
        ],
        "x-ms-request-id": [
          "6622c45e-48c5-4734-bdd6-4905638625da"
        ],
        "x-origin-server": [
          "bn4sch103201524"
        ],
        "Server-Perf": [
          "[6622c45e48c54734bdd64905638625da][ AuthTime::825.022165253351::PostAuthTime::194.60087360823 ][IsExist :: 00:00:000 ms]%0a[SS Response Process :: 00:00:000 ms]%0a[GETFILESTATUS :: 00:00:077 ms]%0a"
        ],
        "X-Content-Type-Options": [
          "nosniff"
        ],
        "Strict-Transport-Security": [
          "max-age=15724800; includeSubDomains"
        ],
        "Cache-Control": [
          "no-cache"
        ],
        "Date": [
          "Tue, 20 Oct 2015 20:30:55 GMT"
        ]
      },
      "StatusCode": 200
    },
    {
      "RequestUri": "/webhdfs/v1/SDKTestFolder01%2FSDKTestFile01.txt0157?op=OPEN&read=true&api-version=2015-10-01-preview",
      "EncodedRequestUri": "L3dlYmhkZnMvdjEvU0RLVGVzdEZvbGRlcjAxJTJGU0RLVGVzdEZpbGUwMS50eHQwMTU3P29wPU9QRU4mcmVhZD10cnVlJmFwaS12ZXJzaW9uPTIwMTUtMTAtMDEtcHJldmlldw==",
      "RequestMethod": "GET",
      "RequestBody": "",
      "RequestHeaders": {
        "useragent": [
          "Azure SDK - Microsoft.Azure.Management.DataLake.StoreFileSystem 0.9.4-preview "
        ],
        "User-Agent": [
          "Azure",
          "SDK",
          "-",
          "Microsoft.Azure.Management.DataLake.StoreFileSystem",
          "0.9.4-preview"
        ]
      },
      "ResponseBody": "These are some random test contents 1234!@",
      "ResponseHeaders": {
        "Content-Type": [
          "application/octet-stream"
        ],
        "Expires": [
          "-1"
        ],
        "Pragma": [
          "no-cache"
        ],
        "Transfer-Encoding": [
          "chunked"
        ],
        "x-ms-request-id": [
          "52a5a9a0-8384-4fed-b6aa-bd96b16cf3ee"
        ],
        "x-origin-server": [
          "bn4sch103201524"
        ],
        "Server-Perf": [
          "[52a5a9a083844fedb6aabd96b16cf3ee][ AuthTime::763.434196463054::PostAuthTime::189.896237103415 ][GetCacheEntry :: 00:00:000 ms]%0a[OpenNewHandle :: 00:00:147 ms]%0a[CreateCacheEntry :: 00:00:000 ms]%0a[GetOrCreateHandle :: 00:00:147 ms]%0a[Open :: 00:00:147 ms]%0a[OPEN :: 00:00:201 ms]%0a"
        ],
        "X-Content-Type-Options": [
          "nosniff"
        ],
        "Strict-Transport-Security": [
          "max-age=15724800; includeSubDomains"
        ],
        "Cache-Control": [
          "no-cache"
        ],
        "Date": [
          "Tue, 20 Oct 2015 20:30:55 GMT"
        ]
      },
      "StatusCode": 200
    }
  ],
  "Names": {},
  "Variables": {}
}