{
  "Entries": [
    {
      "RequestUri": "/webhdfs/v1/SDKTestFolder018269%2FSDKTestConcatFile01.txt?op=MSCONCAT&deletesourcedirectory=true&api-version=2015-10-01-preview",
      "EncodedRequestUri": "L3dlYmhkZnMvdjEvU0RLVGVzdEZvbGRlcjAxODI2OSUyRlNES1Rlc3RDb25jYXRGaWxlMDEudHh0P29wPU1TQ09OQ0FUJmRlbGV0ZXNvdXJjZWRpcmVjdG9yeT10cnVlJmFwaS12ZXJzaW9uPTIwMTUtMTAtMDEtcHJldmlldw==",
      "RequestMethod": "POST",
      "RequestBody": "sources=SDKTestFolder01/msconcatFolder/SDKTestFile01.txt8250,SDKTestFolder01/msconcatFolder/SDKTestFile01.txt974",
      "RequestHeaders": {
        "Content-Type": [
          "application/octet-stream"
        ],
        "Content-Length": [
          "112"
        ],
        "useragent": [
          "Azure SDK - Microsoft.Azure.Management.DataLake.StoreFileSystem 0.9.4-preview "
        ],
        "User-Agent": [
          "Azure",
          "SDK",
          "-",
          "Microsoft.Azure.Management.DataLake.StoreFileSystem",
          "0.9.4-preview"
        ]
      },
      "ResponseBody": "",
      "ResponseHeaders": {
        "Content-Length": [
          "0"
        ],
        "Expires": [
          "-1"
        ],
        "Pragma": [
          "no-cache"
        ],
        "x-ms-request-id": [
          "fea9fb97-1158-41d7-8efe-a346b94d01ee"
        ],
        "x-origin-server": [
          "bn4sch103190324"
        ],
        "Server-Perf": [
          "[fea9fb97115841d78efea346b94d01ee][ AuthTime::1661.1672223137::PostAuthTime::31752.9291758532 ][IsExist :: 00:00:000 ms]%0a[SS Response Process :: 00:00:000 ms]%0a[MSCONCAT :: 00:41:793 ms]%0a"
        ],
        "X-Content-Type-Options": [
          "nosniff"
        ],
        "Strict-Transport-Security": [
          "max-age=15724800; includeSubDomains"
        ],
        "Cache-Control": [
          "no-cache"
        ],
        "Date": [
          "Wed, 21 Oct 2015 19:16:48 GMT"
        ],
        "Set-Cookie": [
          "UserPrincipalSession=1353bbca-82b5-43a0-8900-28f41b9d0a78; path=/; secure; HttpOnly"
        ]
      },
      "StatusCode": 200
    },
    {
      "RequestUri": "/webhdfs/v1/SDKTestFolder01%2FmsconcatFolder%2FSDKTestFile01.txt8250?op=GETFILESTATUS&api-version=2015-10-01-preview",
      "EncodedRequestUri": "L3dlYmhkZnMvdjEvU0RLVGVzdEZvbGRlcjAxJTJGbXNjb25jYXRGb2xkZXIlMkZTREtUZXN0RmlsZTAxLnR4dDgyNTA/b3A9R0VURklMRVNUQVRVUyZhcGktdmVyc2lvbj0yMDE1LTEwLTAxLXByZXZpZXc=",
      "RequestMethod": "GET",
      "RequestBody": "",
      "RequestHeaders": {
        "useragent": [
          "Azure SDK - Microsoft.Azure.Management.DataLake.StoreFileSystem 0.9.4-preview "
        ],
        "User-Agent": [
          "Azure",
          "SDK",
          "-",
          "Microsoft.Azure.Management.DataLake.StoreFileSystem",
          "0.9.4-preview"
        ]
      },
      "ResponseBody": "{\r\n  \"RemoteException\": {\r\n    \"exception\": \"FileNotFoundException\",\r\n    \"message\": \"File/Folder does not exist: /SDKTestFolder01/msconcatFolder/SDKTestFile01.txt8250 [2038e0531e4b45a4b73f889478d9405c]\",\r\n    \"javaClassName\": \"java.io.FileNotFoundException\"\r\n  }\r\n}",
      "ResponseHeaders": {
        "Content-Length": [
          "234"
        ],
        "Content-Type": [
          "application/json; charset=utf-8"
        ],
        "Expires": [
          "-1"
        ],
        "Pragma": [
          "no-cache"
        ],
        "x-ms-request-id": [
          "2038e053-1e4b-45a4-b73f-889478d9405c"
        ],
        "x-origin-server": [
          "bn4sch103190324"
        ],
        "Server-Perf": [
          "[2038e0531e4b45a4b73f889478d9405c][ AuthTime::877.630056690967::PostAuthTime::183.481137583053 ][IsExist :: 00:00:000 ms]%0a[SS Response Process :: 00:00:000 ms]%0a[GETFILESTATUS :: 00:03:343 ms]%0a"
        ],
        "X-Content-Type-Options": [
          "nosniff"
        ],
        "Strict-Transport-Security": [
          "max-age=15724800; includeSubDomains"
        ],
        "Cache-Control": [
          "no-cache"
        ],
        "Date": [
          "Wed, 21 Oct 2015 19:16:53 GMT"
        ]
      },
      "StatusCode": 404
    },
    {
      "RequestUri": "/webhdfs/v1/SDKTestFolder01%2FmsconcatFolder%2FSDKTestFile01.txt974?op=GETFILESTATUS&api-version=2015-10-01-preview",
      "EncodedRequestUri": "L3dlYmhkZnMvdjEvU0RLVGVzdEZvbGRlcjAxJTJGbXNjb25jYXRGb2xkZXIlMkZTREtUZXN0RmlsZTAxLnR4dDk3ND9vcD1HRVRGSUxFU1RBVFVTJmFwaS12ZXJzaW9uPTIwMTUtMTAtMDEtcHJldmlldw==",
      "RequestMethod": "GET",
      "RequestBody": "",
      "RequestHeaders": {
        "useragent": [
          "Azure SDK - Microsoft.Azure.Management.DataLake.StoreFileSystem 0.9.4-preview "
        ],
        "User-Agent": [
          "Azure",
          "SDK",
          "-",
          "Microsoft.Azure.Management.DataLake.StoreFileSystem",
          "0.9.4-preview"
        ]
      },
      "ResponseBody": "{\r\n  \"RemoteException\": {\r\n    \"exception\": \"FileNotFoundException\",\r\n    \"message\": \"File/Folder does not exist: /SDKTestFolder01/msconcatFolder/SDKTestFile01.txt974 [3099c262564e4b3a90de346c2d35490a]\",\r\n    \"javaClassName\": \"java.io.FileNotFoundException\"\r\n  }\r\n}",
      "ResponseHeaders": {
        "Content-Length": [
          "233"
        ],
        "Content-Type": [
          "application/json; charset=utf-8"
        ],
        "Expires": [
          "-1"
        ],
        "Pragma": [
          "no-cache"
        ],
        "x-ms-request-id": [
          "3099c262-564e-4b3a-90de-346c2d35490a"
        ],
        "x-origin-server": [
          "bn4sch103190324"
        ],
        "Server-Perf": [
          "[3099c262564e4b3a90de346c2d35490a][ AuthTime::1734.73075533068::PostAuthTime::31463.8073832981 ][IsExist :: 00:00:000 ms]%0a[SS Response Process :: 00:00:000 ms]%0a[GETFILESTATUS :: 00:00:006 ms]%0a"
        ],
        "X-Content-Type-Options": [
          "nosniff"
        ],
        "Strict-Transport-Security": [
          "max-age=15724800; includeSubDomains"
        ],
        "Cache-Control": [
          "no-cache"
        ],
        "Date": [
          "Wed, 21 Oct 2015 19:16:55 GMT"
        ],
        "Set-Cookie": [
          "UserPrincipalSession=1353bbca-82b5-43a0-8900-28f41b9d0a78; path=/; secure; HttpOnly"
        ]
      },
      "StatusCode": 404
    },
    {
      "RequestUri": "/webhdfs/v1/SDKTestFolder01%2FmsconcatFolder?op=GETFILESTATUS&api-version=2015-10-01-preview",
      "EncodedRequestUri": "L3dlYmhkZnMvdjEvU0RLVGVzdEZvbGRlcjAxJTJGbXNjb25jYXRGb2xkZXI/b3A9R0VURklMRVNUQVRVUyZhcGktdmVyc2lvbj0yMDE1LTEwLTAxLXByZXZpZXc=",
      "RequestMethod": "GET",
      "RequestBody": "",
      "RequestHeaders": {
        "useragent": [
          "Azure SDK - Microsoft.Azure.Management.DataLake.StoreFileSystem 0.9.4-preview "
        ],
        "User-Agent": [
          "Azure",
          "SDK",
          "-",
          "Microsoft.Azure.Management.DataLake.StoreFileSystem",
          "0.9.4-preview"
        ]
      },
      "ResponseBody": "{\r\n  \"RemoteException\": {\r\n    \"exception\": \"FileNotFoundException\",\r\n    \"message\": \"File/Folder does not exist: /SDKTestFolder01/msconcatFolder [ab51a48d89a544bca6ea6f575e6a8b7c]\",\r\n    \"javaClassName\": \"java.io.FileNotFoundException\"\r\n  }\r\n}",
      "ResponseHeaders": {
        "Content-Length": [
          "212"
        ],
        "Content-Type": [
          "application/json; charset=utf-8"
        ],
        "Expires": [
          "-1"
        ],
        "Pragma": [
          "no-cache"
        ],
        "x-ms-request-id": [
          "ab51a48d-89a5-44bc-a6ea-6f575e6a8b7c"
        ],
        "x-origin-server": [
          "bn4sch103190324"
        ],
        "Server-Perf": [
          "[ab51a48d89a544bca6ea6f575e6a8b7c][ AuthTime::1559.80351693565::PostAuthTime::30806.0125357393 ][IsExist :: 00:00:000 ms]%0a[SS Response Process :: 00:00:000 ms]%0a[GETFILESTATUS :: 00:00:005 ms]%0a"
        ],
        "X-Content-Type-Options": [
          "nosniff"
        ],
        "Strict-Transport-Security": [
          "max-age=15724800; includeSubDomains"
        ],
        "Cache-Control": [
          "no-cache"
        ],
        "Date": [
          "Wed, 21 Oct 2015 19:16:55 GMT"
        ],
        "Set-Cookie": [
          "UserPrincipalSession=1353bbca-82b5-43a0-8900-28f41b9d0a78; path=/; secure; HttpOnly"
        ]
      },
      "StatusCode": 404
    }
  ],
  "Names": {
    "CreateFile": [
      "SDKTestFolder01/msconcatFolder/SDKTestFile01.txt8250",
      "SDKTestFolder01/msconcatFolder/SDKTestFile01.txt974"
    ],
    "CreateFolder": [
      "SDKTestFolder018269"
    ]
  },
  "Variables": {}
}