{
  "Entries": [
    {
      "RequestUri": "/webhdfs/v1/SDKTestFolder015030%2FSDKTestConcatFile01.txt?op=MSCONCAT&api-version=2015-10-01-preview",
      "EncodedRequestUri": "L3dlYmhkZnMvdjEvU0RLVGVzdEZvbGRlcjAxNTAzMCUyRlNES1Rlc3RDb25jYXRGaWxlMDEudHh0P29wPU1TQ09OQ0FUJmFwaS12ZXJzaW9uPTIwMTUtMTAtMDEtcHJldmlldw==",
      "RequestMethod": "POST",
      "RequestBody": "sources=SDKTestFolder01/SDKTestFile01.txt9761,SDKTestFolder01/SDKTestFile01.txt0777",
      "RequestHeaders": {
        "Content-Type": [
          "application/octet-stream"
        ],
        "Content-Length": [
          "83"
        ],
        "useragent": [
          "Azure SDK - Microsoft.Azure.Management.DataLake.StoreFileSystem 0.9.4-preview "
        ],
        "User-Agent": [
          "Azure",
          "SDK",
          "-",
          "Microsoft.Azure.Management.DataLake.StoreFileSystem",
          "0.9.4-preview"
        ]
      },
      "ResponseBody": "",
      "ResponseHeaders": {
        "Content-Length": [
          "0"
        ],
        "Expires": [
          "-1"
        ],
        "Pragma": [
          "no-cache"
        ],
        "x-ms-request-id": [
          "a8a65bef-0584-4ed2-af8e-6bc487f32d0f"
        ],
        "x-origin-server": [
          "bn4sch103201234"
        ],
        "Server-Perf": [
          "[a8a65bef05844ed2af8e6bc487f32d0f][ AuthTime::1700.5151585786::PostAuthTime::31414.622462967 ][IsExist :: 00:00:000 ms]%0a[SS Response Process :: 00:00:000 ms]%0a[MSCONCAT :: 00:02:593 ms]%0a"
        ],
        "X-Content-Type-Options": [
          "nosniff"
        ],
        "Strict-Transport-Security": [
          "max-age=15724800; includeSubDomains"
        ],
        "Cache-Control": [
          "no-cache"
        ],
        "Date": [
          "Fri, 16 Oct 2015 18:04:57 GMT"
        ],
        "Set-Cookie": [
          "UserPrincipalSession=efa1fc67-bb32-4d8c-9ead-1c8829dcccfb; path=/; secure; HttpOnly"
        ]
      },
      "StatusCode": 200
    },
    {
      "RequestUri": "/webhdfs/v1/SDKTestFolder01%2FSDKTestFile01.txt9761?op=GETFILESTATUS&api-version=2015-10-01-preview",
      "EncodedRequestUri": "L3dlYmhkZnMvdjEvU0RLVGVzdEZvbGRlcjAxJTJGU0RLVGVzdEZpbGUwMS50eHQ5NzYxP29wPUdFVEZJTEVTVEFUVVMmYXBpLXZlcnNpb249MjAxNS0xMC0wMS1wcmV2aWV3",
      "RequestMethod": "GET",
      "RequestBody": "",
      "RequestHeaders": {
        "useragent": [
          "Azure SDK - Microsoft.Azure.Management.DataLake.StoreFileSystem 0.9.4-preview "
        ],
        "User-Agent": [
          "Azure",
          "SDK",
          "-",
          "Microsoft.Azure.Management.DataLake.StoreFileSystem",
          "0.9.4-preview"
        ]
      },
      "ResponseBody": "{\r\n  \"RemoteException\": {\r\n    \"exception\": \"FileNotFoundException\",\r\n    \"message\": \"File/Folder does not exist: /SDKTestFolder01/SDKTestFile01.txt9761 [d3484e415e80450f862df2837422d103]\",\r\n    \"javaClassName\": \"java.io.FileNotFoundException\"\r\n  }\r\n}",
      "ResponseHeaders": {
        "Content-Length": [
          "219"
        ],
        "Content-Type": [
          "application/json; charset=utf-8"
        ],
        "Expires": [
          "-1"
        ],
        "Pragma": [
          "no-cache"
        ],
        "x-ms-request-id": [
          "d3484e41-5e80-450f-862d-f2837422d103"
        ],
        "x-origin-server": [
          "bn4sch103201234"
        ],
        "Server-Perf": [
          "[d3484e415e80450f862df2837422d103][ AuthTime::781.398690825729::PostAuthTime::179.631882948443 ][IsExist :: 00:00:000 ms]%0a[SS Response Process :: 00:00:000 ms]%0a[GETFILESTATUS :: 00:00:241 ms]%0a"
        ],
        "X-Content-Type-Options": [
          "nosniff"
        ],
        "Strict-Transport-Security": [
          "max-age=15724800; includeSubDomains"
        ],
        "Cache-Control": [
          "no-cache"
        ],
        "Date": [
          "Fri, 16 Oct 2015 18:04:58 GMT"
        ]
      },
      "StatusCode": 404
    },
    {
      "RequestUri": "/webhdfs/v1/SDKTestFolder01%2FSDKTestFile01.txt0777?op=GETFILESTATUS&api-version=2015-10-01-preview",
      "EncodedRequestUri": "L3dlYmhkZnMvdjEvU0RLVGVzdEZvbGRlcjAxJTJGU0RLVGVzdEZpbGUwMS50eHQwNzc3P29wPUdFVEZJTEVTVEFUVVMmYXBpLXZlcnNpb249MjAxNS0xMC0wMS1wcmV2aWV3",
      "RequestMethod": "GET",
      "RequestBody": "",
      "RequestHeaders": {
        "useragent": [
          "Azure SDK - Microsoft.Azure.Management.DataLake.StoreFileSystem 0.9.4-preview "
        ],
        "User-Agent": [
          "Azure",
          "SDK",
          "-",
          "Microsoft.Azure.Management.DataLake.StoreFileSystem",
          "0.9.4-preview"
        ]
      },
      "ResponseBody": "{\r\n  \"RemoteException\": {\r\n    \"exception\": \"FileNotFoundException\",\r\n    \"message\": \"File/Folder does not exist: /SDKTestFolder01/SDKTestFile01.txt0777 [535d298e2eff47daa7fd3d7e0e4a83ef]\",\r\n    \"javaClassName\": \"java.io.FileNotFoundException\"\r\n  }\r\n}",
      "ResponseHeaders": {
        "Content-Length": [
          "219"
        ],
        "Content-Type": [
          "application/json; charset=utf-8"
        ],
        "Expires": [
          "-1"
        ],
        "Pragma": [
          "no-cache"
        ],
        "x-ms-request-id": [
          "535d298e-2eff-47da-a7fd-3d7e0e4a83ef"
        ],
        "x-origin-server": [
          "bn4sch103201234"
        ],
        "Server-Perf": [
          "[535d298e2eff47daa7fd3d7e0e4a83ef][ AuthTime::1643.63172897826::PostAuthTime::31152.8731478135 ][IsExist :: 00:00:000 ms]%0a[SS Response Process :: 00:00:000 ms]%0a[GETFILESTATUS :: 00:00:043 ms]%0a"
        ],
        "X-Content-Type-Options": [
          "nosniff"
        ],
        "Strict-Transport-Security": [
          "max-age=15724800; includeSubDomains"
        ],
        "Cache-Control": [
          "no-cache"
        ],
        "Date": [
          "Fri, 16 Oct 2015 18:04:58 GMT"
        ],
        "Set-Cookie": [
          "UserPrincipalSession=efa1fc67-bb32-4d8c-9ead-1c8829dcccfb; path=/; secure; HttpOnly"
        ]
      },
      "StatusCode": 404
    }
  ],
  "Names": {},
  "Variables": {}
}