{
  "Entries": [
    {
      "RequestUri": "https://seanstagehierarchical.blob.core.windows.net/test-filesystem-20c85e96-641b-0b58-defd-8f1bcd695198?restype=container",
      "RequestMethod": "PUT",
      "RequestHeaders": {
        "Authorization": "Sanitized",
        "traceparent": "00-2047f70ea21f554da4864000a54163bb-f08e9b6b027b2341-00",
        "User-Agent": [
          "azsdk-net-Storage.Files.DataLake/12.0.0-dev.20200305.1",
          "(.NET Core 4.6.28325.01; Microsoft Windows 10.0.18363 )"
        ],
        "x-ms-blob-public-access": "container",
        "x-ms-client-request-id": "c5d0cd18-ac9c-e618-cf77-1dc72847f765",
        "x-ms-date": "Thu, 05 Mar 2020 21:59:37 GMT",
        "x-ms-return-client-request-id": "true",
        "x-ms-version": "2019-10-10"
      },
      "RequestBody": null,
      "StatusCode": 201,
      "ResponseHeaders": {
        "Content-Length": "0",
        "Date": "Thu, 05 Mar 2020 21:59:37 GMT",
        "ETag": "\u00220x8D7C1507F8ABC85\u0022",
        "Last-Modified": "Thu, 05 Mar 2020 21:59:37 GMT",
        "Server": [
          "Windows-Azure-Blob/1.0",
          "Microsoft-HTTPAPI/2.0"
        ],
        "x-ms-client-request-id": "c5d0cd18-ac9c-e618-cf77-1dc72847f765",
        "x-ms-request-id": "0e69de4c-201e-003e-3039-f30544000000",
        "x-ms-version": "2019-10-10"
      },
      "ResponseBody": []
    },
    {
      "RequestUri": "https://seanstagehierarchical.dfs.core.windows.net/test-filesystem-20c85e96-641b-0b58-defd-8f1bcd695198/foo?resource=directory",
      "RequestMethod": "PUT",
      "RequestHeaders": {
        "Authorization": "Sanitized",
        "traceparent": "00-9f725e3bc87f634f9374112fcf1d4b1c-bf5be10c96c0104c-00",
        "User-Agent": [
          "azsdk-net-Storage.Files.DataLake/12.0.0-dev.20200305.1",
          "(.NET Core 4.6.28325.01; Microsoft Windows 10.0.18363 )"
        ],
        "x-ms-client-request-id": "ff03e07f-8c98-2efb-50f2-545ae3509b7f",
        "x-ms-date": "Thu, 05 Mar 2020 21:59:37 GMT",
        "x-ms-return-client-request-id": "true",
        "x-ms-version": "2019-10-10"
      },
      "RequestBody": null,
      "StatusCode": 201,
      "ResponseHeaders": {
        "Content-Length": "0",
        "Date": "Thu, 05 Mar 2020 21:59:37 GMT",
        "ETag": "\u00220x8D7C1507FDD415A\u0022",
        "Last-Modified": "Thu, 05 Mar 2020 21:59:38 GMT",
        "Server": [
          "Windows-Azure-HDFS/1.0",
          "Microsoft-HTTPAPI/2.0"
        ],
        "x-ms-client-request-id": "ff03e07f-8c98-2efb-50f2-545ae3509b7f",
        "x-ms-request-id": "551d95dd-c01f-0019-4d39-f31280000000",
        "x-ms-version": "2019-10-10"
      },
      "ResponseBody": []
    },
    {
      "RequestUri": "https://seanstagehierarchical.dfs.core.windows.net/test-filesystem-20c85e96-641b-0b58-defd-8f1bcd695198/bar?resource=directory",
      "RequestMethod": "PUT",
      "RequestHeaders": {
        "Authorization": "Sanitized",
        "traceparent": "00-6188c8e3b5313b45882dfb6b4a80ec18-5e050990c7a8244b-00",
        "User-Agent": [
          "azsdk-net-Storage.Files.DataLake/12.0.0-dev.20200305.1",
          "(.NET Core 4.6.28325.01; Microsoft Windows 10.0.18363 )"
        ],
        "x-ms-client-request-id": "48471fbf-f844-7bcc-6a1f-906a6d81b2f7",
        "x-ms-date": "Thu, 05 Mar 2020 21:59:38 GMT",
        "x-ms-return-client-request-id": "true",
        "x-ms-version": "2019-10-10"
      },
      "RequestBody": null,
      "StatusCode": 201,
      "ResponseHeaders": {
        "Content-Length": "0",
        "Date": "Thu, 05 Mar 2020 21:59:37 GMT",
        "ETag": "\u00220x8D7C1507FEC18DB\u0022",
        "Last-Modified": "Thu, 05 Mar 2020 21:59:38 GMT",
        "Server": [
          "Windows-Azure-HDFS/1.0",
          "Microsoft-HTTPAPI/2.0"
        ],
        "x-ms-client-request-id": "48471fbf-f844-7bcc-6a1f-906a6d81b2f7",
        "x-ms-request-id": "551d95de-c01f-0019-4e39-f31280000000",
        "x-ms-version": "2019-10-10"
      },
      "ResponseBody": []
    },
    {
      "RequestUri": "https://seanstagehierarchical.dfs.core.windows.net/test-filesystem-20c85e96-641b-0b58-defd-8f1bcd695198/baz?resource=directory",
      "RequestMethod": "PUT",
      "RequestHeaders": {
        "Authorization": "Sanitized",
        "traceparent": "00-fd6809be4b7a9d4e9e6d7d42673d4eab-95af4621840b4c4c-00",
        "User-Agent": [
          "azsdk-net-Storage.Files.DataLake/12.0.0-dev.20200305.1",
          "(.NET Core 4.6.28325.01; Microsoft Windows 10.0.18363 )"
        ],
        "x-ms-client-request-id": "c39b71ea-5308-5d3b-53e8-81730be6e86f",
        "x-ms-date": "Thu, 05 Mar 2020 21:59:38 GMT",
        "x-ms-return-client-request-id": "true",
        "x-ms-version": "2019-10-10"
      },
      "RequestBody": null,
      "StatusCode": 201,
      "ResponseHeaders": {
        "Content-Length": "0",
        "Date": "Thu, 05 Mar 2020 21:59:37 GMT",
        "ETag": "\u00220x8D7C1507FF8FE9A\u0022",
        "Last-Modified": "Thu, 05 Mar 2020 21:59:38 GMT",
        "Server": [
          "Windows-Azure-HDFS/1.0",
          "Microsoft-HTTPAPI/2.0"
        ],
        "x-ms-client-request-id": "c39b71ea-5308-5d3b-53e8-81730be6e86f",
        "x-ms-request-id": "551d95df-c01f-0019-4f39-f31280000000",
        "x-ms-version": "2019-10-10"
      },
      "ResponseBody": []
    },
    {
      "RequestUri": "https://seanstagehierarchical.dfs.core.windows.net/test-filesystem-20c85e96-641b-0b58-defd-8f1bcd695198/baz/bar?resource=directory",
      "RequestMethod": "PUT",
      "RequestHeaders": {
        "Authorization": "Sanitized",
        "traceparent": "00-fd45784c51cf0d46b9cafebbafa4d496-2e76bed2f56b7441-00",
        "User-Agent": [
          "azsdk-net-Storage.Files.DataLake/12.0.0-dev.20200305.1",
          "(.NET Core 4.6.28325.01; Microsoft Windows 10.0.18363 )"
        ],
        "x-ms-client-request-id": "fc808a44-eee6-16ee-9d1b-6a9e49f7d7a7",
        "x-ms-date": "Thu, 05 Mar 2020 21:59:38 GMT",
        "x-ms-return-client-request-id": "true",
        "x-ms-version": "2019-10-10"
      },
      "RequestBody": null,
      "StatusCode": 201,
      "ResponseHeaders": {
        "Content-Length": "0",
        "Date": "Thu, 05 Mar 2020 21:59:37 GMT",
        "ETag": "\u00220x8D7C150800621E7\u0022",
        "Last-Modified": "Thu, 05 Mar 2020 21:59:38 GMT",
        "Server": [
          "Windows-Azure-HDFS/1.0",
          "Microsoft-HTTPAPI/2.0"
        ],
        "x-ms-client-request-id": "fc808a44-eee6-16ee-9d1b-6a9e49f7d7a7",
        "x-ms-request-id": "551d95e0-c01f-0019-5039-f31280000000",
        "x-ms-version": "2019-10-10"
      },
      "ResponseBody": []
    },
    {
      "RequestUri": "https://seanstagehierarchical.dfs.core.windows.net/test-filesystem-20c85e96-641b-0b58-defd-8f1bcd695198/foo/foo?resource=directory",
      "RequestMethod": "PUT",
      "RequestHeaders": {
        "Authorization": "Sanitized",
        "traceparent": "00-7a7aeb4187841745aa788ae2a6a5c2a1-78ea51e3798e3e48-00",
        "User-Agent": [
          "azsdk-net-Storage.Files.DataLake/12.0.0-dev.20200305.1",
          "(.NET Core 4.6.28325.01; Microsoft Windows 10.0.18363 )"
        ],
        "x-ms-client-request-id": "812f7a7a-ec66-9a89-9917-dcb5debdaabb",
        "x-ms-date": "Thu, 05 Mar 2020 21:59:38 GMT",
        "x-ms-return-client-request-id": "true",
        "x-ms-version": "2019-10-10"
      },
      "RequestBody": null,
      "StatusCode": 201,
      "ResponseHeaders": {
        "Content-Length": "0",
        "Date": "Thu, 05 Mar 2020 21:59:37 GMT",
        "ETag": "\u00220x8D7C15080131C03\u0022",
        "Last-Modified": "Thu, 05 Mar 2020 21:59:38 GMT",
        "Server": [
          "Windows-Azure-HDFS/1.0",
          "Microsoft-HTTPAPI/2.0"
        ],
        "x-ms-client-request-id": "812f7a7a-ec66-9a89-9917-dcb5debdaabb",
        "x-ms-request-id": "551d95e1-c01f-0019-5139-f31280000000",
        "x-ms-version": "2019-10-10"
      },
      "ResponseBody": []
    },
    {
      "RequestUri": "https://seanstagehierarchical.dfs.core.windows.net/test-filesystem-20c85e96-641b-0b58-defd-8f1bcd695198/foo/bar?resource=directory",
      "RequestMethod": "PUT",
      "RequestHeaders": {
        "Authorization": "Sanitized",
        "traceparent": "00-8282dbe1685b9d4488521ca0d6ec136f-caa03dcc2cd7304a-00",
        "User-Agent": [
          "azsdk-net-Storage.Files.DataLake/12.0.0-dev.20200305.1",
          "(.NET Core 4.6.28325.01; Microsoft Windows 10.0.18363 )"
        ],
        "x-ms-client-request-id": "ce2485a7-55c8-d741-153a-ec1d847fc257",
        "x-ms-date": "Thu, 05 Mar 2020 21:59:38 GMT",
        "x-ms-return-client-request-id": "true",
        "x-ms-version": "2019-10-10"
      },
      "RequestBody": null,
      "StatusCode": 201,
      "ResponseHeaders": {
        "Content-Length": "0",
        "Date": "Thu, 05 Mar 2020 21:59:38 GMT",
        "ETag": "\u00220x8D7C1508020274F\u0022",
        "Last-Modified": "Thu, 05 Mar 2020 21:59:38 GMT",
        "Server": [
          "Windows-Azure-HDFS/1.0",
          "Microsoft-HTTPAPI/2.0"
        ],
        "x-ms-client-request-id": "ce2485a7-55c8-d741-153a-ec1d847fc257",
        "x-ms-request-id": "551d95e2-c01f-0019-5239-f31280000000",
        "x-ms-version": "2019-10-10"
      },
      "ResponseBody": []
    },
    {
      "RequestUri": "https://seanstagehierarchical.dfs.core.windows.net/test-filesystem-20c85e96-641b-0b58-defd-8f1bcd695198/baz/foo?resource=directory",
      "RequestMethod": "PUT",
      "RequestHeaders": {
        "Authorization": "Sanitized",
        "traceparent": "00-d0935ae53e7a0a48b7dfe73d3f1b178d-ab4017fd9f414646-00",
        "User-Agent": [
          "azsdk-net-Storage.Files.DataLake/12.0.0-dev.20200305.1",
          "(.NET Core 4.6.28325.01; Microsoft Windows 10.0.18363 )"
        ],
        "x-ms-client-request-id": "580ee29a-dc99-37f3-d0fb-345efcb35fd5",
        "x-ms-date": "Thu, 05 Mar 2020 21:59:38 GMT",
        "x-ms-return-client-request-id": "true",
        "x-ms-version": "2019-10-10"
      },
      "RequestBody": null,
      "StatusCode": 201,
      "ResponseHeaders": {
        "Content-Length": "0",
        "Date": "Thu, 05 Mar 2020 21:59:38 GMT",
        "ETag": "\u00220x8D7C150802D47FB\u0022",
        "Last-Modified": "Thu, 05 Mar 2020 21:59:38 GMT",
        "Server": [
          "Windows-Azure-HDFS/1.0",
          "Microsoft-HTTPAPI/2.0"
        ],
        "x-ms-client-request-id": "580ee29a-dc99-37f3-d0fb-345efcb35fd5",
        "x-ms-request-id": "551d95e3-c01f-0019-5339-f31280000000",
        "x-ms-version": "2019-10-10"
      },
      "ResponseBody": []
    },
    {
      "RequestUri": "https://seanstagehierarchical.dfs.core.windows.net/test-filesystem-20c85e96-641b-0b58-defd-8f1bcd695198/baz/foo/bar?resource=directory",
      "RequestMethod": "PUT",
      "RequestHeaders": {
        "Authorization": "Sanitized",
        "traceparent": "00-48a64fe3aceb2f4d8c82841517d42516-68ce06948a3ebd4f-00",
        "User-Agent": [
          "azsdk-net-Storage.Files.DataLake/12.0.0-dev.20200305.1",
          "(.NET Core 4.6.28325.01; Microsoft Windows 10.0.18363 )"
        ],
        "x-ms-client-request-id": "a2839c7e-6a70-1fbd-60e1-b6d5f5ec95f4",
        "x-ms-date": "Thu, 05 Mar 2020 21:59:38 GMT",
        "x-ms-return-client-request-id": "true",
        "x-ms-version": "2019-10-10"
      },
      "RequestBody": null,
      "StatusCode": 201,
      "ResponseHeaders": {
        "Content-Length": "0",
        "Date": "Thu, 05 Mar 2020 21:59:38 GMT",
        "ETag": "\u00220x8D7C150803A15BE\u0022",
        "Last-Modified": "Thu, 05 Mar 2020 21:59:38 GMT",
        "Server": [
          "Windows-Azure-HDFS/1.0",
          "Microsoft-HTTPAPI/2.0"
        ],
        "x-ms-client-request-id": "a2839c7e-6a70-1fbd-60e1-b6d5f5ec95f4",
        "x-ms-request-id": "551d95e4-c01f-0019-5439-f31280000000",
        "x-ms-version": "2019-10-10"
      },
      "ResponseBody": []
    },
    {
      "RequestUri": "https://seanstagehierarchical.dfs.core.windows.net/test-filesystem-20c85e96-641b-0b58-defd-8f1bcd695198/baz/bar/foo?resource=directory",
      "RequestMethod": "PUT",
      "RequestHeaders": {
        "Authorization": "Sanitized",
        "traceparent": "00-7d5901b39bb38a45bfeda829532d5fe2-4e3505cf511e6f43-00",
        "User-Agent": [
          "azsdk-net-Storage.Files.DataLake/12.0.0-dev.20200305.1",
          "(.NET Core 4.6.28325.01; Microsoft Windows 10.0.18363 )"
        ],
        "x-ms-client-request-id": "60e06929-bd30-b264-d124-294f3e52884d",
        "x-ms-date": "Thu, 05 Mar 2020 21:59:39 GMT",
        "x-ms-return-client-request-id": "true",
        "x-ms-version": "2019-10-10"
      },
      "RequestBody": null,
      "StatusCode": 201,
      "ResponseHeaders": {
        "Content-Length": "0",
        "Date": "Thu, 05 Mar 2020 21:59:38 GMT",
        "ETag": "\u00220x8D7C1508046FD73\u0022",
        "Last-Modified": "Thu, 05 Mar 2020 21:59:38 GMT",
        "Server": [
          "Windows-Azure-HDFS/1.0",
          "Microsoft-HTTPAPI/2.0"
        ],
        "x-ms-client-request-id": "60e06929-bd30-b264-d124-294f3e52884d",
        "x-ms-request-id": "551d95e5-c01f-0019-5539-f31280000000",
        "x-ms-version": "2019-10-10"
      },
      "ResponseBody": []
    },
    {
      "RequestUri": "https://seanstagehierarchical.dfs.core.windows.net/test-filesystem-20c85e96-641b-0b58-defd-8f1bcd695198?resource=filesystem\u0026recursive=false\u0026maxResults=2\u0026upn=false",
      "RequestMethod": "GET",
      "RequestHeaders": {
        "Authorization": "Sanitized",
        "User-Agent": [
          "azsdk-net-Storage.Files.DataLake/12.0.0-dev.20200305.1",
          "(.NET Core 4.6.28325.01; Microsoft Windows 10.0.18363 )"
        ],
        "x-ms-client-request-id": "8baca0d2-350c-2fc4-f2b8-a4e108cf6566",
        "x-ms-date": "Thu, 05 Mar 2020 21:59:39 GMT",
        "x-ms-return-client-request-id": "true",
        "x-ms-version": "2019-10-10"
      },
      "RequestBody": null,
      "StatusCode": 200,
      "ResponseHeaders": {
        "Content-Type": "application/json; charset=utf-8",
        "Date": "Thu, 05 Mar 2020 21:59:38 GMT",
        "Server": [
          "Windows-Azure-HDFS/1.0",
          "Microsoft-HTTPAPI/2.0"
        ],
        "Transfer-Encoding": "chunked",
        "x-ms-client-request-id": "8baca0d2-350c-2fc4-f2b8-a4e108cf6566",
        "x-ms-continuation": "NzUxMjU4ODE5NzAwNjYyMDQyOCAxMzIyNzkxOTE3OTA3NDAxNjEgZm9v",
        "x-ms-request-id": "551d95e6-c01f-0019-5639-f31280000000",
        "x-ms-version": "2019-10-10"
      },
      "ResponseBody": {
        "paths": [
          {
            "contentLength": "0",
            "etag": "0x8D7C1507FEC18DB",
            "group": "$superuser",
            "isDirectory": "true",
            "lastModified": "Thu, 05 Mar 2020 21:59:38 GMT",
            "name": "bar",
            "owner": "$superuser",
            "permissions": "rwxr-x---"
          },
          {
            "contentLength": "0",
            "etag": "0x8D7C1507FF8FE9A",
            "group": "$superuser",
            "isDirectory": "true",
            "lastModified": "Thu, 05 Mar 2020 21:59:38 GMT",
            "name": "baz",
            "owner": "$superuser",
            "permissions": "rwxr-x---"
          }
        ]
      }
    },
    {
      "RequestUri": "https://seanstagehierarchical.blob.core.windows.net/test-filesystem-20c85e96-641b-0b58-defd-8f1bcd695198?restype=container",
      "RequestMethod": "DELETE",
      "RequestHeaders": {
        "Authorization": "Sanitized",
        "traceparent": "00-c0b23d1e7264b84fb4025b35c6c93fdc-30010fcd77034547-00",
        "User-Agent": [
          "azsdk-net-Storage.Files.DataLake/12.0.0-dev.20200305.1",
          "(.NET Core 4.6.28325.01; Microsoft Windows 10.0.18363 )"
        ],
        "x-ms-client-request-id": "9e7c3fbb-fda6-c740-6c60-de97b7e344ad",
        "x-ms-date": "Thu, 05 Mar 2020 21:59:39 GMT",
        "x-ms-return-client-request-id": "true",
        "x-ms-version": "2019-10-10"
      },
      "RequestBody": null,
      "StatusCode": 202,
      "ResponseHeaders": {
        "Content-Length": "0",
        "Date": "Thu, 05 Mar 2020 21:59:38 GMT",
        "Server": [
          "Windows-Azure-Blob/1.0",
          "Microsoft-HTTPAPI/2.0"
        ],
        "x-ms-client-request-id": "9e7c3fbb-fda6-c740-6c60-de97b7e344ad",
        "x-ms-request-id": "0e69de55-201e-003e-3439-f30544000000",
        "x-ms-version": "2019-10-10"
      },
      "ResponseBody": []
    }
  ],
  "Variables": {
    "RandomSeed": "239945131",
    "Storage_TestConfigHierarchicalNamespace": "NamespaceTenant\nseanstagehierarchical\nU2FuaXRpemVk\nhttps://seanstagehierarchical.blob.core.windows.net\nhttp://seanstagehierarchical.file.core.windows.net\nhttp://seanstagehierarchical.queue.core.windows.net\nhttp://seanstagehierarchical.table.core.windows.net\n\n\n\n\nhttp://seanstagehierarchical-secondary.blob.core.windows.net\nhttp://seanstagehierarchical-secondary.file.core.windows.net\nhttp://seanstagehierarchical-secondary.queue.core.windows.net\nhttp://seanstagehierarchical-secondary.table.core.windows.net\n68390a19-a643-458b-b726-408abf67b4fc\nSanitized\n72f988bf-86f1-41af-91ab-2d7cd011db47\nhttps://login.microsoftonline.com/\nCloud\nBlobEndpoint=https://seanstagehierarchical.blob.core.windows.net/;QueueEndpoint=http://seanstagehierarchical.queue.core.windows.net/;FileEndpoint=http://seanstagehierarchical.file.core.windows.net/;BlobSecondaryEndpoint=http://seanstagehierarchical-secondary.blob.core.windows.net/;QueueSecondaryEndpoint=http://seanstagehierarchical-secondary.queue.core.windows.net/;FileSecondaryEndpoint=http://seanstagehierarchical-secondary.file.core.windows.net/;AccountName=seanstagehierarchical;AccountKey=Sanitized\n"
  }
}