{
  "Entries": [
    {
      "RequestUri": "/subscriptions/3cfb1b34-e5a9-4f98-bf9c-e4d69a6b170c/providers/microsoft.network?api-version=2015-11-01",
      "EncodedRequestUri": "L3N1YnNjcmlwdGlvbnMvM2NmYjFiMzQtZTVhOS00Zjk4LWJmOWMtZTRkNjlhNmIxNzBjL3Byb3ZpZGVycy9taWNyb3NvZnQubmV0d29yaz9hcGktdmVyc2lvbj0yMDE1LTExLTAx",
      "RequestMethod": "GET",
      "RequestBody": "",
      "RequestHeaders": {
        "x-ms-client-request-id": [
          "e3acbb5c-c0f7-4470-a93b-a3eb3d8cff60"
        ],
        "accept-language": [
          "en-US"
        ],
        "User-Agent": [
          "FxVersion/4.6.26011.01",
          "Microsoft.Azure.Management.Resources.ResourceManagementClient/1.0.0.0"
        ]
      },
      "ResponseBody": "{\r\n  \"id\": \"/subscriptions/3cfb1b34-e5a9-4f98-bf9c-e4d69a6b170c/providers/microsoft.network\",\r\n  \"namespace\": \"microsoft.network\",\r\n  \"authorizations\": [\r\n    {\r\n      \"applicationId\": \"2cf9eb86-36b5-49dc-86ae-9a63135dfa8c\",\r\n      \"roleDefinitionId\": \"13ba9ab4-19f0-4804-adc4-14ece36cc7a1\"\r\n    },\r\n    {\r\n      \"applicationId\": \"7c33bfcb-8d33-48d6-8e60-dc6404003489\",\r\n      \"roleDefinitionId\": \"ad6261e4-fa9a-4642-aa5f-104f1b67e9e3\"\r\n    },\r\n    {\r\n      \"applicationId\": \"1e3e4475-288f-4018-a376-df66fd7fac5f\",\r\n      \"roleDefinitionId\": \"1d538b69-3d87-4e56-8ff8-25786fd48261\"\r\n    },\r\n    {\r\n      \"applicationId\": \"a0be0c72-870e-46f0-9c49-c98333a996f7\",\r\n      \"roleDefinitionId\": \"7ce22727-ffce-45a9-930c-ddb2e56fa131\"\r\n    },\r\n    {\r\n      \"applicationId\": \"486c78bf-a0f7-45f1-92fd-37215929e116\",\r\n      \"roleDefinitionId\": \"1a0c88c6-37ef-442c-b3ed-992e0f26331e\"\r\n    }\r\n  ],\r\n  \"resourceTypes\": [\r\n    {\r\n      \"resourceType\": \"trafficmanagerprofiles\",\r\n      \"locations\": [\r\n        \"global\"\r\n      ],\r\n      \"apiVersions\": [\r\n        \"2018-02-01\",\r\n        \"2017-05-01\",\r\n        \"2017-03-01\",\r\n        \"2015-11-01\",\r\n        \"2015-04-28-preview\"\r\n      ],\r\n      \"capabilities\": \"CrossResourceGroupResourceMove, CrossSubscriptionResourceMove\"\r\n    },\r\n    {\r\n      \"resourceType\": \"trafficmanagerprofiles/heatMaps\",\r\n      \"locations\": [\r\n        \"global\"\r\n      ],\r\n      \"apiVersions\": [\r\n        \"2017-09-01-preview\"\r\n      ]\r\n    },\r\n    {\r\n      \"resourceType\": \"trafficManagerUserMetricsKeys\",\r\n      \"locations\": [\r\n        \"global\"\r\n      ],\r\n      \"apiVersions\": [\r\n        \"2017-09-01-preview\"\r\n      ]\r\n    },\r\n    {\r\n      \"resourceType\": \"dnszones\",\r\n      \"locations\": [\r\n        \"global\"\r\n      ],\r\n      \"apiVersions\": [\r\n        \"2018-03-01-preview\",\r\n        \"2017-10-01\",\r\n        \"2017-09-15-preview\",\r\n        \"2017-09-01\",\r\n        \"2016-07-01\",\r\n        \"2016-04-01\",\r\n        \"2015-05-04-preview\"\r\n      ],\r\n      \"capabilities\": \"CrossResourceGroupResourceMove, CrossSubscriptionResourceMove\"\r\n    },\r\n    {\r\n      \"resourceType\": \"dnsOperationResults\",\r\n      \"locations\": [\r\n        \"global\"\r\n      ],\r\n      \"apiVersions\": [\r\n        \"2018-03-01-preview\",\r\n        \"2017-10-01\",\r\n        \"2017-09-15-preview\",\r\n        \"2017-09-01\",\r\n        \"2016-07-01\",\r\n        \"2016-04-01\"\r\n      ]\r\n    },\r\n    {\r\n      \"resourceType\": \"dnsOperationStatuses\",\r\n      \"locations\": [\r\n        \"global\"\r\n      ],\r\n      \"apiVersions\": [\r\n        \"2018-03-01-preview\",\r\n        \"2017-10-01\",\r\n        \"2017-09-15-preview\",\r\n        \"2017-09-01\",\r\n        \"2016-07-01\",\r\n        \"2016-04-01\"\r\n      ]\r\n    },\r\n    {\r\n      \"resourceType\": \"dnszones/A\",\r\n      \"locations\": [\r\n        \"global\"\r\n      ],\r\n      \"apiVersions\": [\r\n        \"2018-03-01-preview\",\r\n        \"2017-10-01\",\r\n        \"2017-09-15-preview\",\r\n        \"2017-09-01\",\r\n        \"2016-07-01\",\r\n        \"2016-04-01\",\r\n        \"2015-05-04-preview\"\r\n      ]\r\n    },\r\n    {\r\n      \"resourceType\": \"dnszones/AAAA\",\r\n      \"locations\": [\r\n        \"global\"\r\n      ],\r\n      \"apiVersions\": [\r\n        \"2018-03-01-preview\",\r\n        \"2017-10-01\",\r\n        \"2017-09-15-preview\",\r\n        \"2017-09-01\",\r\n        \"2016-07-01\",\r\n        \"2016-04-01\",\r\n        \"2015-05-04-preview\"\r\n      ]\r\n    },\r\n    {\r\n      \"resourceType\": \"dnszones/CNAME\",\r\n      \"locations\": [\r\n        \"global\"\r\n      ],\r\n      \"apiVersions\": [\r\n        \"2018-03-01-preview\",\r\n        \"2017-10-01\",\r\n        \"2017-09-15-preview\",\r\n        \"2017-09-01\",\r\n        \"2016-07-01\",\r\n        \"2016-04-01\",\r\n        \"2015-05-04-preview\"\r\n      ]\r\n    },\r\n    {\r\n      \"resourceType\": \"dnszones/PTR\",\r\n      \"locations\": [\r\n        \"global\"\r\n      ],\r\n      \"apiVersions\": [\r\n        \"2018-03-01-preview\",\r\n        \"2017-10-01\",\r\n        \"2017-09-15-preview\",\r\n        \"2017-09-01\",\r\n        \"2016-07-01\",\r\n        \"2016-04-01\",\r\n        \"2015-05-04-preview\"\r\n      ]\r\n    },\r\n    {\r\n      \"resourceType\": \"dnszones/MX\",\r\n      \"locations\": [\r\n        \"global\"\r\n      ],\r\n      \"apiVersions\": [\r\n        \"2018-03-01-preview\",\r\n        \"2017-10-01\",\r\n        \"2017-09-15-preview\",\r\n        \"2017-09-01\",\r\n        \"2016-07-01\",\r\n        \"2016-04-01\",\r\n        \"2015-05-04-preview\"\r\n      ]\r\n    },\r\n    {\r\n      \"resourceType\": \"dnszones/TXT\",\r\n      \"locations\": [\r\n        \"global\"\r\n      ],\r\n      \"apiVersions\": [\r\n        \"2018-03-01-preview\",\r\n        \"2017-10-01\",\r\n        \"2017-09-15-preview\",\r\n        \"2017-09-01\",\r\n        \"2016-07-01\",\r\n        \"2016-04-01\",\r\n        \"2015-05-04-preview\"\r\n      ]\r\n    },\r\n    {\r\n      \"resourceType\": \"dnszones/SRV\",\r\n      \"locations\": [\r\n        \"global\"\r\n      ],\r\n      \"apiVersions\": [\r\n        \"2018-03-01-preview\",\r\n        \"2017-10-01\",\r\n        \"2017-09-15-preview\",\r\n        \"2017-09-01\",\r\n        \"2016-07-01\",\r\n        \"2016-04-01\",\r\n        \"2015-05-04-preview\",\r\n        \"2015-04-01\"\r\n      ]\r\n    },\r\n    {\r\n      \"resourceType\": \"dnszones/SOA\",\r\n      \"locations\": [\r\n        \"global\"\r\n      ],\r\n      \"apiVersions\": [\r\n        \"2018-03-01-preview\",\r\n        \"2017-10-01\",\r\n        \"2017-09-15-preview\",\r\n        \"2017-09-01\",\r\n        \"2016-07-01\",\r\n        \"2016-04-01\",\r\n        \"2015-05-04-preview\",\r\n        \"2015-04-01\"\r\n      ]\r\n    },\r\n    {\r\n      \"resourceType\": \"dnszones/NS\",\r\n      \"locations\": [\r\n        \"global\"\r\n      ],\r\n      \"apiVersions\": [\r\n        \"2018-03-01-preview\",\r\n        \"2017-10-01\",\r\n        \"2017-09-15-preview\",\r\n        \"2017-09-01\",\r\n        \"2016-07-01\",\r\n        \"2016-04-01\",\r\n        \"2015-05-04-preview\",\r\n        \"2015-04-01\"\r\n      ]\r\n    },\r\n    {\r\n      \"resourceType\": \"dnszones/CAA\",\r\n      \"locations\": [\r\n        \"global\"\r\n      ],\r\n      \"apiVersions\": [\r\n        \"2018-03-01-preview\",\r\n        \"2017-10-01\",\r\n        \"2017-09-15-preview\",\r\n        \"2017-09-01\"\r\n      ]\r\n    },\r\n    {\r\n      \"resourceType\": \"dnszones/recordsets\",\r\n      \"locations\": [\r\n        \"global\"\r\n      ],\r\n      \"apiVersions\": [\r\n        \"2018-03-01-preview\",\r\n        \"2017-10-01\",\r\n        \"2017-09-15-preview\",\r\n        \"2017-09-01\",\r\n        \"2016-07-01\",\r\n        \"2016-04-01\",\r\n        \"2015-05-04-preview\",\r\n        \"2015-04-01\"\r\n      ]\r\n    },\r\n    {\r\n      \"resourceType\": \"dnszones/all\",\r\n      \"locations\": [\r\n        \"global\"\r\n      ],\r\n      \"apiVersions\": [\r\n        \"2018-03-01-preview\",\r\n        \"2017-10-01\",\r\n        \"2017-09-15-preview\",\r\n        \"2017-09-01\",\r\n        \"2016-07-01\",\r\n        \"2016-04-01\",\r\n        \"2015-05-04-preview\",\r\n        \"2015-04-01\"\r\n      ]\r\n    },\r\n    {\r\n      \"resourceType\": \"virtualNetworks\",\r\n      \"locations\": [\r\n        \"West Europe\",\r\n        \"Central US\",\r\n        \"West US\",\r\n        \"East US\",\r\n        \"North Central US\",\r\n        \"South Central US\",\r\n        \"East US 2\",\r\n        \"North Europe\"\r\n      ],\r\n      \"apiVersions\": [\r\n        \"2017-09-01\",\r\n        \"2017-08-01\",\r\n        \"2017-06-01\",\r\n        \"2017-04-01\",\r\n        \"2017-03-01\",\r\n        \"2016-12-01\",\r\n        \"2016-11-01\",\r\n        \"2016-10-01\",\r\n        \"2016-09-01\",\r\n        \"2016-08-01\",\r\n        \"2016-07-01\",\r\n        \"2016-06-01\",\r\n        \"2016-03-30\",\r\n        \"2015-06-15\",\r\n        \"2015-05-01-preview\",\r\n        \"2014-12-01-preview\"\r\n      ],\r\n      \"capabilities\": \"CrossResourceGroupResourceMove, CrossSubscriptionResourceMove\"\r\n    },\r\n    {\r\n      \"resourceType\": \"publicIPAddresses\",\r\n      \"locations\": [\r\n        \"West Europe\",\r\n        \"Central US\",\r\n        \"West US\",\r\n        \"East US\",\r\n        \"North Central US\",\r\n        \"South Central US\",\r\n        \"East US 2\",\r\n        \"North Europe\"\r\n      ],\r\n      \"apiVersions\": [\r\n        \"2017-09-01\",\r\n        \"2017-08-01\",\r\n        \"2017-06-01\",\r\n        \"2017-04-01\",\r\n        \"2017-03-01\",\r\n        \"2016-12-01\",\r\n        \"2016-11-01\",\r\n        \"2016-10-01\",\r\n        \"2016-09-01\",\r\n        \"2016-08-01\",\r\n        \"2016-07-01\",\r\n        \"2016-06-01\",\r\n        \"2016-03-30\",\r\n        \"2015-06-15\",\r\n        \"2015-05-01-preview\",\r\n        \"2014-12-01-preview\"\r\n      ],\r\n      \"capabilities\": \"CrossResourceGroupResourceMove, CrossSubscriptionResourceMove\"\r\n    },\r\n    {\r\n      \"resourceType\": \"networkInterfaces\",\r\n      \"locations\": [\r\n        \"West Europe\",\r\n        \"Central US\",\r\n        \"West US\",\r\n        \"East US\",\r\n        \"North Central US\",\r\n        \"South Central US\",\r\n        \"East US 2\",\r\n        \"North Europe\"\r\n      ],\r\n      \"apiVersions\": [\r\n        \"2017-09-01\",\r\n        \"2017-08-01\",\r\n        \"2017-06-01\",\r\n        \"2017-04-01\",\r\n        \"2017-03-01\",\r\n        \"2016-12-01\",\r\n        \"2016-11-01\",\r\n        \"2016-10-01\",\r\n        \"2016-09-01\",\r\n        \"2016-08-01\",\r\n        \"2016-07-01\",\r\n        \"2016-06-01\",\r\n        \"2016-03-30\",\r\n        \"2015-06-15\",\r\n        \"2015-05-01-preview\",\r\n        \"2014-12-01-preview\"\r\n      ],\r\n      \"capabilities\": \"CrossResourceGroupResourceMove, CrossSubscriptionResourceMove\"\r\n    },\r\n    {\r\n      \"resourceType\": \"loadBalancers\",\r\n      \"locations\": [\r\n        \"West Europe\",\r\n        \"Central US\",\r\n        \"West US\",\r\n        \"East US\",\r\n        \"North Central US\",\r\n        \"South Central US\",\r\n        \"East US 2\",\r\n        \"North Europe\"\r\n      ],\r\n      \"apiVersions\": [\r\n        \"2017-09-01\",\r\n        \"2017-08-01\",\r\n        \"2017-06-01\",\r\n        \"2017-04-01\",\r\n        \"2017-03-01\",\r\n        \"2016-12-01\",\r\n        \"2016-11-01\",\r\n        \"2016-10-01\",\r\n        \"2016-09-01\",\r\n        \"2016-08-01\",\r\n        \"2016-07-01\",\r\n        \"2016-06-01\",\r\n        \"2016-03-30\",\r\n        \"2015-06-15\",\r\n        \"2015-05-01-preview\",\r\n        \"2014-12-01-preview\"\r\n      ],\r\n      \"capabilities\": \"CrossResourceGroupResourceMove, CrossSubscriptionResourceMove\"\r\n    },\r\n    {\r\n      \"resourceType\": \"networkSecurityGroups\",\r\n      \"locations\": [\r\n        \"West Europe\",\r\n        \"Central US\",\r\n        \"West US\",\r\n        \"East US\",\r\n        \"North Central US\",\r\n        \"South Central US\",\r\n        \"East US 2\",\r\n        \"North Europe\"\r\n      ],\r\n      \"apiVersions\": [\r\n        \"2017-09-01\",\r\n        \"2017-08-01\",\r\n        \"2017-06-01\",\r\n        \"2017-04-01\",\r\n        \"2017-03-01\",\r\n        \"2016-12-01\",\r\n        \"2016-11-01\",\r\n        \"2016-10-01\",\r\n        \"2016-09-01\",\r\n        \"2016-08-01\",\r\n        \"2016-07-01\",\r\n        \"2016-06-01\",\r\n        \"2016-03-30\",\r\n        \"2015-06-15\",\r\n        \"2015-05-01-preview\",\r\n        \"2014-12-01-preview\"\r\n      ],\r\n      \"capabilities\": \"CrossResourceGroupResourceMove, CrossSubscriptionResourceMove\"\r\n    },\r\n    {\r\n      \"resourceType\": \"applicationSecurityGroups\",\r\n      \"locations\": [\r\n        \"West Europe\",\r\n        \"Central US\",\r\n        \"West US\",\r\n        \"East US\",\r\n        \"North Central US\",\r\n        \"South Central US\",\r\n        \"East US 2\",\r\n        \"North Europe\"\r\n      ],\r\n      \"apiVersions\": [\r\n        \"2017-09-01\"\r\n      ],\r\n      \"capabilities\": \"CrossResourceGroupResourceMove, CrossSubscriptionResourceMove\"\r\n    },\r\n    {\r\n      \"resourceType\": \"routeTables\",\r\n      \"locations\": [\r\n        \"West Europe\",\r\n        \"Central US\",\r\n        \"West US\",\r\n        \"East US\",\r\n        \"North Central US\",\r\n        \"South Central US\",\r\n        \"East US 2\",\r\n        \"North Europe\"\r\n      ],\r\n      \"apiVersions\": [\r\n        \"2017-09-01\",\r\n        \"2017-08-01\",\r\n        \"2017-06-01\",\r\n        \"2017-04-01\",\r\n        \"2017-03-01\",\r\n        \"2016-12-01\",\r\n        \"2016-11-01\",\r\n        \"2016-10-01\",\r\n        \"2016-09-01\",\r\n        \"2016-08-01\",\r\n        \"2016-07-01\",\r\n        \"2016-06-01\",\r\n        \"2016-03-30\",\r\n        \"2015-06-15\",\r\n        \"2015-05-01-preview\",\r\n        \"2014-12-01-preview\"\r\n      ],\r\n      \"capabilities\": \"CrossResourceGroupResourceMove, CrossSubscriptionResourceMove\"\r\n    },\r\n    {\r\n      \"resourceType\": \"locations\",\r\n      \"locations\": [],\r\n      \"apiVersions\": [\r\n        \"2017-09-01\",\r\n        \"2017-08-01\",\r\n        \"2017-06-01\",\r\n        \"2017-04-01\",\r\n        \"2017-03-01\",\r\n        \"2016-12-01\",\r\n        \"2016-11-01\",\r\n        \"2016-10-01\",\r\n        \"2016-09-01\",\r\n        \"2016-08-01\",\r\n        \"2016-07-01\",\r\n        \"2016-06-01\",\r\n        \"2016-03-30\",\r\n        \"2015-06-15\",\r\n        \"2015-05-01-preview\",\r\n        \"2014-12-01-preview\"\r\n      ]\r\n    },\r\n    {\r\n      \"resourceType\": \"locations/operations\",\r\n      \"locations\": [],\r\n      \"apiVersions\": [\r\n        \"2017-09-01\",\r\n        \"2017-08-01\",\r\n        \"2017-06-01\",\r\n        \"2017-04-01\",\r\n        \"2017-03-01\",\r\n        \"2016-12-01\",\r\n        \"2016-11-01\",\r\n        \"2016-10-01\",\r\n        \"2016-09-01\",\r\n        \"2016-08-01\",\r\n        \"2016-07-01\",\r\n        \"2016-06-01\",\r\n        \"2016-03-30\",\r\n        \"2015-06-15\",\r\n        \"2015-05-01-preview\",\r\n        \"2014-12-01-preview\"\r\n      ]\r\n    },\r\n    {\r\n      \"resourceType\": \"locations/operationResults\",\r\n      \"locations\": [],\r\n      \"apiVersions\": [\r\n        \"2017-09-01\",\r\n        \"2017-08-01\",\r\n        \"2017-06-01\",\r\n        \"2017-04-01\",\r\n        \"2017-03-01\",\r\n        \"2016-12-01\",\r\n        \"2016-11-01\",\r\n        \"2016-10-01\",\r\n        \"2016-09-01\",\r\n        \"2016-08-01\",\r\n        \"2016-07-01\",\r\n        \"2016-06-01\",\r\n        \"2016-03-30\",\r\n        \"2015-06-15\",\r\n        \"2015-05-01-preview\",\r\n        \"2014-12-01-preview\"\r\n      ]\r\n    },\r\n    {\r\n      \"resourceType\": \"locations/CheckDnsNameAvailability\",\r\n      \"locations\": [\r\n        \"West Europe\",\r\n        \"Central US\",\r\n        \"West US\",\r\n        \"East US\",\r\n        \"North Central US\",\r\n        \"South Central US\",\r\n        \"East US 2\",\r\n        \"North Europe\"\r\n      ],\r\n      \"apiVersions\": [\r\n        \"2017-09-01\",\r\n        \"2017-08-01\",\r\n        \"2017-06-01\",\r\n        \"2017-04-01\",\r\n        \"2017-03-01\",\r\n        \"2016-12-01\",\r\n        \"2016-11-01\",\r\n        \"2016-10-01\",\r\n        \"2016-09-01\",\r\n        \"2016-08-01\",\r\n        \"2016-07-01\",\r\n        \"2016-06-01\",\r\n        \"2016-03-30\",\r\n        \"2015-06-15\",\r\n        \"2015-05-01-preview\",\r\n        \"2014-12-01-preview\"\r\n      ]\r\n    },\r\n    {\r\n      \"resourceType\": \"locations/usages\",\r\n      \"locations\": [\r\n        \"West Europe\",\r\n        \"Central US\",\r\n        \"West US\",\r\n        \"East US\",\r\n        \"North Central US\",\r\n        \"South Central US\",\r\n        \"East US 2\",\r\n        \"North Europe\"\r\n      ],\r\n      \"apiVersions\": [\r\n        \"2017-09-01\",\r\n        \"2017-08-01\",\r\n        \"2017-06-01\",\r\n        \"2017-04-01\",\r\n        \"2017-03-01\",\r\n        \"2016-12-01\",\r\n        \"2016-11-01\",\r\n        \"2016-10-01\",\r\n        \"2016-09-01\",\r\n        \"2016-08-01\",\r\n        \"2016-07-01\",\r\n        \"2016-06-01\",\r\n        \"2016-03-30\",\r\n        \"2015-06-15\",\r\n        \"2015-05-01-preview\",\r\n        \"2014-12-01-preview\"\r\n      ]\r\n    },\r\n    {\r\n      \"resourceType\": \"locations/virtualNetworkAvailableEndpointServices\",\r\n      \"locations\": [\r\n        \"West Europe\",\r\n        \"Central US\",\r\n        \"West US\",\r\n        \"East US\",\r\n        \"North Central US\",\r\n        \"South Central US\",\r\n        \"East US 2\",\r\n        \"North Europe\"\r\n      ],\r\n      \"apiVersions\": [\r\n        \"2017-09-01\",\r\n        \"2017-08-01\",\r\n        \"2017-06-01\",\r\n        \"2017-04-01\"\r\n      ]\r\n    },\r\n    {\r\n      \"resourceType\": \"operations\",\r\n      \"locations\": [],\r\n      \"apiVersions\": [\r\n        \"2017-09-01\",\r\n        \"2017-08-01\",\r\n        \"2017-06-01\",\r\n        \"2017-04-01\",\r\n        \"2017-03-01\",\r\n        \"2016-12-01\",\r\n        \"2016-11-01\",\r\n        \"2016-10-01\",\r\n        \"2016-09-01\",\r\n        \"2016-08-01\",\r\n        \"2016-07-01\",\r\n        \"2016-06-01\",\r\n        \"2016-03-30\",\r\n        \"2015-06-15\",\r\n        \"2015-05-01-preview\",\r\n        \"2014-12-01-preview\"\r\n      ]\r\n    },\r\n    {\r\n      \"resourceType\": \"checkTrafficManagerNameAvailability\",\r\n      \"locations\": [\r\n        \"global\"\r\n      ],\r\n      \"apiVersions\": [\r\n        \"2017-05-01\",\r\n        \"2017-03-01\",\r\n        \"2015-11-01\",\r\n        \"2015-04-28-preview\"\r\n      ]\r\n    },\r\n    {\r\n      \"resourceType\": \"trafficManagerGeographicHierarchies\",\r\n      \"locations\": [\r\n        \"global\"\r\n      ],\r\n      \"apiVersions\": [\r\n        \"2017-05-01\",\r\n        \"2017-03-01\"\r\n      ]\r\n    },\r\n    {\r\n      \"resourceType\": \"networkWatchers\",\r\n      \"locations\": [\r\n        \"West Europe\",\r\n        \"Central US\",\r\n        \"West US\",\r\n        \"East US\",\r\n        \"North Central US\",\r\n        \"South Central US\",\r\n        \"East US 2\",\r\n        \"North Europe\"\r\n      ],\r\n      \"apiVersions\": [\r\n        \"2017-09-01\",\r\n        \"2017-08-01\",\r\n        \"2017-06-01\",\r\n        \"2017-04-01\",\r\n        \"2017-03-01\",\r\n        \"2016-12-01\",\r\n        \"2016-11-01\",\r\n        \"2016-10-01\",\r\n        \"2016-09-01\",\r\n        \"2016-08-01\",\r\n        \"2016-07-01\",\r\n        \"2016-06-01\",\r\n        \"2016-03-30\"\r\n      ],\r\n      \"capabilities\": \"CrossResourceGroupResourceMove, CrossSubscriptionResourceMove\"\r\n    },\r\n    {\r\n      \"resourceType\": \"virtualNetworkGateways\",\r\n      \"locations\": [\r\n        \"West Europe\",\r\n        \"Central US\",\r\n        \"West US\",\r\n        \"East US\",\r\n        \"North Central US\",\r\n        \"South Central US\",\r\n        \"East US 2\",\r\n        \"North Europe\"\r\n      ],\r\n      \"apiVersions\": [\r\n        \"2017-09-01\",\r\n        \"2017-08-01\",\r\n        \"2017-06-01\",\r\n        \"2017-04-01\",\r\n        \"2017-03-01\",\r\n        \"2016-12-01\",\r\n        \"2016-11-01\",\r\n        \"2016-10-01\",\r\n        \"2016-09-01\",\r\n        \"2016-08-01\",\r\n        \"2016-07-01\",\r\n        \"2016-06-01\",\r\n        \"2016-03-30\",\r\n        \"2015-06-15\",\r\n        \"2015-05-01-preview\",\r\n        \"2014-12-01-preview\"\r\n      ],\r\n      \"capabilities\": \"CrossResourceGroupResourceMove, CrossSubscriptionResourceMove\"\r\n    },\r\n    {\r\n      \"resourceType\": \"localNetworkGateways\",\r\n      \"locations\": [\r\n        \"West Europe\",\r\n        \"Central US\",\r\n        \"West US\",\r\n        \"East US\",\r\n        \"North Central US\",\r\n        \"South Central US\",\r\n        \"East US 2\",\r\n        \"North Europe\"\r\n      ],\r\n      \"apiVersions\": [\r\n        \"2017-09-01\",\r\n        \"2017-08-01\",\r\n        \"2017-06-01\",\r\n        \"2017-04-01\",\r\n        \"2017-03-01\",\r\n        \"2016-12-01\",\r\n        \"2016-11-01\",\r\n        \"2016-10-01\",\r\n        \"2016-09-01\",\r\n        \"2016-08-01\",\r\n        \"2016-07-01\",\r\n        \"2016-06-01\",\r\n        \"2016-03-30\",\r\n        \"2015-06-15\",\r\n        \"2015-05-01-preview\",\r\n        \"2014-12-01-preview\"\r\n      ],\r\n      \"capabilities\": \"CrossResourceGroupResourceMove, CrossSubscriptionResourceMove\"\r\n    },\r\n    {\r\n      \"resourceType\": \"connections\",\r\n      \"locations\": [\r\n        \"West Europe\",\r\n        \"Central US\",\r\n        \"West US\",\r\n        \"East US\",\r\n        \"North Central US\",\r\n        \"South Central US\",\r\n        \"East US 2\",\r\n        \"North Europe\"\r\n      ],\r\n      \"apiVersions\": [\r\n        \"2017-09-01\",\r\n        \"2017-08-01\",\r\n        \"2017-06-01\",\r\n        \"2017-04-01\",\r\n        \"2017-03-01\",\r\n        \"2016-12-01\",\r\n        \"2016-11-01\",\r\n        \"2016-10-01\",\r\n        \"2016-09-01\",\r\n        \"2016-08-01\",\r\n        \"2016-07-01\",\r\n        \"2016-06-01\",\r\n        \"2016-03-30\",\r\n        \"2015-06-15\",\r\n        \"2015-05-01-preview\",\r\n        \"2014-12-01-preview\"\r\n      ],\r\n      \"capabilities\": \"CrossResourceGroupResourceMove, CrossSubscriptionResourceMove\"\r\n    },\r\n    {\r\n      \"resourceType\": \"applicationGateways\",\r\n      \"locations\": [\r\n        \"West Europe\",\r\n        \"Central US\",\r\n        \"West US\",\r\n        \"East US\",\r\n        \"North Central US\",\r\n        \"South Central US\",\r\n        \"East US 2\",\r\n        \"North Europe\"\r\n      ],\r\n      \"apiVersions\": [\r\n        \"2017-09-01\",\r\n        \"2017-08-01\",\r\n        \"2017-06-01\",\r\n        \"2017-04-01\",\r\n        \"2017-03-01\",\r\n        \"2016-12-01\",\r\n        \"2016-11-01\",\r\n        \"2016-10-01\",\r\n        \"2016-09-01\",\r\n        \"2016-08-01\",\r\n        \"2016-07-01\",\r\n        \"2016-06-01\",\r\n        \"2016-03-30\",\r\n        \"2015-06-15\",\r\n        \"2015-05-01-preview\",\r\n        \"2014-12-01-preview\"\r\n      ],\r\n      \"capabilities\": \"SystemAssignedResourceIdentity\"\r\n    },\r\n    {\r\n      \"resourceType\": \"expressRouteCircuits\",\r\n      \"locations\": [\r\n        \"West Europe\",\r\n        \"Central US\",\r\n        \"West US\",\r\n        \"East US\",\r\n        \"North Central US\",\r\n        \"South Central US\",\r\n        \"East US 2\",\r\n        \"North Europe\"\r\n      ],\r\n      \"apiVersions\": [\r\n        \"2017-09-01\",\r\n        \"2017-08-01\",\r\n        \"2017-06-01\",\r\n        \"2017-04-01\",\r\n        \"2017-03-01\",\r\n        \"2016-12-01\",\r\n        \"2016-11-01\",\r\n        \"2016-10-01\",\r\n        \"2016-09-01\",\r\n        \"2016-08-01\",\r\n        \"2016-07-01\",\r\n        \"2016-06-01\",\r\n        \"2016-03-30\",\r\n        \"2015-06-15\",\r\n        \"2015-05-01-preview\",\r\n        \"2014-12-01-preview\"\r\n      ],\r\n      \"capabilities\": \"None\"\r\n    },\r\n    {\r\n      \"resourceType\": \"expressRouteServiceProviders\",\r\n      \"locations\": [],\r\n      \"apiVersions\": [\r\n        \"2017-09-01\",\r\n        \"2017-08-01\",\r\n        \"2017-06-01\",\r\n        \"2017-04-01\",\r\n        \"2017-03-01\",\r\n        \"2016-12-01\",\r\n        \"2016-11-01\",\r\n        \"2016-10-01\",\r\n        \"2016-09-01\",\r\n        \"2016-08-01\",\r\n        \"2016-07-01\",\r\n        \"2016-06-01\",\r\n        \"2016-03-30\",\r\n        \"2015-06-15\",\r\n        \"2015-05-01-preview\",\r\n        \"2014-12-01-preview\"\r\n      ]\r\n    },\r\n    {\r\n      \"resourceType\": \"applicationGatewayAvailableWafRuleSets\",\r\n      \"locations\": [],\r\n      \"apiVersions\": [\r\n        \"2017-09-01\",\r\n        \"2017-08-01\",\r\n        \"2017-06-01\",\r\n        \"2017-04-01\",\r\n        \"2017-03-01\"\r\n      ]\r\n    },\r\n    {\r\n      \"resourceType\": \"applicationGatewayAvailableSslOptions\",\r\n      \"locations\": [],\r\n      \"apiVersions\": [\r\n        \"2017-09-01\",\r\n        \"2017-08-01\",\r\n        \"2017-06-01\"\r\n      ]\r\n    },\r\n    {\r\n      \"resourceType\": \"bgpServiceCommunities\",\r\n      \"locations\": [],\r\n      \"apiVersions\": [\r\n        \"2017-09-01\",\r\n        \"2017-08-01\",\r\n        \"2017-06-01\",\r\n        \"2017-04-01\",\r\n        \"2016-12-01\"\r\n      ]\r\n    },\r\n    {\r\n      \"resourceType\": \"routeFilters\",\r\n      \"locations\": [\r\n        \"West Europe\",\r\n        \"Central US\",\r\n        \"West US\",\r\n        \"East US\",\r\n        \"North Central US\",\r\n        \"South Central US\",\r\n        \"East US 2\",\r\n        \"North Europe\"\r\n      ],\r\n      \"apiVersions\": [\r\n        \"2017-09-01\",\r\n        \"2017-08-01\",\r\n        \"2017-06-01\",\r\n        \"2017-04-01\",\r\n        \"2017-03-01\",\r\n        \"2016-12-01\"\r\n      ],\r\n      \"capabilities\": \"None\"\r\n    },\r\n    {\r\n      \"resourceType\": \"virtualWans\",\r\n      \"locations\": [\r\n        \"West Europe\",\r\n        \"Central US\",\r\n        \"West US\",\r\n        \"East US\",\r\n        \"North Central US\",\r\n        \"South Central US\",\r\n        \"East US 2\",\r\n        \"North Europe\"\r\n      ],\r\n      \"apiVersions\": [\r\n        \"2017-09-01\"\r\n      ],\r\n      \"capabilities\": \"CrossResourceGroupResourceMove, CrossSubscriptionResourceMove\"\r\n    },\r\n    {\r\n      \"resourceType\": \"vpnSites\",\r\n      \"locations\": [\r\n        \"West Europe\",\r\n        \"Central US\",\r\n        \"West US\",\r\n        \"East US\",\r\n        \"North Central US\",\r\n        \"South Central US\",\r\n        \"East US 2\",\r\n        \"North Europe\"\r\n      ],\r\n      \"apiVersions\": [\r\n        \"2017-09-01\"\r\n      ],\r\n      \"capabilities\": \"CrossResourceGroupResourceMove, CrossSubscriptionResourceMove\"\r\n    }\r\n  ],\r\n  \"registrationState\": \"Registered\"\r\n}",
      "ResponseHeaders": {
        "Content-Type": [
          "application/json; charset=utf-8"
        ],
        "Expires": [
          "-1"
        ],
        "Cache-Control": [
          "no-cache"
        ],
        "Date": [
          "Mon, 05 Mar 2018 19:37:02 GMT"
        ],
        "Pragma": [
          "no-cache"
        ],
        "Vary": [
          "Accept-Encoding"
        ],
        "x-ms-ratelimit-remaining-subscription-reads": [
          "14993"
        ],
        "x-ms-request-id": [
          "1b664534-afb7-439d-a6bc-bb7f4525367b"
        ],
        "x-ms-correlation-request-id": [
          "1b664534-afb7-439d-a6bc-bb7f4525367b"
        ],
        "x-ms-routing-request-id": [
          "CENTRALUS:20180305T193703Z:1b664534-afb7-439d-a6bc-bb7f4525367b"
        ],
        "Strict-Transport-Security": [
          "max-age=31536000; includeSubDomains"
        ],
        "X-Content-Type-Options": [
          "nosniff"
        ]
      },
      "StatusCode": 200
    },
    {
      "RequestUri": "/subscriptions/3cfb1b34-e5a9-4f98-bf9c-e4d69a6b170c/resourcegroups/hydratestdnsrg8229?api-version=2015-11-01",
      "EncodedRequestUri": "L3N1YnNjcmlwdGlvbnMvM2NmYjFiMzQtZTVhOS00Zjk4LWJmOWMtZTRkNjlhNmIxNzBjL3Jlc291cmNlZ3JvdXBzL2h5ZHJhdGVzdGRuc3JnODIyOT9hcGktdmVyc2lvbj0yMDE1LTExLTAx",
      "RequestMethod": "PUT",
      "RequestBody": "{\r\n  \"location\": \"Central US\"\r\n}",
      "RequestHeaders": {
        "Content-Type": [
          "application/json; charset=utf-8"
        ],
        "Content-Length": [
          "32"
        ],
        "x-ms-client-request-id": [
          "4950f0ad-8449-4124-8e90-510953fc8ad8"
        ],
        "accept-language": [
          "en-US"
        ],
        "User-Agent": [
          "FxVersion/4.6.26011.01",
          "Microsoft.Azure.Management.Resources.ResourceManagementClient/1.0.0.0"
        ]
      },
      "ResponseBody": "{\r\n  \"id\": \"/subscriptions/3cfb1b34-e5a9-4f98-bf9c-e4d69a6b170c/resourceGroups/hydratestdnsrg8229\",\r\n  \"name\": \"hydratestdnsrg8229\",\r\n  \"location\": \"centralus\",\r\n  \"properties\": {\r\n    \"provisioningState\": \"Succeeded\"\r\n  }\r\n}",
      "ResponseHeaders": {
        "Content-Length": [
          "192"
        ],
        "Content-Type": [
          "application/json; charset=utf-8"
        ],
        "Expires": [
          "-1"
        ],
        "Cache-Control": [
          "no-cache"
        ],
        "Date": [
          "Mon, 05 Mar 2018 19:37:03 GMT"
        ],
        "Pragma": [
          "no-cache"
        ],
        "x-ms-ratelimit-remaining-subscription-writes": [
          "1197"
        ],
        "x-ms-request-id": [
          "cd25458e-beec-436b-9df0-233fe4bd989e"
        ],
        "x-ms-correlation-request-id": [
          "cd25458e-beec-436b-9df0-233fe4bd989e"
        ],
        "x-ms-routing-request-id": [
          "CENTRALUS:20180305T193704Z:cd25458e-beec-436b-9df0-233fe4bd989e"
        ],
        "Strict-Transport-Security": [
          "max-age=31536000; includeSubDomains"
        ],
        "X-Content-Type-Options": [
          "nosniff"
        ]
      },
      "StatusCode": 201
    },
    {
      "RequestUri": "/subscriptions/3cfb1b34-e5a9-4f98-bf9c-e4d69a6b170c/resourceGroups/hydratestdnsrg8229/providers/Microsoft.Network/dnsZones/hydratest.dnszone.com8105?api-version=2018-03-01-preview",
      "EncodedRequestUri": "L3N1YnNjcmlwdGlvbnMvM2NmYjFiMzQtZTVhOS00Zjk4LWJmOWMtZTRkNjlhNmIxNzBjL3Jlc291cmNlR3JvdXBzL2h5ZHJhdGVzdGRuc3JnODIyOS9wcm92aWRlcnMvTWljcm9zb2Z0Lk5ldHdvcmsvZG5zWm9uZXMvaHlkcmF0ZXN0LmRuc3pvbmUuY29tODEwNT9hcGktdmVyc2lvbj0yMDE4LTAzLTAxLXByZXZpZXc=",
      "RequestMethod": "PUT",
      "RequestBody": "{\r\n  \"properties\": {\r\n    \"zoneType\": \"Public\"\r\n  },\r\n  \"location\": \"global\"\r\n}",
      "RequestHeaders": {
        "Content-Type": [
          "application/json; charset=utf-8"
        ],
        "Content-Length": [
          "79"
        ],
        "x-ms-client-request-id": [
          "a0ef52a5-bba8-4fba-8e7a-a56d1e5bfac9"
        ],
        "accept-language": [
          "en-US"
        ],
        "User-Agent": [
          "FxVersion/4.6.26011.01",
          "Microsoft.Azure.Management.Dns.DnsManagementClient/2.0.0.0"
        ]
      },
      "ResponseBody": "{\r\n  \"id\": \"/subscriptions/3cfb1b34-e5a9-4f98-bf9c-e4d69a6b170c/resourceGroups/hydratestdnsrg8229/providers/Microsoft.Network/dnszones/hydratest.dnszone.com8105\",\r\n  \"name\": \"hydratest.dnszone.com8105\",\r\n  \"type\": \"Microsoft.Network/dnszones\",\r\n  \"etag\": \"00000002-0000-0000-d14d-f557b9b4d301\",\r\n  \"location\": \"global\",\r\n  \"tags\": {},\r\n  \"properties\": {\r\n    \"maxNumberOfRecordSets\": 10000000,\r\n    \"nameServers\": [\r\n      \"ns1-07.daily.azure-dns.com.\",\r\n      \"ns2-07.daily.azure-dns.net.\",\r\n      \"ns3-07.daily.azure-dns.org.\",\r\n      \"ns4-07.daily.azure-dns.info.\"\r\n    ],\r\n    \"numberOfRecordSets\": 2,\r\n    \"zoneType\": \"Public\"\r\n  }\r\n}",
      "ResponseHeaders": {
        "Content-Length": [
          "541"
        ],
        "Content-Type": [
          "application/json; charset=utf-8"
        ],
        "Cache-Control": [
          "private"
        ],
        "Date": [
          "Mon, 05 Mar 2018 19:37:05 GMT"
        ],
        "ETag": [
          "00000002-0000-0000-d14d-f557b9b4d301"
        ],
        "Server": [
          "Microsoft-IIS/8.5"
        ],
        "X-Content-Type-Options": [
          "nosniff"
        ],
        "Strict-Transport-Security": [
          "max-age=31536000; includeSubDomains"
        ],
        "x-ms-request-id": [
          "a0ef52a5-bba8-4fba-8e7a-a56d1e5bfac9"
        ],
        "X-AspNet-Version": [
          "4.0.30319"
        ],
        "X-Powered-By": [
          "ASP.NET"
        ],
        "x-ms-ratelimit-remaining-subscription-resource-requests": [
          "5999"
        ],
        "x-ms-correlation-request-id": [
          "51f923d6-c85a-441f-a2a1-38a5388e481f"
        ],
        "x-ms-routing-request-id": [
          "CENTRALUS:20180305T193706Z:51f923d6-c85a-441f-a2a1-38a5388e481f"
        ]
      },
      "StatusCode": 201
    },
    {
      "RequestUri": "/subscriptions/3cfb1b34-e5a9-4f98-bf9c-e4d69a6b170c/resourceGroups/hydratestdnsrg8229/providers/Microsoft.Network/dnsZones/hydratest.dnszone.com8105?api-version=2018-03-01-preview",
      "EncodedRequestUri": "L3N1YnNjcmlwdGlvbnMvM2NmYjFiMzQtZTVhOS00Zjk4LWJmOWMtZTRkNjlhNmIxNzBjL3Jlc291cmNlR3JvdXBzL2h5ZHJhdGVzdGRuc3JnODIyOS9wcm92aWRlcnMvTWljcm9zb2Z0Lk5ldHdvcmsvZG5zWm9uZXMvaHlkcmF0ZXN0LmRuc3pvbmUuY29tODEwNT9hcGktdmVyc2lvbj0yMDE4LTAzLTAxLXByZXZpZXc=",
      "RequestMethod": "PUT",
      "RequestBody": "{\r\n  \"etag\": \"00000002-0000-0000-d14d-f557b9b4d301\",\r\n  \"properties\": {\r\n    \"zoneType\": \"Public\"\r\n  },\r\n  \"location\": \"global\",\r\n  \"tags\": {}\r\n}",
      "RequestHeaders": {
        "Content-Type": [
          "application/json; charset=utf-8"
        ],
        "Content-Length": [
          "145"
        ],
        "x-ms-client-request-id": [
          "0c9e460d-0a66-48f4-b244-ce2619f0ee2d"
        ],
        "If-Match": [
          "somegibberish"
        ],
        "accept-language": [
          "en-US"
        ],
        "User-Agent": [
          "FxVersion/4.6.26011.01",
          "Microsoft.Azure.Management.Dns.DnsManagementClient/2.0.0.0"
        ]
      },
      "ResponseBody": "{\r\n  \"code\": \"PreconditionFailed\",\r\n  \"message\": \"The Zone hydratest.dnszone.com8105 has been modified (etag mismatch).\"\r\n}",
      "ResponseHeaders": {
        "Content-Length": [
          "111"
        ],
        "Content-Type": [
          "application/json; charset=utf-8"
        ],
        "Cache-Control": [
          "private"
        ],
        "Date": [
          "Mon, 05 Mar 2018 19:37:07 GMT"
        ],
        "Server": [
          "Microsoft-IIS/8.5"
        ],
        "X-Content-Type-Options": [
          "nosniff"
        ],
        "Strict-Transport-Security": [
          "max-age=31536000; includeSubDomains"
        ],
        "x-ms-request-id": [
          "0c9e460d-0a66-48f4-b244-ce2619f0ee2d"
        ],
        "X-AspNet-Version": [
          "4.0.30319"
        ],
        "X-Powered-By": [
          "ASP.NET"
        ],
        "x-ms-ratelimit-remaining-subscription-resource-requests": [
          "5998"
        ],
        "x-ms-correlation-request-id": [
          "f5cddefb-234e-425b-81b7-7f62d30adc9f"
        ],
        "x-ms-routing-request-id": [
          "CENTRALUS:20180305T193707Z:f5cddefb-234e-425b-81b7-7f62d30adc9f"
        ]
      },
      "StatusCode": 412
    },
    {
      "RequestUri": "/subscriptions/3cfb1b34-e5a9-4f98-bf9c-e4d69a6b170c/resourceGroups/hydratestdnsrg8229/providers/Microsoft.Network/dnsZones/hydratest.dnszone.com8105?api-version=2018-03-01-preview",
      "EncodedRequestUri": "L3N1YnNjcmlwdGlvbnMvM2NmYjFiMzQtZTVhOS00Zjk4LWJmOWMtZTRkNjlhNmIxNzBjL3Jlc291cmNlR3JvdXBzL2h5ZHJhdGVzdGRuc3JnODIyOS9wcm92aWRlcnMvTWljcm9zb2Z0Lk5ldHdvcmsvZG5zWm9uZXMvaHlkcmF0ZXN0LmRuc3pvbmUuY29tODEwNT9hcGktdmVyc2lvbj0yMDE4LTAzLTAxLXByZXZpZXc=",
      "RequestMethod": "DELETE",
      "RequestBody": "",
      "RequestHeaders": {
        "x-ms-client-request-id": [
          "cfbc1c60-b3a9-414e-8f16-81d058461078"
        ],
        "accept-language": [
          "en-US"
        ],
        "User-Agent": [
          "FxVersion/4.6.26011.01",
          "Microsoft.Azure.Management.Dns.DnsManagementClient/2.0.0.0"
        ]
      },
      "ResponseBody": "",
      "ResponseHeaders": {
        "Content-Length": [
          "0"
        ],
        "Cache-Control": [
          "private"
        ],
        "Date": [
          "Mon, 05 Mar 2018 19:37:08 GMT"
        ],
        "Location": [
          "https://api-dogfood.resources.windows-int.net/subscriptions/3cfb1b34-e5a9-4f98-bf9c-e4d69a6b170c/resourceGroups/hydratestdnsrg8229/providers/Microsoft.Network/dnsOperationResults/delzone63655875427876357439d5c316?api-version=2018-03-01-preview"
        ],
        "Retry-After": [
          "3"
        ],
        "Server": [
          "Microsoft-IIS/8.5"
        ],
        "X-Content-Type-Options": [
          "nosniff"
        ],
        "Strict-Transport-Security": [
          "max-age=31536000; includeSubDomains"
        ],
        "Azure-AsyncOperation": [
          "https://api-dogfood.resources.windows-int.net:443/subscriptions/3cfb1b34-e5a9-4f98-bf9c-e4d69a6b170c/resourceGroups/hydratestdnsrg8229/providers/Microsoft.Network/dnsOperationStatuses/delzone63655875427876357439d5c316?api-version=2018-03-01-preview"
        ],
        "x-ms-request-id": [
          "cfbc1c60-b3a9-414e-8f16-81d058461078"
        ],
        "X-AspNet-Version": [
          "4.0.30319"
        ],
        "X-Powered-By": [
          "ASP.NET"
        ],
        "x-ms-ratelimit-remaining-subscription-resource-requests": [
          "5999"
        ],
        "x-ms-correlation-request-id": [
          "38157dc3-bc04-4eb6-adb3-19ed5f9e5cd5"
        ],
        "x-ms-routing-request-id": [
          "CENTRALUS:20180305T193708Z:38157dc3-bc04-4eb6-adb3-19ed5f9e5cd5"
        ]
      },
      "StatusCode": 202
    },
    {
      "RequestUri": "/subscriptions/3cfb1b34-e5a9-4f98-bf9c-e4d69a6b170c/resourceGroups/hydratestdnsrg8229/providers/Microsoft.Network/dnsOperationStatuses/delzone63655875427876357439d5c316?api-version=2018-03-01-preview",
      "EncodedRequestUri": "L3N1YnNjcmlwdGlvbnMvM2NmYjFiMzQtZTVhOS00Zjk4LWJmOWMtZTRkNjlhNmIxNzBjL3Jlc291cmNlR3JvdXBzL2h5ZHJhdGVzdGRuc3JnODIyOS9wcm92aWRlcnMvTWljcm9zb2Z0Lk5ldHdvcmsvZG5zT3BlcmF0aW9uU3RhdHVzZXMvZGVsem9uZTYzNjU1ODc1NDI3ODc2MzU3NDM5ZDVjMzE2P2FwaS12ZXJzaW9uPTIwMTgtMDMtMDEtcHJldmlldw==",
      "RequestMethod": "GET",
      "RequestBody": "",
      "RequestHeaders": {
        "User-Agent": [
          "FxVersion/4.6.26011.01",
          "Microsoft.Azure.Management.Dns.DnsManagementClient/2.0.0.0"
        ]
      },
      "ResponseBody": "{\r\n  \"status\": \"Succeeded\"\r\n}",
      "ResponseHeaders": {
        "Content-Type": [
          "application/json; charset=utf-8"
        ],
        "Cache-Control": [
          "private"
        ],
        "Date": [
          "Mon, 05 Mar 2018 19:37:18 GMT"
        ],
        "Transfer-Encoding": [
          "chunked"
        ],
        "Server": [
          "Microsoft-IIS/8.5"
        ],
        "Vary": [
          "Accept-Encoding"
        ],
        "X-Content-Type-Options": [
          "nosniff"
        ],
        "Strict-Transport-Security": [
          "max-age=31536000; includeSubDomains"
        ],
        "x-ms-request-id": [
          "cdf644e6-8674-4cb4-bdf9-ae0e5b25ca7f"
        ],
        "X-AspNet-Version": [
          "4.0.30319"
        ],
        "X-Powered-By": [
          "ASP.NET"
        ],
        "x-ms-ratelimit-remaining-subscription-resource-requests": [
          "5999"
        ],
        "x-ms-correlation-request-id": [
          "cb2b9774-6b14-4d81-8ddd-b9896bf636df"
        ],
        "x-ms-routing-request-id": [
          "CENTRALUS:20180305T193719Z:cb2b9774-6b14-4d81-8ddd-b9896bf636df"
        ]
      },
      "StatusCode": 200
    },
    {
      "RequestUri": "/subscriptions/3cfb1b34-e5a9-4f98-bf9c-e4d69a6b170c/resourceGroups/hydratestdnsrg8229/providers/Microsoft.Network/dnsZones/hiya.com?api-version=2018-03-01-preview",
      "EncodedRequestUri": "L3N1YnNjcmlwdGlvbnMvM2NmYjFiMzQtZTVhOS00Zjk4LWJmOWMtZTRkNjlhNmIxNzBjL3Jlc291cmNlR3JvdXBzL2h5ZHJhdGVzdGRuc3JnODIyOS9wcm92aWRlcnMvTWljcm9zb2Z0Lk5ldHdvcmsvZG5zWm9uZXMvaGl5YS5jb20/YXBpLXZlcnNpb249MjAxOC0wMy0wMS1wcmV2aWV3",
      "RequestMethod": "DELETE",
      "RequestBody": "",
      "RequestHeaders": {
        "x-ms-client-request-id": [
          "4f0e8998-fa51-4656-ad6b-9d6eaecd8f55"
        ],
        "accept-language": [
          "en-US"
        ],
        "User-Agent": [
          "FxVersion/4.6.26011.01",
          "Microsoft.Azure.Management.Dns.DnsManagementClient/2.0.0.0"
        ]
      },
      "ResponseBody": "",
      "ResponseHeaders": {
        "Expires": [
          "-1"
        ],
        "Cache-Control": [
          "no-cache"
        ],
        "Date": [
          "Mon, 05 Mar 2018 19:37:18 GMT"
        ],
        "Pragma": [
          "no-cache"
        ],
        "x-ms-ratelimit-remaining-subscription-resource-requests": [
          "5998"
        ],
        "x-ms-request-id": [
          "202a44c0-7769-43cd-9c41-9d1a312cc6fd"
        ],
        "x-ms-correlation-request-id": [
          "202a44c0-7769-43cd-9c41-9d1a312cc6fd"
        ],
        "x-ms-routing-request-id": [
          "CENTRALUS:20180305T193719Z:202a44c0-7769-43cd-9c41-9d1a312cc6fd"
        ],
        "Strict-Transport-Security": [
          "max-age=31536000; includeSubDomains"
        ],
        "X-Content-Type-Options": [
          "nosniff"
        ]
      },
      "StatusCode": 204
    }
  ],
  "Names": {
    "UpdateZonePreconditionFailed": [
      "hydratest.dnszone.com8105"
    ],
    "CreateResourceGroup": [
      "hydratestdnsrg8229"
    ]
  },
  "Variables": {
    "SubscriptionId": "3cfb1b34-e5a9-4f98-bf9c-e4d69a6b170c"
  }
}