{
  "Entries": [
    {
      "RequestUri": "/subscriptions/4adb32ad-8327-4cbb-b775-b84b4465bb38/providers/Microsoft.Web?api-version=2014-04-01-preview",
      "EncodedRequestUri": "L3N1YnNjcmlwdGlvbnMvNGFkYjMyYWQtODMyNy00Y2JiLWI3NzUtYjg0YjQ0NjViYjM4L3Byb3ZpZGVycy9NaWNyb3NvZnQuV2ViP2FwaS12ZXJzaW9uPTIwMTQtMDQtMDEtcHJldmlldw==",
      "RequestMethod": "GET",
      "RequestBody": "",
      "RequestHeaders": {
        "x-ms-client-request-id": [
          "6e367798-a511-4ffd-baf9-116300991b99"
        ],
        "accept-language": [
          "en-US"
        ],
        "User-Agent": [
          "Microsoft.Azure.Management.Resources.ResourceManagementClient/2.0.0.0"
        ]
      },
      "ResponseBody": "{\r\n  \"id\": \"/subscriptions/4adb32ad-8327-4cbb-b775-b84b4465bb38/providers/Microsoft.Web\",\r\n  \"namespace\": \"Microsoft.Web\",\r\n  \"authorization\": {\r\n    \"applicationId\": \"abfa0a7c-a6b6-4736-8310-5855508787cd\",\r\n    \"roleDefinitionId\": \"f47ed98b-b063-4a5b-9e10-4b9b44fa7735\"\r\n  },\r\n  \"resourceTypes\": [\r\n    {\r\n      \"resourceType\": \"sites/extensions\",\r\n      \"locations\": [\r\n        \"Brazil South\",\r\n        \"East Asia\",\r\n        \"East US\",\r\n        \"Japan East\",\r\n        \"Japan West\",\r\n        \"North Central US\",\r\n        \"North Europe\",\r\n        \"South Central US\",\r\n        \"West Europe\",\r\n        \"West US\",\r\n        \"Southeast Asia\",\r\n        \"Central US\",\r\n        \"East US 2\",\r\n        \"MSFT West US\",\r\n        \"MSFT East US\",\r\n        \"MSFT East Asia\",\r\n        \"MSFT North Europe\",\r\n        \"Australia East\",\r\n        \"Australia Southeast\",\r\n        \"East US 2 (Stage)\",\r\n        \"East Asia (Stage)\",\r\n        \"Central US (Stage)\",\r\n        \"West India\",\r\n        \"Central India\",\r\n        \"South India\"\r\n      ],\r\n      \"apiVersions\": [\r\n        \"2015-08-01\",\r\n        \"2015-07-01\",\r\n        \"2015-06-01\",\r\n        \"2015-05-01\",\r\n        \"2015-04-01\",\r\n        \"2015-02-01\",\r\n        \"2014-11-01\",\r\n        \"2014-06-01\",\r\n        \"2014-04-01-preview\",\r\n        \"2014-04-01\"\r\n      ]\r\n    },\r\n    {\r\n      \"resourceType\": \"sites/slots/extensions\",\r\n      \"locations\": [\r\n        \"Brazil South\",\r\n        \"East Asia\",\r\n        \"East US\",\r\n        \"Japan East\",\r\n        \"Japan West\",\r\n        \"North Central US\",\r\n        \"North Europe\",\r\n        \"South Central US\",\r\n        \"West Europe\",\r\n        \"West US\",\r\n        \"Southeast Asia\",\r\n        \"Central US\",\r\n        \"East US 2\",\r\n        \"MSFT West US\",\r\n        \"MSFT East US\",\r\n        \"MSFT East Asia\",\r\n        \"MSFT North Europe\",\r\n        \"Australia East\",\r\n        \"Australia Southeast\",\r\n        \"East US 2 (Stage)\",\r\n        \"East Asia (Stage)\",\r\n        \"Central US (Stage)\",\r\n        \"West India\",\r\n        \"Central India\",\r\n        \"South India\"\r\n      ],\r\n      \"apiVersions\": [\r\n        \"2015-08-01\",\r\n        \"2015-07-01\",\r\n        \"2015-06-01\",\r\n        \"2015-05-01\",\r\n        \"2015-04-01\",\r\n        \"2015-02-01\",\r\n        \"2014-11-01\",\r\n        \"2014-06-01\",\r\n        \"2014-04-01-preview\",\r\n        \"2014-04-01\"\r\n      ]\r\n    },\r\n    {\r\n      \"resourceType\": \"sites/instances\",\r\n      \"locations\": [\r\n        \"Brazil South\",\r\n        \"East Asia\",\r\n        \"East US\",\r\n        \"Japan East\",\r\n        \"Japan West\",\r\n        \"North Central US\",\r\n        \"North Europe\",\r\n        \"South Central US\",\r\n        \"West Europe\",\r\n        \"West US\",\r\n        \"Southeast Asia\",\r\n        \"Central US\",\r\n        \"East US 2\",\r\n        \"MSFT West US\",\r\n        \"MSFT East US\",\r\n        \"MSFT East Asia\",\r\n        \"MSFT North Europe\",\r\n        \"Australia East\",\r\n        \"Australia Southeast\",\r\n        \"East US 2 (Stage)\",\r\n        \"East Asia (Stage)\",\r\n        \"Central US (Stage)\",\r\n        \"West India\",\r\n        \"Central India\",\r\n        \"South India\"\r\n      ],\r\n      \"apiVersions\": [\r\n        \"2015-08-01\",\r\n        \"2015-07-01\",\r\n        \"2015-06-01\",\r\n        \"2015-05-01\",\r\n        \"2015-04-01\",\r\n        \"2015-02-01\",\r\n        \"2014-11-01\",\r\n        \"2014-06-01\",\r\n        \"2014-04-01-preview\",\r\n        \"2014-04-01\"\r\n      ]\r\n    },\r\n    {\r\n      \"resourceType\": \"sites/slots/instances\",\r\n      \"locations\": [\r\n        \"Brazil South\",\r\n        \"East Asia\",\r\n        \"East US\",\r\n        \"Japan East\",\r\n        \"Japan West\",\r\n        \"North Central US\",\r\n        \"North Europe\",\r\n        \"South Central US\",\r\n        \"West Europe\",\r\n        \"West US\",\r\n        \"Southeast Asia\",\r\n        \"Central US\",\r\n        \"East US 2\",\r\n        \"MSFT West US\",\r\n        \"MSFT East US\",\r\n        \"MSFT East Asia\",\r\n        \"MSFT North Europe\",\r\n        \"Australia East\",\r\n        \"Australia Southeast\",\r\n        \"East US 2 (Stage)\",\r\n        \"East Asia (Stage)\",\r\n        \"Central US (Stage)\",\r\n        \"West India\",\r\n        \"Central India\",\r\n        \"South India\"\r\n      ],\r\n      \"apiVersions\": [\r\n        \"2015-08-01\",\r\n        \"2015-07-01\",\r\n        \"2015-06-01\",\r\n        \"2015-05-01\",\r\n        \"2015-04-01\",\r\n        \"2015-02-01\",\r\n        \"2014-11-01\",\r\n        \"2014-06-01\",\r\n        \"2014-04-01-preview\",\r\n        \"2014-04-01\"\r\n      ]\r\n    },\r\n    {\r\n      \"resourceType\": \"sites/instances/extensions\",\r\n      \"locations\": [\r\n        \"Brazil South\",\r\n        \"East Asia\",\r\n        \"East US\",\r\n        \"Japan East\",\r\n        \"Japan West\",\r\n        \"North Central US\",\r\n        \"North Europe\",\r\n        \"South Central US\",\r\n        \"West Europe\",\r\n        \"West US\",\r\n        \"Southeast Asia\",\r\n        \"Central US\",\r\n        \"East US 2\",\r\n        \"MSFT West US\",\r\n        \"MSFT East US\",\r\n        \"MSFT East Asia\",\r\n        \"MSFT North Europe\",\r\n        \"Australia East\",\r\n        \"Australia Southeast\",\r\n        \"East US 2 (Stage)\",\r\n        \"East Asia (Stage)\",\r\n        \"Central US (Stage)\",\r\n        \"West India\",\r\n        \"Central India\",\r\n        \"South India\"\r\n      ],\r\n      \"apiVersions\": [\r\n        \"2015-08-01\",\r\n        \"2015-07-01\",\r\n        \"2015-06-01\",\r\n        \"2015-05-01\",\r\n        \"2015-04-01\",\r\n        \"2015-02-01\",\r\n        \"2014-11-01\",\r\n        \"2014-06-01\",\r\n        \"2014-04-01-preview\",\r\n        \"2014-04-01\"\r\n      ]\r\n    },\r\n    {\r\n      \"resourceType\": \"sites/slots/instances/extensions\",\r\n      \"locations\": [\r\n        \"Brazil South\",\r\n        \"East Asia\",\r\n        \"East US\",\r\n        \"Japan East\",\r\n        \"Japan West\",\r\n        \"North Central US\",\r\n        \"North Europe\",\r\n        \"South Central US\",\r\n        \"West Europe\",\r\n        \"West US\",\r\n        \"Southeast Asia\",\r\n        \"Central US\",\r\n        \"East US 2\",\r\n        \"MSFT West US\",\r\n        \"MSFT East US\",\r\n        \"MSFT East Asia\",\r\n        \"MSFT North Europe\",\r\n        \"Australia East\",\r\n        \"Australia Southeast\",\r\n        \"East US 2 (Stage)\",\r\n        \"East Asia (Stage)\",\r\n        \"Central US (Stage)\",\r\n        \"West India\",\r\n        \"Central India\",\r\n        \"South India\"\r\n      ],\r\n      \"apiVersions\": [\r\n        \"2015-08-01\",\r\n        \"2015-07-01\",\r\n        \"2015-06-01\",\r\n        \"2015-05-01\",\r\n        \"2015-04-01\",\r\n        \"2015-02-01\",\r\n        \"2014-11-01\",\r\n        \"2014-06-01\",\r\n        \"2014-04-01-preview\",\r\n        \"2014-04-01\"\r\n      ]\r\n    },\r\n    {\r\n      \"resourceType\": \"publishingUsers\",\r\n      \"locations\": [\r\n        \"Brazil South\",\r\n        \"East Asia\",\r\n        \"East US\",\r\n        \"Japan East\",\r\n        \"Japan West\",\r\n        \"North Central US\",\r\n        \"North Europe\",\r\n        \"South Central US\",\r\n        \"West Europe\",\r\n        \"West US\",\r\n        \"Southeast Asia\",\r\n        \"Central US\",\r\n        \"East US 2\",\r\n        \"MSFT West US\",\r\n        \"MSFT East US\",\r\n        \"MSFT East Asia\",\r\n        \"MSFT North Europe\",\r\n        \"Australia East\",\r\n        \"Australia Southeast\",\r\n        \"East US 2 (Stage)\",\r\n        \"East Asia (Stage)\",\r\n        \"Central US (Stage)\",\r\n        \"West India\",\r\n        \"Central India\",\r\n        \"South India\"\r\n      ],\r\n      \"apiVersions\": [\r\n        \"2015-08-01\",\r\n        \"2015-07-01\",\r\n        \"2015-06-01\",\r\n        \"2015-05-01\",\r\n        \"2015-04-01\",\r\n        \"2015-02-01\",\r\n        \"2014-11-01\",\r\n        \"2014-06-01\",\r\n        \"2014-04-01-preview\",\r\n        \"2014-04-01\"\r\n      ]\r\n    },\r\n    {\r\n      \"resourceType\": \"ishostnameavailable\",\r\n      \"locations\": [\r\n        \"Brazil South\",\r\n        \"East Asia\",\r\n        \"East US\",\r\n        \"Japan East\",\r\n        \"Japan West\",\r\n        \"North Central US\",\r\n        \"North Europe\",\r\n        \"South Central US\",\r\n        \"West Europe\",\r\n        \"West US\",\r\n        \"Southeast Asia\",\r\n        \"Central US\",\r\n        \"East US 2\",\r\n        \"MSFT West US\",\r\n        \"MSFT East US\",\r\n        \"MSFT East Asia\",\r\n        \"MSFT North Europe\",\r\n        \"Australia East\",\r\n        \"Australia Southeast\",\r\n        \"East US 2 (Stage)\",\r\n        \"East Asia (Stage)\",\r\n        \"Central US (Stage)\",\r\n        \"West India\",\r\n        \"Central India\",\r\n        \"South India\"\r\n      ],\r\n      \"apiVersions\": [\r\n        \"2015-08-01\",\r\n        \"2015-07-01\",\r\n        \"2015-06-01\",\r\n        \"2015-05-01\",\r\n        \"2015-04-01\",\r\n        \"2015-02-01\",\r\n        \"2014-11-01\",\r\n        \"2014-06-01\",\r\n        \"2014-04-01-preview\",\r\n        \"2014-04-01\"\r\n      ]\r\n    },\r\n    {\r\n      \"resourceType\": \"sourceControls\",\r\n      \"locations\": [\r\n        \"Brazil South\",\r\n        \"East Asia\",\r\n        \"East US\",\r\n        \"Japan East\",\r\n        \"Japan West\",\r\n        \"North Central US\",\r\n        \"North Europe\",\r\n        \"South Central US\",\r\n        \"West Europe\",\r\n        \"West US\",\r\n        \"Southeast Asia\",\r\n        \"Central US\",\r\n        \"East US 2\",\r\n        \"MSFT West US\",\r\n        \"MSFT East US\",\r\n        \"MSFT East Asia\",\r\n        \"MSFT North Europe\",\r\n        \"Australia East\",\r\n        \"Australia Southeast\",\r\n        \"East US 2 (Stage)\",\r\n        \"East Asia (Stage)\",\r\n        \"Central US (Stage)\",\r\n        \"West India\",\r\n        \"Central India\",\r\n        \"South India\"\r\n      ],\r\n      \"apiVersions\": [\r\n        \"2015-08-01\",\r\n        \"2015-07-01\",\r\n        \"2015-06-01\",\r\n        \"2015-05-01\",\r\n        \"2015-04-01\",\r\n        \"2015-02-01\",\r\n        \"2014-11-01\",\r\n        \"2014-06-01\",\r\n        \"2014-04-01-preview\",\r\n        \"2014-04-01\"\r\n      ]\r\n    },\r\n    {\r\n      \"resourceType\": \"availableStacks\",\r\n      \"locations\": [\r\n        \"Brazil South\",\r\n        \"East Asia\",\r\n        \"East US\",\r\n        \"Japan East\",\r\n        \"Japan West\",\r\n        \"North Central US\",\r\n        \"North Europe\",\r\n        \"South Central US\",\r\n        \"West Europe\",\r\n        \"West US\",\r\n        \"Southeast Asia\",\r\n        \"Central US\",\r\n        \"East US 2\",\r\n        \"MSFT West US\",\r\n        \"MSFT East US\",\r\n        \"MSFT East Asia\",\r\n        \"MSFT North Europe\",\r\n        \"Australia East\",\r\n        \"Australia Southeast\",\r\n        \"East US 2 (Stage)\",\r\n        \"East Asia (Stage)\",\r\n        \"Central US (Stage)\",\r\n        \"West India\",\r\n        \"Central India\",\r\n        \"South India\"\r\n      ],\r\n      \"apiVersions\": [\r\n        \"2015-08-01\",\r\n        \"2015-07-01\",\r\n        \"2015-06-01\",\r\n        \"2015-05-01\",\r\n        \"2015-04-01\",\r\n        \"2015-02-01\",\r\n        \"2014-11-01\",\r\n        \"2014-06-01\",\r\n        \"2014-04-01-preview\",\r\n        \"2014-04-01\"\r\n      ]\r\n    },\r\n    {\r\n      \"resourceType\": \"listSitesAssignedToHostName\",\r\n      \"locations\": [\r\n        \"Brazil South\",\r\n        \"East Asia\",\r\n        \"East US\",\r\n        \"Japan East\",\r\n        \"Japan West\",\r\n        \"North Central US\",\r\n        \"North Europe\",\r\n        \"South Central US\",\r\n        \"West Europe\",\r\n        \"West US\",\r\n        \"Southeast Asia\",\r\n        \"Central US\",\r\n        \"East US 2\",\r\n        \"MSFT West US\",\r\n        \"MSFT East US\",\r\n        \"MSFT East Asia\",\r\n        \"MSFT North Europe\",\r\n        \"Australia East\",\r\n        \"Australia Southeast\",\r\n        \"East US 2 (Stage)\",\r\n        \"East Asia (Stage)\",\r\n        \"Central US (Stage)\",\r\n        \"West India\",\r\n        \"Central India\",\r\n        \"South India\"\r\n      ],\r\n      \"apiVersions\": [\r\n        \"2015-08-01\",\r\n        \"2015-07-01\",\r\n        \"2015-06-01\",\r\n        \"2015-05-01\",\r\n        \"2015-04-01\",\r\n        \"2015-02-01\"\r\n      ]\r\n    },\r\n    {\r\n      \"resourceType\": \"sites/hostNameBindings\",\r\n      \"locations\": [\r\n        \"Brazil South\",\r\n        \"East Asia\",\r\n        \"East US\",\r\n        \"Japan East\",\r\n        \"Japan West\",\r\n        \"North Central US\",\r\n        \"North Europe\",\r\n        \"South Central US\",\r\n        \"West Europe\",\r\n        \"West US\",\r\n        \"Southeast Asia\",\r\n        \"Central US\",\r\n        \"East US 2\",\r\n        \"MSFT West US\",\r\n        \"MSFT East US\",\r\n        \"MSFT East Asia\",\r\n        \"MSFT North Europe\",\r\n        \"Australia East\",\r\n        \"Australia Southeast\",\r\n        \"East US 2 (Stage)\",\r\n        \"East Asia (Stage)\",\r\n        \"Central US (Stage)\",\r\n        \"West India\",\r\n        \"Central India\",\r\n        \"South India\"\r\n      ],\r\n      \"apiVersions\": [\r\n        \"2015-08-01\",\r\n        \"2015-07-01\",\r\n        \"2015-06-01\",\r\n        \"2015-05-01\",\r\n        \"2015-04-01\",\r\n        \"2015-02-01\"\r\n      ]\r\n    },\r\n    {\r\n      \"resourceType\": \"sites/slots/hostNameBindings\",\r\n      \"locations\": [\r\n        \"Brazil South\",\r\n        \"East Asia\",\r\n        \"East US\",\r\n        \"Japan East\",\r\n        \"Japan West\",\r\n        \"North Central US\",\r\n        \"North Europe\",\r\n        \"South Central US\",\r\n        \"West Europe\",\r\n        \"West US\",\r\n        \"Southeast Asia\",\r\n        \"Central US\",\r\n        \"East US 2\",\r\n        \"MSFT West US\",\r\n        \"MSFT East US\",\r\n        \"MSFT East Asia\",\r\n        \"MSFT North Europe\",\r\n        \"Australia East\",\r\n        \"Australia Southeast\",\r\n        \"East US 2 (Stage)\",\r\n        \"East Asia (Stage)\",\r\n        \"Central US (Stage)\",\r\n        \"West India\",\r\n        \"Central India\",\r\n        \"South India\"\r\n      ],\r\n      \"apiVersions\": [\r\n        \"2015-08-01\",\r\n        \"2015-07-01\",\r\n        \"2015-06-01\",\r\n        \"2015-05-01\",\r\n        \"2015-04-01\",\r\n        \"2015-02-01\"\r\n      ]\r\n    },\r\n    {\r\n      \"resourceType\": \"operations\",\r\n      \"locations\": [\r\n        \"Brazil South\",\r\n        \"East Asia\",\r\n        \"East US\",\r\n        \"Japan East\",\r\n        \"Japan West\",\r\n        \"North Central US\",\r\n        \"North Europe\",\r\n        \"South Central US\",\r\n        \"West Europe\",\r\n        \"West US\",\r\n        \"Southeast Asia\",\r\n        \"Central US\",\r\n        \"East US 2\",\r\n        \"MSFT West US\",\r\n        \"MSFT East US\",\r\n        \"MSFT East Asia\",\r\n        \"MSFT North Europe\",\r\n        \"Australia East\",\r\n        \"Australia Southeast\",\r\n        \"East US 2 (Stage)\",\r\n        \"East Asia (Stage)\",\r\n        \"Central US (Stage)\",\r\n        \"West India\",\r\n        \"Central India\",\r\n        \"South India\"\r\n      ],\r\n      \"apiVersions\": [\r\n        \"2015-08-01\",\r\n        \"2015-07-01\",\r\n        \"2015-06-01\",\r\n        \"2015-05-01\",\r\n        \"2015-04-01\",\r\n        \"2015-02-01\",\r\n        \"2014-11-01\",\r\n        \"2014-06-01\",\r\n        \"2014-04-01-preview\",\r\n        \"2014-04-01\"\r\n      ]\r\n    },\r\n    {\r\n      \"resourceType\": \"certificates\",\r\n      \"locations\": [\r\n        \"Brazil South\",\r\n        \"East Asia\",\r\n        \"East US\",\r\n        \"Japan East\",\r\n        \"Japan West\",\r\n        \"North Central US\",\r\n        \"North Europe\",\r\n        \"South Central US\",\r\n        \"West Europe\",\r\n        \"West US\",\r\n        \"Southeast Asia\",\r\n        \"Central US\",\r\n        \"East US 2\",\r\n        \"MSFT West US\",\r\n        \"MSFT East US\",\r\n        \"MSFT East Asia\",\r\n        \"MSFT North Europe\",\r\n        \"Australia East\",\r\n        \"Australia Southeast\",\r\n        \"East US 2 (Stage)\",\r\n        \"East Asia (Stage)\",\r\n        \"Central US (Stage)\",\r\n        \"West India\",\r\n        \"Central India\",\r\n        \"South India\"\r\n      ],\r\n      \"apiVersions\": [\r\n        \"2015-08-01\",\r\n        \"2015-07-01\",\r\n        \"2015-06-01\",\r\n        \"2015-05-01\",\r\n        \"2015-04-01\",\r\n        \"2015-02-01\",\r\n        \"2014-11-01\",\r\n        \"2014-06-01\",\r\n        \"2014-04-01-preview\",\r\n        \"2014-04-01\"\r\n      ]\r\n    },\r\n    {\r\n      \"resourceType\": \"serverFarms\",\r\n      \"locations\": [\r\n        \"Brazil South\",\r\n        \"East Asia\",\r\n        \"East US\",\r\n        \"Japan East\",\r\n        \"Japan West\",\r\n        \"North Central US\",\r\n        \"North Europe\",\r\n        \"South Central US\",\r\n        \"West Europe\",\r\n        \"West US\",\r\n        \"Southeast Asia\",\r\n        \"Central US\",\r\n        \"East US 2\",\r\n        \"MSFT West US\",\r\n        \"MSFT East US\",\r\n        \"MSFT East Asia\",\r\n        \"MSFT North Europe\",\r\n        \"Australia East\",\r\n        \"Australia Southeast\",\r\n        \"East US 2 (Stage)\",\r\n        \"East Asia (Stage)\",\r\n        \"Central US (Stage)\",\r\n        \"West India\",\r\n        \"Central India\",\r\n        \"South India\"\r\n      ],\r\n      \"apiVersions\": [\r\n        \"2015-08-01\",\r\n        \"2015-07-01\",\r\n        \"2015-06-01\",\r\n        \"2015-05-01\",\r\n        \"2015-04-01\",\r\n        \"2015-02-01\",\r\n        \"2014-11-01\",\r\n        \"2014-06-01\",\r\n        \"2014-04-01-preview\",\r\n        \"2014-04-01\"\r\n      ]\r\n    },\r\n    {\r\n      \"resourceType\": \"sites\",\r\n      \"locations\": [\r\n        \"Brazil South\",\r\n        \"East Asia\",\r\n        \"East US\",\r\n        \"Japan East\",\r\n        \"Japan West\",\r\n        \"North Central US\",\r\n        \"North Europe\",\r\n        \"South Central US\",\r\n        \"West Europe\",\r\n        \"West US\",\r\n        \"Southeast Asia\",\r\n        \"Central US\",\r\n        \"East US 2\",\r\n        \"MSFT West US\",\r\n        \"MSFT East US\",\r\n        \"MSFT East Asia\",\r\n        \"MSFT North Europe\",\r\n        \"Australia East\",\r\n        \"Australia Southeast\",\r\n        \"East US 2 (Stage)\",\r\n        \"East Asia (Stage)\",\r\n        \"Central US (Stage)\",\r\n        \"West India\",\r\n        \"Central India\",\r\n        \"South India\"\r\n      ],\r\n      \"apiVersions\": [\r\n        \"2015-08-01\",\r\n        \"2015-07-01\",\r\n        \"2015-06-01\",\r\n        \"2015-05-01\",\r\n        \"2015-04-01\",\r\n        \"2015-02-01\",\r\n        \"2014-11-01\",\r\n        \"2014-06-01\",\r\n        \"2014-04-01-preview\",\r\n        \"2014-04-01\"\r\n      ]\r\n    },\r\n    {\r\n      \"resourceType\": \"sites/slots\",\r\n      \"locations\": [\r\n        \"Brazil South\",\r\n        \"East Asia\",\r\n        \"East US\",\r\n        \"Japan East\",\r\n        \"Japan West\",\r\n        \"North Central US\",\r\n        \"North Europe\",\r\n        \"South Central US\",\r\n        \"West Europe\",\r\n        \"West US\",\r\n        \"Southeast Asia\",\r\n        \"Central US\",\r\n        \"East US 2\",\r\n        \"MSFT West US\",\r\n        \"MSFT East US\",\r\n        \"MSFT East Asia\",\r\n        \"MSFT North Europe\",\r\n        \"Australia East\",\r\n        \"Australia Southeast\",\r\n        \"East US 2 (Stage)\",\r\n        \"East Asia (Stage)\",\r\n        \"Central US (Stage)\",\r\n        \"West India\",\r\n        \"Central India\",\r\n        \"South India\"\r\n      ],\r\n      \"apiVersions\": [\r\n        \"2015-08-01\",\r\n        \"2015-07-01\",\r\n        \"2015-06-01\",\r\n        \"2015-05-01\",\r\n        \"2015-04-01\",\r\n        \"2015-02-01\",\r\n        \"2014-11-01\",\r\n        \"2014-06-01\",\r\n        \"2014-04-01-preview\",\r\n        \"2014-04-01\"\r\n      ]\r\n    },\r\n    {\r\n      \"resourceType\": \"runtimes\",\r\n      \"locations\": [],\r\n      \"apiVersions\": [\r\n        \"2015-08-01\",\r\n        \"2015-07-01\",\r\n        \"2015-06-01\",\r\n        \"2015-05-01\",\r\n        \"2015-04-01\",\r\n        \"2015-02-01\",\r\n        \"2014-11-01\",\r\n        \"2014-06-01\",\r\n        \"2014-04-01\"\r\n      ]\r\n    },\r\n    {\r\n      \"resourceType\": \"sites/metrics\",\r\n      \"locations\": [],\r\n      \"apiVersions\": [\r\n        \"2015-08-01\",\r\n        \"2015-07-01\",\r\n        \"2015-06-01\",\r\n        \"2015-05-01\",\r\n        \"2015-04-01\",\r\n        \"2015-02-01\",\r\n        \"2014-11-01\",\r\n        \"2014-06-01\",\r\n        \"2014-04-01\"\r\n      ]\r\n    },\r\n    {\r\n      \"resourceType\": \"sites/metricDefinitions\",\r\n      \"locations\": [],\r\n      \"apiVersions\": [\r\n        \"2015-08-01\",\r\n        \"2015-07-01\",\r\n        \"2015-06-01\",\r\n        \"2015-05-01\",\r\n        \"2015-04-01\",\r\n        \"2015-02-01\",\r\n        \"2014-11-01\",\r\n        \"2014-06-01\",\r\n        \"2014-04-01\"\r\n      ]\r\n    },\r\n    {\r\n      \"resourceType\": \"sites/slots/metrics\",\r\n      \"locations\": [],\r\n      \"apiVersions\": [\r\n        \"2015-08-01\",\r\n        \"2015-07-01\",\r\n        \"2015-06-01\",\r\n        \"2015-05-01\",\r\n        \"2015-04-01\",\r\n        \"2015-02-01\",\r\n        \"2014-11-01\",\r\n        \"2014-06-01\",\r\n        \"2014-04-01\"\r\n      ]\r\n    },\r\n    {\r\n      \"resourceType\": \"sites/slots/metricDefinitions\",\r\n      \"locations\": [],\r\n      \"apiVersions\": [\r\n        \"2015-08-01\",\r\n        \"2015-07-01\",\r\n        \"2015-06-01\",\r\n        \"2015-05-01\",\r\n        \"2015-04-01\",\r\n        \"2015-02-01\",\r\n        \"2014-11-01\",\r\n        \"2014-06-01\",\r\n        \"2014-04-01\"\r\n      ]\r\n    },\r\n    {\r\n      \"resourceType\": \"serverFarms/metrics\",\r\n      \"locations\": [],\r\n      \"apiVersions\": [\r\n        \"2015-08-01\",\r\n        \"2015-07-01\",\r\n        \"2015-06-01\",\r\n        \"2015-05-01\",\r\n        \"2015-04-01\",\r\n        \"2015-02-01\",\r\n        \"2014-11-01\",\r\n        \"2014-06-01\",\r\n        \"2014-04-01\"\r\n      ]\r\n    },\r\n    {\r\n      \"resourceType\": \"serverFarms/metricDefinitions\",\r\n      \"locations\": [],\r\n      \"apiVersions\": [\r\n        \"2015-08-01\",\r\n        \"2015-07-01\",\r\n        \"2015-06-01\",\r\n        \"2015-05-01\",\r\n        \"2015-04-01\",\r\n        \"2015-02-01\",\r\n        \"2014-11-01\",\r\n        \"2014-06-01\",\r\n        \"2014-04-01\"\r\n      ]\r\n    },\r\n    {\r\n      \"resourceType\": \"sites/recommendations\",\r\n      \"locations\": [],\r\n      \"apiVersions\": [\r\n        \"2015-08-01\",\r\n        \"2015-07-01\",\r\n        \"2015-06-01\",\r\n        \"2015-05-01\",\r\n        \"2015-04-01\",\r\n        \"2015-02-01\",\r\n        \"2014-11-01\",\r\n        \"2014-06-01\",\r\n        \"2014-04-01-preview\",\r\n        \"2014-04-01\"\r\n      ]\r\n    },\r\n    {\r\n      \"resourceType\": \"recommendations\",\r\n      \"locations\": [],\r\n      \"apiVersions\": [\r\n        \"2015-08-01\",\r\n        \"2015-07-01\",\r\n        \"2015-06-01\",\r\n        \"2015-05-01\",\r\n        \"2015-04-01\",\r\n        \"2015-02-01\",\r\n        \"2014-11-01\",\r\n        \"2014-06-01\",\r\n        \"2014-04-01-preview\",\r\n        \"2014-04-01\"\r\n      ]\r\n    },\r\n    {\r\n      \"resourceType\": \"georegions\",\r\n      \"locations\": [],\r\n      \"apiVersions\": [\r\n        \"2015-08-01\",\r\n        \"2015-07-01\",\r\n        \"2015-06-01\",\r\n        \"2015-05-01\",\r\n        \"2015-04-01\",\r\n        \"2015-02-01\",\r\n        \"2014-11-01\",\r\n        \"2014-06-01\",\r\n        \"2014-04-01-preview\",\r\n        \"2014-04-01\"\r\n      ]\r\n    },\r\n    {\r\n      \"resourceType\": \"sites/premieraddons\",\r\n      \"locations\": [\r\n        \"Brazil South\",\r\n        \"East Asia\",\r\n        \"East US\",\r\n        \"Japan East\",\r\n        \"Japan West\",\r\n        \"North Central US\",\r\n        \"North Europe\",\r\n        \"South Central US\",\r\n        \"West Europe\",\r\n        \"West US\",\r\n        \"Southeast Asia\",\r\n        \"Central US\",\r\n        \"East US 2\",\r\n        \"MSFT West US\",\r\n        \"MSFT East US\",\r\n        \"MSFT East Asia\",\r\n        \"MSFT North Europe\",\r\n        \"Australia East\",\r\n        \"Australia Southeast\",\r\n        \"East US 2 (Stage)\",\r\n        \"East Asia (Stage)\",\r\n        \"Central US (Stage)\",\r\n        \"West India\",\r\n        \"Central India\",\r\n        \"South India\"\r\n      ],\r\n      \"apiVersions\": [\r\n        \"2015-08-01\",\r\n        \"2015-07-01\",\r\n        \"2015-06-01\",\r\n        \"2015-05-01\",\r\n        \"2015-04-01\"\r\n      ]\r\n    },\r\n    {\r\n      \"resourceType\": \"hostingEnvironments\",\r\n      \"locations\": [\r\n        \"Brazil South\",\r\n        \"East Asia\",\r\n        \"East US\",\r\n        \"Japan East\",\r\n        \"Japan West\",\r\n        \"North Central US\",\r\n        \"North Europe\",\r\n        \"South Central US\",\r\n        \"West Europe\",\r\n        \"West US\",\r\n        \"Southeast Asia\",\r\n        \"Central US\",\r\n        \"East US 2\",\r\n        \"Australia East\",\r\n        \"Australia Southeast\",\r\n        \"East US 2 (Stage)\",\r\n        \"East Asia (Stage)\",\r\n        \"Central US (Stage)\",\r\n        \"West India\",\r\n        \"Central India\",\r\n        \"South India\"\r\n      ],\r\n      \"apiVersions\": [\r\n        \"2015-08-01\",\r\n        \"2015-07-01\",\r\n        \"2015-06-01\",\r\n        \"2015-05-01\",\r\n        \"2015-04-01\",\r\n        \"2015-02-01\",\r\n        \"2014-11-01\",\r\n        \"2014-06-01\",\r\n        \"2014-04-01\"\r\n      ]\r\n    },\r\n    {\r\n      \"resourceType\": \"hostingEnvironments/multiRolePools\",\r\n      \"locations\": [\r\n        \"Brazil South\",\r\n        \"East Asia\",\r\n        \"East US\",\r\n        \"Japan East\",\r\n        \"Japan West\",\r\n        \"North Central US\",\r\n        \"North Europe\",\r\n        \"South Central US\",\r\n        \"West Europe\",\r\n        \"West US\",\r\n        \"Southeast Asia\",\r\n        \"Central US\",\r\n        \"East US 2\",\r\n        \"Australia East\",\r\n        \"Australia Southeast\",\r\n        \"East US 2 (Stage)\",\r\n        \"East Asia (Stage)\",\r\n        \"Central US (Stage)\",\r\n        \"West India\",\r\n        \"Central India\",\r\n        \"South India\"\r\n      ],\r\n      \"apiVersions\": [\r\n        \"2015-08-01\",\r\n        \"2015-07-01\",\r\n        \"2015-06-01\",\r\n        \"2015-05-01\",\r\n        \"2015-04-01\",\r\n        \"2015-02-01\",\r\n        \"2014-11-01\",\r\n        \"2014-06-01\",\r\n        \"2014-04-01\"\r\n      ]\r\n    },\r\n    {\r\n      \"resourceType\": \"hostingEnvironments/workerPools\",\r\n      \"locations\": [\r\n        \"Brazil South\",\r\n        \"East Asia\",\r\n        \"East US\",\r\n        \"Japan East\",\r\n        \"Japan West\",\r\n        \"North Central US\",\r\n        \"North Europe\",\r\n        \"South Central US\",\r\n        \"West Europe\",\r\n        \"West US\",\r\n        \"Southeast Asia\",\r\n        \"Central US\",\r\n        \"East US 2\",\r\n        \"Australia East\",\r\n        \"Australia Southeast\",\r\n        \"East US 2 (Stage)\",\r\n        \"East Asia (Stage)\",\r\n        \"Central US (Stage)\",\r\n        \"West India\",\r\n        \"Central India\",\r\n        \"South India\"\r\n      ],\r\n      \"apiVersions\": [\r\n        \"2015-08-01\",\r\n        \"2015-07-01\",\r\n        \"2015-06-01\",\r\n        \"2015-05-01\",\r\n        \"2015-04-01\",\r\n        \"2015-02-01\",\r\n        \"2014-11-01\",\r\n        \"2014-06-01\",\r\n        \"2014-04-01\"\r\n      ]\r\n    },\r\n    {\r\n      \"resourceType\": \"hostingEnvironments/metrics\",\r\n      \"locations\": [],\r\n      \"apiVersions\": [\r\n        \"2015-08-01\",\r\n        \"2015-07-01\",\r\n        \"2015-06-01\",\r\n        \"2015-05-01\",\r\n        \"2015-04-01\",\r\n        \"2015-02-01\",\r\n        \"2014-11-01\",\r\n        \"2014-06-01\",\r\n        \"2014-04-01\"\r\n      ]\r\n    },\r\n    {\r\n      \"resourceType\": \"hostingEnvironments/metricDefinitions\",\r\n      \"locations\": [],\r\n      \"apiVersions\": [\r\n        \"2015-08-01\",\r\n        \"2015-07-01\",\r\n        \"2015-06-01\",\r\n        \"2015-05-01\",\r\n        \"2015-04-01\",\r\n        \"2015-02-01\",\r\n        \"2014-11-01\",\r\n        \"2014-06-01\",\r\n        \"2014-04-01\"\r\n      ]\r\n    },\r\n    {\r\n      \"resourceType\": \"hostingEnvironments/multiRolePools/metrics\",\r\n      \"locations\": [],\r\n      \"apiVersions\": [\r\n        \"2015-08-01\",\r\n        \"2015-07-01\",\r\n        \"2015-06-01\",\r\n        \"2015-05-01\",\r\n        \"2015-04-01\",\r\n        \"2015-02-01\",\r\n        \"2014-11-01\",\r\n        \"2014-06-01\",\r\n        \"2014-04-01\"\r\n      ]\r\n    },\r\n    {\r\n      \"resourceType\": \"hostingEnvironments/multiRolePools/metricDefinitions\",\r\n      \"locations\": [],\r\n      \"apiVersions\": [\r\n        \"2015-08-01\",\r\n        \"2015-07-01\",\r\n        \"2015-06-01\",\r\n        \"2015-05-01\",\r\n        \"2015-04-01\",\r\n        \"2015-02-01\",\r\n        \"2014-11-01\",\r\n        \"2014-06-01\",\r\n        \"2014-04-01\"\r\n      ]\r\n    },\r\n    {\r\n      \"resourceType\": \"hostingEnvironments/workerPools/metrics\",\r\n      \"locations\": [],\r\n      \"apiVersions\": [\r\n        \"2015-08-01\",\r\n        \"2015-07-01\",\r\n        \"2015-06-01\",\r\n        \"2015-05-01\",\r\n        \"2015-04-01\",\r\n        \"2015-02-01\",\r\n        \"2014-11-01\",\r\n        \"2014-06-01\",\r\n        \"2014-04-01\"\r\n      ]\r\n    },\r\n    {\r\n      \"resourceType\": \"hostingEnvironments/workerPools/metricDefinitions\",\r\n      \"locations\": [],\r\n      \"apiVersions\": [\r\n        \"2015-08-01\",\r\n        \"2015-07-01\",\r\n        \"2015-06-01\",\r\n        \"2015-05-01\",\r\n        \"2015-04-01\",\r\n        \"2015-02-01\",\r\n        \"2014-11-01\",\r\n        \"2014-06-01\",\r\n        \"2014-04-01\"\r\n      ]\r\n    },\r\n    {\r\n      \"resourceType\": \"hostingEnvironments/multiRolePools/instances\",\r\n      \"locations\": [],\r\n      \"apiVersions\": [\r\n        \"2015-08-01\",\r\n        \"2015-07-01\",\r\n        \"2015-06-01\",\r\n        \"2015-05-01\",\r\n        \"2015-04-01\",\r\n        \"2015-02-01\",\r\n        \"2014-11-01\",\r\n        \"2014-06-01\",\r\n        \"2014-04-01-preview\",\r\n        \"2014-04-01\"\r\n      ]\r\n    },\r\n    {\r\n      \"resourceType\": \"hostingEnvironments/multiRolePools/instances/metrics\",\r\n      \"locations\": [],\r\n      \"apiVersions\": [\r\n        \"2015-08-01\",\r\n        \"2015-07-01\",\r\n        \"2015-06-01\",\r\n        \"2015-05-01\",\r\n        \"2015-04-01\",\r\n        \"2015-02-01\",\r\n        \"2014-11-01\",\r\n        \"2014-06-01\",\r\n        \"2014-04-01-preview\",\r\n        \"2014-04-01\"\r\n      ]\r\n    },\r\n    {\r\n      \"resourceType\": \"hostingEnvironments/multiRolePools/instances/metricDefinitions\",\r\n      \"locations\": [],\r\n      \"apiVersions\": [\r\n        \"2015-08-01\",\r\n        \"2015-07-01\",\r\n        \"2015-06-01\",\r\n        \"2015-05-01\",\r\n        \"2015-04-01\",\r\n        \"2015-02-01\",\r\n        \"2014-11-01\",\r\n        \"2014-06-01\",\r\n        \"2014-04-01-preview\",\r\n        \"2014-04-01\"\r\n      ]\r\n    },\r\n    {\r\n      \"resourceType\": \"hostingEnvironments/workerPools/instances\",\r\n      \"locations\": [],\r\n      \"apiVersions\": [\r\n        \"2015-08-01\",\r\n        \"2015-07-01\",\r\n        \"2015-06-01\",\r\n        \"2015-05-01\",\r\n        \"2015-04-01\",\r\n        \"2015-02-01\",\r\n        \"2014-11-01\",\r\n        \"2014-06-01\",\r\n        \"2014-04-01-preview\",\r\n        \"2014-04-01\"\r\n      ]\r\n    },\r\n    {\r\n      \"resourceType\": \"hostingEnvironments/workerPools/instances/metrics\",\r\n      \"locations\": [],\r\n      \"apiVersions\": [\r\n        \"2015-08-01\",\r\n        \"2015-07-01\",\r\n        \"2015-06-01\",\r\n        \"2015-05-01\",\r\n        \"2015-04-01\",\r\n        \"2015-02-01\",\r\n        \"2014-11-01\",\r\n        \"2014-06-01\",\r\n        \"2014-04-01-preview\",\r\n        \"2014-04-01\"\r\n      ]\r\n    },\r\n    {\r\n      \"resourceType\": \"hostingEnvironments/workerPools/instances/metricDefinitions\",\r\n      \"locations\": [],\r\n      \"apiVersions\": [\r\n        \"2015-08-01\",\r\n        \"2015-07-01\",\r\n        \"2015-06-01\",\r\n        \"2015-05-01\",\r\n        \"2015-04-01\",\r\n        \"2015-02-01\",\r\n        \"2014-11-01\",\r\n        \"2014-06-01\",\r\n        \"2014-04-01-preview\",\r\n        \"2014-04-01\"\r\n      ]\r\n    },\r\n    {\r\n      \"resourceType\": \"deploymentLocations\",\r\n      \"locations\": [],\r\n      \"apiVersions\": [\r\n        \"2015-08-01\",\r\n        \"2015-07-01\",\r\n        \"2015-06-01\",\r\n        \"2015-05-01\",\r\n        \"2015-04-01\",\r\n        \"2015-02-01\",\r\n        \"2014-11-01\",\r\n        \"2014-06-01\",\r\n        \"2014-04-01-preview\",\r\n        \"2014-04-01\"\r\n      ]\r\n    },\r\n    {\r\n      \"resourceType\": \"ishostingenvironmentnameavailable\",\r\n      \"locations\": [],\r\n      \"apiVersions\": [\r\n        \"2015-08-01\",\r\n        \"2015-07-01\",\r\n        \"2015-06-01\",\r\n        \"2015-05-01\",\r\n        \"2015-04-01\",\r\n        \"2015-02-01\",\r\n        \"2014-11-01\",\r\n        \"2014-06-01\",\r\n        \"2014-04-01-preview\",\r\n        \"2014-04-01\"\r\n      ]\r\n    },\r\n    {\r\n      \"resourceType\": \"classicMobileServices\",\r\n      \"locations\": [],\r\n      \"apiVersions\": [\r\n        \"2015-08-01\",\r\n        \"2015-07-01\",\r\n        \"2015-06-01\",\r\n        \"2015-05-01\",\r\n        \"2015-04-01\",\r\n        \"2015-02-01\",\r\n        \"2014-11-01\",\r\n        \"2014-06-01\",\r\n        \"2014-04-01-preview\",\r\n        \"2014-04-01\"\r\n      ]\r\n    }\r\n  ],\r\n  \"registrationState\": \"Registered\"\r\n}",
      "ResponseHeaders": {
        "Content-Length": [
          "18225"
        ],
        "Content-Type": [
          "application/json; charset=utf-8"
        ],
        "Expires": [
          "-1"
        ],
        "Pragma": [
          "no-cache"
        ],
        "x-ms-ratelimit-remaining-subscription-reads": [
          "14953"
        ],
        "x-ms-request-id": [
          "a73d6b9f-f2ad-492f-83a6-2c7e2df5bc99"
        ],
        "x-ms-correlation-request-id": [
          "a73d6b9f-f2ad-492f-83a6-2c7e2df5bc99"
        ],
        "x-ms-routing-request-id": [
          "WESTUS:20151007T201450Z:a73d6b9f-f2ad-492f-83a6-2c7e2df5bc99"
        ],
        "Strict-Transport-Security": [
          "max-age=31536000; includeSubDomains"
        ],
        "Cache-Control": [
          "no-cache"
        ],
        "Date": [
          "Wed, 07 Oct 2015 20:14:50 GMT"
        ]
      },
      "StatusCode": 200
    },
    {
      "RequestUri": "/subscriptions/4adb32ad-8327-4cbb-b775-b84b4465bb38/resourcegroups/csmrg9926?api-version=2014-04-01-preview",
      "EncodedRequestUri": "L3N1YnNjcmlwdGlvbnMvNGFkYjMyYWQtODMyNy00Y2JiLWI3NzUtYjg0YjQ0NjViYjM4L3Jlc291cmNlZ3JvdXBzL2NzbXJnOTkyNj9hcGktdmVyc2lvbj0yMDE0LTA0LTAxLXByZXZpZXc=",
      "RequestMethod": "PUT",
      "RequestBody": "{\r\n  \"location\": \"East Asia\"\r\n}",
      "RequestHeaders": {
        "Content-Type": [
          "application/json; charset=utf-8"
        ],
        "Content-Length": [
          "31"
        ],
        "x-ms-client-request-id": [
          "2572fe8c-d9aa-41ef-ac8b-59fad7cf12dc"
        ],
        "accept-language": [
          "en-US"
        ],
        "User-Agent": [
          "Microsoft.Azure.Management.Resources.ResourceManagementClient/2.0.0.0"
        ]
      },
      "ResponseBody": "{\r\n  \"id\": \"/subscriptions/4adb32ad-8327-4cbb-b775-b84b4465bb38/resourceGroups/csmrg9926\",\r\n  \"name\": \"csmrg9926\",\r\n  \"location\": \"eastasia\",\r\n  \"properties\": {\r\n    \"provisioningState\": \"Succeeded\"\r\n  }\r\n}",
      "ResponseHeaders": {
        "Content-Length": [
          "173"
        ],
        "Content-Type": [
          "application/json; charset=utf-8"
        ],
        "Expires": [
          "-1"
        ],
        "Pragma": [
          "no-cache"
        ],
        "x-ms-ratelimit-remaining-subscription-writes": [
          "1184"
        ],
        "x-ms-request-id": [
          "2073aaed-9830-4194-a2c4-01306855187c"
        ],
        "x-ms-correlation-request-id": [
          "2073aaed-9830-4194-a2c4-01306855187c"
        ],
        "x-ms-routing-request-id": [
          "WESTUS:20151007T201452Z:2073aaed-9830-4194-a2c4-01306855187c"
        ],
        "Strict-Transport-Security": [
          "max-age=31536000; includeSubDomains"
        ],
        "Cache-Control": [
          "no-cache"
        ],
        "Date": [
          "Wed, 07 Oct 2015 20:14:52 GMT"
        ]
      },
      "StatusCode": 201
    },
    {
      "RequestUri": "/subscriptions/4adb32ad-8327-4cbb-b775-b84b4465bb38/resourceGroups/csmrg9926/providers/Microsoft.Web/serverfarms/csmwhp5892?api-version=2015-08-01",
      "EncodedRequestUri": "L3N1YnNjcmlwdGlvbnMvNGFkYjMyYWQtODMyNy00Y2JiLWI3NzUtYjg0YjQ0NjViYjM4L3Jlc291cmNlR3JvdXBzL2NzbXJnOTkyNi9wcm92aWRlcnMvTWljcm9zb2Z0LldlYi9zZXJ2ZXJmYXJtcy9jc213aHA1ODkyP2FwaS12ZXJzaW9uPTIwMTUtMDgtMDE=",
      "RequestMethod": "PUT",
      "RequestBody": "{\r\n  \"sku\": {\r\n    \"name\": \"S1\",\r\n    \"tier\": \"Standard\",\r\n    \"capacity\": 1\r\n  },\r\n  \"location\": \"East Asia\",\r\n  \"properties\": {\r\n    \"name\": \"csmwhp5892\"\r\n  }\r\n}",
      "RequestHeaders": {
        "Content-Type": [
          "application/json; charset=utf-8"
        ],
        "Content-Length": [
          "163"
        ],
        "x-ms-client-request-id": [
          "605f3907-1cfb-4c6a-90c1-e77343943597"
        ],
        "accept-language": [
          "en-US"
        ],
        "User-Agent": [
          "Microsoft.Azure.Management.WebSites.WebSiteManagementClient/0.9.0.0"
        ],
        "Accept": [
          "application/json"
        ]
      },
      "ResponseBody": "{\r\n  \"id\": \"/subscriptions/4adb32ad-8327-4cbb-b775-b84b4465bb38/resourceGroups/csmrg9926/providers/Microsoft.Web/serverfarms/csmwhp5892\",\r\n  \"name\": \"csmwhp5892\",\r\n  \"type\": \"Microsoft.Web/serverfarms\",\r\n  \"kind\": null,\r\n  \"location\": \"East Asia\",\r\n  \"tags\": null,\r\n  \"plan\": null,\r\n  \"properties\": {\r\n    \"serverFarmId\": 0,\r\n    \"name\": \"csmwhp5892\",\r\n    \"workerSize\": 0,\r\n    \"workerSizeId\": 0,\r\n    \"numberOfWorkers\": 1,\r\n    \"currentWorkerSize\": 0,\r\n    \"currentWorkerSizeId\": 0,\r\n    \"currentNumberOfWorkers\": 1,\r\n    \"status\": 0,\r\n    \"webSpace\": \"csmrg9926-EastAsiawebspace\",\r\n    \"subscription\": \"4adb32ad-8327-4cbb-b775-b84b4465bb38\",\r\n    \"adminSiteName\": null,\r\n    \"hostingEnvironment\": null,\r\n    \"hostingEnvironmentProfile\": null,\r\n    \"maximumNumberOfWorkers\": 10,\r\n    \"planName\": \"VirtualDedicatedPlan\",\r\n    \"adminRuntimeSiteName\": null,\r\n    \"computeMode\": 0,\r\n    \"siteMode\": null,\r\n    \"geoRegion\": \"East Asia\",\r\n    \"perSiteScaling\": false,\r\n    \"numberOfSites\": 0,\r\n    \"hostingEnvironmentId\": null,\r\n    \"tags\": null,\r\n    \"resourceGroup\": \"csmrg9926\"\r\n  },\r\n  \"sku\": {\r\n    \"name\": \"S1\",\r\n    \"tier\": \"Standard\",\r\n    \"size\": \"S1\",\r\n    \"family\": \"S\",\r\n    \"capacity\": 1\r\n  }\r\n}",
      "ResponseHeaders": {
        "Content-Length": [
          "939"
        ],
        "Content-Type": [
          "application/json"
        ],
        "Expires": [
          "-1"
        ],
        "Pragma": [
          "no-cache"
        ],
        "Strict-Transport-Security": [
          "max-age=31536000; includeSubDomains"
        ],
        "x-ms-request-id": [
          "71ace29b-101d-42b0-91a1-2dd6e097b06d"
        ],
        "x-ms-ratelimit-remaining-subscription-writes": [
          "1181"
        ],
        "x-ms-correlation-request-id": [
          "17ee4cbe-441e-4758-9e80-b7f13a2a2dda"
        ],
        "x-ms-routing-request-id": [
          "WESTUS:20151007T201502Z:17ee4cbe-441e-4758-9e80-b7f13a2a2dda"
        ],
        "Cache-Control": [
          "no-cache"
        ],
        "Date": [
          "Wed, 07 Oct 2015 20:15:02 GMT"
        ],
        "Server": [
          "Microsoft-IIS/8.0"
        ],
        "X-AspNet-Version": [
          "4.0.30319"
        ],
        "X-Powered-By": [
          "ASP.NET"
        ]
      },
      "StatusCode": 200
    },
    {
      "RequestUri": "/subscriptions/4adb32ad-8327-4cbb-b775-b84b4465bb38/resourceGroups/csmrg9926/providers/Microsoft.Web/sites/csmws6195?api-version=2015-08-01",
      "EncodedRequestUri": "L3N1YnNjcmlwdGlvbnMvNGFkYjMyYWQtODMyNy00Y2JiLWI3NzUtYjg0YjQ0NjViYjM4L3Jlc291cmNlR3JvdXBzL2NzbXJnOTkyNi9wcm92aWRlcnMvTWljcm9zb2Z0LldlYi9zaXRlcy9jc213czYxOTU/YXBpLXZlcnNpb249MjAxNS0wOC0wMQ==",
      "RequestMethod": "PUT",
      "RequestBody": "{\r\n  \"location\": \"East Asia\",\r\n  \"properties\": {\r\n    \"name\": \"csmws6195\",\r\n    \"serverFarmId\": \"/subscriptions/4adb32ad-8327-4cbb-b775-b84b4465bb38/resourcegroups/csmrg9926/providers/Microsoft.Web/serverfarms/csmwhp5892\"\r\n  }\r\n}",
      "RequestHeaders": {
        "Content-Type": [
          "application/json; charset=utf-8"
        ],
        "Content-Length": [
          "229"
        ],
        "x-ms-client-request-id": [
          "374ae1c3-26bf-43e5-8e80-2a29f4a91939"
        ],
        "accept-language": [
          "en-US"
        ],
        "User-Agent": [
          "Microsoft.Azure.Management.WebSites.WebSiteManagementClient/0.9.0.0"
        ],
        "Accept": [
          "application/json"
        ]
      },
      "ResponseBody": "{\r\n  \"id\": \"/subscriptions/4adb32ad-8327-4cbb-b775-b84b4465bb38/resourceGroups/csmrg9926/providers/Microsoft.Web/sites/csmws6195\",\r\n  \"name\": \"csmws6195\",\r\n  \"type\": \"Microsoft.Web/sites\",\r\n  \"kind\": null,\r\n  \"location\": \"East Asia\",\r\n  \"tags\": null,\r\n  \"plan\": null,\r\n  \"properties\": {\r\n    \"name\": \"csmws6195\",\r\n    \"state\": \"Running\",\r\n    \"hostNames\": [\r\n      \"csmws6195.azurewebsites.net\"\r\n    ],\r\n    \"webSpace\": \"csmrg9926-EastAsiawebspace\",\r\n    \"selfLink\": \"https://waws-prod-hk1-009.api.azurewebsites.windows.net:454/subscriptions/4adb32ad-8327-4cbb-b775-b84b4465bb38/webspaces/csmrg9926-EastAsiawebspace/sites/csmws6195\",\r\n    \"repositorySiteName\": \"csmws6195\",\r\n    \"owner\": null,\r\n    \"usageState\": 0,\r\n    \"enabled\": true,\r\n    \"adminEnabled\": true,\r\n    \"enabledHostNames\": [\r\n      \"csmws6195.azurewebsites.net\",\r\n      \"csmws6195.scm.azurewebsites.net\"\r\n    ],\r\n    \"siteProperties\": {\r\n      \"metadata\": null,\r\n      \"properties\": [],\r\n      \"appSettings\": null\r\n    },\r\n    \"availabilityState\": 0,\r\n    \"sslCertificates\": null,\r\n    \"csrs\": [],\r\n    \"cers\": null,\r\n    \"siteMode\": null,\r\n    \"hostNameSslStates\": [\r\n      {\r\n        \"name\": \"csmws6195.azurewebsites.net\",\r\n        \"sslState\": 0,\r\n        \"ipBasedSslResult\": null,\r\n        \"virtualIP\": null,\r\n        \"thumbprint\": null,\r\n        \"toUpdate\": null,\r\n        \"toUpdateIpBasedSsl\": null,\r\n        \"ipBasedSslState\": 0,\r\n        \"hostType\": 0\r\n      },\r\n      {\r\n        \"name\": \"csmws6195.scm.azurewebsites.net\",\r\n        \"sslState\": 0,\r\n        \"ipBasedSslResult\": null,\r\n        \"virtualIP\": null,\r\n        \"thumbprint\": null,\r\n        \"toUpdate\": null,\r\n        \"toUpdateIpBasedSsl\": null,\r\n        \"ipBasedSslState\": 0,\r\n        \"hostType\": 1\r\n      }\r\n    ],\r\n    \"computeMode\": null,\r\n    \"serverFarm\": null,\r\n    \"serverFarmId\": \"/subscriptions/4adb32ad-8327-4cbb-b775-b84b4465bb38/resourceGroups/csmrg9926/providers/Microsoft.Web/serverfarms/csmwhp5892\",\r\n    \"lastModifiedTimeUtc\": \"2015-10-07T20:15:05.747\",\r\n    \"storageRecoveryDefaultState\": \"Running\",\r\n    \"contentAvailabilityState\": 0,\r\n    \"runtimeAvailabilityState\": 0,\r\n    \"siteConfig\": null,\r\n    \"deploymentId\": \"csmws6195\",\r\n    \"trafficManagerHostNames\": null,\r\n    \"sku\": \"Standard\",\r\n    \"premiumAppDeployed\": null,\r\n    \"scmSiteAlsoStopped\": false,\r\n    \"targetSwapSlot\": null,\r\n    \"hostingEnvironment\": null,\r\n    \"hostingEnvironmentProfile\": null,\r\n    \"microService\": \"WebSites\",\r\n    \"gatewaySiteName\": null,\r\n    \"clientAffinityEnabled\": true,\r\n    \"clientCertEnabled\": false,\r\n    \"domainVerificationIdentifiers\": null,\r\n    \"kind\": null,\r\n    \"outboundIpAddresses\": \"23.99.115.89,23.99.116.84,23.99.116.67,23.99.114.174\",\r\n    \"cloningInfo\": null,\r\n    \"hostingEnvironmentId\": null\r\n  }\r\n}",
      "ResponseHeaders": {
        "Content-Length": [
          "2105"
        ],
        "Content-Type": [
          "application/json"
        ],
        "Expires": [
          "-1"
        ],
        "Pragma": [
          "no-cache"
        ],
        "Strict-Transport-Security": [
          "max-age=31536000; includeSubDomains"
        ],
        "x-ms-request-id": [
          "ba4e85c4-09ba-4a2b-b8a9-7836661f4951"
        ],
        "x-ms-ratelimit-remaining-subscription-writes": [
          "1181"
        ],
        "x-ms-correlation-request-id": [
          "72cd85d0-b888-4bd7-82e7-9fa4760a82be"
        ],
        "x-ms-routing-request-id": [
          "WESTUS:20151007T201510Z:72cd85d0-b888-4bd7-82e7-9fa4760a82be"
        ],
        "Cache-Control": [
          "no-cache"
        ],
        "Date": [
          "Wed, 07 Oct 2015 20:15:10 GMT"
        ],
        "Server": [
          "Microsoft-IIS/8.0"
        ],
        "X-AspNet-Version": [
          "4.0.30319"
        ],
        "X-Powered-By": [
          "ASP.NET"
        ]
      },
      "StatusCode": 200
    },
    {
      "RequestUri": "/subscriptions/4adb32ad-8327-4cbb-b775-b84b4465bb38/resourceGroups/csmrg9926/providers/Microsoft.Web/sites/csmws6195/slots/staging?api-version=2015-08-01",
      "EncodedRequestUri": "L3N1YnNjcmlwdGlvbnMvNGFkYjMyYWQtODMyNy00Y2JiLWI3NzUtYjg0YjQ0NjViYjM4L3Jlc291cmNlR3JvdXBzL2NzbXJnOTkyNi9wcm92aWRlcnMvTWljcm9zb2Z0LldlYi9zaXRlcy9jc213czYxOTUvc2xvdHMvc3RhZ2luZz9hcGktdmVyc2lvbj0yMDE1LTA4LTAx",
      "RequestMethod": "PUT",
      "RequestBody": "{\r\n  \"location\": \"East Asia\",\r\n  \"properties\": {\r\n    \"serverFarmId\": \"/subscriptions/4adb32ad-8327-4cbb-b775-b84b4465bb38/resourcegroups/csmrg9926/providers/Microsoft.Web/serverfarms/csmwhp5892\"\r\n  }\r\n}",
      "RequestHeaders": {
        "Content-Type": [
          "application/json; charset=utf-8"
        ],
        "Content-Length": [
          "203"
        ],
        "x-ms-client-request-id": [
          "5de6c603-f740-4086-a6d1-388037c6bcb6"
        ],
        "accept-language": [
          "en-US"
        ],
        "User-Agent": [
          "Microsoft.Azure.Management.WebSites.WebSiteManagementClient/0.9.0.0"
        ],
        "Accept": [
          "application/json"
        ]
      },
      "ResponseBody": "{\r\n  \"id\": \"/subscriptions/4adb32ad-8327-4cbb-b775-b84b4465bb38/resourceGroups/csmrg9926/providers/Microsoft.Web/sites/csmws6195/slots/staging\",\r\n  \"name\": \"csmws6195/staging\",\r\n  \"type\": \"Microsoft.Web/sites/slots\",\r\n  \"kind\": null,\r\n  \"location\": \"East Asia\",\r\n  \"tags\": null,\r\n  \"plan\": null,\r\n  \"properties\": {\r\n    \"name\": \"csmws6195(staging)\",\r\n    \"state\": \"Running\",\r\n    \"hostNames\": [\r\n      \"csmws6195-staging.azurewebsites.net\"\r\n    ],\r\n    \"webSpace\": \"csmrg9926-EastAsiawebspace\",\r\n    \"selfLink\": \"https://waws-prod-hk1-009.api.azurewebsites.windows.net:454/subscriptions/4adb32ad-8327-4cbb-b775-b84b4465bb38/webspaces/csmrg9926-EastAsiawebspace/sites/csmws6195\",\r\n    \"repositorySiteName\": \"csmws6195\",\r\n    \"owner\": null,\r\n    \"usageState\": 0,\r\n    \"enabled\": true,\r\n    \"adminEnabled\": true,\r\n    \"enabledHostNames\": [\r\n      \"csmws6195-staging.azurewebsites.net\",\r\n      \"csmws6195-staging.scm.azurewebsites.net\"\r\n    ],\r\n    \"siteProperties\": {\r\n      \"metadata\": null,\r\n      \"properties\": [],\r\n      \"appSettings\": null\r\n    },\r\n    \"availabilityState\": 0,\r\n    \"sslCertificates\": null,\r\n    \"csrs\": [],\r\n    \"cers\": null,\r\n    \"siteMode\": null,\r\n    \"hostNameSslStates\": [\r\n      {\r\n        \"name\": \"csmws6195-staging.azurewebsites.net\",\r\n        \"sslState\": 0,\r\n        \"ipBasedSslResult\": null,\r\n        \"virtualIP\": null,\r\n        \"thumbprint\": null,\r\n        \"toUpdate\": null,\r\n        \"toUpdateIpBasedSsl\": null,\r\n        \"ipBasedSslState\": 0,\r\n        \"hostType\": 0\r\n      },\r\n      {\r\n        \"name\": \"csmws6195-staging.scm.azurewebsites.net\",\r\n        \"sslState\": 0,\r\n        \"ipBasedSslResult\": null,\r\n        \"virtualIP\": null,\r\n        \"thumbprint\": null,\r\n        \"toUpdate\": null,\r\n        \"toUpdateIpBasedSsl\": null,\r\n        \"ipBasedSslState\": 0,\r\n        \"hostType\": 1\r\n      }\r\n    ],\r\n    \"computeMode\": null,\r\n    \"serverFarm\": null,\r\n    \"serverFarmId\": \"/subscriptions/4adb32ad-8327-4cbb-b775-b84b4465bb38/resourceGroups/csmrg9926/providers/Microsoft.Web/serverfarms/csmwhp5892\",\r\n    \"lastModifiedTimeUtc\": \"2015-10-07T20:15:14.79\",\r\n    \"storageRecoveryDefaultState\": \"Running\",\r\n    \"contentAvailabilityState\": 0,\r\n    \"runtimeAvailabilityState\": 0,\r\n    \"siteConfig\": null,\r\n    \"deploymentId\": \"csmws6195__09de\",\r\n    \"trafficManagerHostNames\": null,\r\n    \"sku\": \"Standard\",\r\n    \"premiumAppDeployed\": null,\r\n    \"scmSiteAlsoStopped\": false,\r\n    \"targetSwapSlot\": null,\r\n    \"hostingEnvironment\": null,\r\n    \"hostingEnvironmentProfile\": null,\r\n    \"microService\": \"WebSites\",\r\n    \"gatewaySiteName\": null,\r\n    \"clientAffinityEnabled\": true,\r\n    \"clientCertEnabled\": false,\r\n    \"domainVerificationIdentifiers\": null,\r\n    \"kind\": null,\r\n    \"outboundIpAddresses\": \"23.99.115.89,23.99.116.84,23.99.116.67,23.99.114.174\",\r\n    \"cloningInfo\": null,\r\n    \"hostingEnvironmentId\": null\r\n  }\r\n}",
      "ResponseHeaders": {
        "Content-Length": [
          "2187"
        ],
        "Content-Type": [
          "application/json"
        ],
        "Expires": [
          "-1"
        ],
        "Pragma": [
          "no-cache"
        ],
        "Strict-Transport-Security": [
          "max-age=31536000; includeSubDomains"
        ],
        "x-ms-request-id": [
          "cbd64b81-e53d-4003-bc56-542c6f93fe9e"
        ],
        "x-ms-ratelimit-remaining-subscription-writes": [
          "1180"
        ],
        "x-ms-correlation-request-id": [
          "5c58ae1c-31c8-4a5e-8eca-728a935dfd1f"
        ],
        "x-ms-routing-request-id": [
          "WESTUS:20151007T201518Z:5c58ae1c-31c8-4a5e-8eca-728a935dfd1f"
        ],
        "Cache-Control": [
          "no-cache"
        ],
        "Date": [
          "Wed, 07 Oct 2015 20:15:18 GMT"
        ],
        "ETag": [
          "\"1D1013CDB3C1B30\""
        ],
        "Server": [
          "Microsoft-IIS/8.0"
        ],
        "X-AspNet-Version": [
          "4.0.30319"
        ],
        "X-Powered-By": [
          "ASP.NET"
        ]
      },
      "StatusCode": 200
    },
    {
      "RequestUri": "/subscriptions/4adb32ad-8327-4cbb-b775-b84b4465bb38/resourceGroups/csmrg9926/providers/Microsoft.Web/sites/csmws6195/slots/staging?deleteAllSlots=True&api-version=2015-08-01",
      "EncodedRequestUri": "L3N1YnNjcmlwdGlvbnMvNGFkYjMyYWQtODMyNy00Y2JiLWI3NzUtYjg0YjQ0NjViYjM4L3Jlc291cmNlR3JvdXBzL2NzbXJnOTkyNi9wcm92aWRlcnMvTWljcm9zb2Z0LldlYi9zaXRlcy9jc213czYxOTUvc2xvdHMvc3RhZ2luZz9kZWxldGVBbGxTbG90cz1UcnVlJmFwaS12ZXJzaW9uPTIwMTUtMDgtMDE=",
      "RequestMethod": "DELETE",
      "RequestBody": "",
      "RequestHeaders": {
        "x-ms-client-request-id": [
          "1ccb10b5-477e-4ef6-a3d4-568d473c137a"
        ],
        "accept-language": [
          "en-US"
        ],
        "User-Agent": [
          "Microsoft.Azure.Management.WebSites.WebSiteManagementClient/0.9.0.0"
        ],
        "Accept": [
          "application/json"
        ]
      },
      "ResponseBody": "",
      "ResponseHeaders": {
        "Content-Length": [
          "0"
        ],
        "Expires": [
          "-1"
        ],
        "Pragma": [
          "no-cache"
        ],
        "Strict-Transport-Security": [
          "max-age=31536000; includeSubDomains"
        ],
        "x-ms-request-id": [
          "dc6b9456-66a3-4216-877e-88423474478f"
        ],
        "x-ms-ratelimit-remaining-subscription-writes": [
          "1179"
        ],
        "x-ms-correlation-request-id": [
          "afb16644-b2cd-4e2d-abc0-c8c003af8f7c"
        ],
        "x-ms-routing-request-id": [
          "WESTUS:20151007T201521Z:afb16644-b2cd-4e2d-abc0-c8c003af8f7c"
        ],
        "Cache-Control": [
          "no-cache"
        ],
        "Date": [
          "Wed, 07 Oct 2015 20:15:20 GMT"
        ],
        "ETag": [
          "\"1D1013CE0FC9450\""
        ],
        "Server": [
          "Microsoft-IIS/8.0"
        ],
        "X-AspNet-Version": [
          "4.0.30319"
        ],
        "X-Powered-By": [
          "ASP.NET"
        ]
      },
      "StatusCode": 200
    },
    {
      "RequestUri": "/subscriptions/4adb32ad-8327-4cbb-b775-b84b4465bb38/resourceGroups/csmrg9926/providers/Microsoft.Web/sites/csmws6195/slots?api-version=2015-08-01",
      "EncodedRequestUri": "L3N1YnNjcmlwdGlvbnMvNGFkYjMyYWQtODMyNy00Y2JiLWI3NzUtYjg0YjQ0NjViYjM4L3Jlc291cmNlR3JvdXBzL2NzbXJnOTkyNi9wcm92aWRlcnMvTWljcm9zb2Z0LldlYi9zaXRlcy9jc213czYxOTUvc2xvdHM/YXBpLXZlcnNpb249MjAxNS0wOC0wMQ==",
      "RequestMethod": "GET",
      "RequestBody": "",
      "RequestHeaders": {
        "x-ms-client-request-id": [
          "95dae776-17a5-4978-a7b3-483bdc0a647f"
        ],
        "accept-language": [
          "en-US"
        ],
        "User-Agent": [
          "Microsoft.Azure.Management.WebSites.WebSiteManagementClient/0.9.0.0"
        ],
        "Accept": [
          "application/json"
        ]
      },
      "ResponseBody": "{\r\n  \"value\": [],\r\n  \"nextLink\": null\r\n}",
      "ResponseHeaders": {
        "Content-Length": [
          "28"
        ],
        "Content-Type": [
          "application/json"
        ],
        "Expires": [
          "-1"
        ],
        "Pragma": [
          "no-cache"
        ],
        "Strict-Transport-Security": [
          "max-age=31536000; includeSubDomains"
        ],
        "x-ms-request-id": [
          "23741a0b-c912-4def-add8-b189c3dcb878"
        ],
        "x-ms-ratelimit-remaining-subscription-reads": [
          "14983"
        ],
        "x-ms-correlation-request-id": [
          "bea62269-4823-4715-9131-0c7db21f3103"
        ],
        "x-ms-routing-request-id": [
          "WESTUS:20151007T201521Z:bea62269-4823-4715-9131-0c7db21f3103"
        ],
        "Cache-Control": [
          "no-cache"
        ],
        "Date": [
          "Wed, 07 Oct 2015 20:15:21 GMT"
        ],
        "Server": [
          "Microsoft-IIS/8.0"
        ],
        "X-AspNet-Version": [
          "4.0.30319"
        ],
        "X-Powered-By": [
          "ASP.NET"
        ]
      },
      "StatusCode": 200
    }
  ],
  "Names": {
    "CreateAndDeleteWebSiteSlot": [
      "csmws6195",
      "csmrg9926",
      "csmwhp5892"
    ]
  },
  "Variables": {
    "SubscriptionId": "4adb32ad-8327-4cbb-b775-b84b4465bb38"
  }
}