{
  "Entries": [
    {
      "RequestUri": "/subscriptions/ce4a7590-4722-4bcf-a2c6-e473e9f11778/resourcegroups/res8808?api-version=2015-11-01",
      "EncodedRequestUri": "L3N1YnNjcmlwdGlvbnMvY2U0YTc1OTAtNDcyMi00YmNmLWEyYzYtZTQ3M2U5ZjExNzc4L3Jlc291cmNlZ3JvdXBzL3Jlczg4MDg/YXBpLXZlcnNpb249MjAxNS0xMS0wMQ==",
      "RequestMethod": "PUT",
      "RequestBody": "{\r\n  \"location\": \"eastus2\"\r\n}",
      "RequestHeaders": {
        "Content-Type": [
          "application/json; charset=utf-8"
        ],
        "Content-Length": [
          "29"
        ],
        "x-ms-client-request-id": [
          "b0c61720-e56d-4a35-8c79-f191647e980b"
        ],
        "accept-language": [
          "en-US"
        ],
        "User-Agent": [
          "FxVersion/4.6.25009.03",
          "Microsoft.Azure.Management.Resources.ResourceManagementClient/1.0.0.0"
        ]
      },
      "ResponseBody": "{\r\n  \"id\": \"/subscriptions/ce4a7590-4722-4bcf-a2c6-e473e9f11778/resourceGroups/res8808\",\r\n  \"name\": \"res8808\",\r\n  \"location\": \"eastus2\",\r\n  \"properties\": {\r\n    \"provisioningState\": \"Succeeded\"\r\n  }\r\n}",
      "ResponseHeaders": {
        "Content-Length": [
          "168"
        ],
        "Content-Type": [
          "application/json; charset=utf-8"
        ],
        "Expires": [
          "-1"
        ],
        "Cache-Control": [
          "no-cache"
        ],
        "Date": [
          "Mon, 05 Jun 2017 17:14:34 GMT"
        ],
        "Pragma": [
          "no-cache"
        ],
        "x-ms-ratelimit-remaining-subscription-writes": [
          "1199"
        ],
        "x-ms-request-id": [
          "dd8fbba8-8b22-4af1-991c-e9b0137edd4a"
        ],
        "x-ms-correlation-request-id": [
          "dd8fbba8-8b22-4af1-991c-e9b0137edd4a"
        ],
        "x-ms-routing-request-id": [
          "JAPANEAST:20170605T171434Z:dd8fbba8-8b22-4af1-991c-e9b0137edd4a"
        ],
        "Strict-Transport-Security": [
          "max-age=31536000; includeSubDomains"
        ]
      },
      "StatusCode": 201
    },
    {
      "RequestUri": "/subscriptions/ce4a7590-4722-4bcf-a2c6-e473e9f11778/providers/Microsoft.Storage/checkNameAvailability?api-version=2017-06-01",
      "EncodedRequestUri": "L3N1YnNjcmlwdGlvbnMvY2U0YTc1OTAtNDcyMi00YmNmLWEyYzYtZTQ3M2U5ZjExNzc4L3Byb3ZpZGVycy9NaWNyb3NvZnQuU3RvcmFnZS9jaGVja05hbWVBdmFpbGFiaWxpdHk/YXBpLXZlcnNpb249MjAxNy0wNi0wMQ==",
      "RequestMethod": "POST",
      "RequestBody": "{\r\n  \"name\": \"sto469\",\r\n  \"type\": \"Microsoft.Storage/storageAccounts\"\r\n}",
      "RequestHeaders": {
        "Content-Type": [
          "application/json; charset=utf-8"
        ],
        "Content-Length": [
          "72"
        ],
        "x-ms-client-request-id": [
          "f75e8e5f-608b-44d7-839b-8a2f017adba6"
        ],
        "accept-language": [
          "en-US"
        ],
        "User-Agent": [
          "FxVersion/4.6.25009.03",
          "Microsoft.Azure.Management.Storage.StorageManagementClient/6.5.0.0"
        ]
      },
      "ResponseBody": "{\r\n  \"nameAvailable\": true\r\n}",
      "ResponseHeaders": {
        "Content-Type": [
          "application/json"
        ],
        "Expires": [
          "-1"
        ],
        "Cache-Control": [
          "no-cache"
        ],
        "Date": [
          "Mon, 05 Jun 2017 17:14:35 GMT"
        ],
        "Pragma": [
          "no-cache"
        ],
        "Transfer-Encoding": [
          "chunked"
        ],
        "Server": [
          "Microsoft-Azure-Storage-Resource-Provider/1.0",
          "Microsoft-HTTPAPI/2.0"
        ],
        "Vary": [
          "Accept-Encoding"
        ],
        "x-ms-request-id": [
          "350fd0a0-d892-42d2-aa81-f11aa2401660"
        ],
        "x-ms-ratelimit-remaining-subscription-reads": [
          "14999"
        ],
        "x-ms-correlation-request-id": [
          "350fd0a0-d892-42d2-aa81-f11aa2401660"
        ],
        "x-ms-routing-request-id": [
          "JAPANEAST:20170605T171435Z:350fd0a0-d892-42d2-aa81-f11aa2401660"
        ],
        "Strict-Transport-Security": [
          "max-age=31536000; includeSubDomains"
        ]
      },
      "StatusCode": 200
    },
    {
      "RequestUri": "/subscriptions/ce4a7590-4722-4bcf-a2c6-e473e9f11778/providers/Microsoft.Storage/checkNameAvailability?api-version=2017-06-01",
      "EncodedRequestUri": "L3N1YnNjcmlwdGlvbnMvY2U0YTc1OTAtNDcyMi00YmNmLWEyYzYtZTQ3M2U5ZjExNzc4L3Byb3ZpZGVycy9NaWNyb3NvZnQuU3RvcmFnZS9jaGVja05hbWVBdmFpbGFiaWxpdHk/YXBpLXZlcnNpb249MjAxNy0wNi0wMQ==",
      "RequestMethod": "POST",
      "RequestBody": "{\r\n  \"name\": \"CAPS\",\r\n  \"type\": \"Microsoft.Storage/storageAccounts\"\r\n}",
      "RequestHeaders": {
        "Content-Type": [
          "application/json; charset=utf-8"
        ],
        "Content-Length": [
          "70"
        ],
        "x-ms-client-request-id": [
          "e062d75d-9d8a-4ba4-a1ca-517bc6147b5a"
        ],
        "accept-language": [
          "en-US"
        ],
        "User-Agent": [
          "FxVersion/4.6.25009.03",
          "Microsoft.Azure.Management.Storage.StorageManagementClient/6.5.0.0"
        ]
      },
      "ResponseBody": "{\r\n  \"nameAvailable\": false,\r\n  \"reason\": \"AccountNameInvalid\",\r\n  \"message\": \"CAPS is not a valid storage account name. Storage account name must be between 3 and 24 characters in length and use numbers and lower-case letters only.\"\r\n}",
      "ResponseHeaders": {
        "Content-Type": [
          "application/json"
        ],
        "Expires": [
          "-1"
        ],
        "Cache-Control": [
          "no-cache"
        ],
        "Date": [
          "Mon, 05 Jun 2017 17:14:35 GMT"
        ],
        "Pragma": [
          "no-cache"
        ],
        "Transfer-Encoding": [
          "chunked"
        ],
        "Server": [
          "Microsoft-Azure-Storage-Resource-Provider/1.0",
          "Microsoft-HTTPAPI/2.0"
        ],
        "Vary": [
          "Accept-Encoding"
        ],
        "x-ms-request-id": [
          "bba9d5e9-c48a-4a62-bba4-229001e4dcf9"
        ],
        "x-ms-ratelimit-remaining-subscription-reads": [
          "14998"
        ],
        "x-ms-correlation-request-id": [
          "bba9d5e9-c48a-4a62-bba4-229001e4dcf9"
        ],
        "x-ms-routing-request-id": [
          "JAPANEAST:20170605T171435Z:bba9d5e9-c48a-4a62-bba4-229001e4dcf9"
        ],
        "Strict-Transport-Security": [
          "max-age=31536000; includeSubDomains"
        ]
      },
      "StatusCode": 200
    },
    {
      "RequestUri": "/subscriptions/ce4a7590-4722-4bcf-a2c6-e473e9f11778/providers/Microsoft.Storage/checkNameAvailability?api-version=2017-06-01",
      "EncodedRequestUri": "L3N1YnNjcmlwdGlvbnMvY2U0YTc1OTAtNDcyMi00YmNmLWEyYzYtZTQ3M2U5ZjExNzc4L3Byb3ZpZGVycy9NaWNyb3NvZnQuU3RvcmFnZS9jaGVja05hbWVBdmFpbGFiaWxpdHk/YXBpLXZlcnNpb249MjAxNy0wNi0wMQ==",
      "RequestMethod": "POST",
      "RequestBody": "{\r\n  \"name\": \"sto4028\",\r\n  \"type\": \"Microsoft.Storage/storageAccounts\"\r\n}",
      "RequestHeaders": {
        "Content-Type": [
          "application/json; charset=utf-8"
        ],
        "Content-Length": [
          "73"
        ],
        "x-ms-client-request-id": [
          "3d73bcfd-817f-4d04-afa5-66dd90121f7b"
        ],
        "accept-language": [
          "en-US"
        ],
        "User-Agent": [
          "FxVersion/4.6.25009.03",
          "Microsoft.Azure.Management.Storage.StorageManagementClient/6.5.0.0"
        ]
      },
      "ResponseBody": "{\r\n  \"message\": \"The storage account named sto4028 is already taken.\",\r\n  \"nameAvailable\": false,\r\n  \"reason\": \"AlreadyExists\"\r\n}",
      "ResponseHeaders": {
        "Content-Type": [
          "application/json"
        ],
        "Expires": [
          "-1"
        ],
        "Cache-Control": [
          "no-cache"
        ],
        "Date": [
          "Mon, 05 Jun 2017 17:15:10 GMT"
        ],
        "Pragma": [
          "no-cache"
        ],
        "Transfer-Encoding": [
          "chunked"
        ],
        "Server": [
          "Microsoft-Azure-Storage-Resource-Provider/1.0",
          "Microsoft-HTTPAPI/2.0"
        ],
        "Vary": [
          "Accept-Encoding"
        ],
        "x-ms-request-id": [
          "171f9bdd-6866-4e39-a4eb-d4b6700cdb05"
        ],
        "x-ms-ratelimit-remaining-subscription-reads": [
          "14996"
        ],
        "x-ms-correlation-request-id": [
          "171f9bdd-6866-4e39-a4eb-d4b6700cdb05"
        ],
        "x-ms-routing-request-id": [
          "JAPANEAST:20170605T171510Z:171f9bdd-6866-4e39-a4eb-d4b6700cdb05"
        ],
        "Strict-Transport-Security": [
          "max-age=31536000; includeSubDomains"
        ]
      },
      "StatusCode": 200
    },
    {
      "RequestUri": "/subscriptions/ce4a7590-4722-4bcf-a2c6-e473e9f11778/resourceGroups/res8808/providers/Microsoft.Storage/storageAccounts/sto4028?api-version=2017-06-01",
      "EncodedRequestUri": "L3N1YnNjcmlwdGlvbnMvY2U0YTc1OTAtNDcyMi00YmNmLWEyYzYtZTQ3M2U5ZjExNzc4L3Jlc291cmNlR3JvdXBzL3Jlczg4MDgvcHJvdmlkZXJzL01pY3Jvc29mdC5TdG9yYWdlL3N0b3JhZ2VBY2NvdW50cy9zdG80MDI4P2FwaS12ZXJzaW9uPTIwMTctMDYtMDE=",
      "RequestMethod": "PUT",
      "RequestBody": "{\r\n  \"sku\": {\r\n    \"name\": \"Standard_GRS\"\r\n  },\r\n  \"kind\": \"Storage\",\r\n  \"location\": \"eastus2(stage)\",\r\n  \"tags\": {\r\n    \"key1\": \"value1\",\r\n    \"key2\": \"value2\"\r\n  }\r\n}",
      "RequestHeaders": {
        "Content-Type": [
          "application/json; charset=utf-8"
        ],
        "Content-Length": [
          "168"
        ],
        "x-ms-client-request-id": [
          "062aea6d-80e4-4dc3-b7e2-2205e5570367"
        ],
        "accept-language": [
          "en-US"
        ],
        "User-Agent": [
          "FxVersion/4.6.25009.03",
          "Microsoft.Azure.Management.Storage.StorageManagementClient/6.5.0.0"
        ]
      },
      "ResponseBody": "",
      "ResponseHeaders": {
        "Content-Length": [
          "0"
        ],
        "Expires": [
          "-1"
        ],
        "Cache-Control": [
          "no-cache"
        ],
        "Date": [
          "Mon, 05 Jun 2017 17:14:39 GMT"
        ],
        "Pragma": [
          "no-cache"
        ],
        "Location": [
          "https://management.azure.com/subscriptions/ce4a7590-4722-4bcf-a2c6-e473e9f11778/providers/Microsoft.Storage/operations/bbce79bd-5dfc-4c5d-b6f3-726c39deddde?monitor=true&api-version=2017-06-01"
        ],
        "Retry-After": [
          "17"
        ],
        "Server": [
          "Microsoft-Azure-Storage-Resource-Provider/1.0",
          "Microsoft-HTTPAPI/2.0"
        ],
        "x-ms-ratelimit-remaining-subscription-writes": [
          "1198"
        ],
        "x-ms-request-id": [
          "1fbe5d42-8b91-4ac1-9a53-51bacaead652"
        ],
        "x-ms-correlation-request-id": [
          "1fbe5d42-8b91-4ac1-9a53-51bacaead652"
        ],
        "x-ms-routing-request-id": [
          "JAPANEAST:20170605T171439Z:1fbe5d42-8b91-4ac1-9a53-51bacaead652"
        ],
        "Strict-Transport-Security": [
          "max-age=31536000; includeSubDomains"
        ]
      },
      "StatusCode": 202
    },
    {
      "RequestUri": "/subscriptions/ce4a7590-4722-4bcf-a2c6-e473e9f11778/providers/Microsoft.Storage/operations/bbce79bd-5dfc-4c5d-b6f3-726c39deddde?monitor=true&api-version=2017-06-01",
      "EncodedRequestUri": "L3N1YnNjcmlwdGlvbnMvY2U0YTc1OTAtNDcyMi00YmNmLWEyYzYtZTQ3M2U5ZjExNzc4L3Byb3ZpZGVycy9NaWNyb3NvZnQuU3RvcmFnZS9vcGVyYXRpb25zL2JiY2U3OWJkLTVkZmMtNGM1ZC1iNmYzLTcyNmMzOWRlZGRkZT9tb25pdG9yPXRydWUmYXBpLXZlcnNpb249MjAxNy0wNi0wMQ==",
      "RequestMethod": "GET",
      "RequestBody": "",
      "RequestHeaders": {
        "User-Agent": [
          "FxVersion/4.6.25009.03",
          "Microsoft.Azure.Management.Storage.StorageManagementClient/6.5.0.0"
        ]
      },
      "ResponseBody": "{\r\n  \"id\": \"/subscriptions/ce4a7590-4722-4bcf-a2c6-e473e9f11778/resourceGroups/res8808/providers/Microsoft.Storage/storageAccounts/sto4028\",\r\n  \"kind\": \"Storage\",\r\n  \"location\": \"eastus2(stage)\",\r\n  \"name\": \"sto4028\",\r\n  \"properties\": {\r\n    \"creationTime\": \"2017-06-05T17:14:38.3828328Z\",\r\n    \"primaryEndpoints\": {\r\n      \"blob\": \"https://sto4028.blob.core.windows.net/\",\r\n      \"file\": \"https://sto4028.file.core.windows.net/\",\r\n      \"queue\": \"https://sto4028.queue.core.windows.net/\",\r\n      \"table\": \"https://sto4028.table.core.windows.net/\"\r\n    },\r\n    \"primaryLocation\": \"eastus2(stage)\",\r\n    \"provisioningState\": \"Succeeded\",\r\n    \"secondaryLocation\": \"northcentralus(stage)\",\r\n    \"statusOfPrimary\": \"available\",\r\n    \"statusOfSecondary\": \"available\",\r\n    \"supportsHttpsTrafficOnly\": false\r\n  },\r\n  \"sku\": {\r\n    \"name\": \"Standard_GRS\",\r\n    \"tier\": \"Standard\"\r\n  },\r\n  \"tags\": {\r\n    \"key1\": \"value1\",\r\n    \"key2\": \"value2\"\r\n  },\r\n  \"type\": \"Microsoft.Storage/storageAccounts\"\r\n}",
      "ResponseHeaders": {
        "Content-Type": [
          "application/json"
        ],
        "Expires": [
          "-1"
        ],
        "Cache-Control": [
          "no-cache"
        ],
        "Date": [
          "Mon, 05 Jun 2017 17:15:09 GMT"
        ],
        "Pragma": [
          "no-cache"
        ],
        "Transfer-Encoding": [
          "chunked"
        ],
        "Server": [
          "Microsoft-Azure-Storage-Resource-Provider/1.0",
          "Microsoft-HTTPAPI/2.0"
        ],
        "Vary": [
          "Accept-Encoding"
        ],
        "x-ms-request-id": [
          "b4436b21-1614-454f-9de9-ab955f3232af"
        ],
        "x-ms-ratelimit-remaining-subscription-reads": [
          "14997"
        ],
        "x-ms-correlation-request-id": [
          "b4436b21-1614-454f-9de9-ab955f3232af"
        ],
        "x-ms-routing-request-id": [
          "JAPANEAST:20170605T171510Z:b4436b21-1614-454f-9de9-ab955f3232af"
        ],
        "Strict-Transport-Security": [
          "max-age=31536000; includeSubDomains"
        ]
      },
      "StatusCode": 200
    }
  ],
  "Names": {
    "CreateResourceGroup": [
      "res8808"
    ],
    "StorageAccountCheckNameTest": [
      "sto469"
    ],
    "CreateStorageAccount": [
      "sto4028"
    ]
  },
  "Variables": {
    "SubscriptionId": "ce4a7590-4722-4bcf-a2c6-e473e9f11778"
  }
}