{
  "Entries": [
    {
      "RequestUri": "/subscriptions/ce4a7590-4722-4bcf-a2c6-e473e9f11778/resourcegroups/res2611?api-version=2015-11-01",
      "EncodedRequestUri": "L3N1YnNjcmlwdGlvbnMvY2U0YTc1OTAtNDcyMi00YmNmLWEyYzYtZTQ3M2U5ZjExNzc4L3Jlc291cmNlZ3JvdXBzL3JlczI2MTE/YXBpLXZlcnNpb249MjAxNS0xMS0wMQ==",
      "RequestMethod": "PUT",
      "RequestBody": "{\r\n  \"location\": \"eastus2\"\r\n}",
      "RequestHeaders": {
        "Content-Type": [
          "application/json; charset=utf-8"
        ],
        "Content-Length": [
          "29"
        ],
        "x-ms-client-request-id": [
          "b3f25a61-b0e6-4c8d-91df-dac5fe165db8"
        ],
        "accept-language": [
          "en-US"
        ],
        "User-Agent": [
          "FxVersion/4.6.25009.03",
          "Microsoft.Azure.Management.Resources.ResourceManagementClient/1.0.0.0"
        ]
      },
      "ResponseBody": "{\r\n  \"id\": \"/subscriptions/ce4a7590-4722-4bcf-a2c6-e473e9f11778/resourceGroups/res2611\",\r\n  \"name\": \"res2611\",\r\n  \"location\": \"eastus2\",\r\n  \"properties\": {\r\n    \"provisioningState\": \"Succeeded\"\r\n  }\r\n}",
      "ResponseHeaders": {
        "Content-Length": [
          "168"
        ],
        "Content-Type": [
          "application/json; charset=utf-8"
        ],
        "Expires": [
          "-1"
        ],
        "Cache-Control": [
          "no-cache"
        ],
        "Date": [
          "Mon, 05 Jun 2017 17:22:59 GMT"
        ],
        "Pragma": [
          "no-cache"
        ],
        "x-ms-ratelimit-remaining-subscription-writes": [
          "1198"
        ],
        "x-ms-request-id": [
          "882b85da-3d5d-4b6a-8371-4003e4ae9bcc"
        ],
        "x-ms-correlation-request-id": [
          "882b85da-3d5d-4b6a-8371-4003e4ae9bcc"
        ],
        "x-ms-routing-request-id": [
          "JAPANEAST:20170605T172259Z:882b85da-3d5d-4b6a-8371-4003e4ae9bcc"
        ],
        "Strict-Transport-Security": [
          "max-age=31536000; includeSubDomains"
        ]
      },
      "StatusCode": 201
    },
    {
      "RequestUri": "/subscriptions/ce4a7590-4722-4bcf-a2c6-e473e9f11778/resourceGroups/res2611/providers/Microsoft.Storage/storageAccounts/sto7550?api-version=2017-06-01",
      "EncodedRequestUri": "L3N1YnNjcmlwdGlvbnMvY2U0YTc1OTAtNDcyMi00YmNmLWEyYzYtZTQ3M2U5ZjExNzc4L3Jlc291cmNlR3JvdXBzL3JlczI2MTEvcHJvdmlkZXJzL01pY3Jvc29mdC5TdG9yYWdlL3N0b3JhZ2VBY2NvdW50cy9zdG83NTUwP2FwaS12ZXJzaW9uPTIwMTctMDYtMDE=",
      "RequestMethod": "PUT",
      "RequestBody": "{\r\n  \"sku\": {\r\n    \"name\": \"Standard_GRS\"\r\n  },\r\n  \"kind\": \"Storage\",\r\n  \"location\": \"eastus2(stage)\",\r\n  \"tags\": {\r\n    \"key1\": \"value1\",\r\n    \"key2\": \"value2\"\r\n  }\r\n}",
      "RequestHeaders": {
        "Content-Type": [
          "application/json; charset=utf-8"
        ],
        "Content-Length": [
          "168"
        ],
        "x-ms-client-request-id": [
          "84837079-b27c-4034-abe1-e6cb040e94cc"
        ],
        "accept-language": [
          "en-US"
        ],
        "User-Agent": [
          "FxVersion/4.6.25009.03",
          "Microsoft.Azure.Management.Storage.StorageManagementClient/6.5.0.0"
        ]
      },
      "ResponseBody": "",
      "ResponseHeaders": {
        "Content-Length": [
          "0"
        ],
        "Expires": [
          "-1"
        ],
        "Cache-Control": [
          "no-cache"
        ],
        "Date": [
          "Mon, 05 Jun 2017 17:23:02 GMT"
        ],
        "Pragma": [
          "no-cache"
        ],
        "Location": [
          "https://management.azure.com/subscriptions/ce4a7590-4722-4bcf-a2c6-e473e9f11778/providers/Microsoft.Storage/operations/dbe1efc0-adb3-4681-ab93-d68307a01f31?monitor=true&api-version=2017-06-01"
        ],
        "Retry-After": [
          "17"
        ],
        "Server": [
          "Microsoft-Azure-Storage-Resource-Provider/1.0",
          "Microsoft-HTTPAPI/2.0"
        ],
        "x-ms-ratelimit-remaining-subscription-writes": [
          "1197"
        ],
        "x-ms-request-id": [
          "5833ff21-15eb-4ad1-9fd3-8ca4690f1b19"
        ],
        "x-ms-correlation-request-id": [
          "5833ff21-15eb-4ad1-9fd3-8ca4690f1b19"
        ],
        "x-ms-routing-request-id": [
          "JAPANEAST:20170605T172302Z:5833ff21-15eb-4ad1-9fd3-8ca4690f1b19"
        ],
        "Strict-Transport-Security": [
          "max-age=31536000; includeSubDomains"
        ]
      },
      "StatusCode": 202
    },
    {
      "RequestUri": "/subscriptions/ce4a7590-4722-4bcf-a2c6-e473e9f11778/providers/Microsoft.Storage/operations/dbe1efc0-adb3-4681-ab93-d68307a01f31?monitor=true&api-version=2017-06-01",
      "EncodedRequestUri": "L3N1YnNjcmlwdGlvbnMvY2U0YTc1OTAtNDcyMi00YmNmLWEyYzYtZTQ3M2U5ZjExNzc4L3Byb3ZpZGVycy9NaWNyb3NvZnQuU3RvcmFnZS9vcGVyYXRpb25zL2RiZTFlZmMwLWFkYjMtNDY4MS1hYjkzLWQ2ODMwN2EwMWYzMT9tb25pdG9yPXRydWUmYXBpLXZlcnNpb249MjAxNy0wNi0wMQ==",
      "RequestMethod": "GET",
      "RequestBody": "",
      "RequestHeaders": {
        "User-Agent": [
          "FxVersion/4.6.25009.03",
          "Microsoft.Azure.Management.Storage.StorageManagementClient/6.5.0.0"
        ]
      },
      "ResponseBody": "{\r\n  \"id\": \"/subscriptions/ce4a7590-4722-4bcf-a2c6-e473e9f11778/resourceGroups/res2611/providers/Microsoft.Storage/storageAccounts/sto7550\",\r\n  \"kind\": \"Storage\",\r\n  \"location\": \"eastus2(stage)\",\r\n  \"name\": \"sto7550\",\r\n  \"properties\": {\r\n    \"creationTime\": \"2017-06-05T17:23:01.8944515Z\",\r\n    \"primaryEndpoints\": {\r\n      \"blob\": \"https://sto7550.blob.core.windows.net/\",\r\n      \"file\": \"https://sto7550.file.core.windows.net/\",\r\n      \"queue\": \"https://sto7550.queue.core.windows.net/\",\r\n      \"table\": \"https://sto7550.table.core.windows.net/\"\r\n    },\r\n    \"primaryLocation\": \"eastus2(stage)\",\r\n    \"provisioningState\": \"Succeeded\",\r\n    \"secondaryLocation\": \"northcentralus(stage)\",\r\n    \"statusOfPrimary\": \"available\",\r\n    \"statusOfSecondary\": \"available\",\r\n    \"supportsHttpsTrafficOnly\": false\r\n  },\r\n  \"sku\": {\r\n    \"name\": \"Standard_GRS\",\r\n    \"tier\": \"Standard\"\r\n  },\r\n  \"tags\": {\r\n    \"key1\": \"value1\",\r\n    \"key2\": \"value2\"\r\n  },\r\n  \"type\": \"Microsoft.Storage/storageAccounts\"\r\n}",
      "ResponseHeaders": {
        "Content-Type": [
          "application/json"
        ],
        "Expires": [
          "-1"
        ],
        "Cache-Control": [
          "no-cache"
        ],
        "Date": [
          "Mon, 05 Jun 2017 17:23:33 GMT"
        ],
        "Pragma": [
          "no-cache"
        ],
        "Transfer-Encoding": [
          "chunked"
        ],
        "Server": [
          "Microsoft-Azure-Storage-Resource-Provider/1.0",
          "Microsoft-HTTPAPI/2.0"
        ],
        "Vary": [
          "Accept-Encoding"
        ],
        "x-ms-request-id": [
          "a3d93861-975e-415f-a10a-d94ca9b44193"
        ],
        "x-ms-ratelimit-remaining-subscription-reads": [
          "14999"
        ],
        "x-ms-correlation-request-id": [
          "a3d93861-975e-415f-a10a-d94ca9b44193"
        ],
        "x-ms-routing-request-id": [
          "JAPANEAST:20170605T172333Z:a3d93861-975e-415f-a10a-d94ca9b44193"
        ],
        "Strict-Transport-Security": [
          "max-age=31536000; includeSubDomains"
        ]
      },
      "StatusCode": 200
    },
    {
      "RequestUri": "/subscriptions/ce4a7590-4722-4bcf-a2c6-e473e9f11778/resourceGroups/res2611/providers/Microsoft.Storage/storageAccounts/sto7550/ListAccountSas?api-version=2017-06-01",
      "EncodedRequestUri": "L3N1YnNjcmlwdGlvbnMvY2U0YTc1OTAtNDcyMi00YmNmLWEyYzYtZTQ3M2U5ZjExNzc4L3Jlc291cmNlR3JvdXBzL3JlczI2MTEvcHJvdmlkZXJzL01pY3Jvc29mdC5TdG9yYWdlL3N0b3JhZ2VBY2NvdW50cy9zdG83NTUwL0xpc3RBY2NvdW50U2FzP2FwaS12ZXJzaW9uPTIwMTctMDYtMDE=",
      "RequestMethod": "POST",
      "RequestBody": "{\r\n  \"signedServices\": \"b\",\r\n  \"signedResourceTypes\": \"sco\",\r\n  \"signedPermission\": \"rl\",\r\n  \"signedExpiry\": \"0001-01-01T00:00:00Z\"\r\n}",
      "RequestHeaders": {
        "Content-Type": [
          "application/json; charset=utf-8"
        ],
        "Content-Length": [
          "134"
        ],
        "x-ms-client-request-id": [
          "7276e40e-4bf5-4e67-969b-64cf3938c116"
        ],
        "accept-language": [
          "en-US"
        ],
        "User-Agent": [
          "FxVersion/4.6.25009.03",
          "Microsoft.Azure.Management.Storage.StorageManagementClient/6.5.0.0"
        ]
      },
      "ResponseBody": "{\r\n  \"error\": {\r\n    \"code\": \"InvalidValuesForRequestParameters\",\r\n    \"message\": \"Values for request parameters are invalid: signedExpiry.\"\r\n  }\r\n}",
      "ResponseHeaders": {
        "Content-Length": [
          "123"
        ],
        "Content-Type": [
          "application/json"
        ],
        "Expires": [
          "-1"
        ],
        "Cache-Control": [
          "no-cache"
        ],
        "Date": [
          "Mon, 05 Jun 2017 17:23:34 GMT"
        ],
        "Pragma": [
          "no-cache"
        ],
        "Server": [
          "Microsoft-Azure-Storage-Resource-Provider/1.0",
          "Microsoft-HTTPAPI/2.0"
        ],
        "x-ms-request-id": [
          "d287ec0f-2412-4eea-bf57-f1b65d8f1cb0"
        ],
        "x-ms-ratelimit-remaining-subscription-writes": [
          "1196"
        ],
        "x-ms-correlation-request-id": [
          "d287ec0f-2412-4eea-bf57-f1b65d8f1cb0"
        ],
        "x-ms-routing-request-id": [
          "JAPANEAST:20170605T172334Z:d287ec0f-2412-4eea-bf57-f1b65d8f1cb0"
        ],
        "Strict-Transport-Security": [
          "max-age=31536000; includeSubDomains"
        ]
      },
      "StatusCode": 400
    }
  ],
  "Names": {
    "CreateResourceGroup": [
      "res2611"
    ],
    "StorageAccountListAccountSASWithMissingProperties": [
      "sto7550"
    ]
  },
  "Variables": {
    "SubscriptionId": "ce4a7590-4722-4bcf-a2c6-e473e9f11778"
  }
}