{
  "Entries": [
    {
      "RequestUri": "/subscriptions/53d9063d-87ae-4ea8-be90-3686c3b8669f/providers/Microsoft.DataLakeAnalytics/register?api-version=2015-11-01",
      "EncodedRequestUri": "L3N1YnNjcmlwdGlvbnMvNTNkOTA2M2QtODdhZS00ZWE4LWJlOTAtMzY4NmMzYjg2NjlmL3Byb3ZpZGVycy9NaWNyb3NvZnQuRGF0YUxha2VBbmFseXRpY3MvcmVnaXN0ZXI/YXBpLXZlcnNpb249MjAxNS0xMS0wMQ==",
      "RequestMethod": "POST",
      "RequestBody": "",
      "RequestHeaders": {
        "x-ms-client-request-id": [
          "51e4f92c-a32c-488f-89cf-9f4df259d805"
        ],
        "accept-language": [
          "en-US"
        ],
        "User-Agent": [
          "Microsoft.Azure.Management.Resources.ResourceManagementClient/1.0.0.0"
        ]
      },
      "ResponseBody": "{\r\n  \"id\": \"/subscriptions/53d9063d-87ae-4ea8-be90-3686c3b8669f/providers/Microsoft.DataLakeAnalytics\",\r\n  \"namespace\": \"Microsoft.DataLakeAnalytics\",\r\n  \"resourceTypes\": [\r\n    {\r\n      \"resourceType\": \"operations\",\r\n      \"locations\": [],\r\n      \"apiVersions\": [\r\n        \"2015-10-01-preview\"\r\n      ]\r\n    },\r\n    {\r\n      \"resourceType\": \"accounts\",\r\n      \"locations\": [\r\n        \"East US 2\",\r\n        \"North Europe\"\r\n      ],\r\n      \"apiVersions\": [\r\n        \"2015-10-01-preview\"\r\n      ],\r\n      \"capabilities\": \"CrossResourceGroupResourceMove, CrossSubscriptionResourceMove\"\r\n    },\r\n    {\r\n      \"resourceType\": \"accounts/dataLakeStoreAccounts\",\r\n      \"locations\": [\r\n        \"East US 2\",\r\n        \"North Europe\"\r\n      ],\r\n      \"apiVersions\": [\r\n        \"2015-10-01-preview\"\r\n      ]\r\n    },\r\n    {\r\n      \"resourceType\": \"accounts/storageAccounts\",\r\n      \"locations\": [\r\n        \"East US 2\",\r\n        \"North Europe\"\r\n      ],\r\n      \"apiVersions\": [\r\n        \"2015-10-01-preview\"\r\n      ]\r\n    },\r\n    {\r\n      \"resourceType\": \"accounts/storageAccounts/containers\",\r\n      \"locations\": [\r\n        \"East US 2\",\r\n        \"North Europe\"\r\n      ],\r\n      \"apiVersions\": [\r\n        \"2015-10-01-preview\"\r\n      ]\r\n    },\r\n    {\r\n      \"resourceType\": \"accounts/storageAccounts/containers/listSasTokens\",\r\n      \"locations\": [\r\n        \"East US 2\",\r\n        \"North Europe\"\r\n      ],\r\n      \"apiVersions\": [\r\n        \"2015-10-01-preview\"\r\n      ]\r\n    },\r\n    {\r\n      \"resourceType\": \"locations\",\r\n      \"locations\": [],\r\n      \"apiVersions\": [\r\n        \"2015-10-01-preview\"\r\n      ]\r\n    },\r\n    {\r\n      \"resourceType\": \"locations/operationresults\",\r\n      \"locations\": [],\r\n      \"apiVersions\": [\r\n        \"2015-10-01-preview\"\r\n      ]\r\n    }\r\n  ],\r\n  \"registrationState\": \"Registered\"\r\n}",
      "ResponseHeaders": {
        "Content-Type": [
          "application/json; charset=utf-8"
        ],
        "Expires": [
          "-1"
        ],
        "Cache-Control": [
          "no-cache"
        ],
        "Date": [
          "Thu, 10 Mar 2016 00:56:03 GMT"
        ],
        "Pragma": [
          "no-cache"
        ],
        "Vary": [
          "Accept-Encoding"
        ],
        "x-ms-ratelimit-remaining-subscription-writes": [
          "1197"
        ],
        "x-ms-request-id": [
          "ba2145e7-e27e-4e09-9b7c-2943b8e98572"
        ],
        "x-ms-correlation-request-id": [
          "ba2145e7-e27e-4e09-9b7c-2943b8e98572"
        ],
        "x-ms-routing-request-id": [
          "WESTUS:20160310T005604Z:ba2145e7-e27e-4e09-9b7c-2943b8e98572"
        ],
        "Strict-Transport-Security": [
          "max-age=31536000; includeSubDomains"
        ]
      },
      "StatusCode": 200
    },
    {
      "RequestUri": "/subscriptions/53d9063d-87ae-4ea8-be90-3686c3b8669f/providers/Microsoft.DataLakeAnalytics?api-version=2015-11-01",
      "EncodedRequestUri": "L3N1YnNjcmlwdGlvbnMvNTNkOTA2M2QtODdhZS00ZWE4LWJlOTAtMzY4NmMzYjg2NjlmL3Byb3ZpZGVycy9NaWNyb3NvZnQuRGF0YUxha2VBbmFseXRpY3M/YXBpLXZlcnNpb249MjAxNS0xMS0wMQ==",
      "RequestMethod": "GET",
      "RequestBody": "",
      "RequestHeaders": {
        "x-ms-client-request-id": [
          "cd0b3524-aee5-44d1-b0e8-24ba9e5fd971"
        ],
        "accept-language": [
          "en-US"
        ],
        "User-Agent": [
          "Microsoft.Azure.Management.Resources.ResourceManagementClient/1.0.0.0"
        ]
      },
      "ResponseBody": "{\r\n  \"id\": \"/subscriptions/53d9063d-87ae-4ea8-be90-3686c3b8669f/providers/Microsoft.DataLakeAnalytics\",\r\n  \"namespace\": \"Microsoft.DataLakeAnalytics\",\r\n  \"resourceTypes\": [\r\n    {\r\n      \"resourceType\": \"operations\",\r\n      \"locations\": [],\r\n      \"apiVersions\": [\r\n        \"2015-10-01-preview\"\r\n      ]\r\n    },\r\n    {\r\n      \"resourceType\": \"accounts\",\r\n      \"locations\": [\r\n        \"East US 2\",\r\n        \"North Europe\"\r\n      ],\r\n      \"apiVersions\": [\r\n        \"2015-10-01-preview\"\r\n      ],\r\n      \"capabilities\": \"CrossResourceGroupResourceMove, CrossSubscriptionResourceMove\"\r\n    },\r\n    {\r\n      \"resourceType\": \"accounts/dataLakeStoreAccounts\",\r\n      \"locations\": [\r\n        \"East US 2\",\r\n        \"North Europe\"\r\n      ],\r\n      \"apiVersions\": [\r\n        \"2015-10-01-preview\"\r\n      ]\r\n    },\r\n    {\r\n      \"resourceType\": \"accounts/storageAccounts\",\r\n      \"locations\": [\r\n        \"East US 2\",\r\n        \"North Europe\"\r\n      ],\r\n      \"apiVersions\": [\r\n        \"2015-10-01-preview\"\r\n      ]\r\n    },\r\n    {\r\n      \"resourceType\": \"accounts/storageAccounts/containers\",\r\n      \"locations\": [\r\n        \"East US 2\",\r\n        \"North Europe\"\r\n      ],\r\n      \"apiVersions\": [\r\n        \"2015-10-01-preview\"\r\n      ]\r\n    },\r\n    {\r\n      \"resourceType\": \"accounts/storageAccounts/containers/listSasTokens\",\r\n      \"locations\": [\r\n        \"East US 2\",\r\n        \"North Europe\"\r\n      ],\r\n      \"apiVersions\": [\r\n        \"2015-10-01-preview\"\r\n      ]\r\n    },\r\n    {\r\n      \"resourceType\": \"locations\",\r\n      \"locations\": [],\r\n      \"apiVersions\": [\r\n        \"2015-10-01-preview\"\r\n      ]\r\n    },\r\n    {\r\n      \"resourceType\": \"locations/operationresults\",\r\n      \"locations\": [],\r\n      \"apiVersions\": [\r\n        \"2015-10-01-preview\"\r\n      ]\r\n    }\r\n  ],\r\n  \"registrationState\": \"Registered\"\r\n}",
      "ResponseHeaders": {
        "Content-Type": [
          "application/json; charset=utf-8"
        ],
        "Expires": [
          "-1"
        ],
        "Cache-Control": [
          "no-cache"
        ],
        "Date": [
          "Thu, 10 Mar 2016 00:56:03 GMT"
        ],
        "Pragma": [
          "no-cache"
        ],
        "Vary": [
          "Accept-Encoding"
        ],
        "x-ms-ratelimit-remaining-subscription-reads": [
          "14990"
        ],
        "x-ms-request-id": [
          "e088cb46-f907-45a6-967d-1c6244fba8c3"
        ],
        "x-ms-correlation-request-id": [
          "e088cb46-f907-45a6-967d-1c6244fba8c3"
        ],
        "x-ms-routing-request-id": [
          "WESTUS:20160310T005604Z:e088cb46-f907-45a6-967d-1c6244fba8c3"
        ],
        "Strict-Transport-Security": [
          "max-age=31536000; includeSubDomains"
        ]
      },
      "StatusCode": 200
    },
    {
      "RequestUri": "/subscriptions/53d9063d-87ae-4ea8-be90-3686c3b8669f/providers/Microsoft.Storage/register?api-version=2015-11-01",
      "EncodedRequestUri": "L3N1YnNjcmlwdGlvbnMvNTNkOTA2M2QtODdhZS00ZWE4LWJlOTAtMzY4NmMzYjg2NjlmL3Byb3ZpZGVycy9NaWNyb3NvZnQuU3RvcmFnZS9yZWdpc3Rlcj9hcGktdmVyc2lvbj0yMDE1LTExLTAx",
      "RequestMethod": "POST",
      "RequestBody": "",
      "RequestHeaders": {
        "x-ms-client-request-id": [
          "ee8b9acf-c642-4643-bf91-5829992ce994"
        ],
        "accept-language": [
          "en-US"
        ],
        "User-Agent": [
          "Microsoft.Azure.Management.Resources.ResourceManagementClient/1.0.0.0"
        ]
      },
      "ResponseBody": "{\r\n  \"id\": \"/subscriptions/53d9063d-87ae-4ea8-be90-3686c3b8669f/providers/Microsoft.Storage\",\r\n  \"namespace\": \"Microsoft.Storage\",\r\n  \"resourceTypes\": [\r\n    {\r\n      \"resourceType\": \"storageAccounts\",\r\n      \"locations\": [\r\n        \"East US\",\r\n        \"East US 2\",\r\n        \"West US\",\r\n        \"West Europe\",\r\n        \"East Asia\",\r\n        \"Southeast Asia\",\r\n        \"Japan East\",\r\n        \"Japan West\",\r\n        \"North Central US\",\r\n        \"South Central US\",\r\n        \"Central US\",\r\n        \"North Europe\",\r\n        \"Brazil South\"\r\n      ],\r\n      \"apiVersions\": [\r\n        \"2015-06-15\",\r\n        \"2015-05-01-preview\"\r\n      ],\r\n      \"capabilities\": \"CrossResourceGroupResourceMove, CrossSubscriptionResourceMove\"\r\n    },\r\n    {\r\n      \"resourceType\": \"operations\",\r\n      \"locations\": [],\r\n      \"apiVersions\": [\r\n        \"2015-06-15\",\r\n        \"2015-05-01-preview\"\r\n      ]\r\n    },\r\n    {\r\n      \"resourceType\": \"usages\",\r\n      \"locations\": [],\r\n      \"apiVersions\": [\r\n        \"2015-06-15\",\r\n        \"2015-05-01-preview\"\r\n      ]\r\n    },\r\n    {\r\n      \"resourceType\": \"checkNameAvailability\",\r\n      \"locations\": [],\r\n      \"apiVersions\": [\r\n        \"2015-06-15\",\r\n        \"2015-05-01-preview\"\r\n      ]\r\n    },\r\n    {\r\n      \"resourceType\": \"storageAccounts/services\",\r\n      \"locations\": [\r\n        \"East US\",\r\n        \"West US\",\r\n        \"West Europe\",\r\n        \"North Europe\",\r\n        \"East Asia\",\r\n        \"Southeast Asia\",\r\n        \"Japan East\",\r\n        \"Japan West\",\r\n        \"North Central US\",\r\n        \"South Central US\",\r\n        \"East US 2\",\r\n        \"Central US\",\r\n        \"Brazil South\"\r\n      ],\r\n      \"apiVersions\": [\r\n        \"2014-04-01\"\r\n      ]\r\n    },\r\n    {\r\n      \"resourceType\": \"storageAccounts/services/metricDefinitions\",\r\n      \"locations\": [\r\n        \"East US\",\r\n        \"West US\",\r\n        \"West Europe\",\r\n        \"North Europe\",\r\n        \"East Asia\",\r\n        \"Southeast Asia\",\r\n        \"Japan East\",\r\n        \"Japan West\",\r\n        \"North Central US\",\r\n        \"South Central US\",\r\n        \"East US 2\",\r\n        \"Central US\",\r\n        \"Brazil South\"\r\n      ],\r\n      \"apiVersions\": [\r\n        \"2014-04-01\"\r\n      ]\r\n    }\r\n  ],\r\n  \"registrationState\": \"Registered\"\r\n}",
      "ResponseHeaders": {
        "Content-Type": [
          "application/json; charset=utf-8"
        ],
        "Expires": [
          "-1"
        ],
        "Cache-Control": [
          "no-cache"
        ],
        "Date": [
          "Thu, 10 Mar 2016 00:56:04 GMT"
        ],
        "Pragma": [
          "no-cache"
        ],
        "Vary": [
          "Accept-Encoding"
        ],
        "x-ms-ratelimit-remaining-subscription-writes": [
          "1196"
        ],
        "x-ms-request-id": [
          "61e4142a-636a-4938-bfd7-f95495e586df"
        ],
        "x-ms-correlation-request-id": [
          "61e4142a-636a-4938-bfd7-f95495e586df"
        ],
        "x-ms-routing-request-id": [
          "WESTUS:20160310T005605Z:61e4142a-636a-4938-bfd7-f95495e586df"
        ],
        "Strict-Transport-Security": [
          "max-age=31536000; includeSubDomains"
        ]
      },
      "StatusCode": 200
    },
    {
      "RequestUri": "/subscriptions/53d9063d-87ae-4ea8-be90-3686c3b8669f/providers/Microsoft.Storage?api-version=2015-11-01",
      "EncodedRequestUri": "L3N1YnNjcmlwdGlvbnMvNTNkOTA2M2QtODdhZS00ZWE4LWJlOTAtMzY4NmMzYjg2NjlmL3Byb3ZpZGVycy9NaWNyb3NvZnQuU3RvcmFnZT9hcGktdmVyc2lvbj0yMDE1LTExLTAx",
      "RequestMethod": "GET",
      "RequestBody": "",
      "RequestHeaders": {
        "x-ms-client-request-id": [
          "bbdfced3-a524-46c2-a062-d2e42709fc9e"
        ],
        "accept-language": [
          "en-US"
        ],
        "User-Agent": [
          "Microsoft.Azure.Management.Resources.ResourceManagementClient/1.0.0.0"
        ]
      },
      "ResponseBody": "{\r\n  \"id\": \"/subscriptions/53d9063d-87ae-4ea8-be90-3686c3b8669f/providers/Microsoft.Storage\",\r\n  \"namespace\": \"Microsoft.Storage\",\r\n  \"resourceTypes\": [\r\n    {\r\n      \"resourceType\": \"storageAccounts\",\r\n      \"locations\": [\r\n        \"East US\",\r\n        \"East US 2\",\r\n        \"West US\",\r\n        \"West Europe\",\r\n        \"East Asia\",\r\n        \"Southeast Asia\",\r\n        \"Japan East\",\r\n        \"Japan West\",\r\n        \"North Central US\",\r\n        \"South Central US\",\r\n        \"Central US\",\r\n        \"North Europe\",\r\n        \"Brazil South\"\r\n      ],\r\n      \"apiVersions\": [\r\n        \"2015-06-15\",\r\n        \"2015-05-01-preview\"\r\n      ],\r\n      \"capabilities\": \"CrossResourceGroupResourceMove, CrossSubscriptionResourceMove\"\r\n    },\r\n    {\r\n      \"resourceType\": \"operations\",\r\n      \"locations\": [],\r\n      \"apiVersions\": [\r\n        \"2015-06-15\",\r\n        \"2015-05-01-preview\"\r\n      ]\r\n    },\r\n    {\r\n      \"resourceType\": \"usages\",\r\n      \"locations\": [],\r\n      \"apiVersions\": [\r\n        \"2015-06-15\",\r\n        \"2015-05-01-preview\"\r\n      ]\r\n    },\r\n    {\r\n      \"resourceType\": \"checkNameAvailability\",\r\n      \"locations\": [],\r\n      \"apiVersions\": [\r\n        \"2015-06-15\",\r\n        \"2015-05-01-preview\"\r\n      ]\r\n    },\r\n    {\r\n      \"resourceType\": \"storageAccounts/services\",\r\n      \"locations\": [\r\n        \"East US\",\r\n        \"West US\",\r\n        \"West Europe\",\r\n        \"North Europe\",\r\n        \"East Asia\",\r\n        \"Southeast Asia\",\r\n        \"Japan East\",\r\n        \"Japan West\",\r\n        \"North Central US\",\r\n        \"South Central US\",\r\n        \"East US 2\",\r\n        \"Central US\",\r\n        \"Brazil South\"\r\n      ],\r\n      \"apiVersions\": [\r\n        \"2014-04-01\"\r\n      ]\r\n    },\r\n    {\r\n      \"resourceType\": \"storageAccounts/services/metricDefinitions\",\r\n      \"locations\": [\r\n        \"East US\",\r\n        \"West US\",\r\n        \"West Europe\",\r\n        \"North Europe\",\r\n        \"East Asia\",\r\n        \"Southeast Asia\",\r\n        \"Japan East\",\r\n        \"Japan West\",\r\n        \"North Central US\",\r\n        \"South Central US\",\r\n        \"East US 2\",\r\n        \"Central US\",\r\n        \"Brazil South\"\r\n      ],\r\n      \"apiVersions\": [\r\n        \"2014-04-01\"\r\n      ]\r\n    }\r\n  ],\r\n  \"registrationState\": \"Registered\"\r\n}",
      "ResponseHeaders": {
        "Content-Type": [
          "application/json; charset=utf-8"
        ],
        "Expires": [
          "-1"
        ],
        "Cache-Control": [
          "no-cache"
        ],
        "Date": [
          "Thu, 10 Mar 2016 00:56:04 GMT"
        ],
        "Pragma": [
          "no-cache"
        ],
        "Vary": [
          "Accept-Encoding"
        ],
        "x-ms-ratelimit-remaining-subscription-reads": [
          "14989"
        ],
        "x-ms-request-id": [
          "a36d539a-da32-455c-a801-ab2f2a13d9f7"
        ],
        "x-ms-correlation-request-id": [
          "a36d539a-da32-455c-a801-ab2f2a13d9f7"
        ],
        "x-ms-routing-request-id": [
          "WESTUS:20160310T005605Z:a36d539a-da32-455c-a801-ab2f2a13d9f7"
        ],
        "Strict-Transport-Security": [
          "max-age=31536000; includeSubDomains"
        ]
      },
      "StatusCode": 200
    },
    {
      "RequestUri": "/subscriptions/53d9063d-87ae-4ea8-be90-3686c3b8669f/providers/Microsoft.DataLakeStore/register?api-version=2015-11-01",
      "EncodedRequestUri": "L3N1YnNjcmlwdGlvbnMvNTNkOTA2M2QtODdhZS00ZWE4LWJlOTAtMzY4NmMzYjg2NjlmL3Byb3ZpZGVycy9NaWNyb3NvZnQuRGF0YUxha2VTdG9yZS9yZWdpc3Rlcj9hcGktdmVyc2lvbj0yMDE1LTExLTAx",
      "RequestMethod": "POST",
      "RequestBody": "",
      "RequestHeaders": {
        "x-ms-client-request-id": [
          "ab514453-a3a8-434b-97f6-f4511d3b22f5"
        ],
        "accept-language": [
          "en-US"
        ],
        "User-Agent": [
          "Microsoft.Azure.Management.Resources.ResourceManagementClient/1.0.0.0"
        ]
      },
      "ResponseBody": "{\r\n  \"id\": \"/subscriptions/53d9063d-87ae-4ea8-be90-3686c3b8669f/providers/Microsoft.DataLakeStore\",\r\n  \"namespace\": \"Microsoft.DataLakeStore\",\r\n  \"resourceTypes\": [\r\n    {\r\n      \"resourceType\": \"operations\",\r\n      \"locations\": [],\r\n      \"apiVersions\": [\r\n        \"2015-10-01-preview\"\r\n      ]\r\n    },\r\n    {\r\n      \"resourceType\": \"accounts\",\r\n      \"locations\": [\r\n        \"East US 2\",\r\n        \"North Europe\"\r\n      ],\r\n      \"apiVersions\": [\r\n        \"2015-10-01-preview\"\r\n      ],\r\n      \"capabilities\": \"CrossResourceGroupResourceMove, CrossSubscriptionResourceMove\"\r\n    },\r\n    {\r\n      \"resourceType\": \"accounts/firewallRules\",\r\n      \"locations\": [\r\n        \"East US 2\",\r\n        \"North Europe\"\r\n      ],\r\n      \"apiVersions\": [\r\n        \"2015-10-01-preview\"\r\n      ]\r\n    },\r\n    {\r\n      \"resourceType\": \"locations\",\r\n      \"locations\": [],\r\n      \"apiVersions\": [\r\n        \"2015-10-01-preview\"\r\n      ]\r\n    },\r\n    {\r\n      \"resourceType\": \"locations/operationresults\",\r\n      \"locations\": [],\r\n      \"apiVersions\": [\r\n        \"2015-10-01-preview\"\r\n      ]\r\n    }\r\n  ],\r\n  \"registrationState\": \"Registered\"\r\n}",
      "ResponseHeaders": {
        "Content-Type": [
          "application/json; charset=utf-8"
        ],
        "Expires": [
          "-1"
        ],
        "Cache-Control": [
          "no-cache"
        ],
        "Date": [
          "Thu, 10 Mar 2016 00:56:07 GMT"
        ],
        "Pragma": [
          "no-cache"
        ],
        "Vary": [
          "Accept-Encoding"
        ],
        "x-ms-ratelimit-remaining-subscription-writes": [
          "1195"
        ],
        "x-ms-request-id": [
          "4acbc9bf-3f4d-4f60-941e-06d1336b8d23"
        ],
        "x-ms-correlation-request-id": [
          "4acbc9bf-3f4d-4f60-941e-06d1336b8d23"
        ],
        "x-ms-routing-request-id": [
          "WESTUS:20160310T005607Z:4acbc9bf-3f4d-4f60-941e-06d1336b8d23"
        ],
        "Strict-Transport-Security": [
          "max-age=31536000; includeSubDomains"
        ]
      },
      "StatusCode": 200
    },
    {
      "RequestUri": "/subscriptions/53d9063d-87ae-4ea8-be90-3686c3b8669f/providers/Microsoft.DataLakeStore?api-version=2015-11-01",
      "EncodedRequestUri": "L3N1YnNjcmlwdGlvbnMvNTNkOTA2M2QtODdhZS00ZWE4LWJlOTAtMzY4NmMzYjg2NjlmL3Byb3ZpZGVycy9NaWNyb3NvZnQuRGF0YUxha2VTdG9yZT9hcGktdmVyc2lvbj0yMDE1LTExLTAx",
      "RequestMethod": "GET",
      "RequestBody": "",
      "RequestHeaders": {
        "x-ms-client-request-id": [
          "764f6173-24cb-43bb-a4e0-4ce1ccbc682c"
        ],
        "accept-language": [
          "en-US"
        ],
        "User-Agent": [
          "Microsoft.Azure.Management.Resources.ResourceManagementClient/1.0.0.0"
        ]
      },
      "ResponseBody": "{\r\n  \"id\": \"/subscriptions/53d9063d-87ae-4ea8-be90-3686c3b8669f/providers/Microsoft.DataLakeStore\",\r\n  \"namespace\": \"Microsoft.DataLakeStore\",\r\n  \"resourceTypes\": [\r\n    {\r\n      \"resourceType\": \"operations\",\r\n      \"locations\": [],\r\n      \"apiVersions\": [\r\n        \"2015-10-01-preview\"\r\n      ]\r\n    },\r\n    {\r\n      \"resourceType\": \"accounts\",\r\n      \"locations\": [\r\n        \"East US 2\",\r\n        \"North Europe\"\r\n      ],\r\n      \"apiVersions\": [\r\n        \"2015-10-01-preview\"\r\n      ],\r\n      \"capabilities\": \"CrossResourceGroupResourceMove, CrossSubscriptionResourceMove\"\r\n    },\r\n    {\r\n      \"resourceType\": \"accounts/firewallRules\",\r\n      \"locations\": [\r\n        \"East US 2\",\r\n        \"North Europe\"\r\n      ],\r\n      \"apiVersions\": [\r\n        \"2015-10-01-preview\"\r\n      ]\r\n    },\r\n    {\r\n      \"resourceType\": \"locations\",\r\n      \"locations\": [],\r\n      \"apiVersions\": [\r\n        \"2015-10-01-preview\"\r\n      ]\r\n    },\r\n    {\r\n      \"resourceType\": \"locations/operationresults\",\r\n      \"locations\": [],\r\n      \"apiVersions\": [\r\n        \"2015-10-01-preview\"\r\n      ]\r\n    }\r\n  ],\r\n  \"registrationState\": \"Registered\"\r\n}",
      "ResponseHeaders": {
        "Content-Type": [
          "application/json; charset=utf-8"
        ],
        "Expires": [
          "-1"
        ],
        "Cache-Control": [
          "no-cache"
        ],
        "Date": [
          "Thu, 10 Mar 2016 00:56:07 GMT"
        ],
        "Pragma": [
          "no-cache"
        ],
        "Vary": [
          "Accept-Encoding"
        ],
        "x-ms-ratelimit-remaining-subscription-reads": [
          "14988"
        ],
        "x-ms-request-id": [
          "0b6bcd21-9477-4b0f-ac2e-ea482e25179d"
        ],
        "x-ms-correlation-request-id": [
          "0b6bcd21-9477-4b0f-ac2e-ea482e25179d"
        ],
        "x-ms-routing-request-id": [
          "WESTUS:20160310T005607Z:0b6bcd21-9477-4b0f-ac2e-ea482e25179d"
        ],
        "Strict-Transport-Security": [
          "max-age=31536000; includeSubDomains"
        ]
      },
      "StatusCode": 200
    },
    {
      "RequestUri": "/subscriptions/53d9063d-87ae-4ea8-be90-3686c3b8669f/resourcegroups/rgaba14985?api-version=2015-11-01",
      "EncodedRequestUri": "L3N1YnNjcmlwdGlvbnMvNTNkOTA2M2QtODdhZS00ZWE4LWJlOTAtMzY4NmMzYjg2NjlmL3Jlc291cmNlZ3JvdXBzL3JnYWJhMTQ5ODU/YXBpLXZlcnNpb249MjAxNS0xMS0wMQ==",
      "RequestMethod": "GET",
      "RequestBody": "",
      "RequestHeaders": {
        "x-ms-client-request-id": [
          "4b50d1c3-7ab6-4bf2-8594-6de3e241d6ab"
        ],
        "accept-language": [
          "en-US"
        ],
        "User-Agent": [
          "Microsoft.Azure.Management.Resources.ResourceManagementClient/1.0.0.0"
        ]
      },
      "ResponseBody": "{\r\n  \"error\": {\r\n    \"code\": \"ResourceGroupNotFound\",\r\n    \"message\": \"Resource group 'rgaba14985' could not be found.\"\r\n  }\r\n}",
      "ResponseHeaders": {
        "Content-Length": [
          "102"
        ],
        "Content-Type": [
          "application/json; charset=utf-8"
        ],
        "Expires": [
          "-1"
        ],
        "Cache-Control": [
          "no-cache"
        ],
        "Date": [
          "Thu, 10 Mar 2016 00:56:07 GMT"
        ],
        "Pragma": [
          "no-cache"
        ],
        "x-ms-failure-cause": [
          "gateway"
        ],
        "x-ms-ratelimit-remaining-subscription-reads": [
          "14987"
        ],
        "x-ms-request-id": [
          "e67d0c95-bbe4-46a3-bf12-6f73843ca0b2"
        ],
        "x-ms-correlation-request-id": [
          "e67d0c95-bbe4-46a3-bf12-6f73843ca0b2"
        ],
        "x-ms-routing-request-id": [
          "WESTUS:20160310T005607Z:e67d0c95-bbe4-46a3-bf12-6f73843ca0b2"
        ],
        "Strict-Transport-Security": [
          "max-age=31536000; includeSubDomains"
        ]
      },
      "StatusCode": 404
    },
    {
      "RequestUri": "/subscriptions/53d9063d-87ae-4ea8-be90-3686c3b8669f/resourcegroups/rgaba14985?api-version=2015-11-01",
      "EncodedRequestUri": "L3N1YnNjcmlwdGlvbnMvNTNkOTA2M2QtODdhZS00ZWE4LWJlOTAtMzY4NmMzYjg2NjlmL3Jlc291cmNlZ3JvdXBzL3JnYWJhMTQ5ODU/YXBpLXZlcnNpb249MjAxNS0xMS0wMQ==",
      "RequestMethod": "GET",
      "RequestBody": "",
      "RequestHeaders": {
        "x-ms-client-request-id": [
          "0d05b052-fd51-4eb6-b3a3-8727e0a8c4f6"
        ],
        "accept-language": [
          "en-US"
        ],
        "User-Agent": [
          "Microsoft.Azure.Management.Resources.ResourceManagementClient/1.0.0.0"
        ]
      },
      "ResponseBody": "{\r\n  \"id\": \"/subscriptions/53d9063d-87ae-4ea8-be90-3686c3b8669f/resourceGroups/rgaba14985\",\r\n  \"name\": \"rgaba14985\",\r\n  \"location\": \"eastus2\",\r\n  \"properties\": {\r\n    \"provisioningState\": \"Succeeded\"\r\n  }\r\n}",
      "ResponseHeaders": {
        "Content-Type": [
          "application/json; charset=utf-8"
        ],
        "Expires": [
          "-1"
        ],
        "Cache-Control": [
          "no-cache"
        ],
        "Date": [
          "Thu, 10 Mar 2016 00:56:08 GMT"
        ],
        "Pragma": [
          "no-cache"
        ],
        "Vary": [
          "Accept-Encoding"
        ],
        "x-ms-ratelimit-remaining-subscription-reads": [
          "14986"
        ],
        "x-ms-request-id": [
          "2a97d75e-9de6-4f65-9e8a-10d390ebb9ec"
        ],
        "x-ms-correlation-request-id": [
          "2a97d75e-9de6-4f65-9e8a-10d390ebb9ec"
        ],
        "x-ms-routing-request-id": [
          "WESTUS:20160310T005609Z:2a97d75e-9de6-4f65-9e8a-10d390ebb9ec"
        ],
        "Strict-Transport-Security": [
          "max-age=31536000; includeSubDomains"
        ]
      },
      "StatusCode": 200
    },
    {
      "RequestUri": "/subscriptions/53d9063d-87ae-4ea8-be90-3686c3b8669f/resourcegroups/rgaba14985?api-version=2015-11-01",
      "EncodedRequestUri": "L3N1YnNjcmlwdGlvbnMvNTNkOTA2M2QtODdhZS00ZWE4LWJlOTAtMzY4NmMzYjg2NjlmL3Jlc291cmNlZ3JvdXBzL3JnYWJhMTQ5ODU/YXBpLXZlcnNpb249MjAxNS0xMS0wMQ==",
      "RequestMethod": "PUT",
      "RequestBody": "{\r\n  \"location\": \"East US 2\"\r\n}",
      "RequestHeaders": {
        "Content-Type": [
          "application/json; charset=utf-8"
        ],
        "Content-Length": [
          "31"
        ],
        "x-ms-client-request-id": [
          "64273e39-86b4-422d-8e6f-2e10e4cd1956"
        ],
        "accept-language": [
          "en-US"
        ],
        "User-Agent": [
          "Microsoft.Azure.Management.Resources.ResourceManagementClient/1.0.0.0"
        ]
      },
      "ResponseBody": "{\r\n  \"id\": \"/subscriptions/53d9063d-87ae-4ea8-be90-3686c3b8669f/resourceGroups/rgaba14985\",\r\n  \"name\": \"rgaba14985\",\r\n  \"location\": \"eastus2\",\r\n  \"properties\": {\r\n    \"provisioningState\": \"Succeeded\"\r\n  }\r\n}",
      "ResponseHeaders": {
        "Content-Length": [
          "174"
        ],
        "Content-Type": [
          "application/json; charset=utf-8"
        ],
        "Expires": [
          "-1"
        ],
        "Cache-Control": [
          "no-cache"
        ],
        "Date": [
          "Thu, 10 Mar 2016 00:56:08 GMT"
        ],
        "Pragma": [
          "no-cache"
        ],
        "x-ms-ratelimit-remaining-subscription-writes": [
          "1194"
        ],
        "x-ms-request-id": [
          "177b0260-0174-4bb1-aa86-babc451821ac"
        ],
        "x-ms-correlation-request-id": [
          "177b0260-0174-4bb1-aa86-babc451821ac"
        ],
        "x-ms-routing-request-id": [
          "WESTUS:20160310T005609Z:177b0260-0174-4bb1-aa86-babc451821ac"
        ],
        "Strict-Transport-Security": [
          "max-age=31536000; includeSubDomains"
        ]
      },
      "StatusCode": 201
    },
    {
      "RequestUri": "/subscriptions/53d9063d-87ae-4ea8-be90-3686c3b8669f/resourceGroups/rgaba14985/providers/Microsoft.DataLakeStore/accounts/testdatalake13462?api-version=2015-10-01-preview",
      "EncodedRequestUri": "L3N1YnNjcmlwdGlvbnMvNTNkOTA2M2QtODdhZS00ZWE4LWJlOTAtMzY4NmMzYjg2NjlmL3Jlc291cmNlR3JvdXBzL3JnYWJhMTQ5ODUvcHJvdmlkZXJzL01pY3Jvc29mdC5EYXRhTGFrZVN0b3JlL2FjY291bnRzL3Rlc3RkYXRhbGFrZTEzNDYyP2FwaS12ZXJzaW9uPTIwMTUtMTAtMDEtcHJldmlldw==",
      "RequestMethod": "GET",
      "RequestBody": "",
      "RequestHeaders": {
        "x-ms-client-request-id": [
          "ed2a812c-da9c-4245-82b0-fec0ab1a130a"
        ],
        "accept-language": [
          "en-US"
        ],
        "User-Agent": [
          "Microsoft.Azure.Management.DataLake.Store.DataLakeStoreAccountManagementClient/0.10.0.0"
        ]
      },
      "ResponseBody": "{\r\n  \"error\": {\r\n    \"code\": \"ResourceNotFound\",\r\n    \"message\": \"The Resource 'Microsoft.DataLakeStore/accounts/testdatalake13462' under resource group 'rgaba14985' was not found.\"\r\n  }\r\n}",
      "ResponseHeaders": {
        "Content-Length": [
          "164"
        ],
        "Content-Type": [
          "application/json; charset=utf-8"
        ],
        "Expires": [
          "-1"
        ],
        "Cache-Control": [
          "no-cache"
        ],
        "Date": [
          "Thu, 10 Mar 2016 00:56:08 GMT"
        ],
        "Pragma": [
          "no-cache"
        ],
        "x-ms-failure-cause": [
          "gateway"
        ],
        "x-ms-request-id": [
          "d8416963-85ab-4c49-8034-6d6b963dda78"
        ],
        "x-ms-correlation-request-id": [
          "d8416963-85ab-4c49-8034-6d6b963dda78"
        ],
        "x-ms-routing-request-id": [
          "WESTUS:20160310T005609Z:d8416963-85ab-4c49-8034-6d6b963dda78"
        ],
        "Strict-Transport-Security": [
          "max-age=31536000; includeSubDomains"
        ]
      },
      "StatusCode": 404
    },
    {
      "RequestUri": "/subscriptions/53d9063d-87ae-4ea8-be90-3686c3b8669f/resourceGroups/rgaba14985/providers/Microsoft.DataLakeStore/accounts/testdatalake13462?api-version=2015-10-01-preview",
      "EncodedRequestUri": "L3N1YnNjcmlwdGlvbnMvNTNkOTA2M2QtODdhZS00ZWE4LWJlOTAtMzY4NmMzYjg2NjlmL3Jlc291cmNlR3JvdXBzL3JnYWJhMTQ5ODUvcHJvdmlkZXJzL01pY3Jvc29mdC5EYXRhTGFrZVN0b3JlL2FjY291bnRzL3Rlc3RkYXRhbGFrZTEzNDYyP2FwaS12ZXJzaW9uPTIwMTUtMTAtMDEtcHJldmlldw==",
      "RequestMethod": "GET",
      "RequestBody": "",
      "RequestHeaders": {
        "User-Agent": [
          "Microsoft.Azure.Management.DataLake.Store.DataLakeStoreAccountManagementClient/0.10.0.0"
        ]
      },
      "ResponseBody": "{\r\n  \"properties\": {\r\n    \"firewallState\": \"Disabled\",\r\n    \"firewallRules\": [],\r\n    \"provisioningState\": \"Succeeded\",\r\n    \"state\": \"Active\",\r\n    \"endpoint\": \"testdatalake13462.azuredatalakestore.net\",\r\n    \"creationTime\": \"2016-03-10T00:56:19.2318903Z\",\r\n    \"lastModifiedTime\": \"2016-03-10T00:56:19.2318903Z\"\r\n  },\r\n  \"location\": \"East US 2\",\r\n  \"tags\": null,\r\n  \"id\": \"/subscriptions/53d9063d-87ae-4ea8-be90-3686c3b8669f/resourceGroups/rgaba14985/providers/Microsoft.DataLakeStore/accounts/testdatalake13462\",\r\n  \"name\": \"testdatalake13462\",\r\n  \"type\": \"Microsoft.DataLakeStore/accounts\"\r\n}",
      "ResponseHeaders": {
        "Content-Type": [
          "application/json"
        ],
        "Expires": [
          "-1"
        ],
        "Cache-Control": [
          "no-cache"
        ],
        "Date": [
          "Thu, 10 Mar 2016 00:56:42 GMT"
        ],
        "Pragma": [
          "no-cache"
        ],
        "Transfer-Encoding": [
          "chunked"
        ],
        "Server": [
          "Microsoft-IIS/8.5"
        ],
        "Vary": [
          "Accept-Encoding"
        ],
        "x-ms-request-id": [
          "ad1e079b-172e-4f90-bfa3-a959f423e6d4"
        ],
        "X-AspNet-Version": [
          "4.0.30319"
        ],
        "X-Powered-By": [
          "ASP.NET"
        ],
        "x-ms-ratelimit-remaining-subscription-reads": [
          "14998"
        ],
        "x-ms-correlation-request-id": [
          "c33eac75-39ad-48d2-bd5f-4e1c7b7a4d97"
        ],
        "x-ms-routing-request-id": [
          "CENTRALUS:20160310T005643Z:c33eac75-39ad-48d2-bd5f-4e1c7b7a4d97"
        ],
        "Strict-Transport-Security": [
          "max-age=31536000; includeSubDomains"
        ]
      },
      "StatusCode": 200
    },
    {
      "RequestUri": "/subscriptions/53d9063d-87ae-4ea8-be90-3686c3b8669f/resourceGroups/rgaba14985/providers/Microsoft.DataLakeStore/accounts/testdatalake13462?api-version=2015-10-01-preview",
      "EncodedRequestUri": "L3N1YnNjcmlwdGlvbnMvNTNkOTA2M2QtODdhZS00ZWE4LWJlOTAtMzY4NmMzYjg2NjlmL3Jlc291cmNlR3JvdXBzL3JnYWJhMTQ5ODUvcHJvdmlkZXJzL01pY3Jvc29mdC5EYXRhTGFrZVN0b3JlL2FjY291bnRzL3Rlc3RkYXRhbGFrZTEzNDYyP2FwaS12ZXJzaW9uPTIwMTUtMTAtMDEtcHJldmlldw==",
      "RequestMethod": "GET",
      "RequestBody": "",
      "RequestHeaders": {
        "x-ms-client-request-id": [
          "82aa8925-f6ac-4151-a7e2-1b7c3c1791d4"
        ],
        "accept-language": [
          "en-US"
        ],
        "User-Agent": [
          "Microsoft.Azure.Management.DataLake.Store.DataLakeStoreAccountManagementClient/0.10.0.0"
        ]
      },
      "ResponseBody": "{\r\n  \"properties\": {\r\n    \"firewallState\": \"Disabled\",\r\n    \"firewallRules\": [],\r\n    \"provisioningState\": \"Succeeded\",\r\n    \"state\": \"Active\",\r\n    \"endpoint\": \"testdatalake13462.azuredatalakestore.net\",\r\n    \"creationTime\": \"2016-03-10T00:56:19.2318903Z\",\r\n    \"lastModifiedTime\": \"2016-03-10T00:56:19.2318903Z\"\r\n  },\r\n  \"location\": \"East US 2\",\r\n  \"tags\": null,\r\n  \"id\": \"/subscriptions/53d9063d-87ae-4ea8-be90-3686c3b8669f/resourceGroups/rgaba14985/providers/Microsoft.DataLakeStore/accounts/testdatalake13462\",\r\n  \"name\": \"testdatalake13462\",\r\n  \"type\": \"Microsoft.DataLakeStore/accounts\"\r\n}",
      "ResponseHeaders": {
        "Content-Type": [
          "application/json"
        ],
        "Expires": [
          "-1"
        ],
        "Cache-Control": [
          "no-cache"
        ],
        "Date": [
          "Thu, 10 Mar 2016 00:56:42 GMT"
        ],
        "Pragma": [
          "no-cache"
        ],
        "Transfer-Encoding": [
          "chunked"
        ],
        "Server": [
          "Microsoft-IIS/8.5"
        ],
        "Vary": [
          "Accept-Encoding"
        ],
        "x-ms-request-id": [
          "295c9dfc-0330-4971-8ada-7e2fe4d3b19a"
        ],
        "X-AspNet-Version": [
          "4.0.30319"
        ],
        "X-Powered-By": [
          "ASP.NET"
        ],
        "x-ms-ratelimit-remaining-subscription-reads": [
          "14997"
        ],
        "x-ms-correlation-request-id": [
          "b417f7a8-30cc-4839-9d65-53acc596f168"
        ],
        "x-ms-routing-request-id": [
          "CENTRALUS:20160310T005643Z:b417f7a8-30cc-4839-9d65-53acc596f168"
        ],
        "Strict-Transport-Security": [
          "max-age=31536000; includeSubDomains"
        ]
      },
      "StatusCode": 200
    },
    {
      "RequestUri": "/subscriptions/53d9063d-87ae-4ea8-be90-3686c3b8669f/resourceGroups/rgaba14985/providers/Microsoft.DataLakeStore/accounts/testdatalake13462?api-version=2015-10-01-preview",
      "EncodedRequestUri": "L3N1YnNjcmlwdGlvbnMvNTNkOTA2M2QtODdhZS00ZWE4LWJlOTAtMzY4NmMzYjg2NjlmL3Jlc291cmNlR3JvdXBzL3JnYWJhMTQ5ODUvcHJvdmlkZXJzL01pY3Jvc29mdC5EYXRhTGFrZVN0b3JlL2FjY291bnRzL3Rlc3RkYXRhbGFrZTEzNDYyP2FwaS12ZXJzaW9uPTIwMTUtMTAtMDEtcHJldmlldw==",
      "RequestMethod": "GET",
      "RequestBody": "",
      "RequestHeaders": {
        "x-ms-client-request-id": [
          "60b9b01d-76af-42ea-bb80-2e4cb01f0d70"
        ],
        "accept-language": [
          "en-US"
        ],
        "User-Agent": [
          "Microsoft.Azure.Management.DataLake.Store.DataLakeStoreAccountManagementClient/0.10.0.0"
        ]
      },
      "ResponseBody": "{\r\n  \"properties\": {\r\n    \"firewallState\": \"Disabled\",\r\n    \"firewallRules\": [],\r\n    \"provisioningState\": \"Succeeded\",\r\n    \"state\": \"Active\",\r\n    \"endpoint\": \"testdatalake13462.azuredatalakestore.net\",\r\n    \"creationTime\": \"2016-03-10T00:56:19.2318903Z\",\r\n    \"lastModifiedTime\": \"2016-03-10T00:56:19.2318903Z\"\r\n  },\r\n  \"location\": \"East US 2\",\r\n  \"tags\": null,\r\n  \"id\": \"/subscriptions/53d9063d-87ae-4ea8-be90-3686c3b8669f/resourceGroups/rgaba14985/providers/Microsoft.DataLakeStore/accounts/testdatalake13462\",\r\n  \"name\": \"testdatalake13462\",\r\n  \"type\": \"Microsoft.DataLakeStore/accounts\"\r\n}",
      "ResponseHeaders": {
        "Content-Type": [
          "application/json"
        ],
        "Expires": [
          "-1"
        ],
        "Cache-Control": [
          "no-cache"
        ],
        "Date": [
          "Thu, 10 Mar 2016 00:57:15 GMT"
        ],
        "Pragma": [
          "no-cache"
        ],
        "Transfer-Encoding": [
          "chunked"
        ],
        "Server": [
          "Microsoft-IIS/8.5"
        ],
        "Vary": [
          "Accept-Encoding"
        ],
        "x-ms-request-id": [
          "b7afeb5f-2a9f-4af5-8f83-160911ae02b8"
        ],
        "X-AspNet-Version": [
          "4.0.30319"
        ],
        "X-Powered-By": [
          "ASP.NET"
        ],
        "x-ms-ratelimit-remaining-subscription-reads": [
          "14992"
        ],
        "x-ms-correlation-request-id": [
          "fbdb573c-8a94-45ad-9719-418eb62682ae"
        ],
        "x-ms-routing-request-id": [
          "CENTRALUS:20160310T005716Z:fbdb573c-8a94-45ad-9719-418eb62682ae"
        ],
        "Strict-Transport-Security": [
          "max-age=31536000; includeSubDomains"
        ]
      },
      "StatusCode": 200
    },
    {
      "RequestUri": "/subscriptions/53d9063d-87ae-4ea8-be90-3686c3b8669f/resourceGroups/rgaba14985/providers/Microsoft.DataLakeStore/accounts/testdatalake13462?api-version=2015-10-01-preview",
      "EncodedRequestUri": "L3N1YnNjcmlwdGlvbnMvNTNkOTA2M2QtODdhZS00ZWE4LWJlOTAtMzY4NmMzYjg2NjlmL3Jlc291cmNlR3JvdXBzL3JnYWJhMTQ5ODUvcHJvdmlkZXJzL01pY3Jvc29mdC5EYXRhTGFrZVN0b3JlL2FjY291bnRzL3Rlc3RkYXRhbGFrZTEzNDYyP2FwaS12ZXJzaW9uPTIwMTUtMTAtMDEtcHJldmlldw==",
      "RequestMethod": "PUT",
      "RequestBody": "{\r\n  \"location\": \"East US 2\",\r\n  \"name\": \"testdatalake13462\"\r\n}",
      "RequestHeaders": {
        "Content-Type": [
          "application/json; charset=utf-8"
        ],
        "Content-Length": [
          "63"
        ],
        "x-ms-client-request-id": [
          "886d638f-a666-4464-a275-35bd1755941e"
        ],
        "accept-language": [
          "en-US"
        ],
        "User-Agent": [
          "Microsoft.Azure.Management.DataLake.Store.DataLakeStoreAccountManagementClient/0.10.0.0"
        ]
      },
      "ResponseBody": "{\r\n  \"properties\": {\r\n    \"provisioningState\": \"Creating\",\r\n    \"state\": null,\r\n    \"endpoint\": null,\r\n    \"creationTime\": null,\r\n    \"lastModifiedTime\": null\r\n  },\r\n  \"location\": \"East US 2\",\r\n  \"tags\": null,\r\n  \"id\": \"/subscriptions/53d9063d-87ae-4ea8-be90-3686c3b8669f/resourceGroups/rgaba14985/providers/Microsoft.DataLakeStore/accounts/testdatalake13462\",\r\n  \"name\": \"testdatalake13462\",\r\n  \"type\": \"Microsoft.DataLakeStore/accounts\"\r\n}",
      "ResponseHeaders": {
        "Content-Length": [
          "370"
        ],
        "Content-Type": [
          "application/json"
        ],
        "Expires": [
          "-1"
        ],
        "Cache-Control": [
          "no-cache"
        ],
        "Date": [
          "Thu, 10 Mar 2016 00:56:10 GMT"
        ],
        "Pragma": [
          "no-cache"
        ],
        "Location": [
          "https://management.azure.com/subscriptions/53d9063d-87ae-4ea8-be90-3686c3b8669f/resourcegroups/rgaba14985/providers/Microsoft.DataLakeStore/accounts/testdatalake13462/operationresults/0?api-version=2015-10-01-preview"
        ],
        "Retry-After": [
          "10"
        ],
        "Server": [
          "Microsoft-IIS/8.5"
        ],
        "Azure-AsyncOperation": [
          "https://management.azure.com/subscriptions/53d9063d-87ae-4ea8-be90-3686c3b8669f/providers/Microsoft.DataLakeStore/locations/EastUS2/operationResults/963c6896-02aa-4229-a551-b1900463035f0?api-version=2015-10-01-preview&expanded=true"
        ],
        "x-ms-request-id": [
          "a38ab7a9-122b-44d4-bcd2-41ae87ec609d"
        ],
        "X-AspNet-Version": [
          "4.0.30319"
        ],
        "X-Powered-By": [
          "ASP.NET"
        ],
        "x-ms-ratelimit-remaining-subscription-writes": [
          "1199"
        ],
        "x-ms-correlation-request-id": [
          "e95c6e80-03fb-470a-bbbf-d6365d7e94c8"
        ],
        "x-ms-routing-request-id": [
          "WESTUS:20160310T005611Z:e95c6e80-03fb-470a-bbbf-d6365d7e94c8"
        ],
        "Strict-Transport-Security": [
          "max-age=31536000; includeSubDomains"
        ]
      },
      "StatusCode": 201
    },
    {
      "RequestUri": "/subscriptions/53d9063d-87ae-4ea8-be90-3686c3b8669f/providers/Microsoft.DataLakeStore/locations/EastUS2/operationResults/963c6896-02aa-4229-a551-b1900463035f0?api-version=2015-10-01-preview&expanded=true",
      "EncodedRequestUri": "L3N1YnNjcmlwdGlvbnMvNTNkOTA2M2QtODdhZS00ZWE4LWJlOTAtMzY4NmMzYjg2NjlmL3Byb3ZpZGVycy9NaWNyb3NvZnQuRGF0YUxha2VTdG9yZS9sb2NhdGlvbnMvRWFzdFVTMi9vcGVyYXRpb25SZXN1bHRzLzk2M2M2ODk2LTAyYWEtNDIyOS1hNTUxLWIxOTAwNDYzMDM1ZjA/YXBpLXZlcnNpb249MjAxNS0xMC0wMS1wcmV2aWV3JmV4cGFuZGVkPXRydWU=",
      "RequestMethod": "GET",
      "RequestBody": "",
      "RequestHeaders": {
        "User-Agent": [
          "Microsoft.Azure.Management.DataLake.Store.DataLakeStoreAccountManagementClient/0.10.0.0"
        ]
      },
      "ResponseBody": "{\r\n  \"status\": \"Succeeded\"\r\n}",
      "ResponseHeaders": {
        "Content-Type": [
          "application/json"
        ],
        "Expires": [
          "-1"
        ],
        "Cache-Control": [
          "no-cache"
        ],
        "Date": [
          "Thu, 10 Mar 2016 00:56:41 GMT"
        ],
        "Pragma": [
          "no-cache"
        ],
        "Transfer-Encoding": [
          "chunked"
        ],
        "Server": [
          "Microsoft-IIS/8.5"
        ],
        "Vary": [
          "Accept-Encoding"
        ],
        "x-ms-request-id": [
          "8e49f02e-19c4-401d-b139-53448fd3abde"
        ],
        "X-AspNet-Version": [
          "4.0.30319"
        ],
        "X-Powered-By": [
          "ASP.NET"
        ],
        "x-ms-ratelimit-remaining-subscription-reads": [
          "14999"
        ],
        "x-ms-correlation-request-id": [
          "c180bfab-fa28-4167-a0bf-75e3fb5b4712"
        ],
        "x-ms-routing-request-id": [
          "CENTRALUS:20160310T005642Z:c180bfab-fa28-4167-a0bf-75e3fb5b4712"
        ],
        "Strict-Transport-Security": [
          "max-age=31536000; includeSubDomains"
        ]
      },
      "StatusCode": 200
    },
    {
      "RequestUri": "/subscriptions/53d9063d-87ae-4ea8-be90-3686c3b8669f/resourceGroups/rgaba14985/providers/Microsoft.DataLakeStore/accounts/testdatalake29899?api-version=2015-10-01-preview",
      "EncodedRequestUri": "L3N1YnNjcmlwdGlvbnMvNTNkOTA2M2QtODdhZS00ZWE4LWJlOTAtMzY4NmMzYjg2NjlmL3Jlc291cmNlR3JvdXBzL3JnYWJhMTQ5ODUvcHJvdmlkZXJzL01pY3Jvc29mdC5EYXRhTGFrZVN0b3JlL2FjY291bnRzL3Rlc3RkYXRhbGFrZTI5ODk5P2FwaS12ZXJzaW9uPTIwMTUtMTAtMDEtcHJldmlldw==",
      "RequestMethod": "GET",
      "RequestBody": "",
      "RequestHeaders": {
        "x-ms-client-request-id": [
          "b70c81ca-273a-4dd0-afc9-05f0ea90bf84"
        ],
        "accept-language": [
          "en-US"
        ],
        "User-Agent": [
          "Microsoft.Azure.Management.DataLake.Store.DataLakeStoreAccountManagementClient/0.10.0.0"
        ]
      },
      "ResponseBody": "{\r\n  \"error\": {\r\n    \"code\": \"ResourceNotFound\",\r\n    \"message\": \"The Resource 'Microsoft.DataLakeStore/accounts/testdatalake29899' under resource group 'rgaba14985' was not found.\"\r\n  }\r\n}",
      "ResponseHeaders": {
        "Content-Length": [
          "164"
        ],
        "Content-Type": [
          "application/json; charset=utf-8"
        ],
        "Expires": [
          "-1"
        ],
        "Cache-Control": [
          "no-cache"
        ],
        "Date": [
          "Thu, 10 Mar 2016 00:56:42 GMT"
        ],
        "Pragma": [
          "no-cache"
        ],
        "x-ms-failure-cause": [
          "gateway"
        ],
        "x-ms-request-id": [
          "a6cb6242-c042-4179-a5ad-ff713ee6e853"
        ],
        "x-ms-correlation-request-id": [
          "a6cb6242-c042-4179-a5ad-ff713ee6e853"
        ],
        "x-ms-routing-request-id": [
          "CENTRALUS:20160310T005643Z:a6cb6242-c042-4179-a5ad-ff713ee6e853"
        ],
        "Strict-Transport-Security": [
          "max-age=31536000; includeSubDomains"
        ]
      },
      "StatusCode": 404
    },
    {
      "RequestUri": "/subscriptions/53d9063d-87ae-4ea8-be90-3686c3b8669f/resourceGroups/rgaba14985/providers/Microsoft.DataLakeStore/accounts/testdatalake29899?api-version=2015-10-01-preview",
      "EncodedRequestUri": "L3N1YnNjcmlwdGlvbnMvNTNkOTA2M2QtODdhZS00ZWE4LWJlOTAtMzY4NmMzYjg2NjlmL3Jlc291cmNlR3JvdXBzL3JnYWJhMTQ5ODUvcHJvdmlkZXJzL01pY3Jvc29mdC5EYXRhTGFrZVN0b3JlL2FjY291bnRzL3Rlc3RkYXRhbGFrZTI5ODk5P2FwaS12ZXJzaW9uPTIwMTUtMTAtMDEtcHJldmlldw==",
      "RequestMethod": "GET",
      "RequestBody": "",
      "RequestHeaders": {
        "User-Agent": [
          "Microsoft.Azure.Management.DataLake.Store.DataLakeStoreAccountManagementClient/0.10.0.0"
        ]
      },
      "ResponseBody": "{\r\n  \"properties\": {\r\n    \"firewallState\": \"Disabled\",\r\n    \"firewallRules\": [],\r\n    \"provisioningState\": \"Succeeded\",\r\n    \"state\": \"Active\",\r\n    \"endpoint\": \"testdatalake29899.azuredatalakestore.net\",\r\n    \"creationTime\": \"2016-03-10T00:56:47.9274077Z\",\r\n    \"lastModifiedTime\": \"2016-03-10T00:56:47.9274077Z\"\r\n  },\r\n  \"location\": \"East US 2\",\r\n  \"tags\": null,\r\n  \"id\": \"/subscriptions/53d9063d-87ae-4ea8-be90-3686c3b8669f/resourceGroups/rgaba14985/providers/Microsoft.DataLakeStore/accounts/testdatalake29899\",\r\n  \"name\": \"testdatalake29899\",\r\n  \"type\": \"Microsoft.DataLakeStore/accounts\"\r\n}",
      "ResponseHeaders": {
        "Content-Type": [
          "application/json"
        ],
        "Expires": [
          "-1"
        ],
        "Cache-Control": [
          "no-cache"
        ],
        "Date": [
          "Thu, 10 Mar 2016 00:57:15 GMT"
        ],
        "Pragma": [
          "no-cache"
        ],
        "Transfer-Encoding": [
          "chunked"
        ],
        "Server": [
          "Microsoft-IIS/8.5"
        ],
        "Vary": [
          "Accept-Encoding"
        ],
        "x-ms-request-id": [
          "3bf0c603-c74e-41ae-8ce1-e6f0877bd667"
        ],
        "X-AspNet-Version": [
          "4.0.30319"
        ],
        "X-Powered-By": [
          "ASP.NET"
        ],
        "x-ms-ratelimit-remaining-subscription-reads": [
          "14994"
        ],
        "x-ms-correlation-request-id": [
          "f3bc616c-d97e-4860-bcc1-e79ff2f0be4d"
        ],
        "x-ms-routing-request-id": [
          "CENTRALUS:20160310T005715Z:f3bc616c-d97e-4860-bcc1-e79ff2f0be4d"
        ],
        "Strict-Transport-Security": [
          "max-age=31536000; includeSubDomains"
        ]
      },
      "StatusCode": 200
    },
    {
      "RequestUri": "/subscriptions/53d9063d-87ae-4ea8-be90-3686c3b8669f/resourceGroups/rgaba14985/providers/Microsoft.DataLakeStore/accounts/testdatalake29899?api-version=2015-10-01-preview",
      "EncodedRequestUri": "L3N1YnNjcmlwdGlvbnMvNTNkOTA2M2QtODdhZS00ZWE4LWJlOTAtMzY4NmMzYjg2NjlmL3Jlc291cmNlR3JvdXBzL3JnYWJhMTQ5ODUvcHJvdmlkZXJzL01pY3Jvc29mdC5EYXRhTGFrZVN0b3JlL2FjY291bnRzL3Rlc3RkYXRhbGFrZTI5ODk5P2FwaS12ZXJzaW9uPTIwMTUtMTAtMDEtcHJldmlldw==",
      "RequestMethod": "GET",
      "RequestBody": "",
      "RequestHeaders": {
        "x-ms-client-request-id": [
          "c3117569-1430-44fc-a8a1-73d6ef59ba69"
        ],
        "accept-language": [
          "en-US"
        ],
        "User-Agent": [
          "Microsoft.Azure.Management.DataLake.Store.DataLakeStoreAccountManagementClient/0.10.0.0"
        ]
      },
      "ResponseBody": "{\r\n  \"properties\": {\r\n    \"firewallState\": \"Disabled\",\r\n    \"firewallRules\": [],\r\n    \"provisioningState\": \"Succeeded\",\r\n    \"state\": \"Active\",\r\n    \"endpoint\": \"testdatalake29899.azuredatalakestore.net\",\r\n    \"creationTime\": \"2016-03-10T00:56:47.9274077Z\",\r\n    \"lastModifiedTime\": \"2016-03-10T00:56:47.9274077Z\"\r\n  },\r\n  \"location\": \"East US 2\",\r\n  \"tags\": null,\r\n  \"id\": \"/subscriptions/53d9063d-87ae-4ea8-be90-3686c3b8669f/resourceGroups/rgaba14985/providers/Microsoft.DataLakeStore/accounts/testdatalake29899\",\r\n  \"name\": \"testdatalake29899\",\r\n  \"type\": \"Microsoft.DataLakeStore/accounts\"\r\n}",
      "ResponseHeaders": {
        "Content-Type": [
          "application/json"
        ],
        "Expires": [
          "-1"
        ],
        "Cache-Control": [
          "no-cache"
        ],
        "Date": [
          "Thu, 10 Mar 2016 00:57:15 GMT"
        ],
        "Pragma": [
          "no-cache"
        ],
        "Transfer-Encoding": [
          "chunked"
        ],
        "Server": [
          "Microsoft-IIS/8.5"
        ],
        "Vary": [
          "Accept-Encoding"
        ],
        "x-ms-request-id": [
          "6dbed871-e27e-4234-a41b-8768bbd37f26"
        ],
        "X-AspNet-Version": [
          "4.0.30319"
        ],
        "X-Powered-By": [
          "ASP.NET"
        ],
        "x-ms-ratelimit-remaining-subscription-reads": [
          "14993"
        ],
        "x-ms-correlation-request-id": [
          "0fec2ea4-6cee-4763-bf53-611f2dfb1075"
        ],
        "x-ms-routing-request-id": [
          "CENTRALUS:20160310T005716Z:0fec2ea4-6cee-4763-bf53-611f2dfb1075"
        ],
        "Strict-Transport-Security": [
          "max-age=31536000; includeSubDomains"
        ]
      },
      "StatusCode": 200
    },
    {
      "RequestUri": "/subscriptions/53d9063d-87ae-4ea8-be90-3686c3b8669f/resourceGroups/rgaba14985/providers/Microsoft.DataLakeStore/accounts/testdatalake29899?api-version=2015-10-01-preview",
      "EncodedRequestUri": "L3N1YnNjcmlwdGlvbnMvNTNkOTA2M2QtODdhZS00ZWE4LWJlOTAtMzY4NmMzYjg2NjlmL3Jlc291cmNlR3JvdXBzL3JnYWJhMTQ5ODUvcHJvdmlkZXJzL01pY3Jvc29mdC5EYXRhTGFrZVN0b3JlL2FjY291bnRzL3Rlc3RkYXRhbGFrZTI5ODk5P2FwaS12ZXJzaW9uPTIwMTUtMTAtMDEtcHJldmlldw==",
      "RequestMethod": "PUT",
      "RequestBody": "{\r\n  \"location\": \"East US 2\",\r\n  \"name\": \"testdatalake29899\"\r\n}",
      "RequestHeaders": {
        "Content-Type": [
          "application/json; charset=utf-8"
        ],
        "Content-Length": [
          "63"
        ],
        "x-ms-client-request-id": [
          "f220539c-243c-4894-a32c-d6cc578ae67f"
        ],
        "accept-language": [
          "en-US"
        ],
        "User-Agent": [
          "Microsoft.Azure.Management.DataLake.Store.DataLakeStoreAccountManagementClient/0.10.0.0"
        ]
      },
      "ResponseBody": "{\r\n  \"properties\": {\r\n    \"provisioningState\": \"Creating\",\r\n    \"state\": null,\r\n    \"endpoint\": null,\r\n    \"creationTime\": null,\r\n    \"lastModifiedTime\": null\r\n  },\r\n  \"location\": \"East US 2\",\r\n  \"tags\": null,\r\n  \"id\": \"/subscriptions/53d9063d-87ae-4ea8-be90-3686c3b8669f/resourceGroups/rgaba14985/providers/Microsoft.DataLakeStore/accounts/testdatalake29899\",\r\n  \"name\": \"testdatalake29899\",\r\n  \"type\": \"Microsoft.DataLakeStore/accounts\"\r\n}",
      "ResponseHeaders": {
        "Content-Length": [
          "370"
        ],
        "Content-Type": [
          "application/json"
        ],
        "Expires": [
          "-1"
        ],
        "Cache-Control": [
          "no-cache"
        ],
        "Date": [
          "Thu, 10 Mar 2016 00:56:44 GMT"
        ],
        "Pragma": [
          "no-cache"
        ],
        "Location": [
          "https://management.azure.com/subscriptions/53d9063d-87ae-4ea8-be90-3686c3b8669f/resourcegroups/rgaba14985/providers/Microsoft.DataLakeStore/accounts/testdatalake29899/operationresults/0?api-version=2015-10-01-preview"
        ],
        "Retry-After": [
          "10"
        ],
        "Server": [
          "Microsoft-IIS/8.5"
        ],
        "Azure-AsyncOperation": [
          "https://management.azure.com/subscriptions/53d9063d-87ae-4ea8-be90-3686c3b8669f/providers/Microsoft.DataLakeStore/locations/EastUS2/operationResults/9a2126ca-0d6a-485d-8672-9066cd5e8f6c0?api-version=2015-10-01-preview&expanded=true"
        ],
        "x-ms-request-id": [
          "9431fa5e-3693-4ff3-b3d0-d44b9abdf96d"
        ],
        "X-AspNet-Version": [
          "4.0.30319"
        ],
        "X-Powered-By": [
          "ASP.NET"
        ],
        "x-ms-ratelimit-remaining-subscription-writes": [
          "1199"
        ],
        "x-ms-correlation-request-id": [
          "64b41682-5525-4b2d-bf8f-a3edeb9a54f8"
        ],
        "x-ms-routing-request-id": [
          "CENTRALUS:20160310T005645Z:64b41682-5525-4b2d-bf8f-a3edeb9a54f8"
        ],
        "Strict-Transport-Security": [
          "max-age=31536000; includeSubDomains"
        ]
      },
      "StatusCode": 201
    },
    {
      "RequestUri": "/subscriptions/53d9063d-87ae-4ea8-be90-3686c3b8669f/providers/Microsoft.DataLakeStore/locations/EastUS2/operationResults/9a2126ca-0d6a-485d-8672-9066cd5e8f6c0?api-version=2015-10-01-preview&expanded=true",
      "EncodedRequestUri": "L3N1YnNjcmlwdGlvbnMvNTNkOTA2M2QtODdhZS00ZWE4LWJlOTAtMzY4NmMzYjg2NjlmL3Byb3ZpZGVycy9NaWNyb3NvZnQuRGF0YUxha2VTdG9yZS9sb2NhdGlvbnMvRWFzdFVTMi9vcGVyYXRpb25SZXN1bHRzLzlhMjEyNmNhLTBkNmEtNDg1ZC04NjcyLTkwNjZjZDVlOGY2YzA/YXBpLXZlcnNpb249MjAxNS0xMC0wMS1wcmV2aWV3JmV4cGFuZGVkPXRydWU=",
      "RequestMethod": "GET",
      "RequestBody": "",
      "RequestHeaders": {
        "User-Agent": [
          "Microsoft.Azure.Management.DataLake.Store.DataLakeStoreAccountManagementClient/0.10.0.0"
        ]
      },
      "ResponseBody": "{\r\n  \"status\": \"Succeeded\"\r\n}",
      "ResponseHeaders": {
        "Content-Type": [
          "application/json"
        ],
        "Expires": [
          "-1"
        ],
        "Cache-Control": [
          "no-cache"
        ],
        "Date": [
          "Thu, 10 Mar 2016 00:57:15 GMT"
        ],
        "Pragma": [
          "no-cache"
        ],
        "Transfer-Encoding": [
          "chunked"
        ],
        "Server": [
          "Microsoft-IIS/8.5"
        ],
        "Vary": [
          "Accept-Encoding"
        ],
        "x-ms-request-id": [
          "4762ef62-e810-410e-956f-954d8eb21aa9"
        ],
        "X-AspNet-Version": [
          "4.0.30319"
        ],
        "X-Powered-By": [
          "ASP.NET"
        ],
        "x-ms-ratelimit-remaining-subscription-reads": [
          "14995"
        ],
        "x-ms-correlation-request-id": [
          "5bb90879-899d-4c9f-b052-0ad188e0e326"
        ],
        "x-ms-routing-request-id": [
          "CENTRALUS:20160310T005715Z:5bb90879-899d-4c9f-b052-0ad188e0e326"
        ],
        "Strict-Transport-Security": [
          "max-age=31536000; includeSubDomains"
        ]
      },
      "StatusCode": 200
    },
    {
      "RequestUri": "/subscriptions/53d9063d-87ae-4ea8-be90-3686c3b8669f/resourceGroups/rgaba14985/providers/Microsoft.DataLakeAnalytics/accounts/testaba25143?api-version=2015-10-01-preview",
      "EncodedRequestUri": "L3N1YnNjcmlwdGlvbnMvNTNkOTA2M2QtODdhZS00ZWE4LWJlOTAtMzY4NmMzYjg2NjlmL3Jlc291cmNlR3JvdXBzL3JnYWJhMTQ5ODUvcHJvdmlkZXJzL01pY3Jvc29mdC5EYXRhTGFrZUFuYWx5dGljcy9hY2NvdW50cy90ZXN0YWJhMjUxNDM/YXBpLXZlcnNpb249MjAxNS0xMC0wMS1wcmV2aWV3",
      "RequestMethod": "PUT",
      "RequestBody": "{\r\n  \"location\": \"East US 2\",\r\n  \"name\": \"testaba25143\",\r\n  \"properties\": {\r\n    \"defaultDataLakeStoreAccount\": \"testdatalake13462\",\r\n    \"dataLakeStoreAccounts\": [\r\n      {\r\n        \"name\": \"testdatalake13462\",\r\n        \"properties\": {\r\n          \"suffix\": \"azuredatalakestore.net\"\r\n        }\r\n      }\r\n    ]\r\n  }\r\n}",
      "RequestHeaders": {
        "Content-Type": [
          "application/json; charset=utf-8"
        ],
        "Content-Length": [
          "317"
        ],
        "x-ms-client-request-id": [
          "0e9dfff7-f5f5-4762-8565-4cfd213d814e"
        ],
        "accept-language": [
          "en-US"
        ],
        "User-Agent": [
          "Microsoft.Azure.Management.DataLake.Analytics.DataLakeAnalyticsAccountManagementClient/0.10.0.0"
        ]
      },
      "ResponseBody": "{\r\n  \"properties\": {\r\n    \"defaultDataLakeStoreAccount\": \"testdatalake13462\",\r\n    \"dataLakeStoreAccounts\": [\r\n      {\r\n        \"properties\": {\r\n          \"suffix\": \"azuredatalakestore.net\"\r\n        },\r\n        \"name\": \"testdatalake13462\"\r\n      }\r\n    ],\r\n    \"provisioningState\": \"Creating\",\r\n    \"state\": null,\r\n    \"endpoint\": null,\r\n    \"creationTime\": null,\r\n    \"lastModifiedTime\": null\r\n  },\r\n  \"location\": \"East US 2\",\r\n  \"tags\": null,\r\n  \"id\": \"/subscriptions/53d9063d-87ae-4ea8-be90-3686c3b8669f/resourceGroups/rgaba14985/providers/Microsoft.DataLakeAnalytics/accounts/testaba25143\",\r\n  \"name\": \"testaba25143\",\r\n  \"type\": \"Microsoft.DataLakeAnalytics/accounts\"\r\n}",
      "ResponseHeaders": {
        "Content-Length": [
          "522"
        ],
        "Content-Type": [
          "application/json"
        ],
        "Expires": [
          "-1"
        ],
        "Cache-Control": [
          "no-cache"
        ],
        "Date": [
          "Thu, 10 Mar 2016 00:57:18 GMT"
        ],
        "Pragma": [
          "no-cache"
        ],
        "Location": [
          "https://management.azure.com/subscriptions/53d9063d-87ae-4ea8-be90-3686c3b8669f/resourcegroups/rgaba14985/providers/Microsoft.DataLakeAnalytics/accounts/testaba25143/operationresults/0?api-version=2015-10-01-preview"
        ],
        "Retry-After": [
          "10"
        ],
        "Server": [
          "Microsoft-IIS/8.5"
        ],
        "Azure-AsyncOperation": [
          "https://management.azure.com/subscriptions/53d9063d-87ae-4ea8-be90-3686c3b8669f/providers/Microsoft.DataLakeAnalytics/locations/EastUS2/operationResults/232098ca-bd4a-4a76-a4b8-70e83ff702ba0?api-version=2015-10-01-preview&expanded=true"
        ],
        "x-ms-request-id": [
          "8d45c122-d042-4a5b-9743-a851ce241e82"
        ],
        "X-AspNet-Version": [
          "4.0.30319"
        ],
        "X-Powered-By": [
          "ASP.NET"
        ],
        "x-ms-ratelimit-remaining-subscription-writes": [
          "1199"
        ],
        "x-ms-correlation-request-id": [
          "021a42b1-ca8f-431c-adf8-40387720d4dd"
        ],
        "x-ms-routing-request-id": [
          "CENTRALUS:20160310T005718Z:021a42b1-ca8f-431c-adf8-40387720d4dd"
        ],
        "Strict-Transport-Security": [
          "max-age=31536000; includeSubDomains"
        ]
      },
      "StatusCode": 201
    },
    {
      "RequestUri": "/subscriptions/53d9063d-87ae-4ea8-be90-3686c3b8669f/providers/Microsoft.DataLakeAnalytics/locations/EastUS2/operationResults/232098ca-bd4a-4a76-a4b8-70e83ff702ba0?api-version=2015-10-01-preview&expanded=true",
      "EncodedRequestUri": "L3N1YnNjcmlwdGlvbnMvNTNkOTA2M2QtODdhZS00ZWE4LWJlOTAtMzY4NmMzYjg2NjlmL3Byb3ZpZGVycy9NaWNyb3NvZnQuRGF0YUxha2VBbmFseXRpY3MvbG9jYXRpb25zL0Vhc3RVUzIvb3BlcmF0aW9uUmVzdWx0cy8yMzIwOThjYS1iZDRhLTRhNzYtYTRiOC03MGU4M2ZmNzAyYmEwP2FwaS12ZXJzaW9uPTIwMTUtMTAtMDEtcHJldmlldyZleHBhbmRlZD10cnVl",
      "RequestMethod": "GET",
      "RequestBody": "",
      "RequestHeaders": {
        "User-Agent": [
          "Microsoft.Azure.Management.DataLake.Analytics.DataLakeAnalyticsAccountManagementClient/0.10.0.0"
        ]
      },
      "ResponseBody": "{\r\n  \"status\": \"Succeeded\"\r\n}",
      "ResponseHeaders": {
        "Content-Type": [
          "application/json"
        ],
        "Expires": [
          "-1"
        ],
        "Cache-Control": [
          "no-cache"
        ],
        "Date": [
          "Thu, 10 Mar 2016 00:57:48 GMT"
        ],
        "Pragma": [
          "no-cache"
        ],
        "Transfer-Encoding": [
          "chunked"
        ],
        "Server": [
          "Microsoft-IIS/8.5"
        ],
        "Vary": [
          "Accept-Encoding"
        ],
        "x-ms-request-id": [
          "20e8683d-c522-4eac-acbd-65af15faba89"
        ],
        "X-AspNet-Version": [
          "4.0.30319"
        ],
        "X-Powered-By": [
          "ASP.NET"
        ],
        "x-ms-ratelimit-remaining-subscription-reads": [
          "14999"
        ],
        "x-ms-correlation-request-id": [
          "2d1882f2-6c2d-44fb-8bd4-132893adb183"
        ],
        "x-ms-routing-request-id": [
          "CENTRALUS:20160310T005748Z:2d1882f2-6c2d-44fb-8bd4-132893adb183"
        ],
        "Strict-Transport-Security": [
          "max-age=31536000; includeSubDomains"
        ]
      },
      "StatusCode": 200
    },
    {
      "RequestUri": "/subscriptions/53d9063d-87ae-4ea8-be90-3686c3b8669f/resourceGroups/rgaba14985/providers/Microsoft.DataLakeAnalytics/accounts/testaba25143?api-version=2015-10-01-preview",
      "EncodedRequestUri": "L3N1YnNjcmlwdGlvbnMvNTNkOTA2M2QtODdhZS00ZWE4LWJlOTAtMzY4NmMzYjg2NjlmL3Jlc291cmNlR3JvdXBzL3JnYWJhMTQ5ODUvcHJvdmlkZXJzL01pY3Jvc29mdC5EYXRhTGFrZUFuYWx5dGljcy9hY2NvdW50cy90ZXN0YWJhMjUxNDM/YXBpLXZlcnNpb249MjAxNS0xMC0wMS1wcmV2aWV3",
      "RequestMethod": "GET",
      "RequestBody": "",
      "RequestHeaders": {
        "User-Agent": [
          "Microsoft.Azure.Management.DataLake.Analytics.DataLakeAnalyticsAccountManagementClient/0.10.0.0"
        ]
      },
      "ResponseBody": "{\r\n  \"properties\": {\r\n    \"defaultDataLakeStoreAccount\": \"testdatalake13462\",\r\n    \"dataLakeStoreAccounts\": [\r\n      {\r\n        \"properties\": {\r\n          \"suffix\": \"azuredatalakestore.net\"\r\n        },\r\n        \"name\": \"testdatalake13462\"\r\n      }\r\n    ],\r\n    \"storageAccounts\": [],\r\n    \"maxDegreeOfParallelism\": 20,\r\n    \"maxJobCount\": 3,\r\n    \"provisioningState\": \"Succeeded\",\r\n    \"state\": \"Active\",\r\n    \"endpoint\": \"testaba25143.azuredatalakeanalytics.net\",\r\n    \"creationTime\": \"2016-03-10T00:57:19.4412423Z\",\r\n    \"lastModifiedTime\": \"2016-03-10T00:57:19.4412423Z\"\r\n  },\r\n  \"location\": \"East US 2\",\r\n  \"tags\": null,\r\n  \"id\": \"/subscriptions/53d9063d-87ae-4ea8-be90-3686c3b8669f/resourceGroups/rgaba14985/providers/Microsoft.DataLakeAnalytics/accounts/testaba25143\",\r\n  \"name\": \"testaba25143\",\r\n  \"type\": \"Microsoft.DataLakeAnalytics/accounts\"\r\n}",
      "ResponseHeaders": {
        "Content-Type": [
          "application/json"
        ],
        "Expires": [
          "-1"
        ],
        "Cache-Control": [
          "no-cache"
        ],
        "Date": [
          "Thu, 10 Mar 2016 00:57:48 GMT"
        ],
        "Pragma": [
          "no-cache"
        ],
        "Transfer-Encoding": [
          "chunked"
        ],
        "Server": [
          "Microsoft-IIS/8.5"
        ],
        "Vary": [
          "Accept-Encoding"
        ],
        "x-ms-request-id": [
          "730e95a8-d599-4f0b-994a-ddf087356002"
        ],
        "X-AspNet-Version": [
          "4.0.30319"
        ],
        "X-Powered-By": [
          "ASP.NET"
        ],
        "x-ms-ratelimit-remaining-subscription-reads": [
          "14998"
        ],
        "x-ms-correlation-request-id": [
          "3778f1c5-447a-41de-82ca-35250c658660"
        ],
        "x-ms-routing-request-id": [
          "CENTRALUS:20160310T005749Z:3778f1c5-447a-41de-82ca-35250c658660"
        ],
        "Strict-Transport-Security": [
          "max-age=31536000; includeSubDomains"
        ]
      },
      "StatusCode": 200
    },
    {
      "RequestUri": "/subscriptions/53d9063d-87ae-4ea8-be90-3686c3b8669f/resourceGroups/rgaba14985/providers/Microsoft.DataLakeAnalytics/accounts/testaba25143?api-version=2015-10-01-preview",
      "EncodedRequestUri": "L3N1YnNjcmlwdGlvbnMvNTNkOTA2M2QtODdhZS00ZWE4LWJlOTAtMzY4NmMzYjg2NjlmL3Jlc291cmNlR3JvdXBzL3JnYWJhMTQ5ODUvcHJvdmlkZXJzL01pY3Jvc29mdC5EYXRhTGFrZUFuYWx5dGljcy9hY2NvdW50cy90ZXN0YWJhMjUxNDM/YXBpLXZlcnNpb249MjAxNS0xMC0wMS1wcmV2aWV3",
      "RequestMethod": "GET",
      "RequestBody": "",
      "RequestHeaders": {
        "x-ms-client-request-id": [
          "2046db8f-a651-4e2b-98ee-7d2a2d141194"
        ],
        "accept-language": [
          "en-US"
        ],
        "User-Agent": [
          "Microsoft.Azure.Management.DataLake.Analytics.DataLakeAnalyticsAccountManagementClient/0.10.0.0"
        ]
      },
      "ResponseBody": "{\r\n  \"properties\": {\r\n    \"defaultDataLakeStoreAccount\": \"testdatalake13462\",\r\n    \"dataLakeStoreAccounts\": [\r\n      {\r\n        \"properties\": {\r\n          \"suffix\": \"azuredatalakestore.net\"\r\n        },\r\n        \"name\": \"testdatalake13462\"\r\n      }\r\n    ],\r\n    \"storageAccounts\": [],\r\n    \"maxDegreeOfParallelism\": 20,\r\n    \"maxJobCount\": 3,\r\n    \"provisioningState\": \"Succeeded\",\r\n    \"state\": \"Active\",\r\n    \"endpoint\": \"testaba25143.azuredatalakeanalytics.net\",\r\n    \"creationTime\": \"2016-03-10T00:57:19.4412423Z\",\r\n    \"lastModifiedTime\": \"2016-03-10T00:57:19.4412423Z\"\r\n  },\r\n  \"location\": \"East US 2\",\r\n  \"tags\": null,\r\n  \"id\": \"/subscriptions/53d9063d-87ae-4ea8-be90-3686c3b8669f/resourceGroups/rgaba14985/providers/Microsoft.DataLakeAnalytics/accounts/testaba25143\",\r\n  \"name\": \"testaba25143\",\r\n  \"type\": \"Microsoft.DataLakeAnalytics/accounts\"\r\n}",
      "ResponseHeaders": {
        "Content-Type": [
          "application/json"
        ],
        "Expires": [
          "-1"
        ],
        "Cache-Control": [
          "no-cache"
        ],
        "Date": [
          "Thu, 10 Mar 2016 00:57:48 GMT"
        ],
        "Pragma": [
          "no-cache"
        ],
        "Transfer-Encoding": [
          "chunked"
        ],
        "Server": [
          "Microsoft-IIS/8.5"
        ],
        "Vary": [
          "Accept-Encoding"
        ],
        "x-ms-request-id": [
          "12c07991-385f-4c80-80b1-7dd7999cd486"
        ],
        "X-AspNet-Version": [
          "4.0.30319"
        ],
        "X-Powered-By": [
          "ASP.NET"
        ],
        "x-ms-ratelimit-remaining-subscription-reads": [
          "14997"
        ],
        "x-ms-correlation-request-id": [
          "d5909056-7272-4307-b941-6adf72c87aae"
        ],
        "x-ms-routing-request-id": [
          "CENTRALUS:20160310T005749Z:d5909056-7272-4307-b941-6adf72c87aae"
        ],
        "Strict-Transport-Security": [
          "max-age=31536000; includeSubDomains"
        ]
      },
      "StatusCode": 200
    },
    {
      "RequestUri": "/Jobs/b7ceca04-c274-4007-a4ad-74f90db1d167?api-version=2015-11-01-preview",
      "EncodedRequestUri": "L0pvYnMvYjdjZWNhMDQtYzI3NC00MDA3LWE0YWQtNzRmOTBkYjFkMTY3P2FwaS12ZXJzaW9uPTIwMTUtMTEtMDEtcHJldmlldw==",
      "RequestMethod": "PUT",
      "RequestBody": "{\r\n  \"name\": \"azure sdk data lake analytics job\",\r\n  \"type\": \"USql\",\r\n  \"degreeOfParallelism\": 2,\r\n  \"properties\": {\r\n    \"type\": \"USql\",\r\n    \"script\": \"DROP DATABASE IF EXISTS testdb; CREATE DATABASE testdb;\"\r\n  }\r\n}",
      "RequestHeaders": {
        "Content-Type": [
          "application/json; charset=utf-8"
        ],
        "Content-Length": [
          "218"
        ],
        "x-ms-client-request-id": [
          "1b821c6c-46b7-488f-87a6-155196eded06"
        ],
        "subscriptionId": [
          "53d9063d-87ae-4ea8-be90-3686c3b8669f"
        ],
        "accept-language": [
          "en-US"
        ],
        "User-Agent": [
          "Microsoft.Azure.Management.DataLake.Analytics.DataLakeAnalyticsJobManagementClient/0.10.0.0"
        ]
      },
      "ResponseBody": "{\r\n  \"jobId\": \"b7ceca04-c274-4007-a4ad-74f90db1d167\",\r\n  \"name\": \"azure sdk data lake analytics job\",\r\n  \"type\": \"USql\",\r\n  \"submitter\": \"adlsvc01@benwgoldoutlook.onmicrosoft.com\",\r\n  \"account\": null,\r\n  \"degreeOfParallelism\": 2,\r\n  \"priority\": 0,\r\n  \"submitTime\": \"Thu, 10 Mar 2016 00:59:50 GMT\",\r\n  \"startTime\": null,\r\n  \"endTime\": null,\r\n  \"state\": \"Compiling\",\r\n  \"result\": \"Succeeded\",\r\n  \"errorMessage\": null,\r\n  \"storageAccounts\": null,\r\n  \"stateAuditRecords\": [\r\n    {\r\n      \"newState\": \"New\",\r\n      \"timeStamp\": \"Thu, 10 Mar 2016 00:59:50 GMT\",\r\n      \"requestedByUser\": null,\r\n      \"details\": \"userName:adlsvc01@benwgoldoutlook.onmicrosoft.com;submitMachine:N/A\"\r\n    }\r\n  ],\r\n  \"properties\": {\r\n    \"owner\": \"adlsvc01@benwgoldoutlook.onmicrosoft.com\",\r\n    \"runtimeVersion\": \"default\",\r\n    \"rootProcessNodeId\": \"00000000-0000-0000-0000-000000000000\",\r\n    \"algebraFilePath\": \"adl://testdatalake13462.azuredatalakestore.net/system/jobservice/jobs/Usql/2016/03/10/00/59/b7ceca04-c274-4007-a4ad-74f90db1d167/algebra.xml\",\r\n    \"compileMode\": \"Semantic\",\r\n    \"errorSource\": \"Unknown\",\r\n    \"totalCompilationTime\": \"00:00:00\",\r\n    \"totalPausedTime\": \"00:00:00\",\r\n    \"totalQueuedTime\": \"00:00:00\",\r\n    \"totalRunningTime\": \"00:00:00\",\r\n    \"type\": \"USql\"\r\n  }\r\n}",
      "ResponseHeaders": {
        "Content-Type": [
          "application/json; charset=utf-8"
        ],
        "Expires": [
          "-1"
        ],
        "Cache-Control": [
          "private"
        ],
        "Date": [
          "Thu, 10 Mar 2016 00:59:51 GMT"
        ],
        "Pragma": [
          "no-cache"
        ],
        "Transfer-Encoding": [
          "chunked"
        ],
        "x-ms-request-id": [
          "8ec191c7-997d-4925-927b-f4278d235a16"
        ],
        "X-Content-Type-Options": [
          "nosniff"
        ],
        "Strict-Transport-Security": [
          "max-age=15724800; includeSubDomains"
        ]
      },
      "StatusCode": 200
    },
    {
      "RequestUri": "/Jobs/b7ceca04-c274-4007-a4ad-74f90db1d167/CancelJob?api-version=2015-11-01-preview",
      "EncodedRequestUri": "L0pvYnMvYjdjZWNhMDQtYzI3NC00MDA3LWE0YWQtNzRmOTBkYjFkMTY3L0NhbmNlbEpvYj9hcGktdmVyc2lvbj0yMDE1LTExLTAxLXByZXZpZXc=",
      "RequestMethod": "POST",
      "RequestBody": "",
      "RequestHeaders": {
        "x-ms-client-request-id": [
          "2a6d6274-496a-44a6-8f03-ee7555cdf491"
        ],
        "subscriptionId": [
          "53d9063d-87ae-4ea8-be90-3686c3b8669f"
        ],
        "accept-language": [
          "en-US"
        ],
        "User-Agent": [
          "Microsoft.Azure.Management.DataLake.Analytics.DataLakeAnalyticsJobManagementClient/0.10.0.0"
        ]
      },
      "ResponseBody": "",
      "ResponseHeaders": {
        "Expires": [
          "-1"
        ],
        "Cache-Control": [
          "private"
        ],
        "Date": [
          "Thu, 10 Mar 2016 00:59:52 GMT"
        ],
        "Pragma": [
          "no-cache"
        ],
        "Transfer-Encoding": [
          "chunked"
        ],
        "x-ms-request-id": [
          "7aa902a0-4776-4dc0-bc17-f41bce74665b"
        ],
        "X-Content-Type-Options": [
          "nosniff"
        ],
        "Strict-Transport-Security": [
          "max-age=15724800; includeSubDomains"
        ]
      },
      "StatusCode": 200
    },
    {
      "RequestUri": "/Jobs/b7ceca04-c274-4007-a4ad-74f90db1d167?api-version=2015-11-01-preview",
      "EncodedRequestUri": "L0pvYnMvYjdjZWNhMDQtYzI3NC00MDA3LWE0YWQtNzRmOTBkYjFkMTY3P2FwaS12ZXJzaW9uPTIwMTUtMTEtMDEtcHJldmlldw==",
      "RequestMethod": "GET",
      "RequestBody": "",
      "RequestHeaders": {
        "x-ms-client-request-id": [
          "6ab95814-6ae9-4fb9-9b36-35f34f981ad6"
        ],
        "subscriptionId": [
          "53d9063d-87ae-4ea8-be90-3686c3b8669f"
        ],
        "accept-language": [
          "en-US"
        ],
        "User-Agent": [
          "Microsoft.Azure.Management.DataLake.Analytics.DataLakeAnalyticsJobManagementClient/0.10.0.0"
        ]
      },
      "ResponseBody": "{\r\n  \"jobId\": \"b7ceca04-c274-4007-a4ad-74f90db1d167\",\r\n  \"name\": \"azure sdk data lake analytics job\",\r\n  \"type\": \"USql\",\r\n  \"submitter\": \"adlsvc01@benwgoldoutlook.onmicrosoft.com\",\r\n  \"account\": null,\r\n  \"degreeOfParallelism\": 2,\r\n  \"priority\": 0,\r\n  \"submitTime\": \"Thu, 10 Mar 2016 00:59:50 GMT\",\r\n  \"startTime\": null,\r\n  \"endTime\": \"Thu, 10 Mar 2016 00:59:52 GMT\",\r\n  \"state\": \"Ended\",\r\n  \"result\": \"Cancelled\",\r\n  \"errorMessage\": [\r\n    {\r\n      \"errorId\": \"I_UNKNOWN_CJS_CANCELEDBYUSERWITHOUTREASON\",\r\n      \"name\": \"CANCELED_BY_USER_WITHOUT_REASON\",\r\n      \"severity\": \"Info\",\r\n      \"source\": \"Unknown\",\r\n      \"component\": \"CJS\",\r\n      \"message\": \"Job was cancelled.\",\r\n      \"details\": \"\",\r\n      \"description\": \"Job was cancelled by {0}.\",\r\n      \"resolution\": \"\",\r\n      \"helpLink\": \"\",\r\n      \"innerError\": null\r\n    }\r\n  ],\r\n  \"storageAccounts\": null,\r\n  \"stateAuditRecords\": [\r\n    {\r\n      \"newState\": \"New\",\r\n      \"timeStamp\": \"Thu, 10 Mar 2016 00:59:50 GMT\",\r\n      \"requestedByUser\": null,\r\n      \"details\": \"userName:adlsvc01@benwgoldoutlook.onmicrosoft.com;submitMachine:N/A\"\r\n    },\r\n    {\r\n      \"newState\": \"Compiling\",\r\n      \"timeStamp\": \"Thu, 10 Mar 2016 00:59:51 GMT\",\r\n      \"requestedByUser\": null,\r\n      \"details\": \"CcsAttempts:1;Status:Dispatched\"\r\n    },\r\n    {\r\n      \"newState\": \"Ended\",\r\n      \"timeStamp\": \"Thu, 10 Mar 2016 00:59:52 GMT\",\r\n      \"requestedByUser\": null,\r\n      \"details\": \"result:CanceledByUser\"\r\n    }\r\n  ],\r\n  \"properties\": {\r\n    \"owner\": \"adlsvc01@benwgoldoutlook.onmicrosoft.com\",\r\n    \"resources\": [\r\n      {\r\n        \"name\": \"Profile\",\r\n        \"resourcePath\": \"adl://testdatalake13462.azuredatalakestore.net/system/jobservice/jobs/Usql/2016/03/10/00/59/b7ceca04-c274-4007-a4ad-74f90db1d167/profile\",\r\n        \"type\": \"StatisticsResource\"\r\n      },\r\n      {\r\n        \"name\": \"__ScopeRuntimeStatistics__.xml\",\r\n        \"resourcePath\": \"adl://testdatalake13462.azuredatalakestore.net/system/jobservice/jobs/Usql/2016/03/10/00/59/b7ceca04-c274-4007-a4ad-74f90db1d167/__ScopeRuntimeStatistics__.xml\",\r\n        \"type\": \"StatisticsResource\"\r\n      }\r\n    ],\r\n    \"runtimeVersion\": \"default\",\r\n    \"rootProcessNodeId\": \"00000000-0000-0000-0000-000000000000\",\r\n    \"script\": \"DROP DATABASE IF EXISTS testdb; CREATE DATABASE testdb;\",\r\n    \"algebraFilePath\": \"adl://testdatalake13462.azuredatalakestore.net/system/jobservice/jobs/Usql/2016/03/10/00/59/b7ceca04-c274-4007-a4ad-74f90db1d167/algebra.xml\",\r\n    \"compileMode\": \"Semantic\",\r\n    \"errorSource\": \"Unknown\",\r\n    \"totalCompilationTime\": \"00:00:00.6164899\",\r\n    \"totalPausedTime\": \"00:00:00\",\r\n    \"totalQueuedTime\": \"00:00:00\",\r\n    \"totalRunningTime\": \"00:00:00\",\r\n    \"type\": \"USql\"\r\n  }\r\n}",
      "ResponseHeaders": {
        "Content-Type": [
          "application/json; charset=utf-8"
        ],
        "Expires": [
          "-1"
        ],
        "Cache-Control": [
          "private"
        ],
        "Date": [
          "Thu, 10 Mar 2016 00:59:52 GMT"
        ],
        "Pragma": [
          "no-cache"
        ],
        "Transfer-Encoding": [
          "chunked"
        ],
        "x-ms-request-id": [
          "13ef25f1-a09b-46c0-829f-a2de9ef84176"
        ],
        "X-Content-Type-Options": [
          "nosniff"
        ],
        "Strict-Transport-Security": [
          "max-age=15724800; includeSubDomains"
        ]
      },
      "StatusCode": 200
    },
    {
      "RequestUri": "/Jobs/0904d7de-34fa-44de-b08b-1c39d395bd3d?api-version=2015-11-01-preview",
      "EncodedRequestUri": "L0pvYnMvMDkwNGQ3ZGUtMzRmYS00NGRlLWIwOGItMWMzOWQzOTViZDNkP2FwaS12ZXJzaW9uPTIwMTUtMTEtMDEtcHJldmlldw==",
      "RequestMethod": "PUT",
      "RequestBody": "{\r\n  \"name\": \"azure sdk data lake analytics job\",\r\n  \"type\": \"USql\",\r\n  \"degreeOfParallelism\": 2,\r\n  \"properties\": {\r\n    \"type\": \"USql\",\r\n    \"script\": \"DROP DATABASE IF EXISTS testdb; CREATE DATABASE testdb;\"\r\n  }\r\n}",
      "RequestHeaders": {
        "Content-Type": [
          "application/json; charset=utf-8"
        ],
        "Content-Length": [
          "218"
        ],
        "x-ms-client-request-id": [
          "cb96c221-26c2-42b8-8fa1-ca80e49e87f5"
        ],
        "subscriptionId": [
          "53d9063d-87ae-4ea8-be90-3686c3b8669f"
        ],
        "accept-language": [
          "en-US"
        ],
        "User-Agent": [
          "Microsoft.Azure.Management.DataLake.Analytics.DataLakeAnalyticsJobManagementClient/0.10.0.0"
        ]
      },
      "ResponseBody": "{\r\n  \"jobId\": \"0904d7de-34fa-44de-b08b-1c39d395bd3d\",\r\n  \"name\": \"azure sdk data lake analytics job\",\r\n  \"type\": \"USql\",\r\n  \"submitter\": \"adlsvc01@benwgoldoutlook.onmicrosoft.com\",\r\n  \"account\": null,\r\n  \"degreeOfParallelism\": 2,\r\n  \"priority\": 0,\r\n  \"submitTime\": \"Thu, 10 Mar 2016 00:59:53 GMT\",\r\n  \"startTime\": null,\r\n  \"endTime\": null,\r\n  \"state\": \"Compiling\",\r\n  \"result\": \"Succeeded\",\r\n  \"errorMessage\": null,\r\n  \"storageAccounts\": null,\r\n  \"stateAuditRecords\": [\r\n    {\r\n      \"newState\": \"New\",\r\n      \"timeStamp\": \"Thu, 10 Mar 2016 00:59:53 GMT\",\r\n      \"requestedByUser\": null,\r\n      \"details\": \"userName:adlsvc01@benwgoldoutlook.onmicrosoft.com;submitMachine:N/A\"\r\n    }\r\n  ],\r\n  \"properties\": {\r\n    \"owner\": \"adlsvc01@benwgoldoutlook.onmicrosoft.com\",\r\n    \"runtimeVersion\": \"default\",\r\n    \"rootProcessNodeId\": \"00000000-0000-0000-0000-000000000000\",\r\n    \"algebraFilePath\": \"adl://testdatalake13462.azuredatalakestore.net/system/jobservice/jobs/Usql/2016/03/10/00/59/0904d7de-34fa-44de-b08b-1c39d395bd3d/algebra.xml\",\r\n    \"compileMode\": \"Semantic\",\r\n    \"errorSource\": \"Unknown\",\r\n    \"totalCompilationTime\": \"00:00:00\",\r\n    \"totalPausedTime\": \"00:00:00\",\r\n    \"totalQueuedTime\": \"00:00:00\",\r\n    \"totalRunningTime\": \"00:00:00\",\r\n    \"type\": \"USql\"\r\n  }\r\n}",
      "ResponseHeaders": {
        "Content-Type": [
          "application/json; charset=utf-8"
        ],
        "Expires": [
          "-1"
        ],
        "Cache-Control": [
          "private"
        ],
        "Date": [
          "Thu, 10 Mar 2016 00:59:53 GMT"
        ],
        "Pragma": [
          "no-cache"
        ],
        "Transfer-Encoding": [
          "chunked"
        ],
        "x-ms-request-id": [
          "508c0dee-3335-45cf-ab2d-f4a46bc01ee4"
        ],
        "X-Content-Type-Options": [
          "nosniff"
        ],
        "Strict-Transport-Security": [
          "max-age=15724800; includeSubDomains"
        ]
      },
      "StatusCode": 200
    },
    {
      "RequestUri": "/Jobs/0904d7de-34fa-44de-b08b-1c39d395bd3d?api-version=2015-11-01-preview",
      "EncodedRequestUri": "L0pvYnMvMDkwNGQ3ZGUtMzRmYS00NGRlLWIwOGItMWMzOWQzOTViZDNkP2FwaS12ZXJzaW9uPTIwMTUtMTEtMDEtcHJldmlldw==",
      "RequestMethod": "GET",
      "RequestBody": "",
      "RequestHeaders": {
        "x-ms-client-request-id": [
          "11889c37-482a-4000-98c7-06162b064de6"
        ],
        "subscriptionId": [
          "53d9063d-87ae-4ea8-be90-3686c3b8669f"
        ],
        "accept-language": [
          "en-US"
        ],
        "User-Agent": [
          "Microsoft.Azure.Management.DataLake.Analytics.DataLakeAnalyticsJobManagementClient/0.10.0.0"
        ]
      },
      "ResponseBody": "{\r\n  \"jobId\": \"0904d7de-34fa-44de-b08b-1c39d395bd3d\",\r\n  \"name\": \"azure sdk data lake analytics job\",\r\n  \"type\": \"USql\",\r\n  \"submitter\": \"adlsvc01@benwgoldoutlook.onmicrosoft.com\",\r\n  \"account\": null,\r\n  \"degreeOfParallelism\": 2,\r\n  \"priority\": 0,\r\n  \"submitTime\": \"Thu, 10 Mar 2016 00:59:53 GMT\",\r\n  \"startTime\": null,\r\n  \"endTime\": null,\r\n  \"state\": \"Compiling\",\r\n  \"result\": \"Succeeded\",\r\n  \"errorMessage\": null,\r\n  \"storageAccounts\": null,\r\n  \"stateAuditRecords\": [\r\n    {\r\n      \"newState\": \"New\",\r\n      \"timeStamp\": \"Thu, 10 Mar 2016 00:59:53 GMT\",\r\n      \"requestedByUser\": null,\r\n      \"details\": \"userName:adlsvc01@benwgoldoutlook.onmicrosoft.com;submitMachine:N/A\"\r\n    },\r\n    {\r\n      \"newState\": \"Compiling\",\r\n      \"timeStamp\": \"Thu, 10 Mar 2016 00:59:54 GMT\",\r\n      \"requestedByUser\": null,\r\n      \"details\": \"CcsAttempts:1;Status:Dispatched\"\r\n    }\r\n  ],\r\n  \"properties\": {\r\n    \"owner\": \"adlsvc01@benwgoldoutlook.onmicrosoft.com\",\r\n    \"resources\": [\r\n      {\r\n        \"name\": \"Profile\",\r\n        \"resourcePath\": \"adl://testdatalake13462.azuredatalakestore.net/system/jobservice/jobs/Usql/2016/03/10/00/59/0904d7de-34fa-44de-b08b-1c39d395bd3d/profile\",\r\n        \"type\": \"StatisticsResource\"\r\n      },\r\n      {\r\n        \"name\": \"__ScopeRuntimeStatistics__.xml\",\r\n        \"resourcePath\": \"adl://testdatalake13462.azuredatalakestore.net/system/jobservice/jobs/Usql/2016/03/10/00/59/0904d7de-34fa-44de-b08b-1c39d395bd3d/__ScopeRuntimeStatistics__.xml\",\r\n        \"type\": \"StatisticsResource\"\r\n      }\r\n    ],\r\n    \"runtimeVersion\": \"default\",\r\n    \"rootProcessNodeId\": \"00000000-0000-0000-0000-000000000000\",\r\n    \"script\": \"DROP DATABASE IF EXISTS testdb; CREATE DATABASE testdb;\",\r\n    \"algebraFilePath\": \"adl://testdatalake13462.azuredatalakestore.net/system/jobservice/jobs/Usql/2016/03/10/00/59/0904d7de-34fa-44de-b08b-1c39d395bd3d/algebra.xml\",\r\n    \"compileMode\": \"Semantic\",\r\n    \"errorSource\": \"Unknown\",\r\n    \"totalCompilationTime\": \"00:00:00.1112298\",\r\n    \"totalPausedTime\": \"00:00:00\",\r\n    \"totalQueuedTime\": \"00:00:00\",\r\n    \"totalRunningTime\": \"00:00:00\",\r\n    \"type\": \"USql\"\r\n  }\r\n}",
      "ResponseHeaders": {
        "Content-Type": [
          "application/json; charset=utf-8"
        ],
        "Expires": [
          "-1"
        ],
        "Cache-Control": [
          "private"
        ],
        "Date": [
          "Thu, 10 Mar 2016 00:59:54 GMT"
        ],
        "Pragma": [
          "no-cache"
        ],
        "Transfer-Encoding": [
          "chunked"
        ],
        "x-ms-request-id": [
          "5d06bf2c-2203-4095-be50-33a175f30e8c"
        ],
        "X-Content-Type-Options": [
          "nosniff"
        ],
        "Strict-Transport-Security": [
          "max-age=15724800; includeSubDomains"
        ]
      },
      "StatusCode": 200
    },
    {
      "RequestUri": "/Jobs/0904d7de-34fa-44de-b08b-1c39d395bd3d?api-version=2015-11-01-preview",
      "EncodedRequestUri": "L0pvYnMvMDkwNGQ3ZGUtMzRmYS00NGRlLWIwOGItMWMzOWQzOTViZDNkP2FwaS12ZXJzaW9uPTIwMTUtMTEtMDEtcHJldmlldw==",
      "RequestMethod": "GET",
      "RequestBody": "",
      "RequestHeaders": {
        "x-ms-client-request-id": [
          "3719514d-cc47-4be2-b1bf-102b6165f896"
        ],
        "subscriptionId": [
          "53d9063d-87ae-4ea8-be90-3686c3b8669f"
        ],
        "accept-language": [
          "en-US"
        ],
        "User-Agent": [
          "Microsoft.Azure.Management.DataLake.Analytics.DataLakeAnalyticsJobManagementClient/0.10.0.0"
        ]
      },
      "ResponseBody": "{\r\n  \"jobId\": \"0904d7de-34fa-44de-b08b-1c39d395bd3d\",\r\n  \"name\": \"azure sdk data lake analytics job\",\r\n  \"type\": \"USql\",\r\n  \"submitter\": \"adlsvc01@benwgoldoutlook.onmicrosoft.com\",\r\n  \"account\": null,\r\n  \"degreeOfParallelism\": 2,\r\n  \"priority\": 0,\r\n  \"submitTime\": \"Thu, 10 Mar 2016 00:59:53 GMT\",\r\n  \"startTime\": null,\r\n  \"endTime\": null,\r\n  \"state\": \"Compiling\",\r\n  \"result\": \"Succeeded\",\r\n  \"errorMessage\": null,\r\n  \"storageAccounts\": null,\r\n  \"stateAuditRecords\": [\r\n    {\r\n      \"newState\": \"New\",\r\n      \"timeStamp\": \"Thu, 10 Mar 2016 00:59:53 GMT\",\r\n      \"requestedByUser\": null,\r\n      \"details\": \"userName:adlsvc01@benwgoldoutlook.onmicrosoft.com;submitMachine:N/A\"\r\n    },\r\n    {\r\n      \"newState\": \"Compiling\",\r\n      \"timeStamp\": \"Thu, 10 Mar 2016 00:59:54 GMT\",\r\n      \"requestedByUser\": null,\r\n      \"details\": \"CcsAttempts:1;Status:Dispatched\"\r\n    }\r\n  ],\r\n  \"properties\": {\r\n    \"owner\": \"adlsvc01@benwgoldoutlook.onmicrosoft.com\",\r\n    \"resources\": [\r\n      {\r\n        \"name\": \"Profile\",\r\n        \"resourcePath\": \"adl://testdatalake13462.azuredatalakestore.net/system/jobservice/jobs/Usql/2016/03/10/00/59/0904d7de-34fa-44de-b08b-1c39d395bd3d/profile\",\r\n        \"type\": \"StatisticsResource\"\r\n      },\r\n      {\r\n        \"name\": \"__ScopeRuntimeStatistics__.xml\",\r\n        \"resourcePath\": \"adl://testdatalake13462.azuredatalakestore.net/system/jobservice/jobs/Usql/2016/03/10/00/59/0904d7de-34fa-44de-b08b-1c39d395bd3d/__ScopeRuntimeStatistics__.xml\",\r\n        \"type\": \"StatisticsResource\"\r\n      }\r\n    ],\r\n    \"runtimeVersion\": \"default\",\r\n    \"rootProcessNodeId\": \"00000000-0000-0000-0000-000000000000\",\r\n    \"script\": \"DROP DATABASE IF EXISTS testdb; CREATE DATABASE testdb;\",\r\n    \"algebraFilePath\": \"adl://testdatalake13462.azuredatalakestore.net/system/jobservice/jobs/Usql/2016/03/10/00/59/0904d7de-34fa-44de-b08b-1c39d395bd3d/algebra.xml\",\r\n    \"compileMode\": \"Semantic\",\r\n    \"errorSource\": \"Unknown\",\r\n    \"totalCompilationTime\": \"00:00:05.4863268\",\r\n    \"totalPausedTime\": \"00:00:00\",\r\n    \"totalQueuedTime\": \"00:00:00\",\r\n    \"totalRunningTime\": \"00:00:00\",\r\n    \"type\": \"USql\"\r\n  }\r\n}",
      "ResponseHeaders": {
        "Content-Type": [
          "application/json; charset=utf-8"
        ],
        "Expires": [
          "-1"
        ],
        "Cache-Control": [
          "private"
        ],
        "Date": [
          "Thu, 10 Mar 2016 01:00:00 GMT"
        ],
        "Pragma": [
          "no-cache"
        ],
        "Transfer-Encoding": [
          "chunked"
        ],
        "x-ms-request-id": [
          "07222dce-aeea-414a-bbdd-f374b08aa770"
        ],
        "X-Content-Type-Options": [
          "nosniff"
        ],
        "Strict-Transport-Security": [
          "max-age=15724800; includeSubDomains"
        ]
      },
      "StatusCode": 200
    },
    {
      "RequestUri": "/Jobs/0904d7de-34fa-44de-b08b-1c39d395bd3d?api-version=2015-11-01-preview",
      "EncodedRequestUri": "L0pvYnMvMDkwNGQ3ZGUtMzRmYS00NGRlLWIwOGItMWMzOWQzOTViZDNkP2FwaS12ZXJzaW9uPTIwMTUtMTEtMDEtcHJldmlldw==",
      "RequestMethod": "GET",
      "RequestBody": "",
      "RequestHeaders": {
        "x-ms-client-request-id": [
          "cfd68f21-c948-43c3-9de5-c820363d969e"
        ],
        "subscriptionId": [
          "53d9063d-87ae-4ea8-be90-3686c3b8669f"
        ],
        "accept-language": [
          "en-US"
        ],
        "User-Agent": [
          "Microsoft.Azure.Management.DataLake.Analytics.DataLakeAnalyticsJobManagementClient/0.10.0.0"
        ]
      },
      "ResponseBody": "{\r\n  \"jobId\": \"0904d7de-34fa-44de-b08b-1c39d395bd3d\",\r\n  \"name\": \"azure sdk data lake analytics job\",\r\n  \"type\": \"USql\",\r\n  \"submitter\": \"adlsvc01@benwgoldoutlook.onmicrosoft.com\",\r\n  \"account\": null,\r\n  \"degreeOfParallelism\": 2,\r\n  \"priority\": 0,\r\n  \"submitTime\": \"Thu, 10 Mar 2016 00:59:53 GMT\",\r\n  \"startTime\": null,\r\n  \"endTime\": null,\r\n  \"state\": \"Compiling\",\r\n  \"result\": \"Succeeded\",\r\n  \"errorMessage\": null,\r\n  \"storageAccounts\": null,\r\n  \"stateAuditRecords\": [\r\n    {\r\n      \"newState\": \"New\",\r\n      \"timeStamp\": \"Thu, 10 Mar 2016 00:59:53 GMT\",\r\n      \"requestedByUser\": null,\r\n      \"details\": \"userName:adlsvc01@benwgoldoutlook.onmicrosoft.com;submitMachine:N/A\"\r\n    },\r\n    {\r\n      \"newState\": \"Compiling\",\r\n      \"timeStamp\": \"Thu, 10 Mar 2016 00:59:54 GMT\",\r\n      \"requestedByUser\": null,\r\n      \"details\": \"CcsAttempts:1;Status:Dispatched\"\r\n    }\r\n  ],\r\n  \"properties\": {\r\n    \"owner\": \"adlsvc01@benwgoldoutlook.onmicrosoft.com\",\r\n    \"resources\": [\r\n      {\r\n        \"name\": \"Profile\",\r\n        \"resourcePath\": \"adl://testdatalake13462.azuredatalakestore.net/system/jobservice/jobs/Usql/2016/03/10/00/59/0904d7de-34fa-44de-b08b-1c39d395bd3d/profile\",\r\n        \"type\": \"StatisticsResource\"\r\n      },\r\n      {\r\n        \"name\": \"__ScopeRuntimeStatistics__.xml\",\r\n        \"resourcePath\": \"adl://testdatalake13462.azuredatalakestore.net/system/jobservice/jobs/Usql/2016/03/10/00/59/0904d7de-34fa-44de-b08b-1c39d395bd3d/__ScopeRuntimeStatistics__.xml\",\r\n        \"type\": \"StatisticsResource\"\r\n      }\r\n    ],\r\n    \"runtimeVersion\": \"default\",\r\n    \"rootProcessNodeId\": \"00000000-0000-0000-0000-000000000000\",\r\n    \"script\": \"DROP DATABASE IF EXISTS testdb; CREATE DATABASE testdb;\",\r\n    \"algebraFilePath\": \"adl://testdatalake13462.azuredatalakestore.net/system/jobservice/jobs/Usql/2016/03/10/00/59/0904d7de-34fa-44de-b08b-1c39d395bd3d/algebra.xml\",\r\n    \"compileMode\": \"Semantic\",\r\n    \"errorSource\": \"Unknown\",\r\n    \"totalCompilationTime\": \"00:00:10.7303006\",\r\n    \"totalPausedTime\": \"00:00:00\",\r\n    \"totalQueuedTime\": \"00:00:00\",\r\n    \"totalRunningTime\": \"00:00:00\",\r\n    \"type\": \"USql\"\r\n  }\r\n}",
      "ResponseHeaders": {
        "Content-Type": [
          "application/json; charset=utf-8"
        ],
        "Expires": [
          "-1"
        ],
        "Cache-Control": [
          "private"
        ],
        "Date": [
          "Thu, 10 Mar 2016 01:00:05 GMT"
        ],
        "Pragma": [
          "no-cache"
        ],
        "Transfer-Encoding": [
          "chunked"
        ],
        "x-ms-request-id": [
          "55a5fa17-8e28-4a23-a01b-243e2ba7d040"
        ],
        "X-Content-Type-Options": [
          "nosniff"
        ],
        "Strict-Transport-Security": [
          "max-age=15724800; includeSubDomains"
        ]
      },
      "StatusCode": 200
    },
    {
      "RequestUri": "/Jobs/0904d7de-34fa-44de-b08b-1c39d395bd3d?api-version=2015-11-01-preview",
      "EncodedRequestUri": "L0pvYnMvMDkwNGQ3ZGUtMzRmYS00NGRlLWIwOGItMWMzOWQzOTViZDNkP2FwaS12ZXJzaW9uPTIwMTUtMTEtMDEtcHJldmlldw==",
      "RequestMethod": "GET",
      "RequestBody": "",
      "RequestHeaders": {
        "x-ms-client-request-id": [
          "cc1fb155-6d17-46c8-abe4-f8dab4344d7f"
        ],
        "subscriptionId": [
          "53d9063d-87ae-4ea8-be90-3686c3b8669f"
        ],
        "accept-language": [
          "en-US"
        ],
        "User-Agent": [
          "Microsoft.Azure.Management.DataLake.Analytics.DataLakeAnalyticsJobManagementClient/0.10.0.0"
        ]
      },
      "ResponseBody": "{\r\n  \"jobId\": \"0904d7de-34fa-44de-b08b-1c39d395bd3d\",\r\n  \"name\": \"azure sdk data lake analytics job\",\r\n  \"type\": \"USql\",\r\n  \"submitter\": \"adlsvc01@benwgoldoutlook.onmicrosoft.com\",\r\n  \"account\": null,\r\n  \"degreeOfParallelism\": 2,\r\n  \"priority\": 0,\r\n  \"submitTime\": \"Thu, 10 Mar 2016 00:59:53 GMT\",\r\n  \"startTime\": null,\r\n  \"endTime\": null,\r\n  \"state\": \"Starting\",\r\n  \"result\": \"Succeeded\",\r\n  \"errorMessage\": null,\r\n  \"storageAccounts\": null,\r\n  \"stateAuditRecords\": [\r\n    {\r\n      \"newState\": \"New\",\r\n      \"timeStamp\": \"Thu, 10 Mar 2016 00:59:53 GMT\",\r\n      \"requestedByUser\": null,\r\n      \"details\": \"userName:adlsvc01@benwgoldoutlook.onmicrosoft.com;submitMachine:N/A\"\r\n    },\r\n    {\r\n      \"newState\": \"Compiling\",\r\n      \"timeStamp\": \"Thu, 10 Mar 2016 00:59:54 GMT\",\r\n      \"requestedByUser\": null,\r\n      \"details\": \"CcsAttempts:1;Status:Dispatched\"\r\n    },\r\n    {\r\n      \"newState\": \"Queued\",\r\n      \"timeStamp\": \"Thu, 10 Mar 2016 01:00:09 GMT\",\r\n      \"requestedByUser\": null,\r\n      \"details\": null\r\n    },\r\n    {\r\n      \"newState\": \"Scheduling\",\r\n      \"timeStamp\": \"Thu, 10 Mar 2016 01:00:09 GMT\",\r\n      \"requestedByUser\": null,\r\n      \"details\": \"Detail:Dispatching job to cluster.;rootProcessId:d55f45d8-9354-44d9-8da2-2443b9516a58\"\r\n    },\r\n    {\r\n      \"newState\": \"Starting\",\r\n      \"timeStamp\": \"Thu, 10 Mar 2016 01:00:09 GMT\",\r\n      \"requestedByUser\": null,\r\n      \"details\": \"runtimeVersion:kobo_vnext_4718348_ad5ada\"\r\n    }\r\n  ],\r\n  \"properties\": {\r\n    \"owner\": \"adlsvc01@benwgoldoutlook.onmicrosoft.com\",\r\n    \"resources\": [\r\n      {\r\n        \"name\": \"__ScopeCodeGen__.dll\",\r\n        \"resourcePath\": \"adl://testdatalake13462.azuredatalakestore.net/system/jobservice/jobs/Usql/2016/03/10/00/59/0904d7de-34fa-44de-b08b-1c39d395bd3d/__ScopeCodeGen__.dll\",\r\n        \"type\": \"VertexResource\"\r\n      },\r\n      {\r\n        \"name\": \"__ScopeCodeGen__.pdb\",\r\n        \"resourcePath\": \"adl://testdatalake13462.azuredatalakestore.net/system/jobservice/jobs/Usql/2016/03/10/00/59/0904d7de-34fa-44de-b08b-1c39d395bd3d/__ScopeCodeGen__.pdb\",\r\n        \"type\": \"VertexResource\"\r\n      },\r\n      {\r\n        \"name\": \"__ScopeCodeGenEngine__.dll\",\r\n        \"resourcePath\": \"adl://testdatalake13462.azuredatalakestore.net/system/jobservice/jobs/Usql/2016/03/10/00/59/0904d7de-34fa-44de-b08b-1c39d395bd3d/__ScopeCodeGenEngine__.dll\",\r\n        \"type\": \"VertexResource\"\r\n      },\r\n      {\r\n        \"name\": \"__ScopeCodeGenEngine__.pdb\",\r\n        \"resourcePath\": \"adl://testdatalake13462.azuredatalakestore.net/system/jobservice/jobs/Usql/2016/03/10/00/59/0904d7de-34fa-44de-b08b-1c39d395bd3d/__ScopeCodeGenEngine__.pdb\",\r\n        \"type\": \"VertexResource\"\r\n      },\r\n      {\r\n        \"name\": \"ScopeVertexDef.xml\",\r\n        \"resourcePath\": \"adl://testdatalake13462.azuredatalakestore.net/system/jobservice/jobs/Usql/2016/03/10/00/59/0904d7de-34fa-44de-b08b-1c39d395bd3d/ScopeVertexDef.xml\",\r\n        \"type\": \"VertexResource\"\r\n      },\r\n      {\r\n        \"name\": \"__ScopeCodeGen__.dll.cs\",\r\n        \"resourcePath\": \"adl://testdatalake13462.azuredatalakestore.net/system/jobservice/jobs/Usql/2016/03/10/00/59/0904d7de-34fa-44de-b08b-1c39d395bd3d/__ScopeCodeGen__.dll.cs\",\r\n        \"type\": \"StatisticsResource\"\r\n      },\r\n      {\r\n        \"name\": \"__ScopeCodeGenEngine__.dll.cpp\",\r\n        \"resourcePath\": \"adl://testdatalake13462.azuredatalakestore.net/system/jobservice/jobs/Usql/2016/03/10/00/59/0904d7de-34fa-44de-b08b-1c39d395bd3d/__ScopeCodeGenEngine__.dll.cpp\",\r\n        \"type\": \"StatisticsResource\"\r\n      },\r\n      {\r\n        \"name\": \"__ScopeCodeGenCompileOutput__.txt\",\r\n        \"resourcePath\": \"adl://testdatalake13462.azuredatalakestore.net/system/jobservice/jobs/Usql/2016/03/10/00/59/0904d7de-34fa-44de-b08b-1c39d395bd3d/__ScopeCodeGenCompileOutput__.txt\",\r\n        \"type\": \"StatisticsResource\"\r\n      },\r\n      {\r\n        \"name\": \"__ScopeCodeGenCompileOptions__.txt\",\r\n        \"resourcePath\": \"adl://testdatalake13462.azuredatalakestore.net/system/jobservice/jobs/Usql/2016/03/10/00/59/0904d7de-34fa-44de-b08b-1c39d395bd3d/__ScopeCodeGenCompileOptions__.txt\",\r\n        \"type\": \"StatisticsResource\"\r\n      },\r\n      {\r\n        \"name\": \"__ScopeCodeGenEngine__.cppresources\",\r\n        \"resourcePath\": \"adl://testdatalake13462.azuredatalakestore.net/system/jobservice/jobs/Usql/2016/03/10/00/59/0904d7de-34fa-44de-b08b-1c39d395bd3d/__ScopeCodeGenEngine__.cppresources\",\r\n        \"type\": \"StatisticsResource\"\r\n      },\r\n      {\r\n        \"name\": \"__Ast__.bin\",\r\n        \"resourcePath\": \"adl://testdatalake13462.azuredatalakestore.net/system/jobservice/jobs/Usql/2016/03/10/00/59/0904d7de-34fa-44de-b08b-1c39d395bd3d/__Ast__.bin\",\r\n        \"type\": \"StatisticsResource\"\r\n      },\r\n      {\r\n        \"name\": \"__SystemInternalInfo__.xml\",\r\n        \"resourcePath\": \"adl://testdatalake13462.azuredatalakestore.net/system/jobservice/jobs/Usql/2016/03/10/00/59/0904d7de-34fa-44de-b08b-1c39d395bd3d/__SystemInternalInfo__.xml\",\r\n        \"type\": \"StatisticsResource\"\r\n      },\r\n      {\r\n        \"name\": \"Profile\",\r\n        \"resourcePath\": \"adl://testdatalake13462.azuredatalakestore.net/system/jobservice/jobs/Usql/2016/03/10/00/59/0904d7de-34fa-44de-b08b-1c39d395bd3d/profile\",\r\n        \"type\": \"StatisticsResource\"\r\n      },\r\n      {\r\n        \"name\": \"__ScopeRuntimeStatistics__.xml\",\r\n        \"resourcePath\": \"adl://testdatalake13462.azuredatalakestore.net/system/jobservice/jobs/Usql/2016/03/10/00/59/0904d7de-34fa-44de-b08b-1c39d395bd3d/__ScopeRuntimeStatistics__.xml\",\r\n        \"type\": \"StatisticsResource\"\r\n      }\r\n    ],\r\n    \"runtimeVersion\": \"kobo_vnext_4718348_ad5ada\",\r\n    \"rootProcessNodeId\": \"d55f45d8-9354-44d9-8da2-2443b9516a58\",\r\n    \"script\": \"DROP DATABASE IF EXISTS testdb; CREATE DATABASE testdb;\",\r\n    \"algebraFilePath\": \"adl://testdatalake13462.azuredatalakestore.net/system/jobservice/jobs/Usql/2016/03/10/00/59/0904d7de-34fa-44de-b08b-1c39d395bd3d/algebra.xml\",\r\n    \"yarnApplicationId\": 5237,\r\n    \"yarnApplicationTimeStamp\": 1457397210128,\r\n    \"compileMode\": \"Semantic\",\r\n    \"errorSource\": \"Unknown\",\r\n    \"totalCompilationTime\": \"00:00:14.5295732\",\r\n    \"totalPausedTime\": \"00:00:00\",\r\n    \"totalQueuedTime\": \"00:00:00.0580464\",\r\n    \"totalRunningTime\": \"00:00:00\",\r\n    \"type\": \"USql\"\r\n  }\r\n}",
      "ResponseHeaders": {
        "Content-Type": [
          "application/json; charset=utf-8"
        ],
        "Expires": [
          "-1"
        ],
        "Cache-Control": [
          "private"
        ],
        "Date": [
          "Thu, 10 Mar 2016 01:00:10 GMT"
        ],
        "Pragma": [
          "no-cache"
        ],
        "Transfer-Encoding": [
          "chunked"
        ],
        "x-ms-request-id": [
          "9a6f96d9-7175-47ac-9bd5-a849ef048e72"
        ],
        "X-Content-Type-Options": [
          "nosniff"
        ],
        "Strict-Transport-Security": [
          "max-age=15724800; includeSubDomains"
        ]
      },
      "StatusCode": 200
    },
    {
      "RequestUri": "/Jobs/0904d7de-34fa-44de-b08b-1c39d395bd3d?api-version=2015-11-01-preview",
      "EncodedRequestUri": "L0pvYnMvMDkwNGQ3ZGUtMzRmYS00NGRlLWIwOGItMWMzOWQzOTViZDNkP2FwaS12ZXJzaW9uPTIwMTUtMTEtMDEtcHJldmlldw==",
      "RequestMethod": "GET",
      "RequestBody": "",
      "RequestHeaders": {
        "x-ms-client-request-id": [
          "39f4988c-1fd9-491c-973f-bb41df3fd202"
        ],
        "subscriptionId": [
          "53d9063d-87ae-4ea8-be90-3686c3b8669f"
        ],
        "accept-language": [
          "en-US"
        ],
        "User-Agent": [
          "Microsoft.Azure.Management.DataLake.Analytics.DataLakeAnalyticsJobManagementClient/0.10.0.0"
        ]
      },
      "ResponseBody": "{\r\n  \"jobId\": \"0904d7de-34fa-44de-b08b-1c39d395bd3d\",\r\n  \"name\": \"azure sdk data lake analytics job\",\r\n  \"type\": \"USql\",\r\n  \"submitter\": \"adlsvc01@benwgoldoutlook.onmicrosoft.com\",\r\n  \"account\": null,\r\n  \"degreeOfParallelism\": 2,\r\n  \"priority\": 0,\r\n  \"submitTime\": \"Thu, 10 Mar 2016 00:59:53 GMT\",\r\n  \"startTime\": null,\r\n  \"endTime\": null,\r\n  \"state\": \"Starting\",\r\n  \"result\": \"Succeeded\",\r\n  \"errorMessage\": null,\r\n  \"storageAccounts\": null,\r\n  \"stateAuditRecords\": [\r\n    {\r\n      \"newState\": \"New\",\r\n      \"timeStamp\": \"Thu, 10 Mar 2016 00:59:53 GMT\",\r\n      \"requestedByUser\": null,\r\n      \"details\": \"userName:adlsvc01@benwgoldoutlook.onmicrosoft.com;submitMachine:N/A\"\r\n    },\r\n    {\r\n      \"newState\": \"Compiling\",\r\n      \"timeStamp\": \"Thu, 10 Mar 2016 00:59:54 GMT\",\r\n      \"requestedByUser\": null,\r\n      \"details\": \"CcsAttempts:1;Status:Dispatched\"\r\n    },\r\n    {\r\n      \"newState\": \"Queued\",\r\n      \"timeStamp\": \"Thu, 10 Mar 2016 01:00:09 GMT\",\r\n      \"requestedByUser\": null,\r\n      \"details\": null\r\n    },\r\n    {\r\n      \"newState\": \"Scheduling\",\r\n      \"timeStamp\": \"Thu, 10 Mar 2016 01:00:09 GMT\",\r\n      \"requestedByUser\": null,\r\n      \"details\": \"Detail:Dispatching job to cluster.;rootProcessId:d55f45d8-9354-44d9-8da2-2443b9516a58\"\r\n    },\r\n    {\r\n      \"newState\": \"Starting\",\r\n      \"timeStamp\": \"Thu, 10 Mar 2016 01:00:09 GMT\",\r\n      \"requestedByUser\": null,\r\n      \"details\": \"runtimeVersion:kobo_vnext_4718348_ad5ada\"\r\n    }\r\n  ],\r\n  \"properties\": {\r\n    \"owner\": \"adlsvc01@benwgoldoutlook.onmicrosoft.com\",\r\n    \"resources\": [\r\n      {\r\n        \"name\": \"__ScopeCodeGen__.dll\",\r\n        \"resourcePath\": \"adl://testdatalake13462.azuredatalakestore.net/system/jobservice/jobs/Usql/2016/03/10/00/59/0904d7de-34fa-44de-b08b-1c39d395bd3d/__ScopeCodeGen__.dll\",\r\n        \"type\": \"VertexResource\"\r\n      },\r\n      {\r\n        \"name\": \"__ScopeCodeGen__.pdb\",\r\n        \"resourcePath\": \"adl://testdatalake13462.azuredatalakestore.net/system/jobservice/jobs/Usql/2016/03/10/00/59/0904d7de-34fa-44de-b08b-1c39d395bd3d/__ScopeCodeGen__.pdb\",\r\n        \"type\": \"VertexResource\"\r\n      },\r\n      {\r\n        \"name\": \"__ScopeCodeGenEngine__.dll\",\r\n        \"resourcePath\": \"adl://testdatalake13462.azuredatalakestore.net/system/jobservice/jobs/Usql/2016/03/10/00/59/0904d7de-34fa-44de-b08b-1c39d395bd3d/__ScopeCodeGenEngine__.dll\",\r\n        \"type\": \"VertexResource\"\r\n      },\r\n      {\r\n        \"name\": \"__ScopeCodeGenEngine__.pdb\",\r\n        \"resourcePath\": \"adl://testdatalake13462.azuredatalakestore.net/system/jobservice/jobs/Usql/2016/03/10/00/59/0904d7de-34fa-44de-b08b-1c39d395bd3d/__ScopeCodeGenEngine__.pdb\",\r\n        \"type\": \"VertexResource\"\r\n      },\r\n      {\r\n        \"name\": \"ScopeVertexDef.xml\",\r\n        \"resourcePath\": \"adl://testdatalake13462.azuredatalakestore.net/system/jobservice/jobs/Usql/2016/03/10/00/59/0904d7de-34fa-44de-b08b-1c39d395bd3d/ScopeVertexDef.xml\",\r\n        \"type\": \"VertexResource\"\r\n      },\r\n      {\r\n        \"name\": \"__ScopeCodeGen__.dll.cs\",\r\n        \"resourcePath\": \"adl://testdatalake13462.azuredatalakestore.net/system/jobservice/jobs/Usql/2016/03/10/00/59/0904d7de-34fa-44de-b08b-1c39d395bd3d/__ScopeCodeGen__.dll.cs\",\r\n        \"type\": \"StatisticsResource\"\r\n      },\r\n      {\r\n        \"name\": \"__ScopeCodeGenEngine__.dll.cpp\",\r\n        \"resourcePath\": \"adl://testdatalake13462.azuredatalakestore.net/system/jobservice/jobs/Usql/2016/03/10/00/59/0904d7de-34fa-44de-b08b-1c39d395bd3d/__ScopeCodeGenEngine__.dll.cpp\",\r\n        \"type\": \"StatisticsResource\"\r\n      },\r\n      {\r\n        \"name\": \"__ScopeCodeGenCompileOutput__.txt\",\r\n        \"resourcePath\": \"adl://testdatalake13462.azuredatalakestore.net/system/jobservice/jobs/Usql/2016/03/10/00/59/0904d7de-34fa-44de-b08b-1c39d395bd3d/__ScopeCodeGenCompileOutput__.txt\",\r\n        \"type\": \"StatisticsResource\"\r\n      },\r\n      {\r\n        \"name\": \"__ScopeCodeGenCompileOptions__.txt\",\r\n        \"resourcePath\": \"adl://testdatalake13462.azuredatalakestore.net/system/jobservice/jobs/Usql/2016/03/10/00/59/0904d7de-34fa-44de-b08b-1c39d395bd3d/__ScopeCodeGenCompileOptions__.txt\",\r\n        \"type\": \"StatisticsResource\"\r\n      },\r\n      {\r\n        \"name\": \"__ScopeCodeGenEngine__.cppresources\",\r\n        \"resourcePath\": \"adl://testdatalake13462.azuredatalakestore.net/system/jobservice/jobs/Usql/2016/03/10/00/59/0904d7de-34fa-44de-b08b-1c39d395bd3d/__ScopeCodeGenEngine__.cppresources\",\r\n        \"type\": \"StatisticsResource\"\r\n      },\r\n      {\r\n        \"name\": \"__Ast__.bin\",\r\n        \"resourcePath\": \"adl://testdatalake13462.azuredatalakestore.net/system/jobservice/jobs/Usql/2016/03/10/00/59/0904d7de-34fa-44de-b08b-1c39d395bd3d/__Ast__.bin\",\r\n        \"type\": \"StatisticsResource\"\r\n      },\r\n      {\r\n        \"name\": \"__SystemInternalInfo__.xml\",\r\n        \"resourcePath\": \"adl://testdatalake13462.azuredatalakestore.net/system/jobservice/jobs/Usql/2016/03/10/00/59/0904d7de-34fa-44de-b08b-1c39d395bd3d/__SystemInternalInfo__.xml\",\r\n        \"type\": \"StatisticsResource\"\r\n      },\r\n      {\r\n        \"name\": \"Profile\",\r\n        \"resourcePath\": \"adl://testdatalake13462.azuredatalakestore.net/system/jobservice/jobs/Usql/2016/03/10/00/59/0904d7de-34fa-44de-b08b-1c39d395bd3d/profile\",\r\n        \"type\": \"StatisticsResource\"\r\n      },\r\n      {\r\n        \"name\": \"__ScopeRuntimeStatistics__.xml\",\r\n        \"resourcePath\": \"adl://testdatalake13462.azuredatalakestore.net/system/jobservice/jobs/Usql/2016/03/10/00/59/0904d7de-34fa-44de-b08b-1c39d395bd3d/__ScopeRuntimeStatistics__.xml\",\r\n        \"type\": \"StatisticsResource\"\r\n      }\r\n    ],\r\n    \"runtimeVersion\": \"kobo_vnext_4718348_ad5ada\",\r\n    \"rootProcessNodeId\": \"d55f45d8-9354-44d9-8da2-2443b9516a58\",\r\n    \"script\": \"DROP DATABASE IF EXISTS testdb; CREATE DATABASE testdb;\",\r\n    \"algebraFilePath\": \"adl://testdatalake13462.azuredatalakestore.net/system/jobservice/jobs/Usql/2016/03/10/00/59/0904d7de-34fa-44de-b08b-1c39d395bd3d/algebra.xml\",\r\n    \"yarnApplicationId\": 5237,\r\n    \"yarnApplicationTimeStamp\": 1457397210128,\r\n    \"compileMode\": \"Semantic\",\r\n    \"errorSource\": \"Unknown\",\r\n    \"totalCompilationTime\": \"00:00:14.5295732\",\r\n    \"totalPausedTime\": \"00:00:00\",\r\n    \"totalQueuedTime\": \"00:00:00.0580464\",\r\n    \"totalRunningTime\": \"00:00:00\",\r\n    \"type\": \"USql\"\r\n  }\r\n}",
      "ResponseHeaders": {
        "Content-Type": [
          "application/json; charset=utf-8"
        ],
        "Expires": [
          "-1"
        ],
        "Cache-Control": [
          "private"
        ],
        "Date": [
          "Thu, 10 Mar 2016 01:00:16 GMT"
        ],
        "Pragma": [
          "no-cache"
        ],
        "Transfer-Encoding": [
          "chunked"
        ],
        "x-ms-request-id": [
          "e4aac3b5-2cdd-40bd-9bb6-a6a2ff705f90"
        ],
        "X-Content-Type-Options": [
          "nosniff"
        ],
        "Strict-Transport-Security": [
          "max-age=15724800; includeSubDomains"
        ]
      },
      "StatusCode": 200
    },
    {
      "RequestUri": "/Jobs/0904d7de-34fa-44de-b08b-1c39d395bd3d?api-version=2015-11-01-preview",
      "EncodedRequestUri": "L0pvYnMvMDkwNGQ3ZGUtMzRmYS00NGRlLWIwOGItMWMzOWQzOTViZDNkP2FwaS12ZXJzaW9uPTIwMTUtMTEtMDEtcHJldmlldw==",
      "RequestMethod": "GET",
      "RequestBody": "",
      "RequestHeaders": {
        "x-ms-client-request-id": [
          "3cc59f5f-8934-49a0-97c5-1e950607e8d6"
        ],
        "subscriptionId": [
          "53d9063d-87ae-4ea8-be90-3686c3b8669f"
        ],
        "accept-language": [
          "en-US"
        ],
        "User-Agent": [
          "Microsoft.Azure.Management.DataLake.Analytics.DataLakeAnalyticsJobManagementClient/0.10.0.0"
        ]
      },
      "ResponseBody": "{\r\n  \"jobId\": \"0904d7de-34fa-44de-b08b-1c39d395bd3d\",\r\n  \"name\": \"azure sdk data lake analytics job\",\r\n  \"type\": \"USql\",\r\n  \"submitter\": \"adlsvc01@benwgoldoutlook.onmicrosoft.com\",\r\n  \"account\": null,\r\n  \"degreeOfParallelism\": 2,\r\n  \"priority\": 0,\r\n  \"submitTime\": \"Thu, 10 Mar 2016 00:59:53 GMT\",\r\n  \"startTime\": null,\r\n  \"endTime\": null,\r\n  \"state\": \"Starting\",\r\n  \"result\": \"Succeeded\",\r\n  \"errorMessage\": null,\r\n  \"storageAccounts\": null,\r\n  \"stateAuditRecords\": [\r\n    {\r\n      \"newState\": \"New\",\r\n      \"timeStamp\": \"Thu, 10 Mar 2016 00:59:53 GMT\",\r\n      \"requestedByUser\": null,\r\n      \"details\": \"userName:adlsvc01@benwgoldoutlook.onmicrosoft.com;submitMachine:N/A\"\r\n    },\r\n    {\r\n      \"newState\": \"Compiling\",\r\n      \"timeStamp\": \"Thu, 10 Mar 2016 00:59:54 GMT\",\r\n      \"requestedByUser\": null,\r\n      \"details\": \"CcsAttempts:1;Status:Dispatched\"\r\n    },\r\n    {\r\n      \"newState\": \"Queued\",\r\n      \"timeStamp\": \"Thu, 10 Mar 2016 01:00:09 GMT\",\r\n      \"requestedByUser\": null,\r\n      \"details\": null\r\n    },\r\n    {\r\n      \"newState\": \"Scheduling\",\r\n      \"timeStamp\": \"Thu, 10 Mar 2016 01:00:09 GMT\",\r\n      \"requestedByUser\": null,\r\n      \"details\": \"Detail:Dispatching job to cluster.;rootProcessId:d55f45d8-9354-44d9-8da2-2443b9516a58\"\r\n    },\r\n    {\r\n      \"newState\": \"Starting\",\r\n      \"timeStamp\": \"Thu, 10 Mar 2016 01:00:09 GMT\",\r\n      \"requestedByUser\": null,\r\n      \"details\": \"runtimeVersion:kobo_vnext_4718348_ad5ada\"\r\n    }\r\n  ],\r\n  \"properties\": {\r\n    \"owner\": \"adlsvc01@benwgoldoutlook.onmicrosoft.com\",\r\n    \"resources\": [\r\n      {\r\n        \"name\": \"__ScopeCodeGen__.dll\",\r\n        \"resourcePath\": \"adl://testdatalake13462.azuredatalakestore.net/system/jobservice/jobs/Usql/2016/03/10/00/59/0904d7de-34fa-44de-b08b-1c39d395bd3d/__ScopeCodeGen__.dll\",\r\n        \"type\": \"VertexResource\"\r\n      },\r\n      {\r\n        \"name\": \"__ScopeCodeGen__.pdb\",\r\n        \"resourcePath\": \"adl://testdatalake13462.azuredatalakestore.net/system/jobservice/jobs/Usql/2016/03/10/00/59/0904d7de-34fa-44de-b08b-1c39d395bd3d/__ScopeCodeGen__.pdb\",\r\n        \"type\": \"VertexResource\"\r\n      },\r\n      {\r\n        \"name\": \"__ScopeCodeGenEngine__.dll\",\r\n        \"resourcePath\": \"adl://testdatalake13462.azuredatalakestore.net/system/jobservice/jobs/Usql/2016/03/10/00/59/0904d7de-34fa-44de-b08b-1c39d395bd3d/__ScopeCodeGenEngine__.dll\",\r\n        \"type\": \"VertexResource\"\r\n      },\r\n      {\r\n        \"name\": \"__ScopeCodeGenEngine__.pdb\",\r\n        \"resourcePath\": \"adl://testdatalake13462.azuredatalakestore.net/system/jobservice/jobs/Usql/2016/03/10/00/59/0904d7de-34fa-44de-b08b-1c39d395bd3d/__ScopeCodeGenEngine__.pdb\",\r\n        \"type\": \"VertexResource\"\r\n      },\r\n      {\r\n        \"name\": \"ScopeVertexDef.xml\",\r\n        \"resourcePath\": \"adl://testdatalake13462.azuredatalakestore.net/system/jobservice/jobs/Usql/2016/03/10/00/59/0904d7de-34fa-44de-b08b-1c39d395bd3d/ScopeVertexDef.xml\",\r\n        \"type\": \"VertexResource\"\r\n      },\r\n      {\r\n        \"name\": \"__ScopeCodeGen__.dll.cs\",\r\n        \"resourcePath\": \"adl://testdatalake13462.azuredatalakestore.net/system/jobservice/jobs/Usql/2016/03/10/00/59/0904d7de-34fa-44de-b08b-1c39d395bd3d/__ScopeCodeGen__.dll.cs\",\r\n        \"type\": \"StatisticsResource\"\r\n      },\r\n      {\r\n        \"name\": \"__ScopeCodeGenEngine__.dll.cpp\",\r\n        \"resourcePath\": \"adl://testdatalake13462.azuredatalakestore.net/system/jobservice/jobs/Usql/2016/03/10/00/59/0904d7de-34fa-44de-b08b-1c39d395bd3d/__ScopeCodeGenEngine__.dll.cpp\",\r\n        \"type\": \"StatisticsResource\"\r\n      },\r\n      {\r\n        \"name\": \"__ScopeCodeGenCompileOutput__.txt\",\r\n        \"resourcePath\": \"adl://testdatalake13462.azuredatalakestore.net/system/jobservice/jobs/Usql/2016/03/10/00/59/0904d7de-34fa-44de-b08b-1c39d395bd3d/__ScopeCodeGenCompileOutput__.txt\",\r\n        \"type\": \"StatisticsResource\"\r\n      },\r\n      {\r\n        \"name\": \"__ScopeCodeGenCompileOptions__.txt\",\r\n        \"resourcePath\": \"adl://testdatalake13462.azuredatalakestore.net/system/jobservice/jobs/Usql/2016/03/10/00/59/0904d7de-34fa-44de-b08b-1c39d395bd3d/__ScopeCodeGenCompileOptions__.txt\",\r\n        \"type\": \"StatisticsResource\"\r\n      },\r\n      {\r\n        \"name\": \"__ScopeCodeGenEngine__.cppresources\",\r\n        \"resourcePath\": \"adl://testdatalake13462.azuredatalakestore.net/system/jobservice/jobs/Usql/2016/03/10/00/59/0904d7de-34fa-44de-b08b-1c39d395bd3d/__ScopeCodeGenEngine__.cppresources\",\r\n        \"type\": \"StatisticsResource\"\r\n      },\r\n      {\r\n        \"name\": \"__Ast__.bin\",\r\n        \"resourcePath\": \"adl://testdatalake13462.azuredatalakestore.net/system/jobservice/jobs/Usql/2016/03/10/00/59/0904d7de-34fa-44de-b08b-1c39d395bd3d/__Ast__.bin\",\r\n        \"type\": \"StatisticsResource\"\r\n      },\r\n      {\r\n        \"name\": \"__SystemInternalInfo__.xml\",\r\n        \"resourcePath\": \"adl://testdatalake13462.azuredatalakestore.net/system/jobservice/jobs/Usql/2016/03/10/00/59/0904d7de-34fa-44de-b08b-1c39d395bd3d/__SystemInternalInfo__.xml\",\r\n        \"type\": \"StatisticsResource\"\r\n      },\r\n      {\r\n        \"name\": \"Profile\",\r\n        \"resourcePath\": \"adl://testdatalake13462.azuredatalakestore.net/system/jobservice/jobs/Usql/2016/03/10/00/59/0904d7de-34fa-44de-b08b-1c39d395bd3d/profile\",\r\n        \"type\": \"StatisticsResource\"\r\n      },\r\n      {\r\n        \"name\": \"__ScopeRuntimeStatistics__.xml\",\r\n        \"resourcePath\": \"adl://testdatalake13462.azuredatalakestore.net/system/jobservice/jobs/Usql/2016/03/10/00/59/0904d7de-34fa-44de-b08b-1c39d395bd3d/__ScopeRuntimeStatistics__.xml\",\r\n        \"type\": \"StatisticsResource\"\r\n      }\r\n    ],\r\n    \"runtimeVersion\": \"kobo_vnext_4718348_ad5ada\",\r\n    \"rootProcessNodeId\": \"d55f45d8-9354-44d9-8da2-2443b9516a58\",\r\n    \"script\": \"DROP DATABASE IF EXISTS testdb; CREATE DATABASE testdb;\",\r\n    \"algebraFilePath\": \"adl://testdatalake13462.azuredatalakestore.net/system/jobservice/jobs/Usql/2016/03/10/00/59/0904d7de-34fa-44de-b08b-1c39d395bd3d/algebra.xml\",\r\n    \"yarnApplicationId\": 5237,\r\n    \"yarnApplicationTimeStamp\": 1457397210128,\r\n    \"compileMode\": \"Semantic\",\r\n    \"errorSource\": \"Unknown\",\r\n    \"totalCompilationTime\": \"00:00:14.5295732\",\r\n    \"totalPausedTime\": \"00:00:00\",\r\n    \"totalQueuedTime\": \"00:00:00.0580464\",\r\n    \"totalRunningTime\": \"00:00:00\",\r\n    \"type\": \"USql\"\r\n  }\r\n}",
      "ResponseHeaders": {
        "Content-Type": [
          "application/json; charset=utf-8"
        ],
        "Expires": [
          "-1"
        ],
        "Cache-Control": [
          "private"
        ],
        "Date": [
          "Thu, 10 Mar 2016 01:00:21 GMT"
        ],
        "Pragma": [
          "no-cache"
        ],
        "Transfer-Encoding": [
          "chunked"
        ],
        "x-ms-request-id": [
          "23f3b45b-3f55-4e8a-ad2d-1dd1295e5977"
        ],
        "X-Content-Type-Options": [
          "nosniff"
        ],
        "Strict-Transport-Security": [
          "max-age=15724800; includeSubDomains"
        ]
      },
      "StatusCode": 200
    },
    {
      "RequestUri": "/Jobs/0904d7de-34fa-44de-b08b-1c39d395bd3d?api-version=2015-11-01-preview",
      "EncodedRequestUri": "L0pvYnMvMDkwNGQ3ZGUtMzRmYS00NGRlLWIwOGItMWMzOWQzOTViZDNkP2FwaS12ZXJzaW9uPTIwMTUtMTEtMDEtcHJldmlldw==",
      "RequestMethod": "GET",
      "RequestBody": "",
      "RequestHeaders": {
        "x-ms-client-request-id": [
          "2fd76742-a6e6-4104-b62d-b4586da89d4f"
        ],
        "subscriptionId": [
          "53d9063d-87ae-4ea8-be90-3686c3b8669f"
        ],
        "accept-language": [
          "en-US"
        ],
        "User-Agent": [
          "Microsoft.Azure.Management.DataLake.Analytics.DataLakeAnalyticsJobManagementClient/0.10.0.0"
        ]
      },
      "ResponseBody": "{\r\n  \"jobId\": \"0904d7de-34fa-44de-b08b-1c39d395bd3d\",\r\n  \"name\": \"azure sdk data lake analytics job\",\r\n  \"type\": \"USql\",\r\n  \"submitter\": \"adlsvc01@benwgoldoutlook.onmicrosoft.com\",\r\n  \"account\": null,\r\n  \"degreeOfParallelism\": 2,\r\n  \"priority\": 0,\r\n  \"submitTime\": \"Thu, 10 Mar 2016 00:59:53 GMT\",\r\n  \"startTime\": null,\r\n  \"endTime\": null,\r\n  \"state\": \"Starting\",\r\n  \"result\": \"Succeeded\",\r\n  \"errorMessage\": null,\r\n  \"storageAccounts\": null,\r\n  \"stateAuditRecords\": [\r\n    {\r\n      \"newState\": \"New\",\r\n      \"timeStamp\": \"Thu, 10 Mar 2016 00:59:53 GMT\",\r\n      \"requestedByUser\": null,\r\n      \"details\": \"userName:adlsvc01@benwgoldoutlook.onmicrosoft.com;submitMachine:N/A\"\r\n    },\r\n    {\r\n      \"newState\": \"Compiling\",\r\n      \"timeStamp\": \"Thu, 10 Mar 2016 00:59:54 GMT\",\r\n      \"requestedByUser\": null,\r\n      \"details\": \"CcsAttempts:1;Status:Dispatched\"\r\n    },\r\n    {\r\n      \"newState\": \"Queued\",\r\n      \"timeStamp\": \"Thu, 10 Mar 2016 01:00:09 GMT\",\r\n      \"requestedByUser\": null,\r\n      \"details\": null\r\n    },\r\n    {\r\n      \"newState\": \"Scheduling\",\r\n      \"timeStamp\": \"Thu, 10 Mar 2016 01:00:09 GMT\",\r\n      \"requestedByUser\": null,\r\n      \"details\": \"Detail:Dispatching job to cluster.;rootProcessId:d55f45d8-9354-44d9-8da2-2443b9516a58\"\r\n    },\r\n    {\r\n      \"newState\": \"Starting\",\r\n      \"timeStamp\": \"Thu, 10 Mar 2016 01:00:09 GMT\",\r\n      \"requestedByUser\": null,\r\n      \"details\": \"runtimeVersion:kobo_vnext_4718348_ad5ada\"\r\n    }\r\n  ],\r\n  \"properties\": {\r\n    \"owner\": \"adlsvc01@benwgoldoutlook.onmicrosoft.com\",\r\n    \"resources\": [\r\n      {\r\n        \"name\": \"__ScopeCodeGen__.dll\",\r\n        \"resourcePath\": \"adl://testdatalake13462.azuredatalakestore.net/system/jobservice/jobs/Usql/2016/03/10/00/59/0904d7de-34fa-44de-b08b-1c39d395bd3d/__ScopeCodeGen__.dll\",\r\n        \"type\": \"VertexResource\"\r\n      },\r\n      {\r\n        \"name\": \"__ScopeCodeGen__.pdb\",\r\n        \"resourcePath\": \"adl://testdatalake13462.azuredatalakestore.net/system/jobservice/jobs/Usql/2016/03/10/00/59/0904d7de-34fa-44de-b08b-1c39d395bd3d/__ScopeCodeGen__.pdb\",\r\n        \"type\": \"VertexResource\"\r\n      },\r\n      {\r\n        \"name\": \"__ScopeCodeGenEngine__.dll\",\r\n        \"resourcePath\": \"adl://testdatalake13462.azuredatalakestore.net/system/jobservice/jobs/Usql/2016/03/10/00/59/0904d7de-34fa-44de-b08b-1c39d395bd3d/__ScopeCodeGenEngine__.dll\",\r\n        \"type\": \"VertexResource\"\r\n      },\r\n      {\r\n        \"name\": \"__ScopeCodeGenEngine__.pdb\",\r\n        \"resourcePath\": \"adl://testdatalake13462.azuredatalakestore.net/system/jobservice/jobs/Usql/2016/03/10/00/59/0904d7de-34fa-44de-b08b-1c39d395bd3d/__ScopeCodeGenEngine__.pdb\",\r\n        \"type\": \"VertexResource\"\r\n      },\r\n      {\r\n        \"name\": \"ScopeVertexDef.xml\",\r\n        \"resourcePath\": \"adl://testdatalake13462.azuredatalakestore.net/system/jobservice/jobs/Usql/2016/03/10/00/59/0904d7de-34fa-44de-b08b-1c39d395bd3d/ScopeVertexDef.xml\",\r\n        \"type\": \"VertexResource\"\r\n      },\r\n      {\r\n        \"name\": \"__ScopeCodeGen__.dll.cs\",\r\n        \"resourcePath\": \"adl://testdatalake13462.azuredatalakestore.net/system/jobservice/jobs/Usql/2016/03/10/00/59/0904d7de-34fa-44de-b08b-1c39d395bd3d/__ScopeCodeGen__.dll.cs\",\r\n        \"type\": \"StatisticsResource\"\r\n      },\r\n      {\r\n        \"name\": \"__ScopeCodeGenEngine__.dll.cpp\",\r\n        \"resourcePath\": \"adl://testdatalake13462.azuredatalakestore.net/system/jobservice/jobs/Usql/2016/03/10/00/59/0904d7de-34fa-44de-b08b-1c39d395bd3d/__ScopeCodeGenEngine__.dll.cpp\",\r\n        \"type\": \"StatisticsResource\"\r\n      },\r\n      {\r\n        \"name\": \"__ScopeCodeGenCompileOutput__.txt\",\r\n        \"resourcePath\": \"adl://testdatalake13462.azuredatalakestore.net/system/jobservice/jobs/Usql/2016/03/10/00/59/0904d7de-34fa-44de-b08b-1c39d395bd3d/__ScopeCodeGenCompileOutput__.txt\",\r\n        \"type\": \"StatisticsResource\"\r\n      },\r\n      {\r\n        \"name\": \"__ScopeCodeGenCompileOptions__.txt\",\r\n        \"resourcePath\": \"adl://testdatalake13462.azuredatalakestore.net/system/jobservice/jobs/Usql/2016/03/10/00/59/0904d7de-34fa-44de-b08b-1c39d395bd3d/__ScopeCodeGenCompileOptions__.txt\",\r\n        \"type\": \"StatisticsResource\"\r\n      },\r\n      {\r\n        \"name\": \"__ScopeCodeGenEngine__.cppresources\",\r\n        \"resourcePath\": \"adl://testdatalake13462.azuredatalakestore.net/system/jobservice/jobs/Usql/2016/03/10/00/59/0904d7de-34fa-44de-b08b-1c39d395bd3d/__ScopeCodeGenEngine__.cppresources\",\r\n        \"type\": \"StatisticsResource\"\r\n      },\r\n      {\r\n        \"name\": \"__Ast__.bin\",\r\n        \"resourcePath\": \"adl://testdatalake13462.azuredatalakestore.net/system/jobservice/jobs/Usql/2016/03/10/00/59/0904d7de-34fa-44de-b08b-1c39d395bd3d/__Ast__.bin\",\r\n        \"type\": \"StatisticsResource\"\r\n      },\r\n      {\r\n        \"name\": \"__SystemInternalInfo__.xml\",\r\n        \"resourcePath\": \"adl://testdatalake13462.azuredatalakestore.net/system/jobservice/jobs/Usql/2016/03/10/00/59/0904d7de-34fa-44de-b08b-1c39d395bd3d/__SystemInternalInfo__.xml\",\r\n        \"type\": \"StatisticsResource\"\r\n      },\r\n      {\r\n        \"name\": \"Profile\",\r\n        \"resourcePath\": \"adl://testdatalake13462.azuredatalakestore.net/system/jobservice/jobs/Usql/2016/03/10/00/59/0904d7de-34fa-44de-b08b-1c39d395bd3d/profile\",\r\n        \"type\": \"StatisticsResource\"\r\n      },\r\n      {\r\n        \"name\": \"__ScopeRuntimeStatistics__.xml\",\r\n        \"resourcePath\": \"adl://testdatalake13462.azuredatalakestore.net/system/jobservice/jobs/Usql/2016/03/10/00/59/0904d7de-34fa-44de-b08b-1c39d395bd3d/__ScopeRuntimeStatistics__.xml\",\r\n        \"type\": \"StatisticsResource\"\r\n      }\r\n    ],\r\n    \"runtimeVersion\": \"kobo_vnext_4718348_ad5ada\",\r\n    \"rootProcessNodeId\": \"d55f45d8-9354-44d9-8da2-2443b9516a58\",\r\n    \"script\": \"DROP DATABASE IF EXISTS testdb; CREATE DATABASE testdb;\",\r\n    \"algebraFilePath\": \"adl://testdatalake13462.azuredatalakestore.net/system/jobservice/jobs/Usql/2016/03/10/00/59/0904d7de-34fa-44de-b08b-1c39d395bd3d/algebra.xml\",\r\n    \"yarnApplicationId\": 5237,\r\n    \"yarnApplicationTimeStamp\": 1457397210128,\r\n    \"compileMode\": \"Semantic\",\r\n    \"errorSource\": \"Unknown\",\r\n    \"totalCompilationTime\": \"00:00:14.5295732\",\r\n    \"totalPausedTime\": \"00:00:00\",\r\n    \"totalQueuedTime\": \"00:00:00.0580464\",\r\n    \"totalRunningTime\": \"00:00:00\",\r\n    \"type\": \"USql\"\r\n  }\r\n}",
      "ResponseHeaders": {
        "Content-Type": [
          "application/json; charset=utf-8"
        ],
        "Expires": [
          "-1"
        ],
        "Cache-Control": [
          "private"
        ],
        "Date": [
          "Thu, 10 Mar 2016 01:00:25 GMT"
        ],
        "Pragma": [
          "no-cache"
        ],
        "Transfer-Encoding": [
          "chunked"
        ],
        "x-ms-request-id": [
          "dbd8aac2-5cfd-4911-8461-2413b10869cb"
        ],
        "X-Content-Type-Options": [
          "nosniff"
        ],
        "Strict-Transport-Security": [
          "max-age=15724800; includeSubDomains"
        ]
      },
      "StatusCode": 200
    },
    {
      "RequestUri": "/Jobs/0904d7de-34fa-44de-b08b-1c39d395bd3d?api-version=2015-11-01-preview",
      "EncodedRequestUri": "L0pvYnMvMDkwNGQ3ZGUtMzRmYS00NGRlLWIwOGItMWMzOWQzOTViZDNkP2FwaS12ZXJzaW9uPTIwMTUtMTEtMDEtcHJldmlldw==",
      "RequestMethod": "GET",
      "RequestBody": "",
      "RequestHeaders": {
        "x-ms-client-request-id": [
          "2960765d-9fc6-48cc-bbc9-55ad19817784"
        ],
        "subscriptionId": [
          "53d9063d-87ae-4ea8-be90-3686c3b8669f"
        ],
        "accept-language": [
          "en-US"
        ],
        "User-Agent": [
          "Microsoft.Azure.Management.DataLake.Analytics.DataLakeAnalyticsJobManagementClient/0.10.0.0"
        ]
      },
      "ResponseBody": "{\r\n  \"jobId\": \"0904d7de-34fa-44de-b08b-1c39d395bd3d\",\r\n  \"name\": \"azure sdk data lake analytics job\",\r\n  \"type\": \"USql\",\r\n  \"submitter\": \"adlsvc01@benwgoldoutlook.onmicrosoft.com\",\r\n  \"account\": null,\r\n  \"degreeOfParallelism\": 2,\r\n  \"priority\": 0,\r\n  \"submitTime\": \"Thu, 10 Mar 2016 00:59:53 GMT\",\r\n  \"startTime\": null,\r\n  \"endTime\": null,\r\n  \"state\": \"Starting\",\r\n  \"result\": \"Succeeded\",\r\n  \"errorMessage\": null,\r\n  \"storageAccounts\": null,\r\n  \"stateAuditRecords\": [\r\n    {\r\n      \"newState\": \"New\",\r\n      \"timeStamp\": \"Thu, 10 Mar 2016 00:59:53 GMT\",\r\n      \"requestedByUser\": null,\r\n      \"details\": \"userName:adlsvc01@benwgoldoutlook.onmicrosoft.com;submitMachine:N/A\"\r\n    },\r\n    {\r\n      \"newState\": \"Compiling\",\r\n      \"timeStamp\": \"Thu, 10 Mar 2016 00:59:54 GMT\",\r\n      \"requestedByUser\": null,\r\n      \"details\": \"CcsAttempts:1;Status:Dispatched\"\r\n    },\r\n    {\r\n      \"newState\": \"Queued\",\r\n      \"timeStamp\": \"Thu, 10 Mar 2016 01:00:09 GMT\",\r\n      \"requestedByUser\": null,\r\n      \"details\": null\r\n    },\r\n    {\r\n      \"newState\": \"Scheduling\",\r\n      \"timeStamp\": \"Thu, 10 Mar 2016 01:00:09 GMT\",\r\n      \"requestedByUser\": null,\r\n      \"details\": \"Detail:Dispatching job to cluster.;rootProcessId:d55f45d8-9354-44d9-8da2-2443b9516a58\"\r\n    },\r\n    {\r\n      \"newState\": \"Starting\",\r\n      \"timeStamp\": \"Thu, 10 Mar 2016 01:00:09 GMT\",\r\n      \"requestedByUser\": null,\r\n      \"details\": \"runtimeVersion:kobo_vnext_4718348_ad5ada\"\r\n    }\r\n  ],\r\n  \"properties\": {\r\n    \"owner\": \"adlsvc01@benwgoldoutlook.onmicrosoft.com\",\r\n    \"resources\": [\r\n      {\r\n        \"name\": \"__ScopeCodeGen__.dll\",\r\n        \"resourcePath\": \"adl://testdatalake13462.azuredatalakestore.net/system/jobservice/jobs/Usql/2016/03/10/00/59/0904d7de-34fa-44de-b08b-1c39d395bd3d/__ScopeCodeGen__.dll\",\r\n        \"type\": \"VertexResource\"\r\n      },\r\n      {\r\n        \"name\": \"__ScopeCodeGen__.pdb\",\r\n        \"resourcePath\": \"adl://testdatalake13462.azuredatalakestore.net/system/jobservice/jobs/Usql/2016/03/10/00/59/0904d7de-34fa-44de-b08b-1c39d395bd3d/__ScopeCodeGen__.pdb\",\r\n        \"type\": \"VertexResource\"\r\n      },\r\n      {\r\n        \"name\": \"__ScopeCodeGenEngine__.dll\",\r\n        \"resourcePath\": \"adl://testdatalake13462.azuredatalakestore.net/system/jobservice/jobs/Usql/2016/03/10/00/59/0904d7de-34fa-44de-b08b-1c39d395bd3d/__ScopeCodeGenEngine__.dll\",\r\n        \"type\": \"VertexResource\"\r\n      },\r\n      {\r\n        \"name\": \"__ScopeCodeGenEngine__.pdb\",\r\n        \"resourcePath\": \"adl://testdatalake13462.azuredatalakestore.net/system/jobservice/jobs/Usql/2016/03/10/00/59/0904d7de-34fa-44de-b08b-1c39d395bd3d/__ScopeCodeGenEngine__.pdb\",\r\n        \"type\": \"VertexResource\"\r\n      },\r\n      {\r\n        \"name\": \"ScopeVertexDef.xml\",\r\n        \"resourcePath\": \"adl://testdatalake13462.azuredatalakestore.net/system/jobservice/jobs/Usql/2016/03/10/00/59/0904d7de-34fa-44de-b08b-1c39d395bd3d/ScopeVertexDef.xml\",\r\n        \"type\": \"VertexResource\"\r\n      },\r\n      {\r\n        \"name\": \"__ScopeCodeGen__.dll.cs\",\r\n        \"resourcePath\": \"adl://testdatalake13462.azuredatalakestore.net/system/jobservice/jobs/Usql/2016/03/10/00/59/0904d7de-34fa-44de-b08b-1c39d395bd3d/__ScopeCodeGen__.dll.cs\",\r\n        \"type\": \"StatisticsResource\"\r\n      },\r\n      {\r\n        \"name\": \"__ScopeCodeGenEngine__.dll.cpp\",\r\n        \"resourcePath\": \"adl://testdatalake13462.azuredatalakestore.net/system/jobservice/jobs/Usql/2016/03/10/00/59/0904d7de-34fa-44de-b08b-1c39d395bd3d/__ScopeCodeGenEngine__.dll.cpp\",\r\n        \"type\": \"StatisticsResource\"\r\n      },\r\n      {\r\n        \"name\": \"__ScopeCodeGenCompileOutput__.txt\",\r\n        \"resourcePath\": \"adl://testdatalake13462.azuredatalakestore.net/system/jobservice/jobs/Usql/2016/03/10/00/59/0904d7de-34fa-44de-b08b-1c39d395bd3d/__ScopeCodeGenCompileOutput__.txt\",\r\n        \"type\": \"StatisticsResource\"\r\n      },\r\n      {\r\n        \"name\": \"__ScopeCodeGenCompileOptions__.txt\",\r\n        \"resourcePath\": \"adl://testdatalake13462.azuredatalakestore.net/system/jobservice/jobs/Usql/2016/03/10/00/59/0904d7de-34fa-44de-b08b-1c39d395bd3d/__ScopeCodeGenCompileOptions__.txt\",\r\n        \"type\": \"StatisticsResource\"\r\n      },\r\n      {\r\n        \"name\": \"__ScopeCodeGenEngine__.cppresources\",\r\n        \"resourcePath\": \"adl://testdatalake13462.azuredatalakestore.net/system/jobservice/jobs/Usql/2016/03/10/00/59/0904d7de-34fa-44de-b08b-1c39d395bd3d/__ScopeCodeGenEngine__.cppresources\",\r\n        \"type\": \"StatisticsResource\"\r\n      },\r\n      {\r\n        \"name\": \"__Ast__.bin\",\r\n        \"resourcePath\": \"adl://testdatalake13462.azuredatalakestore.net/system/jobservice/jobs/Usql/2016/03/10/00/59/0904d7de-34fa-44de-b08b-1c39d395bd3d/__Ast__.bin\",\r\n        \"type\": \"StatisticsResource\"\r\n      },\r\n      {\r\n        \"name\": \"__SystemInternalInfo__.xml\",\r\n        \"resourcePath\": \"adl://testdatalake13462.azuredatalakestore.net/system/jobservice/jobs/Usql/2016/03/10/00/59/0904d7de-34fa-44de-b08b-1c39d395bd3d/__SystemInternalInfo__.xml\",\r\n        \"type\": \"StatisticsResource\"\r\n      },\r\n      {\r\n        \"name\": \"Profile\",\r\n        \"resourcePath\": \"adl://testdatalake13462.azuredatalakestore.net/system/jobservice/jobs/Usql/2016/03/10/00/59/0904d7de-34fa-44de-b08b-1c39d395bd3d/profile\",\r\n        \"type\": \"StatisticsResource\"\r\n      },\r\n      {\r\n        \"name\": \"__ScopeRuntimeStatistics__.xml\",\r\n        \"resourcePath\": \"adl://testdatalake13462.azuredatalakestore.net/system/jobservice/jobs/Usql/2016/03/10/00/59/0904d7de-34fa-44de-b08b-1c39d395bd3d/__ScopeRuntimeStatistics__.xml\",\r\n        \"type\": \"StatisticsResource\"\r\n      }\r\n    ],\r\n    \"runtimeVersion\": \"kobo_vnext_4718348_ad5ada\",\r\n    \"rootProcessNodeId\": \"d55f45d8-9354-44d9-8da2-2443b9516a58\",\r\n    \"script\": \"DROP DATABASE IF EXISTS testdb; CREATE DATABASE testdb;\",\r\n    \"algebraFilePath\": \"adl://testdatalake13462.azuredatalakestore.net/system/jobservice/jobs/Usql/2016/03/10/00/59/0904d7de-34fa-44de-b08b-1c39d395bd3d/algebra.xml\",\r\n    \"yarnApplicationId\": 5237,\r\n    \"yarnApplicationTimeStamp\": 1457397210128,\r\n    \"compileMode\": \"Semantic\",\r\n    \"errorSource\": \"Unknown\",\r\n    \"totalCompilationTime\": \"00:00:14.5295732\",\r\n    \"totalPausedTime\": \"00:00:00\",\r\n    \"totalQueuedTime\": \"00:00:00.0580464\",\r\n    \"totalRunningTime\": \"00:00:00\",\r\n    \"type\": \"USql\"\r\n  }\r\n}",
      "ResponseHeaders": {
        "Content-Type": [
          "application/json; charset=utf-8"
        ],
        "Expires": [
          "-1"
        ],
        "Cache-Control": [
          "private"
        ],
        "Date": [
          "Thu, 10 Mar 2016 01:00:31 GMT"
        ],
        "Pragma": [
          "no-cache"
        ],
        "Transfer-Encoding": [
          "chunked"
        ],
        "x-ms-request-id": [
          "8ca3b348-33b3-4766-8ea5-221624bcc931"
        ],
        "X-Content-Type-Options": [
          "nosniff"
        ],
        "Strict-Transport-Security": [
          "max-age=15724800; includeSubDomains"
        ]
      },
      "StatusCode": 200
    },
    {
      "RequestUri": "/Jobs/0904d7de-34fa-44de-b08b-1c39d395bd3d?api-version=2015-11-01-preview",
      "EncodedRequestUri": "L0pvYnMvMDkwNGQ3ZGUtMzRmYS00NGRlLWIwOGItMWMzOWQzOTViZDNkP2FwaS12ZXJzaW9uPTIwMTUtMTEtMDEtcHJldmlldw==",
      "RequestMethod": "GET",
      "RequestBody": "",
      "RequestHeaders": {
        "x-ms-client-request-id": [
          "ad81b0cc-a0c5-4b99-885b-a8434f142ac0"
        ],
        "subscriptionId": [
          "53d9063d-87ae-4ea8-be90-3686c3b8669f"
        ],
        "accept-language": [
          "en-US"
        ],
        "User-Agent": [
          "Microsoft.Azure.Management.DataLake.Analytics.DataLakeAnalyticsJobManagementClient/0.10.0.0"
        ]
      },
      "ResponseBody": "{\r\n  \"jobId\": \"0904d7de-34fa-44de-b08b-1c39d395bd3d\",\r\n  \"name\": \"azure sdk data lake analytics job\",\r\n  \"type\": \"USql\",\r\n  \"submitter\": \"adlsvc01@benwgoldoutlook.onmicrosoft.com\",\r\n  \"account\": null,\r\n  \"degreeOfParallelism\": 2,\r\n  \"priority\": 0,\r\n  \"submitTime\": \"Thu, 10 Mar 2016 00:59:53 GMT\",\r\n  \"startTime\": \"Thu, 10 Mar 2016 01:00:32 GMT\",\r\n  \"endTime\": \"Thu, 10 Mar 2016 01:00:32 GMT\",\r\n  \"state\": \"Ended\",\r\n  \"result\": \"Succeeded\",\r\n  \"errorMessage\": null,\r\n  \"storageAccounts\": null,\r\n  \"stateAuditRecords\": [\r\n    {\r\n      \"newState\": \"New\",\r\n      \"timeStamp\": \"Thu, 10 Mar 2016 00:59:53 GMT\",\r\n      \"requestedByUser\": null,\r\n      \"details\": \"userName:adlsvc01@benwgoldoutlook.onmicrosoft.com;submitMachine:N/A\"\r\n    },\r\n    {\r\n      \"newState\": \"Compiling\",\r\n      \"timeStamp\": \"Thu, 10 Mar 2016 00:59:54 GMT\",\r\n      \"requestedByUser\": null,\r\n      \"details\": \"CcsAttempts:1;Status:Dispatched\"\r\n    },\r\n    {\r\n      \"newState\": \"Queued\",\r\n      \"timeStamp\": \"Thu, 10 Mar 2016 01:00:09 GMT\",\r\n      \"requestedByUser\": null,\r\n      \"details\": null\r\n    },\r\n    {\r\n      \"newState\": \"Scheduling\",\r\n      \"timeStamp\": \"Thu, 10 Mar 2016 01:00:09 GMT\",\r\n      \"requestedByUser\": null,\r\n      \"details\": \"Detail:Dispatching job to cluster.;rootProcessId:d55f45d8-9354-44d9-8da2-2443b9516a58\"\r\n    },\r\n    {\r\n      \"newState\": \"Starting\",\r\n      \"timeStamp\": \"Thu, 10 Mar 2016 01:00:09 GMT\",\r\n      \"requestedByUser\": null,\r\n      \"details\": \"runtimeVersion:kobo_vnext_4718348_ad5ada\"\r\n    },\r\n    {\r\n      \"newState\": \"Running\",\r\n      \"timeStamp\": \"Thu, 10 Mar 2016 01:00:32 GMT\",\r\n      \"requestedByUser\": null,\r\n      \"details\": \"runAttempt:1\"\r\n    },\r\n    {\r\n      \"newState\": \"Ended\",\r\n      \"timeStamp\": \"Thu, 10 Mar 2016 01:00:32 GMT\",\r\n      \"requestedByUser\": null,\r\n      \"details\": \"result:Succeeded\"\r\n    }\r\n  ],\r\n  \"properties\": {\r\n    \"owner\": \"adlsvc01@benwgoldoutlook.onmicrosoft.com\",\r\n    \"resources\": [\r\n      {\r\n        \"name\": \"__ScopeCodeGen__.dll\",\r\n        \"resourcePath\": \"adl://testdatalake13462.azuredatalakestore.net/system/jobservice/jobs/Usql/2016/03/10/00/59/0904d7de-34fa-44de-b08b-1c39d395bd3d/__ScopeCodeGen__.dll\",\r\n        \"type\": \"VertexResource\"\r\n      },\r\n      {\r\n        \"name\": \"__ScopeCodeGen__.pdb\",\r\n        \"resourcePath\": \"adl://testdatalake13462.azuredatalakestore.net/system/jobservice/jobs/Usql/2016/03/10/00/59/0904d7de-34fa-44de-b08b-1c39d395bd3d/__ScopeCodeGen__.pdb\",\r\n        \"type\": \"VertexResource\"\r\n      },\r\n      {\r\n        \"name\": \"__ScopeCodeGenEngine__.dll\",\r\n        \"resourcePath\": \"adl://testdatalake13462.azuredatalakestore.net/system/jobservice/jobs/Usql/2016/03/10/00/59/0904d7de-34fa-44de-b08b-1c39d395bd3d/__ScopeCodeGenEngine__.dll\",\r\n        \"type\": \"VertexResource\"\r\n      },\r\n      {\r\n        \"name\": \"__ScopeCodeGenEngine__.pdb\",\r\n        \"resourcePath\": \"adl://testdatalake13462.azuredatalakestore.net/system/jobservice/jobs/Usql/2016/03/10/00/59/0904d7de-34fa-44de-b08b-1c39d395bd3d/__ScopeCodeGenEngine__.pdb\",\r\n        \"type\": \"VertexResource\"\r\n      },\r\n      {\r\n        \"name\": \"ScopeVertexDef.xml\",\r\n        \"resourcePath\": \"adl://testdatalake13462.azuredatalakestore.net/system/jobservice/jobs/Usql/2016/03/10/00/59/0904d7de-34fa-44de-b08b-1c39d395bd3d/ScopeVertexDef.xml\",\r\n        \"type\": \"VertexResource\"\r\n      },\r\n      {\r\n        \"name\": \"__ScopeCodeGen__.dll.cs\",\r\n        \"resourcePath\": \"adl://testdatalake13462.azuredatalakestore.net/system/jobservice/jobs/Usql/2016/03/10/00/59/0904d7de-34fa-44de-b08b-1c39d395bd3d/__ScopeCodeGen__.dll.cs\",\r\n        \"type\": \"StatisticsResource\"\r\n      },\r\n      {\r\n        \"name\": \"__ScopeCodeGenEngine__.dll.cpp\",\r\n        \"resourcePath\": \"adl://testdatalake13462.azuredatalakestore.net/system/jobservice/jobs/Usql/2016/03/10/00/59/0904d7de-34fa-44de-b08b-1c39d395bd3d/__ScopeCodeGenEngine__.dll.cpp\",\r\n        \"type\": \"StatisticsResource\"\r\n      },\r\n      {\r\n        \"name\": \"__ScopeCodeGenCompileOutput__.txt\",\r\n        \"resourcePath\": \"adl://testdatalake13462.azuredatalakestore.net/system/jobservice/jobs/Usql/2016/03/10/00/59/0904d7de-34fa-44de-b08b-1c39d395bd3d/__ScopeCodeGenCompileOutput__.txt\",\r\n        \"type\": \"StatisticsResource\"\r\n      },\r\n      {\r\n        \"name\": \"__ScopeCodeGenCompileOptions__.txt\",\r\n        \"resourcePath\": \"adl://testdatalake13462.azuredatalakestore.net/system/jobservice/jobs/Usql/2016/03/10/00/59/0904d7de-34fa-44de-b08b-1c39d395bd3d/__ScopeCodeGenCompileOptions__.txt\",\r\n        \"type\": \"StatisticsResource\"\r\n      },\r\n      {\r\n        \"name\": \"__ScopeCodeGenEngine__.cppresources\",\r\n        \"resourcePath\": \"adl://testdatalake13462.azuredatalakestore.net/system/jobservice/jobs/Usql/2016/03/10/00/59/0904d7de-34fa-44de-b08b-1c39d395bd3d/__ScopeCodeGenEngine__.cppresources\",\r\n        \"type\": \"StatisticsResource\"\r\n      },\r\n      {\r\n        \"name\": \"__Ast__.bin\",\r\n        \"resourcePath\": \"adl://testdatalake13462.azuredatalakestore.net/system/jobservice/jobs/Usql/2016/03/10/00/59/0904d7de-34fa-44de-b08b-1c39d395bd3d/__Ast__.bin\",\r\n        \"type\": \"StatisticsResource\"\r\n      },\r\n      {\r\n        \"name\": \"__SystemInternalInfo__.xml\",\r\n        \"resourcePath\": \"adl://testdatalake13462.azuredatalakestore.net/system/jobservice/jobs/Usql/2016/03/10/00/59/0904d7de-34fa-44de-b08b-1c39d395bd3d/__SystemInternalInfo__.xml\",\r\n        \"type\": \"StatisticsResource\"\r\n      },\r\n      {\r\n        \"name\": \"Profile\",\r\n        \"resourcePath\": \"adl://testdatalake13462.azuredatalakestore.net/system/jobservice/jobs/Usql/2016/03/10/00/59/0904d7de-34fa-44de-b08b-1c39d395bd3d/profile\",\r\n        \"type\": \"StatisticsResource\"\r\n      },\r\n      {\r\n        \"name\": \"__ScopeRuntimeStatistics__.xml\",\r\n        \"resourcePath\": \"adl://testdatalake13462.azuredatalakestore.net/system/jobservice/jobs/Usql/2016/03/10/00/59/0904d7de-34fa-44de-b08b-1c39d395bd3d/__ScopeRuntimeStatistics__.xml\",\r\n        \"type\": \"StatisticsResource\"\r\n      }\r\n    ],\r\n    \"runtimeVersion\": \"kobo_vnext_4718348_ad5ada\",\r\n    \"rootProcessNodeId\": \"d55f45d8-9354-44d9-8da2-2443b9516a58\",\r\n    \"script\": \"DROP DATABASE IF EXISTS testdb; CREATE DATABASE testdb;\",\r\n    \"algebraFilePath\": \"adl://testdatalake13462.azuredatalakestore.net/system/jobservice/jobs/Usql/2016/03/10/00/59/0904d7de-34fa-44de-b08b-1c39d395bd3d/algebra.xml\",\r\n    \"yarnApplicationId\": 5237,\r\n    \"yarnApplicationTimeStamp\": 1457397210128,\r\n    \"compileMode\": \"Semantic\",\r\n    \"errorSource\": \"Unknown\",\r\n    \"totalCompilationTime\": \"00:00:14.5295732\",\r\n    \"totalPausedTime\": \"00:00:00\",\r\n    \"totalQueuedTime\": \"00:00:00.0580464\",\r\n    \"totalRunningTime\": \"00:00:00.0100080\",\r\n    \"type\": \"USql\"\r\n  }\r\n}",
      "ResponseHeaders": {
        "Content-Type": [
          "application/json; charset=utf-8"
        ],
        "Expires": [
          "-1"
        ],
        "Cache-Control": [
          "private"
        ],
        "Date": [
          "Thu, 10 Mar 2016 01:00:36 GMT"
        ],
        "Pragma": [
          "no-cache"
        ],
        "Transfer-Encoding": [
          "chunked"
        ],
        "x-ms-request-id": [
          "5f01666a-473a-4812-81ef-6ffc1e952b11"
        ],
        "X-Content-Type-Options": [
          "nosniff"
        ],
        "Strict-Transport-Security": [
          "max-age=15724800; includeSubDomains"
        ]
      },
      "StatusCode": 200
    },
    {
      "RequestUri": "/Jobs?api-version=2015-11-01-preview",
      "EncodedRequestUri": "L0pvYnM/YXBpLXZlcnNpb249MjAxNS0xMS0wMS1wcmV2aWV3",
      "RequestMethod": "GET",
      "RequestBody": "",
      "RequestHeaders": {
        "x-ms-client-request-id": [
          "2a369a25-9606-4c9b-ae98-cbf5de1f5aa1"
        ],
        "subscriptionId": [
          "53d9063d-87ae-4ea8-be90-3686c3b8669f"
        ],
        "accept-language": [
          "en-US"
        ],
        "User-Agent": [
          "Microsoft.Azure.Management.DataLake.Analytics.DataLakeAnalyticsJobManagementClient/0.10.0.0"
        ]
      },
      "ResponseBody": "{\r\n  \"value\": [\r\n    {\r\n      \"jobId\": \"0904d7de-34fa-44de-b08b-1c39d395bd3d\",\r\n      \"name\": \"azure sdk data lake analytics job\",\r\n      \"type\": \"USql\",\r\n      \"submitter\": \"adlsvc01@benwgoldoutlook.onmicrosoft.com\",\r\n      \"account\": null,\r\n      \"degreeOfParallelism\": 2,\r\n      \"priority\": 0,\r\n      \"submitTime\": \"Thu, 10 Mar 2016 00:59:53 GMT\",\r\n      \"startTime\": \"Thu, 10 Mar 2016 01:00:32 GMT\",\r\n      \"endTime\": \"Thu, 10 Mar 2016 01:00:32 GMT\",\r\n      \"state\": \"Ended\",\r\n      \"result\": \"Succeeded\",\r\n      \"errorMessage\": null,\r\n      \"storageAccounts\": null,\r\n      \"stateAuditRecords\": null,\r\n      \"properties\": null\r\n    },\r\n    {\r\n      \"jobId\": \"b7ceca04-c274-4007-a4ad-74f90db1d167\",\r\n      \"name\": \"azure sdk data lake analytics job\",\r\n      \"type\": \"USql\",\r\n      \"submitter\": \"adlsvc01@benwgoldoutlook.onmicrosoft.com\",\r\n      \"account\": null,\r\n      \"degreeOfParallelism\": 2,\r\n      \"priority\": 0,\r\n      \"submitTime\": \"Thu, 10 Mar 2016 00:59:50 GMT\",\r\n      \"startTime\": null,\r\n      \"endTime\": \"Thu, 10 Mar 2016 00:59:52 GMT\",\r\n      \"state\": \"Ended\",\r\n      \"result\": \"Cancelled\",\r\n      \"errorMessage\": null,\r\n      \"storageAccounts\": null,\r\n      \"stateAuditRecords\": null,\r\n      \"properties\": null\r\n    }\r\n  ],\r\n  \"nextLink\": null,\r\n  \"count\": null\r\n}",
      "ResponseHeaders": {
        "Content-Type": [
          "application/json; charset=utf-8"
        ],
        "Expires": [
          "-1"
        ],
        "Cache-Control": [
          "private"
        ],
        "Date": [
          "Thu, 10 Mar 2016 01:00:37 GMT"
        ],
        "Pragma": [
          "no-cache"
        ],
        "Transfer-Encoding": [
          "chunked"
        ],
        "x-ms-request-id": [
          "338bed3b-d3c8-442e-8e4d-f34c3deebccb"
        ],
        "X-Content-Type-Options": [
          "nosniff"
        ],
        "Strict-Transport-Security": [
          "max-age=15724800; includeSubDomains"
        ]
      },
      "StatusCode": 200
    },
    {
      "RequestUri": "/BuildJob?api-version=2015-11-01-preview",
      "EncodedRequestUri": "L0J1aWxkSm9iP2FwaS12ZXJzaW9uPTIwMTUtMTEtMDEtcHJldmlldw==",
      "RequestMethod": "POST",
      "RequestBody": "{\r\n  \"jobId\": \"0904d7de-34fa-44de-b08b-1c39d395bd3d\",\r\n  \"name\": \"azure sdk data lake analytics job\",\r\n  \"type\": \"USql\",\r\n  \"degreeOfParallelism\": 2,\r\n  \"properties\": {\r\n    \"type\": \"USql\",\r\n    \"script\": \"DROP DATABASE IF EXISTS testdb; CREATE DATABASE testdb;\"\r\n  }\r\n}",
      "RequestHeaders": {
        "Content-Type": [
          "application/json; charset=utf-8"
        ],
        "Content-Length": [
          "270"
        ],
        "x-ms-client-request-id": [
          "afaab802-00ee-4e1b-ba9e-9d7dd9e4aac5"
        ],
        "subscriptionId": [
          "53d9063d-87ae-4ea8-be90-3686c3b8669f"
        ],
        "accept-language": [
          "en-US"
        ],
        "User-Agent": [
          "Microsoft.Azure.Management.DataLake.Analytics.DataLakeAnalyticsJobManagementClient/0.10.0.0"
        ]
      },
      "ResponseBody": "{\r\n  \"jobId\": \"0904d7de-34fa-44de-b08b-1c39d395bd3d\",\r\n  \"name\": \"azure sdk data lake analytics job\",\r\n  \"type\": \"USql\",\r\n  \"submitter\": \"adlsvc01@benwgoldoutlook.onmicrosoft.com\",\r\n  \"account\": null,\r\n  \"degreeOfParallelism\": 0,\r\n  \"priority\": 0,\r\n  \"submitTime\": \"Mon, 01 Jan 0001 00:00:00 GMT\",\r\n  \"startTime\": null,\r\n  \"endTime\": null,\r\n  \"state\": \"Ended\",\r\n  \"result\": \"Succeeded\",\r\n  \"errorMessage\": null,\r\n  \"storageAccounts\": null,\r\n  \"stateAuditRecords\": null,\r\n  \"properties\": {\r\n    \"resources\": [],\r\n    \"runtimeVersion\": \"kobo_vnext_4718348_ad5ada\",\r\n    \"script\": \"DROP DATABASE IF EXISTS testdb; CREATE DATABASE testdb;\",\r\n    \"algebraFilePath\": \"mafs://accounts/testdatalake13462/fs/system/jobservice/jobs/Sqlip/0904d7de-34fa-44de-b08b-1c39d395bd3d/2016/03/10/01/00/algebra.xml\",\r\n    \"userPrincipals\": [],\r\n    \"compileMode\": \"Semantic\",\r\n    \"errorSource\": \"Unknown\",\r\n    \"totalCompilationTime\": \"00:00:00\",\r\n    \"totalPausedTime\": \"00:00:00\",\r\n    \"totalQueuedTime\": \"00:00:00\",\r\n    \"totalRunningTime\": \"00:00:00\",\r\n    \"diagnostics\": [],\r\n    \"type\": \"USql\"\r\n  }\r\n}",
      "ResponseHeaders": {
        "Content-Type": [
          "application/json; charset=utf-8"
        ],
        "Expires": [
          "-1"
        ],
        "Cache-Control": [
          "private"
        ],
        "Date": [
          "Thu, 10 Mar 2016 01:00:47 GMT"
        ],
        "Pragma": [
          "no-cache"
        ],
        "Transfer-Encoding": [
          "chunked"
        ],
        "x-ms-request-id": [
          "8eb518c9-6a8e-4b3f-9ffd-0d4f1f595c4e"
        ],
        "X-Content-Type-Options": [
          "nosniff"
        ],
        "Strict-Transport-Security": [
          "max-age=15724800; includeSubDomains"
        ]
      },
      "StatusCode": 200
    },
    {
      "RequestUri": "/Jobs?$select=jobId&api-version=2015-11-01-preview",
      "EncodedRequestUri": "L0pvYnM/JHNlbGVjdD1qb2JJZCZhcGktdmVyc2lvbj0yMDE1LTExLTAxLXByZXZpZXc=",
      "RequestMethod": "GET",
      "RequestBody": "",
      "RequestHeaders": {
        "x-ms-client-request-id": [
          "a16f1f25-ef8c-46c2-8a87-39966dfaca7a"
        ],
        "subscriptionId": [
          "53d9063d-87ae-4ea8-be90-3686c3b8669f"
        ],
        "accept-language": [
          "en-US"
        ],
        "User-Agent": [
          "Microsoft.Azure.Management.DataLake.Analytics.DataLakeAnalyticsJobManagementClient/0.10.0.0"
        ]
      },
      "ResponseBody": "{\r\n  \"value\": [\r\n    {\r\n      \"jobId\": \"0904d7de-34fa-44de-b08b-1c39d395bd3d\"\r\n    },\r\n    {\r\n      \"jobId\": \"b7ceca04-c274-4007-a4ad-74f90db1d167\"\r\n    }\r\n  ],\r\n  \"nextLink\": null,\r\n  \"count\": null\r\n}",
      "ResponseHeaders": {
        "Content-Type": [
          "application/json; charset=utf-8"
        ],
        "Expires": [
          "-1"
        ],
        "Cache-Control": [
          "private"
        ],
        "Date": [
          "Thu, 10 Mar 2016 01:00:47 GMT"
        ],
        "Pragma": [
          "no-cache"
        ],
        "Transfer-Encoding": [
          "chunked"
        ],
        "x-ms-request-id": [
          "f2d11204-f20f-4c4c-949f-2bbfc8a76d88"
        ],
        "X-Content-Type-Options": [
          "nosniff"
        ],
        "Strict-Transport-Security": [
          "max-age=15724800; includeSubDomains"
        ]
      },
      "StatusCode": 200
    }
  ],
  "Names": {
    ".ctor": [
      "rgaba14985",
      "testaba13012",
      "testaba25143",
      "teststorage19278",
      "testdatalake13462",
      "testdatalake29899",
      "testazureblob17775",
      "testdb15459",
      "testtbl13883",
      "testtvf12945",
      "testproc14516",
      "testview16312",
      "testcred11384",
      "testsecret12221",
      "testsecretpwd15077"
    ],
    "SubmitGetListCancelTest": [
      "b7ceca04-c274-4007-a4ad-74f90db1d167",
      "0904d7de-34fa-44de-b08b-1c39d395bd3d"
    ]
  },
  "Variables": {
    "SubscriptionId": "53d9063d-87ae-4ea8-be90-3686c3b8669f"
  }
}