{
  "Entries": [
    {
      "RequestUri": "https://seanstagehierarchical.blob.core.windows.net/test-filesystem-4275a1f2-e96b-8021-966e-5afbdfb785e0?restype=container",
      "RequestMethod": "PUT",
      "RequestHeaders": {
        "Authorization": "Sanitized",
        "traceparent": "00-5b963ba752058940b870bbf11ab71209-2ec314bb5fb74e4f-00",
        "User-Agent": [
          "azsdk-net-Storage.Files.DataLake/12.0.0-dev.20200305.1",
          "(.NET Core 4.6.28325.01; Microsoft Windows 10.0.18363 )"
        ],
        "x-ms-blob-public-access": "container",
        "x-ms-client-request-id": "90751905-d785-9730-2429-d04a6bda0711",
        "x-ms-date": "Thu, 05 Mar 2020 22:07:28 GMT",
        "x-ms-return-client-request-id": "true",
        "x-ms-version": "2019-12-12"
      },
      "RequestBody": null,
      "StatusCode": 201,
      "ResponseHeaders": {
        "Content-Length": "0",
        "Date": "Thu, 05 Mar 2020 22:07:28 GMT",
        "ETag": "\u00220x8D7C151983D2446\u0022",
        "Last-Modified": "Thu, 05 Mar 2020 22:07:28 GMT",
        "Server": [
          "Windows-Azure-Blob/1.0",
          "Microsoft-HTTPAPI/2.0"
        ],
        "x-ms-client-request-id": "90751905-d785-9730-2429-d04a6bda0711",
        "x-ms-request-id": "33babea9-201e-002e-063a-f3c02c000000",
        "x-ms-version": "2019-12-12"
      },
      "ResponseBody": []
    },
    {
      "RequestUri": "https://seanstagehierarchical.dfs.core.windows.net/test-filesystem-4275a1f2-e96b-8021-966e-5afbdfb785e0/test-directory-c31416d3-c14a-3efa-7792-b2f68b4cd8d4?resource=directory",
      "RequestMethod": "PUT",
      "RequestHeaders": {
        "Authorization": "Sanitized",
        "traceparent": "00-f2d6ca856ddfd3429cac3257d92476a5-1df12371bf61524a-00",
        "User-Agent": [
          "azsdk-net-Storage.Files.DataLake/12.0.0-dev.20200305.1",
          "(.NET Core 4.6.28325.01; Microsoft Windows 10.0.18363 )"
        ],
        "x-ms-client-request-id": "91014b6d-5cad-430f-1f37-19f3253a0bd8",
        "x-ms-date": "Thu, 05 Mar 2020 22:07:28 GMT",
        "x-ms-return-client-request-id": "true",
        "x-ms-version": "2019-12-12"
      },
      "RequestBody": null,
      "StatusCode": 201,
      "ResponseHeaders": {
        "Content-Length": "0",
        "Date": "Thu, 05 Mar 2020 22:07:29 GMT",
        "ETag": "\u00220x8D7C15198A778D2\u0022",
        "Last-Modified": "Thu, 05 Mar 2020 22:07:29 GMT",
        "Server": [
          "Windows-Azure-HDFS/1.0",
          "Microsoft-HTTPAPI/2.0"
        ],
        "x-ms-client-request-id": "91014b6d-5cad-430f-1f37-19f3253a0bd8",
        "x-ms-request-id": "c4760dd4-301f-0040-0b3a-f39503000000",
        "x-ms-version": "2019-12-12"
      },
      "ResponseBody": []
    },
    {
      "RequestUri": "https://seanstagehierarchical.dfs.core.windows.net/test-filesystem-4275a1f2-e96b-8021-966e-5afbdfb785e0/test-directory-c31416d3-c14a-3efa-7792-b2f68b4cd8d4/test-file-6afbfb51-41e4-ded0-bb01-2db9b05a5a97?resource=file",
      "RequestMethod": "PUT",
      "RequestHeaders": {
        "Authorization": "Sanitized",
        "User-Agent": [
          "azsdk-net-Storage.Files.DataLake/12.0.0-dev.20200305.1",
          "(.NET Core 4.6.28325.01; Microsoft Windows 10.0.18363 )"
        ],
        "x-ms-client-request-id": "e84d3985-0de4-2cd1-7b23-d5ab2e5693c4",
        "x-ms-date": "Thu, 05 Mar 2020 22:07:29 GMT",
        "x-ms-properties": "foo=YmFy,meta=ZGF0YQ==,Capital=bGV0dGVy,UPPER=Y2FzZQ==",
        "x-ms-return-client-request-id": "true",
        "x-ms-version": "2019-12-12"
      },
      "RequestBody": null,
      "StatusCode": 201,
      "ResponseHeaders": {
        "Content-Length": "0",
        "Date": "Thu, 05 Mar 2020 22:07:29 GMT",
        "ETag": "\u00220x8D7C15198BAF1A0\u0022",
        "Last-Modified": "Thu, 05 Mar 2020 22:07:29 GMT",
        "Server": [
          "Windows-Azure-HDFS/1.0",
          "Microsoft-HTTPAPI/2.0"
        ],
        "x-ms-client-request-id": "e84d3985-0de4-2cd1-7b23-d5ab2e5693c4",
        "x-ms-request-id": "c4760dd5-301f-0040-0c3a-f39503000000",
        "x-ms-version": "2019-12-12"
      },
      "ResponseBody": []
    },
    {
      "RequestUri": "https://seanstagehierarchical.blob.core.windows.net/test-filesystem-4275a1f2-e96b-8021-966e-5afbdfb785e0/test-directory-c31416d3-c14a-3efa-7792-b2f68b4cd8d4/test-file-6afbfb51-41e4-ded0-bb01-2db9b05a5a97",
      "RequestMethod": "HEAD",
      "RequestHeaders": {
        "Authorization": "Sanitized",
        "User-Agent": [
          "azsdk-net-Storage.Files.DataLake/12.0.0-dev.20200305.1",
          "(.NET Core 4.6.28325.01; Microsoft Windows 10.0.18363 )"
        ],
        "x-ms-client-request-id": "7733d313-720d-0db3-2a5c-c427717bc49b",
        "x-ms-date": "Thu, 05 Mar 2020 22:07:29 GMT",
        "x-ms-return-client-request-id": "true",
        "x-ms-version": "2019-12-12"
      },
      "RequestBody": null,
      "StatusCode": 200,
      "ResponseHeaders": {
        "Accept-Ranges": "bytes",
        "Content-Length": "0",
        "Content-Type": "application/octet-stream",
        "Date": "Thu, 05 Mar 2020 22:07:29 GMT",
        "ETag": "\u00220x8D7C15198BAF1A0\u0022",
        "Last-Modified": "Thu, 05 Mar 2020 22:07:29 GMT",
        "Server": [
          "Windows-Azure-Blob/1.0",
          "Microsoft-HTTPAPI/2.0"
        ],
        "x-ms-access-tier": "Hot",
        "x-ms-access-tier-inferred": "true",
        "x-ms-blob-type": "BlockBlob",
        "x-ms-client-request-id": "7733d313-720d-0db3-2a5c-c427717bc49b",
        "x-ms-creation-time": "Thu, 05 Mar 2020 22:07:29 GMT",
        "x-ms-lease-state": "available",
        "x-ms-lease-status": "unlocked",
        "x-ms-meta-Capital": "letter",
        "x-ms-meta-foo": "bar",
        "x-ms-meta-meta": "data",
        "x-ms-meta-UPPER": "case",
        "x-ms-request-id": "33babeb0-201e-002e-0a3a-f3c02c000000",
        "x-ms-server-encrypted": "true",
        "x-ms-version": "2019-12-12"
      },
      "ResponseBody": []
    },
    {
      "RequestUri": "https://seanstagehierarchical.blob.core.windows.net/test-filesystem-4275a1f2-e96b-8021-966e-5afbdfb785e0?restype=container",
      "RequestMethod": "DELETE",
      "RequestHeaders": {
        "Authorization": "Sanitized",
        "traceparent": "00-4d5c7e80321ad741aec75aa5d5c9763d-f44f578229dd3b42-00",
        "User-Agent": [
          "azsdk-net-Storage.Files.DataLake/12.0.0-dev.20200305.1",
          "(.NET Core 4.6.28325.01; Microsoft Windows 10.0.18363 )"
        ],
        "x-ms-client-request-id": "5b978120-1c22-6ab6-cecb-ff5507659857",
        "x-ms-date": "Thu, 05 Mar 2020 22:07:29 GMT",
        "x-ms-return-client-request-id": "true",
        "x-ms-version": "2019-12-12"
      },
      "RequestBody": null,
      "StatusCode": 202,
      "ResponseHeaders": {
        "Content-Length": "0",
        "Date": "Thu, 05 Mar 2020 22:07:29 GMT",
        "Server": [
          "Windows-Azure-Blob/1.0",
          "Microsoft-HTTPAPI/2.0"
        ],
        "x-ms-client-request-id": "5b978120-1c22-6ab6-cecb-ff5507659857",
        "x-ms-request-id": "33babeb2-201e-002e-0c3a-f3c02c000000",
        "x-ms-version": "2019-12-12"
      },
      "ResponseBody": []
    }
  ],
  "Variables": {
    "RandomSeed": "1390154504",
    "Storage_TestConfigHierarchicalNamespace": "NamespaceTenant\nseanstagehierarchical\nU2FuaXRpemVk\nhttps://seanstagehierarchical.blob.core.windows.net\nhttp://seanstagehierarchical.file.core.windows.net\nhttp://seanstagehierarchical.queue.core.windows.net\nhttp://seanstagehierarchical.table.core.windows.net\n\n\n\n\nhttp://seanstagehierarchical-secondary.blob.core.windows.net\nhttp://seanstagehierarchical-secondary.file.core.windows.net\nhttp://seanstagehierarchical-secondary.queue.core.windows.net\nhttp://seanstagehierarchical-secondary.table.core.windows.net\n68390a19-a643-458b-b726-408abf67b4fc\nSanitized\n72f988bf-86f1-41af-91ab-2d7cd011db47\nhttps://login.microsoftonline.com/\nCloud\nBlobEndpoint=https://seanstagehierarchical.blob.core.windows.net/;QueueEndpoint=http://seanstagehierarchical.queue.core.windows.net/;FileEndpoint=http://seanstagehierarchical.file.core.windows.net/;BlobSecondaryEndpoint=http://seanstagehierarchical-secondary.blob.core.windows.net/;QueueSecondaryEndpoint=http://seanstagehierarchical-secondary.queue.core.windows.net/;FileSecondaryEndpoint=http://seanstagehierarchical-secondary.file.core.windows.net/;AccountName=seanstagehierarchical;AccountKey=Sanitized\n"
  }
}