{
  "Entries": [
    {
      "RequestUri": "https://seanstagehierarchical.blob.core.windows.net/test-filesystem-d4ac0f2d-df06-4e9e-1f4f-8b5d6ffd4775?restype=container",
      "RequestMethod": "PUT",
      "RequestHeaders": {
        "Authorization": "Sanitized",
        "traceparent": "00-09c08e05fea307498d78f2b3e26de3d3-98c194a56166cb41-00",
        "User-Agent": [
          "azsdk-net-Storage.Files.DataLake/12.0.0-dev.20200305.1",
          "(.NET Core 4.6.28325.01; Microsoft Windows 10.0.18363 )"
        ],
        "x-ms-blob-public-access": "container",
        "x-ms-client-request-id": "a68556b8-fae1-2f64-60f5-1d10d5c6acbe",
        "x-ms-date": "Thu, 05 Mar 2020 22:08:41 GMT",
        "x-ms-return-client-request-id": "true",
        "x-ms-version": "2019-12-12"
      },
      "RequestBody": null,
      "StatusCode": 201,
      "ResponseHeaders": {
        "Content-Length": "0",
        "Date": "Thu, 05 Mar 2020 22:08:40 GMT",
        "ETag": "\u00220x8D7C151C3B0ED03\u0022",
        "Last-Modified": "Thu, 05 Mar 2020 22:08:41 GMT",
        "Server": [
          "Windows-Azure-Blob/1.0",
          "Microsoft-HTTPAPI/2.0"
        ],
        "x-ms-client-request-id": "a68556b8-fae1-2f64-60f5-1d10d5c6acbe",
        "x-ms-request-id": "1dff4ab2-501e-000b-333a-f36950000000",
        "x-ms-version": "2019-12-12"
      },
      "ResponseBody": []
    },
    {
      "RequestUri": "https://seanstagehierarchical.dfs.core.windows.net/test-filesystem-d4ac0f2d-df06-4e9e-1f4f-8b5d6ffd4775/?action=getAccessControl",
      "RequestMethod": "HEAD",
      "RequestHeaders": {
        "Authorization": "Sanitized",
        "traceparent": "00-33137d62fd8c124b9c9ef9a129e77a2e-c6c0dd9596a81346-00",
        "User-Agent": [
          "azsdk-net-Storage.Files.DataLake/12.0.0-dev.20200305.1",
          "(.NET Core 4.6.28325.01; Microsoft Windows 10.0.18363 )"
        ],
        "x-ms-client-request-id": "18a57e7c-a177-2993-594b-30adfa7d1a95",
        "x-ms-date": "Thu, 05 Mar 2020 22:08:41 GMT",
        "x-ms-return-client-request-id": "true",
        "x-ms-version": "2019-12-12"
      },
      "RequestBody": null,
      "StatusCode": 200,
      "ResponseHeaders": {
        "Date": "Thu, 05 Mar 2020 22:08:41 GMT",
        "ETag": "\u00220x8D7C151C3B3F98A\u0022",
        "Last-Modified": "Thu, 05 Mar 2020 22:08:41 GMT",
        "Server": [
          "Windows-Azure-HDFS/1.0",
          "Microsoft-HTTPAPI/2.0"
        ],
        "x-ms-acl": "user::rwx,group::r-x,other::---",
        "x-ms-client-request-id": "18a57e7c-a177-2993-594b-30adfa7d1a95",
        "x-ms-group": "$superuser",
        "x-ms-owner": "$superuser",
        "x-ms-permissions": "rwxr-x---",
        "x-ms-request-id": "f1e75995-901f-0004-683a-f31f3c000000",
        "x-ms-version": "2019-12-12"
      },
      "ResponseBody": []
    },
    {
      "RequestUri": "https://seanstagehierarchical.blob.core.windows.net/test-filesystem-d4ac0f2d-df06-4e9e-1f4f-8b5d6ffd4775?restype=container",
      "RequestMethod": "DELETE",
      "RequestHeaders": {
        "Authorization": "Sanitized",
        "traceparent": "00-a87177cda7c65447b47bcfb6968f7907-d3e644fb37a3824c-00",
        "User-Agent": [
          "azsdk-net-Storage.Files.DataLake/12.0.0-dev.20200305.1",
          "(.NET Core 4.6.28325.01; Microsoft Windows 10.0.18363 )"
        ],
        "x-ms-client-request-id": "5793f7e4-9420-9d46-ce9d-907b4e451b03",
        "x-ms-date": "Thu, 05 Mar 2020 22:08:42 GMT",
        "x-ms-return-client-request-id": "true",
        "x-ms-version": "2019-12-12"
      },
      "RequestBody": null,
      "StatusCode": 202,
      "ResponseHeaders": {
        "Content-Length": "0",
        "Date": "Thu, 05 Mar 2020 22:08:41 GMT",
        "Server": [
          "Windows-Azure-Blob/1.0",
          "Microsoft-HTTPAPI/2.0"
        ],
        "x-ms-client-request-id": "5793f7e4-9420-9d46-ce9d-907b4e451b03",
        "x-ms-request-id": "1dff4ac7-501e-000b-443a-f36950000000",
        "x-ms-version": "2019-12-12"
      },
      "ResponseBody": []
    }
  ],
  "Variables": {
    "RandomSeed": "1221283134",
    "Storage_TestConfigHierarchicalNamespace": "NamespaceTenant\nseanstagehierarchical\nU2FuaXRpemVk\nhttps://seanstagehierarchical.blob.core.windows.net\nhttp://seanstagehierarchical.file.core.windows.net\nhttp://seanstagehierarchical.queue.core.windows.net\nhttp://seanstagehierarchical.table.core.windows.net\n\n\n\n\nhttp://seanstagehierarchical-secondary.blob.core.windows.net\nhttp://seanstagehierarchical-secondary.file.core.windows.net\nhttp://seanstagehierarchical-secondary.queue.core.windows.net\nhttp://seanstagehierarchical-secondary.table.core.windows.net\n68390a19-a643-458b-b726-408abf67b4fc\nSanitized\n72f988bf-86f1-41af-91ab-2d7cd011db47\nhttps://login.microsoftonline.com/\nCloud\nBlobEndpoint=https://seanstagehierarchical.blob.core.windows.net/;QueueEndpoint=http://seanstagehierarchical.queue.core.windows.net/;FileEndpoint=http://seanstagehierarchical.file.core.windows.net/;BlobSecondaryEndpoint=http://seanstagehierarchical-secondary.blob.core.windows.net/;QueueSecondaryEndpoint=http://seanstagehierarchical-secondary.queue.core.windows.net/;FileSecondaryEndpoint=http://seanstagehierarchical-secondary.file.core.windows.net/;AccountName=seanstagehierarchical;AccountKey=Sanitized\n"
  }
}