{
  "Entries": [
    {
      "RequestUri": "https://login.microsoftonline.com/72f988bf-86f1-41af-91ab-2d7cd011db47/oauth2/v2.0/token",
      "RequestMethod": "POST",
      "RequestHeaders": {
        "Content-Length": "169",
        "Content-Type": "application/x-www-form-urlencoded",
        "traceparent": "00-7bf40a47fb61d245b82318f52c31732d-8bdec9d804d06140-00",
        "User-Agent": [
          "azsdk-net-Identity/1.1.1",
          "(.NET Core 4.6.28325.01; Microsoft Windows 10.0.18363 )"
        ],
        "x-ms-client-request-id": "50a9ebe27c5cc9a6285ad40ae0d68029",
        "x-ms-return-client-request-id": "true"
      },
      "RequestBody": "response_type=token\u0026grant_type=client_credentials\u0026client_id=68390a19-a643-458b-b726-408abf67b4fc\u0026client_secret=Sanitized\u0026scope=https%3A%2F%2Fstorage.azure.com%2F.default",
      "StatusCode": 200,
      "ResponseHeaders": {
        "Cache-Control": "no-store, no-cache",
        "Content-Length": "90",
        "Content-Type": "application/json; charset=utf-8",
        "Date": "Thu, 05 Mar 2020 22:12:26 GMT",
        "Expires": "-1",
        "P3P": "CP=\u0022DSP CUR OTPi IND OTRi ONL FIN\u0022",
        "Pragma": "no-cache",
        "Set-Cookie": [
          "fpc=AhJbsq3msZ1KvWW9lPeIK0_eSEc1CgAAADZv89UOAAAA; expires=Sat, 04-Apr-2020 22:12:27 GMT; path=/; secure; HttpOnly; SameSite=None",
          "x-ms-gateway-slice=corp; path=/; SameSite=None; secure; HttpOnly",
          "stsservicecookie=estscorp; path=/; secure; HttpOnly; SameSite=None"
        ],
        "Strict-Transport-Security": "max-age=31536000; includeSubDomains",
        "X-Content-Type-Options": "nosniff",
        "x-ms-ests-server": "2.1.10155.16 - WST ProdSlices",
        "x-ms-request-id": "1160967d-d588-43ec-9c54-f004ba680800"
      },
      "ResponseBody": {
        "token_type": "Bearer",
        "expires_in": 3599,
        "ext_expires_in": 3599,
        "access_token": "Sanitized"
      }
    },
    {
      "RequestUri": "https://seanstagehierarchical.blob.core.windows.net/test-filesystem-23258a4c-f325-6b1d-61cd-5b04b3290281?restype=container",
      "RequestMethod": "PUT",
      "RequestHeaders": {
        "Authorization": "Sanitized",
        "traceparent": "00-7bf40a47fb61d245b82318f52c31732d-e9366662937d7346-00",
        "User-Agent": [
          "azsdk-net-Storage.Files.DataLake/12.0.0-dev.20200305.1",
          "(.NET Core 4.6.28325.01; Microsoft Windows 10.0.18363 )"
        ],
        "x-ms-blob-public-access": "container",
        "x-ms-client-request-id": "33a05ea4-e02e-704e-30a8-2b7f2c11b546",
        "x-ms-return-client-request-id": "true",
        "x-ms-version": "2019-10-10"
      },
      "RequestBody": null,
      "StatusCode": 201,
      "ResponseHeaders": {
        "Content-Length": "0",
        "Date": "Thu, 05 Mar 2020 22:12:28 GMT",
        "ETag": "\u00220x8D7C1524AFAAD7B\u0022",
        "Last-Modified": "Thu, 05 Mar 2020 22:12:28 GMT",
        "Server": [
          "Windows-Azure-Blob/1.0",
          "Microsoft-HTTPAPI/2.0"
        ],
        "x-ms-client-request-id": "33a05ea4-e02e-704e-30a8-2b7f2c11b546",
        "x-ms-request-id": "91664150-501e-0024-033b-f3649b000000",
        "x-ms-version": "2019-10-10"
      },
      "ResponseBody": []
    },
    {
      "RequestUri": "https://seanstagehierarchical.dfs.core.windows.net/test-filesystem-23258a4c-f325-6b1d-61cd-5b04b3290281/test-directory-b827ebc0-dc16-7c5a-f8a6-c60cb61aea70?resource=directory",
      "RequestMethod": "PUT",
      "RequestHeaders": {
        "Authorization": "Sanitized",
        "traceparent": "00-052ed999fda1174fa2cad0a6e306af96-ebfbd3c0df5c4748-00",
        "User-Agent": [
          "azsdk-net-Storage.Files.DataLake/12.0.0-dev.20200305.1",
          "(.NET Core 4.6.28325.01; Microsoft Windows 10.0.18363 )"
        ],
        "x-ms-client-request-id": "11a0b557-e325-2815-b7d7-0bd30c448f59",
        "x-ms-return-client-request-id": "true",
        "x-ms-version": "2019-10-10"
      },
      "RequestBody": null,
      "StatusCode": 201,
      "ResponseHeaders": {
        "Content-Length": "0",
        "Date": "Thu, 05 Mar 2020 22:12:28 GMT",
        "ETag": "\u00220x8D7C1524B3D5CDF\u0022",
        "Last-Modified": "Thu, 05 Mar 2020 22:12:29 GMT",
        "Server": [
          "Windows-Azure-HDFS/1.0",
          "Microsoft-HTTPAPI/2.0"
        ],
        "x-ms-client-request-id": "11a0b557-e325-2815-b7d7-0bd30c448f59",
        "x-ms-request-id": "22528d44-001f-0006-7d3b-f3a184000000",
        "x-ms-version": "2019-10-10"
      },
      "ResponseBody": []
    },
    {
      "RequestUri": "https://seanstagehierarchical.dfs.core.windows.net/test-filesystem-23258a4c-f325-6b1d-61cd-5b04b3290281/test-directory-b827ebc0-dc16-7c5a-f8a6-c60cb61aea70?action=getAccessControl",
      "RequestMethod": "HEAD",
      "RequestHeaders": {
        "Authorization": "Sanitized",
        "User-Agent": [
          "azsdk-net-Storage.Files.DataLake/12.0.0-dev.20200305.1",
          "(.NET Core 4.6.28325.01; Microsoft Windows 10.0.18363 )"
        ],
        "x-ms-client-request-id": "2bb301b9-6f35-8e03-3e3e-a1a2ab6d6dcf",
        "x-ms-return-client-request-id": "true",
        "x-ms-version": "2019-10-10"
      },
      "RequestBody": null,
      "StatusCode": 200,
      "ResponseHeaders": {
        "Date": "Thu, 05 Mar 2020 22:12:28 GMT",
        "ETag": "\u00220x8D7C1524B3D5CDF\u0022",
        "Last-Modified": "Thu, 05 Mar 2020 22:12:29 GMT",
        "Server": [
          "Windows-Azure-HDFS/1.0",
          "Microsoft-HTTPAPI/2.0"
        ],
        "x-ms-acl": "user::rwx,group::r-x,other::---",
        "x-ms-client-request-id": "2bb301b9-6f35-8e03-3e3e-a1a2ab6d6dcf",
        "x-ms-group": "c4f48289-bb84-4086-b250-6f94a8f64cee",
        "x-ms-owner": "c4f48289-bb84-4086-b250-6f94a8f64cee",
        "x-ms-permissions": "rwxr-x---",
        "x-ms-request-id": "22528d45-001f-0006-7e3b-f3a184000000",
        "x-ms-version": "2019-10-10"
      },
      "ResponseBody": []
    },
    {
      "RequestUri": "https://seanstagehierarchical.blob.core.windows.net/test-filesystem-23258a4c-f325-6b1d-61cd-5b04b3290281?restype=container",
      "RequestMethod": "DELETE",
      "RequestHeaders": {
        "Authorization": "Sanitized",
        "traceparent": "00-30f1d5aceaf8714db4a3512ae537e1e7-42fd585db3cb144d-00",
        "User-Agent": [
          "azsdk-net-Storage.Files.DataLake/12.0.0-dev.20200305.1",
          "(.NET Core 4.6.28325.01; Microsoft Windows 10.0.18363 )"
        ],
        "x-ms-client-request-id": "0a1a27da-6491-b924-fe7e-996bbb2a7f3b",
        "x-ms-return-client-request-id": "true",
        "x-ms-version": "2019-10-10"
      },
      "RequestBody": null,
      "StatusCode": 202,
      "ResponseHeaders": {
        "Content-Length": "0",
        "Date": "Thu, 05 Mar 2020 22:12:28 GMT",
        "Server": [
          "Windows-Azure-Blob/1.0",
          "Microsoft-HTTPAPI/2.0"
        ],
        "x-ms-client-request-id": "0a1a27da-6491-b924-fe7e-996bbb2a7f3b",
        "x-ms-request-id": "9166415b-501e-0024-083b-f3649b000000",
        "x-ms-version": "2019-10-10"
      },
      "ResponseBody": []
    }
  ],
  "Variables": {
    "RandomSeed": "144189548",
    "Storage_TestConfigHierarchicalNamespace": "NamespaceTenant\nseanstagehierarchical\nU2FuaXRpemVk\nhttps://seanstagehierarchical.blob.core.windows.net\nhttp://seanstagehierarchical.file.core.windows.net\nhttp://seanstagehierarchical.queue.core.windows.net\nhttp://seanstagehierarchical.table.core.windows.net\n\n\n\n\nhttp://seanstagehierarchical-secondary.blob.core.windows.net\nhttp://seanstagehierarchical-secondary.file.core.windows.net\nhttp://seanstagehierarchical-secondary.queue.core.windows.net\nhttp://seanstagehierarchical-secondary.table.core.windows.net\n68390a19-a643-458b-b726-408abf67b4fc\nSanitized\n72f988bf-86f1-41af-91ab-2d7cd011db47\nhttps://login.microsoftonline.com/\nCloud\nBlobEndpoint=https://seanstagehierarchical.blob.core.windows.net/;QueueEndpoint=http://seanstagehierarchical.queue.core.windows.net/;FileEndpoint=http://seanstagehierarchical.file.core.windows.net/;BlobSecondaryEndpoint=http://seanstagehierarchical-secondary.blob.core.windows.net/;QueueSecondaryEndpoint=http://seanstagehierarchical-secondary.queue.core.windows.net/;FileSecondaryEndpoint=http://seanstagehierarchical-secondary.file.core.windows.net/;AccountName=seanstagehierarchical;AccountKey=Sanitized\n"
  }
}