{
  "Entries": [
    {
      "RequestUri": "https://login.microsoftonline.com/72f988bf-86f1-41af-91ab-2d7cd011db47/oauth2/v2.0/token",
      "RequestMethod": "POST",
      "RequestHeaders": {
        "Content-Length": "169",
        "Content-Type": "application/x-www-form-urlencoded",
        "traceparent": "00-5cfdce18d76a0247bf8333c4b9b02228-23b49ec80fd56448-00",
        "User-Agent": [
          "azsdk-net-Identity/1.1.1",
          "(.NET Core 4.6.28325.01; Microsoft Windows 10.0.18363 )"
        ],
        "x-ms-client-request-id": "45b2375fd515535a118b894e1317838c",
        "x-ms-return-client-request-id": "true"
      },
      "RequestBody": "response_type=token\u0026grant_type=client_credentials\u0026client_id=68390a19-a643-458b-b726-408abf67b4fc\u0026client_secret=Sanitized\u0026scope=https%3A%2F%2Fstorage.azure.com%2F.default",
      "StatusCode": 200,
      "ResponseHeaders": {
        "Cache-Control": "no-store, no-cache",
        "Content-Length": "90",
        "Content-Type": "application/json; charset=utf-8",
        "Date": "Thu, 05 Mar 2020 22:08:33 GMT",
        "Expires": "-1",
        "P3P": "CP=\u0022DSP CUR OTPi IND OTRi ONL FIN\u0022",
        "Pragma": "no-cache",
        "Set-Cookie": [
          "fpc=AhJbsq3msZ1KvWW9lPeIK0_eSEc1AwAAADZv89UOAAAA; expires=Sat, 04-Apr-2020 22:08:33 GMT; path=/; secure; HttpOnly; SameSite=None",
          "x-ms-gateway-slice=corp; path=/; SameSite=None; secure; HttpOnly",
          "stsservicecookie=estscorp; path=/; secure; HttpOnly; SameSite=None"
        ],
        "Strict-Transport-Security": "max-age=31536000; includeSubDomains",
        "X-Content-Type-Options": "nosniff",
        "x-ms-ests-server": "2.1.10155.16 - WST ProdSlices",
        "x-ms-request-id": "54e31b52-512a-436c-9f7e-84192fcf0800"
      },
      "ResponseBody": {
        "token_type": "Bearer",
        "expires_in": 3599,
        "ext_expires_in": 3599,
        "access_token": "Sanitized"
      }
    },
    {
      "RequestUri": "https://seanstagehierarchical.blob.core.windows.net/test-filesystem-a221a941-cdaf-f3e7-d665-72593037c1c1?restype=container",
      "RequestMethod": "PUT",
      "RequestHeaders": {
        "Authorization": "Sanitized",
        "traceparent": "00-5cfdce18d76a0247bf8333c4b9b02228-f522d3ca7565f844-00",
        "User-Agent": [
          "azsdk-net-Storage.Files.DataLake/12.0.0-dev.20200305.1",
          "(.NET Core 4.6.28325.01; Microsoft Windows 10.0.18363 )"
        ],
        "x-ms-blob-public-access": "container",
        "x-ms-client-request-id": "757c1e7d-35de-79a8-b852-ff2e92bde1d9",
        "x-ms-return-client-request-id": "true",
        "x-ms-version": "2019-12-12"
      },
      "RequestBody": null,
      "StatusCode": 201,
      "ResponseHeaders": {
        "Content-Length": "0",
        "Date": "Thu, 05 Mar 2020 22:08:35 GMT",
        "ETag": "\u00220x8D7C151BFC55528\u0022",
        "Last-Modified": "Thu, 05 Mar 2020 22:08:35 GMT",
        "Server": [
          "Windows-Azure-Blob/1.0",
          "Microsoft-HTTPAPI/2.0"
        ],
        "x-ms-client-request-id": "757c1e7d-35de-79a8-b852-ff2e92bde1d9",
        "x-ms-request-id": "9d9991c0-f01e-0002-483a-f32c83000000",
        "x-ms-version": "2019-12-12"
      },
      "ResponseBody": []
    },
    {
      "RequestUri": "https://seanstagehierarchical.dfs.core.windows.net/test-filesystem-a221a941-cdaf-f3e7-d665-72593037c1c1/test-directory-41ec7e5e-c8cc-cef1-a281-3b2911fc053a?resource=directory",
      "RequestMethod": "PUT",
      "RequestHeaders": {
        "Authorization": "Sanitized",
        "traceparent": "00-88616849f7c4cf4a88c1820c12d8d323-4529dab778498147-00",
        "User-Agent": [
          "azsdk-net-Storage.Files.DataLake/12.0.0-dev.20200305.1",
          "(.NET Core 4.6.28325.01; Microsoft Windows 10.0.18363 )"
        ],
        "x-ms-client-request-id": "147bda9c-fd64-a836-c329-6452ac5a66a1",
        "x-ms-return-client-request-id": "true",
        "x-ms-version": "2019-12-12"
      },
      "RequestBody": null,
      "StatusCode": 201,
      "ResponseHeaders": {
        "Content-Length": "0",
        "Date": "Thu, 05 Mar 2020 22:08:35 GMT",
        "ETag": "\u00220x8D7C151C00D9168\u0022",
        "Last-Modified": "Thu, 05 Mar 2020 22:08:35 GMT",
        "Server": [
          "Windows-Azure-HDFS/1.0",
          "Microsoft-HTTPAPI/2.0"
        ],
        "x-ms-client-request-id": "147bda9c-fd64-a836-c329-6452ac5a66a1",
        "x-ms-request-id": "cd6e4204-001f-0016-273a-f364ec000000",
        "x-ms-version": "2019-12-12"
      },
      "ResponseBody": []
    },
    {
      "RequestUri": "https://seanstagehierarchical.dfs.core.windows.net/test-filesystem-a221a941-cdaf-f3e7-d665-72593037c1c1/test-directory-41ec7e5e-c8cc-cef1-a281-3b2911fc053a?action=getAccessControl",
      "RequestMethod": "HEAD",
      "RequestHeaders": {
        "Authorization": "Sanitized",
        "User-Agent": [
          "azsdk-net-Storage.Files.DataLake/12.0.0-dev.20200305.1",
          "(.NET Core 4.6.28325.01; Microsoft Windows 10.0.18363 )"
        ],
        "x-ms-client-request-id": "38b18ebc-6f9b-4128-b903-2f572b09c5e7",
        "x-ms-return-client-request-id": "true",
        "x-ms-version": "2019-12-12"
      },
      "RequestBody": null,
      "StatusCode": 200,
      "ResponseHeaders": {
        "Date": "Thu, 05 Mar 2020 22:08:35 GMT",
        "ETag": "\u00220x8D7C151C00D9168\u0022",
        "Last-Modified": "Thu, 05 Mar 2020 22:08:35 GMT",
        "Server": [
          "Windows-Azure-HDFS/1.0",
          "Microsoft-HTTPAPI/2.0"
        ],
        "x-ms-acl": "user::rwx,group::r-x,other::---",
        "x-ms-client-request-id": "38b18ebc-6f9b-4128-b903-2f572b09c5e7",
        "x-ms-group": "c4f48289-bb84-4086-b250-6f94a8f64cee",
        "x-ms-owner": "c4f48289-bb84-4086-b250-6f94a8f64cee",
        "x-ms-permissions": "rwxr-x---",
        "x-ms-request-id": "cd6e4206-001f-0016-293a-f364ec000000",
        "x-ms-version": "2019-12-12"
      },
      "ResponseBody": []
    },
    {
      "RequestUri": "https://seanstagehierarchical.blob.core.windows.net/test-filesystem-a221a941-cdaf-f3e7-d665-72593037c1c1?restype=container",
      "RequestMethod": "DELETE",
      "RequestHeaders": {
        "Authorization": "Sanitized",
        "traceparent": "00-0160334b6c1c2740942c5445c604fc8c-6fbec7f866b8cd4b-00",
        "User-Agent": [
          "azsdk-net-Storage.Files.DataLake/12.0.0-dev.20200305.1",
          "(.NET Core 4.6.28325.01; Microsoft Windows 10.0.18363 )"
        ],
        "x-ms-client-request-id": "1d9692e1-2da8-6005-4bae-e80ebe02a3d2",
        "x-ms-return-client-request-id": "true",
        "x-ms-version": "2019-12-12"
      },
      "RequestBody": null,
      "StatusCode": 202,
      "ResponseHeaders": {
        "Content-Length": "0",
        "Date": "Thu, 05 Mar 2020 22:08:35 GMT",
        "Server": [
          "Windows-Azure-Blob/1.0",
          "Microsoft-HTTPAPI/2.0"
        ],
        "x-ms-client-request-id": "1d9692e1-2da8-6005-4bae-e80ebe02a3d2",
        "x-ms-request-id": "9d9991eb-f01e-0002-6b3a-f32c83000000",
        "x-ms-version": "2019-12-12"
      },
      "ResponseBody": []
    }
  ],
  "Variables": {
    "RandomSeed": "2132962963",
    "Storage_TestConfigHierarchicalNamespace": "NamespaceTenant\nseanstagehierarchical\nU2FuaXRpemVk\nhttps://seanstagehierarchical.blob.core.windows.net\nhttp://seanstagehierarchical.file.core.windows.net\nhttp://seanstagehierarchical.queue.core.windows.net\nhttp://seanstagehierarchical.table.core.windows.net\n\n\n\n\nhttp://seanstagehierarchical-secondary.blob.core.windows.net\nhttp://seanstagehierarchical-secondary.file.core.windows.net\nhttp://seanstagehierarchical-secondary.queue.core.windows.net\nhttp://seanstagehierarchical-secondary.table.core.windows.net\n68390a19-a643-458b-b726-408abf67b4fc\nSanitized\n72f988bf-86f1-41af-91ab-2d7cd011db47\nhttps://login.microsoftonline.com/\nCloud\nBlobEndpoint=https://seanstagehierarchical.blob.core.windows.net/;QueueEndpoint=http://seanstagehierarchical.queue.core.windows.net/;FileEndpoint=http://seanstagehierarchical.file.core.windows.net/;BlobSecondaryEndpoint=http://seanstagehierarchical-secondary.blob.core.windows.net/;QueueSecondaryEndpoint=http://seanstagehierarchical-secondary.queue.core.windows.net/;FileSecondaryEndpoint=http://seanstagehierarchical-secondary.file.core.windows.net/;AccountName=seanstagehierarchical;AccountKey=Sanitized\n"
  }
}