{
  "Entries": [
    {
      "RequestUri": "/subscriptions/0353d26d-e338-469a-a87a-bd3507471155/providers/Microsoft.Authorization/roleDefinitions/31eed31b-8253-4cc4-837a-669e096cd26c?api-version=2015-05-01-preview",
      "EncodedRequestUri": "L3N1YnNjcmlwdGlvbnMvMDM1M2QyNmQtZTMzOC00NjlhLWE4N2EtYmQzNTA3NDcxMTU1L3Byb3ZpZGVycy9NaWNyb3NvZnQuQXV0aG9yaXphdGlvbi9yb2xlRGVmaW5pdGlvbnMvMzFlZWQzMWItODI1My00Y2M0LTgzN2EtNjY5ZTA5NmNkMjZjP2FwaS12ZXJzaW9uPTIwMTUtMDUtMDEtcHJldmlldw==",
      "RequestMethod": "PUT",
      "RequestBody": "{\r\n  \"name\": \"00000000-0000-0000-0000-000000000000\",\r\n  \"properties\": {\r\n    \"roleName\": \"NewRoleName_31eed31b-8253-4cc4-837a-669e096cd26c\",\r\n    \"description\": \"New Test Custom Role\",\r\n    \"permissions\": [\r\n      {\r\n        \"actions\": [\r\n          \"Microsoft.Authorization/*/Read\"\r\n        ]\r\n      }\r\n    ],\r\n    \"assignableScopes\": [\r\n      \"/subscriptions/0353d26d-e338-469a-a87a-bd3507471155\"\r\n    ]\r\n  }\r\n}",
      "RequestHeaders": {
        "Content-Type": [
          "application/json; charset=utf-8"
        ],
        "Content-Length": [
          "412"
        ],
        "x-ms-version": [
          "2015-05-01-preview"
        ],
        "User-Agent": [
          "Microsoft.Azure.Management.Authorization.AuthorizationManagementClient/0.9.0.0"
        ]
      },
      "ResponseBody": "{\r\n  \"properties\": {\r\n    \"roleName\": \"NewRoleName_31eed31b-8253-4cc4-837a-669e096cd26c\",\r\n    \"type\": \"CustomRole\",\r\n    \"description\": \"New Test Custom Role\",\r\n    \"scope\": null,\r\n    \"assignableScopes\": [\r\n      \"/subscriptions/0353d26d-e338-469a-a87a-bd3507471155\"\r\n    ],\r\n    \"permissions\": [\r\n      {\r\n        \"actions\": [\r\n          \"Microsoft.Authorization/*/Read\"\r\n        ],\r\n        \"notActions\": null\r\n      }\r\n    ],\r\n    \"createdOn\": \"2015-10-21T20:26:34.4916358Z\",\r\n    \"updatedOn\": \"2015-10-21T20:26:34.4916358Z\",\r\n    \"createdBy\": \"353f35f8-e1c3-461c-8314-5650973a5ec7\",\r\n    \"updatedBy\": \"353f35f8-e1c3-461c-8314-5650973a5ec7\"\r\n  },\r\n  \"id\": \"/subscriptions/0353d26d-e338-469a-a87a-bd3507471155/providers/Microsoft.Authorization/roleDefinitions/31eed31b-8253-4cc4-837a-669e096cd26c\",\r\n  \"type\": \"Microsoft.Authorization/roleDefinitions\",\r\n  \"name\": \"31eed31b-8253-4cc4-837a-669e096cd26c\"\r\n}",
      "ResponseHeaders": {
        "Content-Length": [
          "733"
        ],
        "Content-Type": [
          "application/json; charset=utf-8"
        ],
        "Expires": [
          "-1"
        ],
        "Pragma": [
          "no-cache"
        ],
        "x-ms-request-id": [
          "815eba29-cee4-46bb-88e4-251d8fa26782"
        ],
        "x-ms-gateway-service-instanceid": [
          "PASFE_IN_1"
        ],
        "X-Content-Type-Options": [
          "nosniff"
        ],
        "Strict-Transport-Security": [
          "max-age=31536000; includeSubDomains"
        ],
        "x-ms-ratelimit-remaining-subscription-writes": [
          "1163"
        ],
        "x-ms-correlation-request-id": [
          "7845b3a0-7850-4eaa-a188-ecd47a0ab514"
        ],
        "x-ms-routing-request-id": [
          "CENTRALUS:20151021T202635Z:7845b3a0-7850-4eaa-a188-ecd47a0ab514"
        ],
        "Cache-Control": [
          "no-cache"
        ],
        "Date": [
          "Wed, 21 Oct 2015 20:26:35 GMT"
        ],
        "Server": [
          "Microsoft-IIS/8.5"
        ],
        "X-Powered-By": [
          "ASP.NET"
        ]
      },
      "StatusCode": 201
    },
    {
      "RequestUri": "/subscriptions/0353d26d-e338-469a-a87a-bd3507471155/providers/Microsoft.Authorization/roleDefinitions/31eed31b-8253-4cc4-837a-669e096cd26c?api-version=2015-05-01-preview",
      "EncodedRequestUri": "L3N1YnNjcmlwdGlvbnMvMDM1M2QyNmQtZTMzOC00NjlhLWE4N2EtYmQzNTA3NDcxMTU1L3Byb3ZpZGVycy9NaWNyb3NvZnQuQXV0aG9yaXphdGlvbi9yb2xlRGVmaW5pdGlvbnMvMzFlZWQzMWItODI1My00Y2M0LTgzN2EtNjY5ZTA5NmNkMjZjP2FwaS12ZXJzaW9uPTIwMTUtMDUtMDEtcHJldmlldw==",
      "RequestMethod": "PUT",
      "RequestBody": "{\r\n  \"name\": \"00000000-0000-0000-0000-000000000000\",\r\n  \"properties\": {\r\n    \"roleName\": \"UpdatedRoleName_31eed31b-8253-4cc4-837a-669e096cd26c\",\r\n    \"description\": \"New Test Custom Role\",\r\n    \"permissions\": [\r\n      {\r\n        \"actions\": [\r\n          \"Microsoft.Authorization/*/Read\",\r\n          \"Microsoft.Support/*/read\"\r\n        ]\r\n      }\r\n    ],\r\n    \"assignableScopes\": [\r\n      \"/subscriptions/0353d26d-e338-469a-a87a-bd3507471155\"\r\n    ]\r\n  }\r\n}",
      "RequestHeaders": {
        "Content-Type": [
          "application/json; charset=utf-8"
        ],
        "Content-Length": [
          "455"
        ],
        "x-ms-version": [
          "2015-05-01-preview"
        ],
        "User-Agent": [
          "Microsoft.Azure.Management.Authorization.AuthorizationManagementClient/0.9.0.0"
        ]
      },
      "ResponseBody": "{\r\n  \"properties\": {\r\n    \"roleName\": \"UpdatedRoleName_31eed31b-8253-4cc4-837a-669e096cd26c\",\r\n    \"type\": \"CustomRole\",\r\n    \"description\": \"New Test Custom Role\",\r\n    \"scope\": null,\r\n    \"assignableScopes\": [\r\n      \"/subscriptions/0353d26d-e338-469a-a87a-bd3507471155\"\r\n    ],\r\n    \"permissions\": [\r\n      {\r\n        \"actions\": [\r\n          \"Microsoft.Authorization/*/Read\",\r\n          \"Microsoft.Support/*/read\"\r\n        ],\r\n        \"notActions\": null\r\n      }\r\n    ],\r\n    \"createdOn\": \"2015-10-21T20:26:35.9045257Z\",\r\n    \"updatedOn\": \"2015-10-21T20:26:35.9045257Z\",\r\n    \"createdBy\": null,\r\n    \"updatedBy\": \"353f35f8-e1c3-461c-8314-5650973a5ec7\"\r\n  },\r\n  \"id\": \"/subscriptions/0353d26d-e338-469a-a87a-bd3507471155/providers/Microsoft.Authorization/roleDefinitions/31eed31b-8253-4cc4-837a-669e096cd26c\",\r\n  \"type\": \"Microsoft.Authorization/roleDefinitions\",\r\n  \"name\": \"31eed31b-8253-4cc4-837a-669e096cd26c\"\r\n}",
      "ResponseHeaders": {
        "Content-Length": [
          "730"
        ],
        "Content-Type": [
          "application/json; charset=utf-8"
        ],
        "Expires": [
          "-1"
        ],
        "Pragma": [
          "no-cache"
        ],
        "x-ms-request-id": [
          "e4c07694-6f63-4aba-bb26-defed8a83d71"
        ],
        "x-ms-gateway-service-instanceid": [
          "PASFE_IN_2"
        ],
        "X-Content-Type-Options": [
          "nosniff"
        ],
        "Strict-Transport-Security": [
          "max-age=31536000; includeSubDomains"
        ],
        "x-ms-ratelimit-remaining-subscription-writes": [
          "1162"
        ],
        "x-ms-correlation-request-id": [
          "3bef00e2-e0e2-437d-9828-3647f81d0c27"
        ],
        "x-ms-routing-request-id": [
          "CENTRALUS:20151021T202637Z:3bef00e2-e0e2-437d-9828-3647f81d0c27"
        ],
        "Cache-Control": [
          "no-cache"
        ],
        "Date": [
          "Wed, 21 Oct 2015 20:26:36 GMT"
        ],
        "Server": [
          "Microsoft-IIS/8.5"
        ],
        "X-Powered-By": [
          "ASP.NET"
        ]
      },
      "StatusCode": 201
    },
    {
      "RequestUri": "/subscriptions/0353d26d-e338-469a-a87a-bd3507471155/providers/Microsoft.Authorization/roleDefinitions/31eed31b-8253-4cc4-837a-669e096cd26c?api-version=2015-05-01-preview",
      "EncodedRequestUri": "L3N1YnNjcmlwdGlvbnMvMDM1M2QyNmQtZTMzOC00NjlhLWE4N2EtYmQzNTA3NDcxMTU1L3Byb3ZpZGVycy9NaWNyb3NvZnQuQXV0aG9yaXphdGlvbi9yb2xlRGVmaW5pdGlvbnMvMzFlZWQzMWItODI1My00Y2M0LTgzN2EtNjY5ZTA5NmNkMjZjP2FwaS12ZXJzaW9uPTIwMTUtMDUtMDEtcHJldmlldw==",
      "RequestMethod": "PUT",
      "RequestBody": "{\r\n  \"name\": \"00000000-0000-0000-0000-000000000000\",\r\n  \"properties\": {\r\n    \"description\": \"New Test Custom Role\",\r\n    \"permissions\": [\r\n      {\r\n        \"actions\": [\r\n          \"Microsoft.Authorization/*/Read\",\r\n          \"Microsoft.Support/*/read\"\r\n        ]\r\n      }\r\n    ],\r\n    \"assignableScopes\": [\r\n      \"/subscriptions/0353d26d-e338-469a-a87a-bd3507471155\"\r\n    ]\r\n  }\r\n}",
      "RequestHeaders": {
        "Content-Type": [
          "application/json; charset=utf-8"
        ],
        "Content-Length": [
          "382"
        ],
        "x-ms-version": [
          "2015-05-01-preview"
        ],
        "User-Agent": [
          "Microsoft.Azure.Management.Authorization.AuthorizationManagementClient/0.9.0.0"
        ]
      },
      "ResponseBody": "{\r\n  \"error\": {\r\n    \"code\": \"RoleDefinitionNameNullOrEmpty\",\r\n    \"message\": \"A role definition must have a non-empty, unique name.\"\r\n  }\r\n}",
      "ResponseHeaders": {
        "Content-Length": [
          "116"
        ],
        "Content-Type": [
          "application/json; charset=utf-8"
        ],
        "Expires": [
          "-1"
        ],
        "Pragma": [
          "no-cache"
        ],
        "x-ms-request-id": [
          "fc11088b-75a0-4e66-afbe-6b6d225e8468"
        ],
        "x-ms-gateway-service-instanceid": [
          "PASFE_IN_2"
        ],
        "X-Content-Type-Options": [
          "nosniff"
        ],
        "Strict-Transport-Security": [
          "max-age=31536000; includeSubDomains"
        ],
        "x-ms-ratelimit-remaining-subscription-writes": [
          "1161"
        ],
        "x-ms-correlation-request-id": [
          "68a42add-39e1-46ab-b817-0073c921226c"
        ],
        "x-ms-routing-request-id": [
          "CENTRALUS:20151021T202637Z:68a42add-39e1-46ab-b817-0073c921226c"
        ],
        "Cache-Control": [
          "no-cache"
        ],
        "Date": [
          "Wed, 21 Oct 2015 20:26:37 GMT"
        ],
        "Server": [
          "Microsoft-IIS/8.5"
        ],
        "X-Powered-By": [
          "ASP.NET"
        ]
      },
      "StatusCode": 400
    },
    {
      "RequestUri": "//subscriptions/0353d26d-e338-469a-a87a-bd3507471155/providers/Microsoft.Authorization/roleDefinitions/31eed31b-8253-4cc4-837a-669e096cd26c?api-version=2015-05-01-preview",
      "EncodedRequestUri": "Ly9zdWJzY3JpcHRpb25zLzAzNTNkMjZkLWUzMzgtNDY5YS1hODdhLWJkMzUwNzQ3MTE1NS9wcm92aWRlcnMvTWljcm9zb2Z0LkF1dGhvcml6YXRpb24vcm9sZURlZmluaXRpb25zLzMxZWVkMzFiLTgyNTMtNGNjNC04MzdhLTY2OWUwOTZjZDI2Yz9hcGktdmVyc2lvbj0yMDE1LTA1LTAxLXByZXZpZXc=",
      "RequestMethod": "DELETE",
      "RequestBody": "",
      "RequestHeaders": {
        "x-ms-version": [
          "2015-05-01-preview"
        ],
        "User-Agent": [
          "Microsoft.Azure.Management.Authorization.AuthorizationManagementClient/0.9.0.0"
        ]
      },
      "ResponseBody": "{\r\n  \"properties\": {\r\n    \"roleName\": \"UpdatedRoleName_31eed31b-8253-4cc4-837a-669e096cd26c\",\r\n    \"type\": \"CustomRole\",\r\n    \"description\": \"New Test Custom Role\",\r\n    \"scope\": null,\r\n    \"assignableScopes\": [\r\n      \"/subscriptions/0353d26d-e338-469a-a87a-bd3507471155\"\r\n    ],\r\n    \"permissions\": [\r\n      {\r\n        \"actions\": [\r\n          \"Microsoft.Authorization/*/Read\",\r\n          \"Microsoft.Support/*/read\"\r\n        ],\r\n        \"notActions\": null\r\n      }\r\n    ],\r\n    \"createdOn\": \"2015-10-21T20:26:34.4916358Z\",\r\n    \"updatedOn\": \"2015-10-21T20:26:35.9045257Z\",\r\n    \"createdBy\": \"353f35f8-e1c3-461c-8314-5650973a5ec7\",\r\n    \"updatedBy\": \"353f35f8-e1c3-461c-8314-5650973a5ec7\"\r\n  },\r\n  \"id\": \"/subscriptions/0353d26d-e338-469a-a87a-bd3507471155/providers/Microsoft.Authorization/roleDefinitions/31eed31b-8253-4cc4-837a-669e096cd26c\",\r\n  \"type\": \"Microsoft.Authorization/roleDefinitions\",\r\n  \"name\": \"31eed31b-8253-4cc4-837a-669e096cd26c\"\r\n}",
      "ResponseHeaders": {
        "Content-Length": [
          "764"
        ],
        "Content-Type": [
          "application/json; charset=utf-8"
        ],
        "Expires": [
          "-1"
        ],
        "Pragma": [
          "no-cache"
        ],
        "x-ms-request-id": [
          "fd0bdeed-1be3-48f9-ab60-2c05075bd8e4"
        ],
        "x-ms-gateway-service-instanceid": [
          "PASFE_IN_3"
        ],
        "X-Content-Type-Options": [
          "nosniff"
        ],
        "Strict-Transport-Security": [
          "max-age=31536000; includeSubDomains"
        ],
        "x-ms-ratelimit-remaining-subscription-writes": [
          "1160"
        ],
        "x-ms-correlation-request-id": [
          "9e9d792e-c2b5-41a5-9ee0-7a3c5e8f0d92"
        ],
        "x-ms-routing-request-id": [
          "CENTRALUS:20151021T202638Z:9e9d792e-c2b5-41a5-9ee0-7a3c5e8f0d92"
        ],
        "Cache-Control": [
          "no-cache"
        ],
        "Date": [
          "Wed, 21 Oct 2015 20:26:38 GMT"
        ],
        "Server": [
          "Microsoft-IIS/8.5"
        ],
        "X-Powered-By": [
          "ASP.NET"
        ]
      },
      "StatusCode": 200
    }
  ],
  "Names": {},
  "Variables": {
    "SubscriptionId": "0353d26d-e338-469a-a87a-bd3507471155",
    "RoleDefinition": "31eed31b-8253-4cc4-837a-669e096cd26c"
  }
}