{
  "Entries": [
    {
      "RequestUri": "/webhdfs/v1/SDKTestFolder01%2FSDKTestFile01.txt6965?op=CREATE&api-version=2015-10-01-preview",
      "EncodedRequestUri": "L3dlYmhkZnMvdjEvU0RLVGVzdEZvbGRlcjAxJTJGU0RLVGVzdEZpbGUwMS50eHQ2OTY1P29wPUNSRUFURSZhcGktdmVyc2lvbj0yMDE1LTEwLTAxLXByZXZpZXc=",
      "RequestMethod": "PUT",
      "RequestBody": "",
      "RequestHeaders": {
        "x-ms-client-request-id": [
          "b4fba9c1-6961-48fa-be9a-22c89cecacab"
        ],
        "subscriptionId": [
          "0353d26d-e338-469a-a87a-bd3507471155"
        ],
        "accept-language": [
          "en-US"
        ],
        "User-Agent": [
          "Microsoft.Azure.Management.DataLake.Store.DataLakeStoreFileSystemManagementClient/0.9.0.0"
        ]
      },
      "ResponseBody": "",
      "ResponseHeaders": {
        "Content-Length": [
          "0"
        ],
        "Expires": [
          "-1"
        ],
        "Cache-Control": [
          "no-cache"
        ],
        "Date": [
          "Thu, 10 Dec 2015 02:19:07 GMT"
        ],
        "Pragma": [
          "no-cache"
        ],
        "Location": [
          "https://testadlfs1871.caboaccountdogfood.net/webhdfs/v1/SDKTestFolder01/SDKTestFile01.txt6965?op=CREATE&api-version=2015-10-01-preview&write=true"
        ],
        "Set-Cookie": [
          "UserPrincipalSession=ad4fa15f-093d-4286-bd23-7409c9192f9e; path=/; secure; HttpOnly"
        ],
        "x-ms-request-id": [
          "d52b96ad-9fe7-41b8-85b9-53ecff229fe0"
        ],
        "ContentLength": [
          "0"
        ],
        "Server-Perf": [
          "[d52b96ad9fe741b885b953ecff229fe0][ AuthTime::1765.9509767903::PostAuthTime::31366.2661021668 ][CREATE :: 00:00:000 ms]%0a"
        ],
        "X-Content-Type-Options": [
          "nosniff"
        ],
        "Strict-Transport-Security": [
          "max-age=15724800; includeSubDomains"
        ]
      },
      "StatusCode": 307
    },
    {
      "RequestUri": "/webhdfs/v1/SDKTestFolder01/SDKTestFile01.txt6965?op=CREATE&api-version=2015-10-01-preview&write=true",
      "EncodedRequestUri": "L3dlYmhkZnMvdjEvU0RLVGVzdEZvbGRlcjAxL1NES1Rlc3RGaWxlMDEudHh0Njk2NT9vcD1DUkVBVEUmYXBpLXZlcnNpb249MjAxNS0xMC0wMS1wcmV2aWV3JndyaXRlPXRydWU=",
      "RequestMethod": "PUT",
      "RequestBody": "These are some random test contents 1234!@",
      "RequestHeaders": {
        "Content-Type": [
          "application/octet-stream"
        ],
        "Content-Length": [
          "42"
        ],
        "x-ms-client-request-id": [
          "82229b68-2d06-459e-a59c-5e878b97999b"
        ],
        "accept-language": [
          "en-US"
        ],
        "User-Agent": [
          "Microsoft.Azure.Management.DataLake.Store.DataLakeStoreFileSystemManagementClient/0.9.0.0"
        ]
      },
      "ResponseBody": "",
      "ResponseHeaders": {
        "Content-Length": [
          "0"
        ],
        "Expires": [
          "-1"
        ],
        "Cache-Control": [
          "no-cache"
        ],
        "Date": [
          "Thu, 10 Dec 2015 02:19:08 GMT"
        ],
        "Pragma": [
          "no-cache"
        ],
        "Location": [
          "https://testadlfs1871.caboaccountdogfood.net/webhdfs/v1/SDKTestFolder01/SDKTestFile01.txt6965?op=CREATE&api-version=2015-10-01-preview&write=true"
        ],
        "x-ms-request-id": [
          "27cdb568-e093-404b-a8c7-afdbff845e03"
        ],
        "ContentLength": [
          "0"
        ],
        "Server-Perf": [
          "[27cdb568e093404ba8c7afdbff845e03][ AuthTime::763.434849496411::PostAuthTime::180.487118480384 ][FsOpenStream :: 00:00:223 ms]%0a[Open :: 00:00:223 ms]%0a[FsAppendStream :: 00:00:378 ms]%0a[Write :: 00:00:378 ms]%0a[FsAppendStream :: 00:00:009 ms]%0a[FlushWrite :: 00:00:010 ms]%0a[CREATE :: 00:00:613 ms]%0a"
        ],
        "X-Content-Type-Options": [
          "nosniff"
        ],
        "Strict-Transport-Security": [
          "max-age=15724800; includeSubDomains"
        ]
      },
      "StatusCode": 201
    },
    {
      "RequestUri": "/webhdfs/v1/SDKTestFolder01%2FSDKTestFile01.txt6965?op=GETFILESTATUS&api-version=2015-10-01-preview",
      "EncodedRequestUri": "L3dlYmhkZnMvdjEvU0RLVGVzdEZvbGRlcjAxJTJGU0RLVGVzdEZpbGUwMS50eHQ2OTY1P29wPUdFVEZJTEVTVEFUVVMmYXBpLXZlcnNpb249MjAxNS0xMC0wMS1wcmV2aWV3",
      "RequestMethod": "GET",
      "RequestBody": "",
      "RequestHeaders": {
        "x-ms-client-request-id": [
          "05143663-70a2-412f-88df-1e784804f99c"
        ],
        "subscriptionId": [
          "0353d26d-e338-469a-a87a-bd3507471155"
        ],
        "accept-language": [
          "en-US"
        ],
        "User-Agent": [
          "Microsoft.Azure.Management.DataLake.Store.DataLakeStoreFileSystemManagementClient/0.9.0.0"
        ]
      },
      "ResponseBody": "{\r\n  \"FileStatus\": {\r\n    \"length\": 42,\r\n    \"pathSuffix\": \"\",\r\n    \"type\": \"FILE\",\r\n    \"blockSize\": 268435456,\r\n    \"accessTime\": 1449713948453,\r\n    \"modificationTime\": 1449713948923,\r\n    \"replication\": 0,\r\n    \"permission\": \"777\",\r\n    \"owner\": \"NotSupportYet\",\r\n    \"group\": \"NotSupportYet\"\r\n  }\r\n}",
      "ResponseHeaders": {
        "Content-Length": [
          "223"
        ],
        "Content-Type": [
          "application/json; charset=utf-8"
        ],
        "Expires": [
          "-1"
        ],
        "Cache-Control": [
          "no-cache"
        ],
        "Date": [
          "Thu, 10 Dec 2015 02:19:08 GMT"
        ],
        "Pragma": [
          "no-cache"
        ],
        "x-ms-request-id": [
          "29dfa4f1-cf80-4f25-918e-4678769bbdb6"
        ],
        "Server-Perf": [
          "[29dfa4f1cf804f25918e4678769bbdb6][ AuthTime::843.841433084829::PostAuthTime::196.73951303549 ][IsExist :: 00:00:000 ms]%0a[HdfsGetFileStatus :: 00:00:053 ms]%0a[SS Response Process :: 00:00:000 ms]%0a[GETFILESTATUS :: 00:00:053 ms]%0a"
        ],
        "X-Content-Type-Options": [
          "nosniff"
        ],
        "Strict-Transport-Security": [
          "max-age=15724800; includeSubDomains"
        ]
      },
      "StatusCode": 200
    },
    {
      "RequestUri": "/webhdfs/v1/SDKTestFolder01%2FSDKTestFile01.txt6965?op=GETFILESTATUS&api-version=2015-10-01-preview",
      "EncodedRequestUri": "L3dlYmhkZnMvdjEvU0RLVGVzdEZvbGRlcjAxJTJGU0RLVGVzdEZpbGUwMS50eHQ2OTY1P29wPUdFVEZJTEVTVEFUVVMmYXBpLXZlcnNpb249MjAxNS0xMC0wMS1wcmV2aWV3",
      "RequestMethod": "GET",
      "RequestBody": "",
      "RequestHeaders": {
        "x-ms-client-request-id": [
          "010c7ac8-4a98-46ca-bf9a-bc56f3b330a5"
        ],
        "subscriptionId": [
          "0353d26d-e338-469a-a87a-bd3507471155"
        ],
        "accept-language": [
          "en-US"
        ],
        "User-Agent": [
          "Microsoft.Azure.Management.DataLake.Store.DataLakeStoreFileSystemManagementClient/0.9.0.0"
        ]
      },
      "ResponseBody": "{\r\n  \"FileStatus\": {\r\n    \"length\": 42,\r\n    \"pathSuffix\": \"\",\r\n    \"type\": \"FILE\",\r\n    \"blockSize\": 268435456,\r\n    \"accessTime\": 1449713948453,\r\n    \"modificationTime\": 1449713948923,\r\n    \"replication\": 0,\r\n    \"permission\": \"777\",\r\n    \"owner\": \"NotSupportYet\",\r\n    \"group\": \"NotSupportYet\"\r\n  }\r\n}",
      "ResponseHeaders": {
        "Content-Length": [
          "223"
        ],
        "Content-Type": [
          "application/json; charset=utf-8"
        ],
        "Expires": [
          "-1"
        ],
        "Cache-Control": [
          "no-cache"
        ],
        "Date": [
          "Thu, 10 Dec 2015 02:19:09 GMT"
        ],
        "Pragma": [
          "no-cache"
        ],
        "x-ms-request-id": [
          "97352928-2178-4315-816f-7b59540e839b"
        ],
        "Server-Perf": [
          "[9735292821784315816f7b59540e839b][ AuthTime::763.007154902856::PostAuthTime::186.047148196604 ][IsExist :: 00:00:000 ms]%0a[HdfsGetFileStatus :: 00:00:019 ms]%0a[SS Response Process :: 00:00:000 ms]%0a[GETFILESTATUS :: 00:00:019 ms]%0a"
        ],
        "X-Content-Type-Options": [
          "nosniff"
        ],
        "Strict-Transport-Security": [
          "max-age=15724800; includeSubDomains"
        ]
      },
      "StatusCode": 200
    },
    {
      "RequestUri": "/webhdfs/v1/SDKTestFolder01%2FSDKTestFile01.txt6965?replication=3&op=SETREPLICATION&api-version=2015-10-01-preview",
      "EncodedRequestUri": "L3dlYmhkZnMvdjEvU0RLVGVzdEZvbGRlcjAxJTJGU0RLVGVzdEZpbGUwMS50eHQ2OTY1P3JlcGxpY2F0aW9uPTMmb3A9U0VUUkVQTElDQVRJT04mYXBpLXZlcnNpb249MjAxNS0xMC0wMS1wcmV2aWV3",
      "RequestMethod": "PUT",
      "RequestBody": "",
      "RequestHeaders": {
        "x-ms-client-request-id": [
          "ba43206b-075d-4a9d-adad-037645d8a1c2"
        ],
        "subscriptionId": [
          "0353d26d-e338-469a-a87a-bd3507471155"
        ],
        "accept-language": [
          "en-US"
        ],
        "User-Agent": [
          "Microsoft.Azure.Management.DataLake.Store.DataLakeStoreFileSystemManagementClient/0.9.0.0"
        ]
      },
      "ResponseBody": "{\r\n  \"boolean\": true\r\n}",
      "ResponseHeaders": {
        "Content-Length": [
          "16"
        ],
        "Content-Type": [
          "application/json; charset=utf-8"
        ],
        "Expires": [
          "-1"
        ],
        "Cache-Control": [
          "no-cache"
        ],
        "Date": [
          "Thu, 10 Dec 2015 02:19:08 GMT"
        ],
        "Pragma": [
          "no-cache"
        ],
        "x-ms-request-id": [
          "d799ab12-8dcd-4c8e-b198-1b02ad666333"
        ],
        "Server-Perf": [
          "[d799ab128dcd4c8eb1981b02ad666333][ AuthTime::778.831854864406::PostAuthTime::185.619453603049 ][SETREPLICATION :: 00:00:000 ms]%0a"
        ],
        "X-Content-Type-Options": [
          "nosniff"
        ],
        "Strict-Transport-Security": [
          "max-age=15724800; includeSubDomains"
        ]
      },
      "StatusCode": 200
    },
    {
      "RequestUri": "/webhdfs/v1/SDKTestFolder01%2FSDKTestFile01.txt6965?modificationtime=635814666000000000&accesstime=635814666000000000&op=SETTIMES&api-version=2015-10-01-preview",
      "EncodedRequestUri": "L3dlYmhkZnMvdjEvU0RLVGVzdEZvbGRlcjAxJTJGU0RLVGVzdEZpbGUwMS50eHQ2OTY1P21vZGlmaWNhdGlvbnRpbWU9NjM1ODE0NjY2MDAwMDAwMDAwJmFjY2Vzc3RpbWU9NjM1ODE0NjY2MDAwMDAwMDAwJm9wPVNFVFRJTUVTJmFwaS12ZXJzaW9uPTIwMTUtMTAtMDEtcHJldmlldw==",
      "RequestMethod": "PUT",
      "RequestBody": "",
      "RequestHeaders": {
        "x-ms-client-request-id": [
          "34ce199a-d28e-4a81-9a1d-ddbdc87e9581"
        ],
        "subscriptionId": [
          "0353d26d-e338-469a-a87a-bd3507471155"
        ],
        "accept-language": [
          "en-US"
        ],
        "User-Agent": [
          "Microsoft.Azure.Management.DataLake.Store.DataLakeStoreFileSystemManagementClient/0.9.0.0"
        ]
      },
      "ResponseBody": "",
      "ResponseHeaders": {
        "Content-Length": [
          "0"
        ],
        "Expires": [
          "-1"
        ],
        "Cache-Control": [
          "no-cache"
        ],
        "Date": [
          "Thu, 10 Dec 2015 02:19:09 GMT"
        ],
        "Pragma": [
          "no-cache"
        ],
        "x-ms-request-id": [
          "29c0180b-459d-403d-b754-44c729a47eff"
        ],
        "Server-Perf": [
          "[29c0180b459d403db75444c729a47eff][ AuthTime::817.752062877948::PostAuthTime::189.896399538603 ][SETTIMES :: 00:00:000 ms]%0a"
        ],
        "X-Content-Type-Options": [
          "nosniff"
        ],
        "Strict-Transport-Security": [
          "max-age=15724800; includeSubDomains"
        ]
      },
      "StatusCode": 200
    },
    {
      "RequestUri": "/webhdfs/v1/SDKTestFolder01%2FSDKTestFile01.txt6965?destination=testPath%2Fsymlinktest12004&createParent=true&op=CREATESYMLINK&api-version=2015-10-01-preview",
      "EncodedRequestUri": "L3dlYmhkZnMvdjEvU0RLVGVzdEZvbGRlcjAxJTJGU0RLVGVzdEZpbGUwMS50eHQ2OTY1P2Rlc3RpbmF0aW9uPXRlc3RQYXRoJTJGc3ltbGlua3Rlc3QxMjAwNCZjcmVhdGVQYXJlbnQ9dHJ1ZSZvcD1DUkVBVEVTWU1MSU5LJmFwaS12ZXJzaW9uPTIwMTUtMTAtMDEtcHJldmlldw==",
      "RequestMethod": "PUT",
      "RequestBody": "",
      "RequestHeaders": {
        "x-ms-client-request-id": [
          "a04d7e49-0b6b-413f-8c66-224fcf45db21"
        ],
        "subscriptionId": [
          "0353d26d-e338-469a-a87a-bd3507471155"
        ],
        "accept-language": [
          "en-US"
        ],
        "User-Agent": [
          "Microsoft.Azure.Management.DataLake.Store.DataLakeStoreFileSystemManagementClient/0.9.0.0"
        ]
      },
      "ResponseBody": "{\r\n  \"RemoteException\": {\r\n    \"exception\": \"RuntimeException\",\r\n    \"message\": \"Operation CREATESYMLINK not impelemnted [ad4881912cbc430883ca44554e61d3bb]\",\r\n    \"javaClassName\": \"java.lang.RuntimeException\"\r\n  }\r\n}",
      "ResponseHeaders": {
        "Content-Length": [
          "184"
        ],
        "Content-Type": [
          "application/json; charset=utf-8"
        ],
        "Expires": [
          "-1"
        ],
        "Cache-Control": [
          "no-cache"
        ],
        "Date": [
          "Thu, 10 Dec 2015 02:19:09 GMT"
        ],
        "Pragma": [
          "no-cache"
        ],
        "x-ms-request-id": [
          "ad488191-2cbc-4308-83ca-44554e61d3bb"
        ],
        "Server-Perf": [
          "[ad4881912cbc430883ca44554e61d3bb][ AuthTime::858.383049265713::PostAuthTime::210.425740029263 ][CREATESYMLINK :: 00:00:000 ms]%0a"
        ],
        "X-Content-Type-Options": [
          "nosniff"
        ],
        "Strict-Transport-Security": [
          "max-age=15724800; includeSubDomains"
        ]
      },
      "StatusCode": 501
    }
  ],
  "Names": {
    "CreateFile": [
      "SDKTestFolder01/SDKTestFile01.txt6965"
    ],
    "DataLakeStoreFileSystemSetFileProperties": [
      "testPath/symlinktest12004"
    ]
  },
  "Variables": {
    "SubscriptionId": "0353d26d-e338-469a-a87a-bd3507471155"
  }
}