{
  "Entries": [
    {
      "RequestUri": "/subscriptions/90585f39-ab85-4921-bb37-0468f7efd1dd/providers/Microsoft.DataLakeStore/register?api-version=2015-11-01",
      "EncodedRequestUri": "L3N1YnNjcmlwdGlvbnMvOTA1ODVmMzktYWI4NS00OTIxLWJiMzctMDQ2OGY3ZWZkMWRkL3Byb3ZpZGVycy9NaWNyb3NvZnQuRGF0YUxha2VTdG9yZS9yZWdpc3Rlcj9hcGktdmVyc2lvbj0yMDE1LTExLTAx",
      "RequestMethod": "POST",
      "RequestBody": "",
      "RequestHeaders": {
        "x-ms-client-request-id": [
          "dedf96b1-29e8-4621-9f0d-acbd8674b659"
        ],
        "accept-language": [
          "en-US"
        ],
        "User-Agent": [
          "Microsoft.Azure.Management.Resources.ResourceManagementClient/1.0.0-preview"
        ]
      },
      "ResponseBody": "{\r\n  \"id\": \"/subscriptions/90585f39-ab85-4921-bb37-0468f7efd1dd/providers/Microsoft.DataLakeStore\",\r\n  \"namespace\": \"Microsoft.DataLakeStore\",\r\n  \"authorization\": {\r\n    \"applicationId\": \"e9f49c6b-5ce5-44c8-925d-015017e9f7ad\",\r\n    \"roleDefinitionId\": \"41c47f4b-8b45-4522-a73a-d20b16f0f1ec\"\r\n  },\r\n  \"resourceTypes\": [\r\n    {\r\n      \"resourceType\": \"accounts\",\r\n      \"locations\": [\r\n        \"Brazil South\",\r\n        \"East US 2\",\r\n        \"East US\",\r\n        \"West US\",\r\n        \"North Central US\",\r\n        \"South Central US\",\r\n        \"Central US\",\r\n        \"Japan East\",\r\n        \"Japan West\",\r\n        \"North Europe\",\r\n        \"West Europe\",\r\n        \"East Asia\",\r\n        \"Southeast Asia\"\r\n      ],\r\n      \"apiVersions\": [\r\n        \"2015-10-01-preview\"\r\n      ],\r\n      \"capabilities\": \"CrossResourceGroupResourceMove, CrossSubscriptionResourceMove, SystemAssignedResourceIdentity\"\r\n    },\r\n    {\r\n      \"resourceType\": \"accounts/firewallRules\",\r\n      \"locations\": [\r\n        \"Brazil South\",\r\n        \"East US 2\",\r\n        \"East US\",\r\n        \"West US\",\r\n        \"North Central US\",\r\n        \"South Central US\",\r\n        \"Central US\",\r\n        \"Japan East\",\r\n        \"Japan West\",\r\n        \"North Europe\",\r\n        \"West Europe\",\r\n        \"East Asia\",\r\n        \"Southeast Asia\"\r\n      ],\r\n      \"apiVersions\": [\r\n        \"2015-10-01-preview\"\r\n      ]\r\n    },\r\n    {\r\n      \"resourceType\": \"locations\",\r\n      \"locations\": [],\r\n      \"apiVersions\": [\r\n        \"2015-10-01-preview\"\r\n      ]\r\n    },\r\n    {\r\n      \"resourceType\": \"locations/operationresults\",\r\n      \"locations\": [],\r\n      \"apiVersions\": [\r\n        \"2015-10-01-preview\"\r\n      ]\r\n    },\r\n    {\r\n      \"resourceType\": \"locations/checkNameAvailability\",\r\n      \"locations\": [],\r\n      \"apiVersions\": [\r\n        \"2015-10-01-preview\"\r\n      ]\r\n    },\r\n    {\r\n      \"resourceType\": \"locations/capability\",\r\n      \"locations\": [],\r\n      \"apiVersions\": [\r\n        \"2015-10-01-preview\"\r\n      ]\r\n    },\r\n    {\r\n      \"resourceType\": \"operations\",\r\n      \"locations\": [],\r\n      \"apiVersions\": [\r\n        \"2015-10-01-preview\"\r\n      ]\r\n    }\r\n  ],\r\n  \"registrationState\": \"Registered\"\r\n}",
      "ResponseHeaders": {
        "Content-Type": [
          "application/json; charset=utf-8"
        ],
        "Expires": [
          "-1"
        ],
        "Cache-Control": [
          "no-cache"
        ],
        "Date": [
          "Thu, 01 Sep 2016 20:02:57 GMT"
        ],
        "Pragma": [
          "no-cache"
        ],
        "Vary": [
          "Accept-Encoding"
        ],
        "x-ms-ratelimit-remaining-subscription-writes": [
          "1195"
        ],
        "x-ms-request-id": [
          "ce468c14-0ed8-44a3-8b21-41872f173cc6"
        ],
        "x-ms-correlation-request-id": [
          "ce468c14-0ed8-44a3-8b21-41872f173cc6"
        ],
        "x-ms-routing-request-id": [
          "CENTRALUS:20160901T200257Z:ce468c14-0ed8-44a3-8b21-41872f173cc6"
        ],
        "Strict-Transport-Security": [
          "max-age=31536000; includeSubDomains"
        ]
      },
      "StatusCode": 200
    },
    {
      "RequestUri": "/subscriptions/90585f39-ab85-4921-bb37-0468f7efd1dd/providers/Microsoft.DataLakeStore?api-version=2015-11-01",
      "EncodedRequestUri": "L3N1YnNjcmlwdGlvbnMvOTA1ODVmMzktYWI4NS00OTIxLWJiMzctMDQ2OGY3ZWZkMWRkL3Byb3ZpZGVycy9NaWNyb3NvZnQuRGF0YUxha2VTdG9yZT9hcGktdmVyc2lvbj0yMDE1LTExLTAx",
      "RequestMethod": "GET",
      "RequestBody": "",
      "RequestHeaders": {
        "x-ms-client-request-id": [
          "538c43b2-fdb3-4702-ba8a-a334dce83974"
        ],
        "accept-language": [
          "en-US"
        ],
        "User-Agent": [
          "Microsoft.Azure.Management.Resources.ResourceManagementClient/1.0.0-preview"
        ]
      },
      "ResponseBody": "{\r\n  \"id\": \"/subscriptions/90585f39-ab85-4921-bb37-0468f7efd1dd/providers/Microsoft.DataLakeStore\",\r\n  \"namespace\": \"Microsoft.DataLakeStore\",\r\n  \"authorization\": {\r\n    \"applicationId\": \"e9f49c6b-5ce5-44c8-925d-015017e9f7ad\",\r\n    \"roleDefinitionId\": \"41c47f4b-8b45-4522-a73a-d20b16f0f1ec\"\r\n  },\r\n  \"resourceTypes\": [\r\n    {\r\n      \"resourceType\": \"accounts\",\r\n      \"locations\": [\r\n        \"Brazil South\",\r\n        \"East US 2\",\r\n        \"East US\",\r\n        \"West US\",\r\n        \"North Central US\",\r\n        \"South Central US\",\r\n        \"Central US\",\r\n        \"Japan East\",\r\n        \"Japan West\",\r\n        \"North Europe\",\r\n        \"West Europe\",\r\n        \"East Asia\",\r\n        \"Southeast Asia\"\r\n      ],\r\n      \"apiVersions\": [\r\n        \"2015-10-01-preview\"\r\n      ],\r\n      \"capabilities\": \"CrossResourceGroupResourceMove, CrossSubscriptionResourceMove, SystemAssignedResourceIdentity\"\r\n    },\r\n    {\r\n      \"resourceType\": \"accounts/firewallRules\",\r\n      \"locations\": [\r\n        \"Brazil South\",\r\n        \"East US 2\",\r\n        \"East US\",\r\n        \"West US\",\r\n        \"North Central US\",\r\n        \"South Central US\",\r\n        \"Central US\",\r\n        \"Japan East\",\r\n        \"Japan West\",\r\n        \"North Europe\",\r\n        \"West Europe\",\r\n        \"East Asia\",\r\n        \"Southeast Asia\"\r\n      ],\r\n      \"apiVersions\": [\r\n        \"2015-10-01-preview\"\r\n      ]\r\n    },\r\n    {\r\n      \"resourceType\": \"locations\",\r\n      \"locations\": [],\r\n      \"apiVersions\": [\r\n        \"2015-10-01-preview\"\r\n      ]\r\n    },\r\n    {\r\n      \"resourceType\": \"locations/operationresults\",\r\n      \"locations\": [],\r\n      \"apiVersions\": [\r\n        \"2015-10-01-preview\"\r\n      ]\r\n    },\r\n    {\r\n      \"resourceType\": \"locations/checkNameAvailability\",\r\n      \"locations\": [],\r\n      \"apiVersions\": [\r\n        \"2015-10-01-preview\"\r\n      ]\r\n    },\r\n    {\r\n      \"resourceType\": \"locations/capability\",\r\n      \"locations\": [],\r\n      \"apiVersions\": [\r\n        \"2015-10-01-preview\"\r\n      ]\r\n    },\r\n    {\r\n      \"resourceType\": \"operations\",\r\n      \"locations\": [],\r\n      \"apiVersions\": [\r\n        \"2015-10-01-preview\"\r\n      ]\r\n    }\r\n  ],\r\n  \"registrationState\": \"Registered\"\r\n}",
      "ResponseHeaders": {
        "Content-Type": [
          "application/json; charset=utf-8"
        ],
        "Expires": [
          "-1"
        ],
        "Cache-Control": [
          "no-cache"
        ],
        "Date": [
          "Thu, 01 Sep 2016 20:02:57 GMT"
        ],
        "Pragma": [
          "no-cache"
        ],
        "Vary": [
          "Accept-Encoding"
        ],
        "x-ms-ratelimit-remaining-subscription-reads": [
          "14988"
        ],
        "x-ms-request-id": [
          "c1ec6338-1d38-4066-b042-cf2248bf3cbb"
        ],
        "x-ms-correlation-request-id": [
          "c1ec6338-1d38-4066-b042-cf2248bf3cbb"
        ],
        "x-ms-routing-request-id": [
          "CENTRALUS:20160901T200257Z:c1ec6338-1d38-4066-b042-cf2248bf3cbb"
        ],
        "Strict-Transport-Security": [
          "max-age=31536000; includeSubDomains"
        ]
      },
      "StatusCode": 200
    },
    {
      "RequestUri": "/subscriptions/90585f39-ab85-4921-bb37-0468f7efd1dd/providers/Microsoft.Storage/register?api-version=2015-11-01",
      "EncodedRequestUri": "L3N1YnNjcmlwdGlvbnMvOTA1ODVmMzktYWI4NS00OTIxLWJiMzctMDQ2OGY3ZWZkMWRkL3Byb3ZpZGVycy9NaWNyb3NvZnQuU3RvcmFnZS9yZWdpc3Rlcj9hcGktdmVyc2lvbj0yMDE1LTExLTAx",
      "RequestMethod": "POST",
      "RequestBody": "",
      "RequestHeaders": {
        "x-ms-client-request-id": [
          "98cd7b13-00e2-4c4b-8f85-21b0e1e60d80"
        ],
        "accept-language": [
          "en-US"
        ],
        "User-Agent": [
          "Microsoft.Azure.Management.Resources.ResourceManagementClient/1.0.0-preview"
        ]
      },
      "ResponseBody": "{\r\n  \"id\": \"/subscriptions/90585f39-ab85-4921-bb37-0468f7efd1dd/providers/Microsoft.Storage\",\r\n  \"namespace\": \"Microsoft.Storage\",\r\n  \"authorization\": {\r\n    \"applicationId\": \"a6aa9161-5291-40bb-8c5c-923b567bee3b\",\r\n    \"roleDefinitionId\": \"cd0cad5c-ac96-4c4c-99cd-cfafc285ba36\"\r\n  },\r\n  \"resourceTypes\": [\r\n    {\r\n      \"resourceType\": \"storageAccounts\",\r\n      \"locations\": [\r\n        \"West US\",\r\n        \"North Central US\",\r\n        \"South Central US\",\r\n        \"East US\"\r\n      ],\r\n      \"apiVersions\": [\r\n        \"2016-05-01\",\r\n        \"2016-01-01\",\r\n        \"2015-10-01\",\r\n        \"2015-06-15\",\r\n        \"2015-05-01-preview\"\r\n      ],\r\n      \"capabilities\": \"CrossResourceGroupResourceMove, CrossSubscriptionResourceMove\"\r\n    },\r\n    {\r\n      \"resourceType\": \"operations\",\r\n      \"locations\": [],\r\n      \"apiVersions\": [\r\n        \"2016-05-01\",\r\n        \"2016-01-01\",\r\n        \"2015-10-01\",\r\n        \"2015-06-15\",\r\n        \"2015-05-01-preview\"\r\n      ]\r\n    },\r\n    {\r\n      \"resourceType\": \"storageAccounts/customKeys\",\r\n      \"locations\": [],\r\n      \"apiVersions\": [\r\n        \"2016-05-01\",\r\n        \"2016-01-01\",\r\n        \"2015-10-01\"\r\n      ]\r\n    },\r\n    {\r\n      \"resourceType\": \"storageAccounts/listReadOnlyKeys\",\r\n      \"locations\": [],\r\n      \"apiVersions\": [\r\n        \"2016-05-01\",\r\n        \"2016-01-01\",\r\n        \"2015-10-01\"\r\n      ]\r\n    },\r\n    {\r\n      \"resourceType\": \"storageAccounts/generateSasCredentials\",\r\n      \"locations\": [],\r\n      \"apiVersions\": [\r\n        \"2016-05-01\"\r\n      ]\r\n    },\r\n    {\r\n      \"resourceType\": \"storageAccounts/listAccountSas\",\r\n      \"locations\": [],\r\n      \"apiVersions\": [\r\n        \"2016-05-01\"\r\n      ]\r\n    },\r\n    {\r\n      \"resourceType\": \"usages\",\r\n      \"locations\": [],\r\n      \"apiVersions\": [\r\n        \"2016-05-01\",\r\n        \"2016-01-01\",\r\n        \"2015-06-15\",\r\n        \"2015-05-01-preview\"\r\n      ]\r\n    },\r\n    {\r\n      \"resourceType\": \"checkNameAvailability\",\r\n      \"locations\": [],\r\n      \"apiVersions\": [\r\n        \"2016-05-01\",\r\n        \"2016-01-01\",\r\n        \"2015-06-15\",\r\n        \"2015-05-01-preview\"\r\n      ]\r\n    }\r\n  ],\r\n  \"registrationState\": \"Registered\"\r\n}",
      "ResponseHeaders": {
        "Content-Type": [
          "application/json; charset=utf-8"
        ],
        "Expires": [
          "-1"
        ],
        "Cache-Control": [
          "no-cache"
        ],
        "Date": [
          "Thu, 01 Sep 2016 20:02:57 GMT"
        ],
        "Pragma": [
          "no-cache"
        ],
        "Vary": [
          "Accept-Encoding"
        ],
        "x-ms-ratelimit-remaining-subscription-writes": [
          "1194"
        ],
        "x-ms-request-id": [
          "f4e59fa9-6618-4330-9cb7-a34507b20897"
        ],
        "x-ms-correlation-request-id": [
          "f4e59fa9-6618-4330-9cb7-a34507b20897"
        ],
        "x-ms-routing-request-id": [
          "CENTRALUS:20160901T200257Z:f4e59fa9-6618-4330-9cb7-a34507b20897"
        ],
        "Strict-Transport-Security": [
          "max-age=31536000; includeSubDomains"
        ]
      },
      "StatusCode": 200
    },
    {
      "RequestUri": "/subscriptions/90585f39-ab85-4921-bb37-0468f7efd1dd/providers/Microsoft.Storage?api-version=2015-11-01",
      "EncodedRequestUri": "L3N1YnNjcmlwdGlvbnMvOTA1ODVmMzktYWI4NS00OTIxLWJiMzctMDQ2OGY3ZWZkMWRkL3Byb3ZpZGVycy9NaWNyb3NvZnQuU3RvcmFnZT9hcGktdmVyc2lvbj0yMDE1LTExLTAx",
      "RequestMethod": "GET",
      "RequestBody": "",
      "RequestHeaders": {
        "x-ms-client-request-id": [
          "9f0fc8ca-8e75-49b8-8c92-a9ad90b05eea"
        ],
        "accept-language": [
          "en-US"
        ],
        "User-Agent": [
          "Microsoft.Azure.Management.Resources.ResourceManagementClient/1.0.0-preview"
        ]
      },
      "ResponseBody": "{\r\n  \"id\": \"/subscriptions/90585f39-ab85-4921-bb37-0468f7efd1dd/providers/Microsoft.Storage\",\r\n  \"namespace\": \"Microsoft.Storage\",\r\n  \"authorization\": {\r\n    \"applicationId\": \"a6aa9161-5291-40bb-8c5c-923b567bee3b\",\r\n    \"roleDefinitionId\": \"cd0cad5c-ac96-4c4c-99cd-cfafc285ba36\"\r\n  },\r\n  \"resourceTypes\": [\r\n    {\r\n      \"resourceType\": \"storageAccounts\",\r\n      \"locations\": [\r\n        \"West US\",\r\n        \"North Central US\",\r\n        \"South Central US\",\r\n        \"East US\"\r\n      ],\r\n      \"apiVersions\": [\r\n        \"2016-05-01\",\r\n        \"2016-01-01\",\r\n        \"2015-10-01\",\r\n        \"2015-06-15\",\r\n        \"2015-05-01-preview\"\r\n      ],\r\n      \"capabilities\": \"CrossResourceGroupResourceMove, CrossSubscriptionResourceMove\"\r\n    },\r\n    {\r\n      \"resourceType\": \"operations\",\r\n      \"locations\": [],\r\n      \"apiVersions\": [\r\n        \"2016-05-01\",\r\n        \"2016-01-01\",\r\n        \"2015-10-01\",\r\n        \"2015-06-15\",\r\n        \"2015-05-01-preview\"\r\n      ]\r\n    },\r\n    {\r\n      \"resourceType\": \"storageAccounts/customKeys\",\r\n      \"locations\": [],\r\n      \"apiVersions\": [\r\n        \"2016-05-01\",\r\n        \"2016-01-01\",\r\n        \"2015-10-01\"\r\n      ]\r\n    },\r\n    {\r\n      \"resourceType\": \"storageAccounts/listReadOnlyKeys\",\r\n      \"locations\": [],\r\n      \"apiVersions\": [\r\n        \"2016-05-01\",\r\n        \"2016-01-01\",\r\n        \"2015-10-01\"\r\n      ]\r\n    },\r\n    {\r\n      \"resourceType\": \"storageAccounts/generateSasCredentials\",\r\n      \"locations\": [],\r\n      \"apiVersions\": [\r\n        \"2016-05-01\"\r\n      ]\r\n    },\r\n    {\r\n      \"resourceType\": \"storageAccounts/listAccountSas\",\r\n      \"locations\": [],\r\n      \"apiVersions\": [\r\n        \"2016-05-01\"\r\n      ]\r\n    },\r\n    {\r\n      \"resourceType\": \"usages\",\r\n      \"locations\": [],\r\n      \"apiVersions\": [\r\n        \"2016-05-01\",\r\n        \"2016-01-01\",\r\n        \"2015-06-15\",\r\n        \"2015-05-01-preview\"\r\n      ]\r\n    },\r\n    {\r\n      \"resourceType\": \"checkNameAvailability\",\r\n      \"locations\": [],\r\n      \"apiVersions\": [\r\n        \"2016-05-01\",\r\n        \"2016-01-01\",\r\n        \"2015-06-15\",\r\n        \"2015-05-01-preview\"\r\n      ]\r\n    }\r\n  ],\r\n  \"registrationState\": \"Registered\"\r\n}",
      "ResponseHeaders": {
        "Content-Type": [
          "application/json; charset=utf-8"
        ],
        "Expires": [
          "-1"
        ],
        "Cache-Control": [
          "no-cache"
        ],
        "Date": [
          "Thu, 01 Sep 2016 20:02:57 GMT"
        ],
        "Pragma": [
          "no-cache"
        ],
        "Vary": [
          "Accept-Encoding"
        ],
        "x-ms-ratelimit-remaining-subscription-reads": [
          "14987"
        ],
        "x-ms-request-id": [
          "d7a662c1-004a-459c-afad-009bc37236c0"
        ],
        "x-ms-correlation-request-id": [
          "d7a662c1-004a-459c-afad-009bc37236c0"
        ],
        "x-ms-routing-request-id": [
          "CENTRALUS:20160901T200257Z:d7a662c1-004a-459c-afad-009bc37236c0"
        ],
        "Strict-Transport-Security": [
          "max-age=31536000; includeSubDomains"
        ]
      },
      "StatusCode": 200
    },
    {
      "RequestUri": "/subscriptions/90585f39-ab85-4921-bb37-0468f7efd1dd/resourcegroups/datalakerg1674?api-version=2015-11-01",
      "EncodedRequestUri": "L3N1YnNjcmlwdGlvbnMvOTA1ODVmMzktYWI4NS00OTIxLWJiMzctMDQ2OGY3ZWZkMWRkL3Jlc291cmNlZ3JvdXBzL2RhdGFsYWtlcmcxNjc0P2FwaS12ZXJzaW9uPTIwMTUtMTEtMDE=",
      "RequestMethod": "GET",
      "RequestBody": "",
      "RequestHeaders": {
        "x-ms-client-request-id": [
          "d60d6048-6cab-43b3-bcdc-030f22383e13"
        ],
        "accept-language": [
          "en-US"
        ],
        "User-Agent": [
          "Microsoft.Azure.Management.Resources.ResourceManagementClient/1.0.0-preview"
        ]
      },
      "ResponseBody": "{\r\n  \"error\": {\r\n    \"code\": \"ResourceGroupNotFound\",\r\n    \"message\": \"Resource group 'datalakerg1674' could not be found.\"\r\n  }\r\n}",
      "ResponseHeaders": {
        "Content-Length": [
          "106"
        ],
        "Content-Type": [
          "application/json; charset=utf-8"
        ],
        "Expires": [
          "-1"
        ],
        "Cache-Control": [
          "no-cache"
        ],
        "Date": [
          "Thu, 01 Sep 2016 20:02:57 GMT"
        ],
        "Pragma": [
          "no-cache"
        ],
        "x-ms-failure-cause": [
          "gateway"
        ],
        "x-ms-ratelimit-remaining-subscription-reads": [
          "14986"
        ],
        "x-ms-request-id": [
          "1ef241dd-5648-48d8-8d81-489981521a35"
        ],
        "x-ms-correlation-request-id": [
          "1ef241dd-5648-48d8-8d81-489981521a35"
        ],
        "x-ms-routing-request-id": [
          "CENTRALUS:20160901T200258Z:1ef241dd-5648-48d8-8d81-489981521a35"
        ],
        "Strict-Transport-Security": [
          "max-age=31536000; includeSubDomains"
        ]
      },
      "StatusCode": 404
    },
    {
      "RequestUri": "/subscriptions/90585f39-ab85-4921-bb37-0468f7efd1dd/resourcegroups/datalakerg1674?api-version=2015-11-01",
      "EncodedRequestUri": "L3N1YnNjcmlwdGlvbnMvOTA1ODVmMzktYWI4NS00OTIxLWJiMzctMDQ2OGY3ZWZkMWRkL3Jlc291cmNlZ3JvdXBzL2RhdGFsYWtlcmcxNjc0P2FwaS12ZXJzaW9uPTIwMTUtMTEtMDE=",
      "RequestMethod": "GET",
      "RequestBody": "",
      "RequestHeaders": {
        "x-ms-client-request-id": [
          "48723e4b-d048-4bbc-9fda-be4b6558290d"
        ],
        "accept-language": [
          "en-US"
        ],
        "User-Agent": [
          "Microsoft.Azure.Management.Resources.ResourceManagementClient/1.0.0-preview"
        ]
      },
      "ResponseBody": "{\r\n  \"id\": \"/subscriptions/90585f39-ab85-4921-bb37-0468f7efd1dd/resourceGroups/datalakerg1674\",\r\n  \"name\": \"datalakerg1674\",\r\n  \"location\": \"eastus2\",\r\n  \"properties\": {\r\n    \"provisioningState\": \"Succeeded\"\r\n  }\r\n}",
      "ResponseHeaders": {
        "Content-Type": [
          "application/json; charset=utf-8"
        ],
        "Expires": [
          "-1"
        ],
        "Cache-Control": [
          "no-cache"
        ],
        "Date": [
          "Thu, 01 Sep 2016 20:02:57 GMT"
        ],
        "Pragma": [
          "no-cache"
        ],
        "Vary": [
          "Accept-Encoding"
        ],
        "x-ms-ratelimit-remaining-subscription-reads": [
          "14985"
        ],
        "x-ms-request-id": [
          "fb5ed8f6-1ce7-4e16-b0a7-4fcba1ec0d11"
        ],
        "x-ms-correlation-request-id": [
          "fb5ed8f6-1ce7-4e16-b0a7-4fcba1ec0d11"
        ],
        "x-ms-routing-request-id": [
          "CENTRALUS:20160901T200258Z:fb5ed8f6-1ce7-4e16-b0a7-4fcba1ec0d11"
        ],
        "Strict-Transport-Security": [
          "max-age=31536000; includeSubDomains"
        ]
      },
      "StatusCode": 200
    },
    {
      "RequestUri": "/subscriptions/90585f39-ab85-4921-bb37-0468f7efd1dd/resourcegroups/datalakerg1674?api-version=2015-11-01",
      "EncodedRequestUri": "L3N1YnNjcmlwdGlvbnMvOTA1ODVmMzktYWI4NS00OTIxLWJiMzctMDQ2OGY3ZWZkMWRkL3Jlc291cmNlZ3JvdXBzL2RhdGFsYWtlcmcxNjc0P2FwaS12ZXJzaW9uPTIwMTUtMTEtMDE=",
      "RequestMethod": "PUT",
      "RequestBody": "{\r\n  \"location\": \"East US 2\"\r\n}",
      "RequestHeaders": {
        "Content-Type": [
          "application/json; charset=utf-8"
        ],
        "Content-Length": [
          "31"
        ],
        "x-ms-client-request-id": [
          "85cdb448-3053-4007-9f75-ac3185b0780b"
        ],
        "accept-language": [
          "en-US"
        ],
        "User-Agent": [
          "Microsoft.Azure.Management.Resources.ResourceManagementClient/1.0.0-preview"
        ]
      },
      "ResponseBody": "{\r\n  \"id\": \"/subscriptions/90585f39-ab85-4921-bb37-0468f7efd1dd/resourceGroups/datalakerg1674\",\r\n  \"name\": \"datalakerg1674\",\r\n  \"location\": \"eastus2\",\r\n  \"properties\": {\r\n    \"provisioningState\": \"Succeeded\"\r\n  }\r\n}",
      "ResponseHeaders": {
        "Content-Length": [
          "182"
        ],
        "Content-Type": [
          "application/json; charset=utf-8"
        ],
        "Expires": [
          "-1"
        ],
        "Cache-Control": [
          "no-cache"
        ],
        "Date": [
          "Thu, 01 Sep 2016 20:02:57 GMT"
        ],
        "Pragma": [
          "no-cache"
        ],
        "x-ms-ratelimit-remaining-subscription-writes": [
          "1193"
        ],
        "x-ms-request-id": [
          "0cb534f9-78b6-48d3-af87-5c24ee3a53e3"
        ],
        "x-ms-correlation-request-id": [
          "0cb534f9-78b6-48d3-af87-5c24ee3a53e3"
        ],
        "x-ms-routing-request-id": [
          "CENTRALUS:20160901T200258Z:0cb534f9-78b6-48d3-af87-5c24ee3a53e3"
        ],
        "Strict-Transport-Security": [
          "max-age=31536000; includeSubDomains"
        ]
      },
      "StatusCode": 201
    },
    {
      "RequestUri": "/subscriptions/90585f39-ab85-4921-bb37-0468f7efd1dd/resourceGroups/datalakerg1674/providers/Microsoft.DataLakeStore/accounts/testadlfs1349?api-version=2015-10-01-preview",
      "EncodedRequestUri": "L3N1YnNjcmlwdGlvbnMvOTA1ODVmMzktYWI4NS00OTIxLWJiMzctMDQ2OGY3ZWZkMWRkL3Jlc291cmNlR3JvdXBzL2RhdGFsYWtlcmcxNjc0L3Byb3ZpZGVycy9NaWNyb3NvZnQuRGF0YUxha2VTdG9yZS9hY2NvdW50cy90ZXN0YWRsZnMxMzQ5P2FwaS12ZXJzaW9uPTIwMTUtMTAtMDEtcHJldmlldw==",
      "RequestMethod": "GET",
      "RequestBody": "",
      "RequestHeaders": {
        "x-ms-client-request-id": [
          "76400020-40da-4593-8105-578562aa69b7"
        ],
        "accept-language": [
          "en-US"
        ],
        "User-Agent": [
          "Microsoft.Azure.Management.DataLake.Store.DataLakeStoreAccountManagementClient/0.12.5-preview"
        ]
      },
      "ResponseBody": "{\r\n  \"error\": {\r\n    \"code\": \"ResourceNotFound\",\r\n    \"message\": \"The Resource 'Microsoft.DataLakeStore/accounts/testadlfs1349' under resource group 'datalakerg1674' was not found.\"\r\n  }\r\n}",
      "ResponseHeaders": {
        "Content-Length": [
          "164"
        ],
        "Content-Type": [
          "application/json; charset=utf-8"
        ],
        "Expires": [
          "-1"
        ],
        "Cache-Control": [
          "no-cache"
        ],
        "Date": [
          "Thu, 01 Sep 2016 20:02:57 GMT"
        ],
        "Pragma": [
          "no-cache"
        ],
        "x-ms-failure-cause": [
          "gateway"
        ],
        "x-ms-request-id": [
          "f082dc75-7ab4-4e66-968d-fc272851d6dc"
        ],
        "x-ms-correlation-request-id": [
          "f082dc75-7ab4-4e66-968d-fc272851d6dc"
        ],
        "x-ms-routing-request-id": [
          "CENTRALUS:20160901T200258Z:f082dc75-7ab4-4e66-968d-fc272851d6dc"
        ],
        "Strict-Transport-Security": [
          "max-age=31536000; includeSubDomains"
        ]
      },
      "StatusCode": 404
    },
    {
      "RequestUri": "/subscriptions/90585f39-ab85-4921-bb37-0468f7efd1dd/resourceGroups/datalakerg1674/providers/Microsoft.DataLakeStore/accounts/testadlfs1349?api-version=2015-10-01-preview",
      "EncodedRequestUri": "L3N1YnNjcmlwdGlvbnMvOTA1ODVmMzktYWI4NS00OTIxLWJiMzctMDQ2OGY3ZWZkMWRkL3Jlc291cmNlR3JvdXBzL2RhdGFsYWtlcmcxNjc0L3Byb3ZpZGVycy9NaWNyb3NvZnQuRGF0YUxha2VTdG9yZS9hY2NvdW50cy90ZXN0YWRsZnMxMzQ5P2FwaS12ZXJzaW9uPTIwMTUtMTAtMDEtcHJldmlldw==",
      "RequestMethod": "GET",
      "RequestBody": "",
      "RequestHeaders": {
        "User-Agent": [
          "Microsoft.Azure.Management.DataLake.Store.DataLakeStoreAccountManagementClient/0.12.5-preview"
        ]
      },
      "ResponseBody": "{\r\n  \"properties\": {\r\n    \"firewallState\": \"Disabled\",\r\n    \"firewallRules\": [],\r\n    \"trustedIdProviderState\": \"Disabled\",\r\n    \"trustedIdProviders\": [],\r\n    \"encryptionConfig\": {},\r\n    \"provisioningState\": \"Succeeded\",\r\n    \"state\": \"Active\",\r\n    \"endpoint\": \"testadlfs1349.caboaccountdogfood.net\",\r\n    \"accountId\": \"be316b44-d86e-4a34-8e99-b20765b6b3f7\",\r\n    \"creationTime\": \"2016-09-01T20:03:01.2793334Z\",\r\n    \"lastModifiedTime\": \"2016-09-01T20:03:01.2793334Z\"\r\n  },\r\n  \"location\": \"East US 2\",\r\n  \"tags\": null,\r\n  \"id\": \"/subscriptions/90585f39-ab85-4921-bb37-0468f7efd1dd/resourceGroups/datalakerg1674/providers/Microsoft.DataLakeStore/accounts/testadlfs1349\",\r\n  \"name\": \"testadlfs1349\",\r\n  \"type\": \"Microsoft.DataLakeStore/accounts\"\r\n}",
      "ResponseHeaders": {
        "Content-Type": [
          "application/json"
        ],
        "Expires": [
          "-1"
        ],
        "Cache-Control": [
          "no-cache"
        ],
        "Connection": [
          "close"
        ],
        "Date": [
          "Thu, 01 Sep 2016 20:03:29 GMT"
        ],
        "Pragma": [
          "no-cache"
        ],
        "Server": [
          "Microsoft-IIS/8.5"
        ],
        "Vary": [
          "Accept-Encoding"
        ],
        "x-ms-request-id": [
          "875c9685-8491-42aa-9795-20e90762b137"
        ],
        "X-AspNet-Version": [
          "4.0.30319"
        ],
        "X-Powered-By": [
          "ASP.NET"
        ],
        "x-ms-ratelimit-remaining-subscription-reads": [
          "14986"
        ],
        "x-ms-correlation-request-id": [
          "09a613ec-345b-4497-bab9-759b3535c211"
        ],
        "x-ms-routing-request-id": [
          "CENTRALUS:20160901T200329Z:09a613ec-345b-4497-bab9-759b3535c211"
        ],
        "Strict-Transport-Security": [
          "max-age=31536000; includeSubDomains"
        ]
      },
      "StatusCode": 200
    },
    {
      "RequestUri": "/subscriptions/90585f39-ab85-4921-bb37-0468f7efd1dd/resourceGroups/datalakerg1674/providers/Microsoft.DataLakeStore/accounts/testadlfs1349?api-version=2015-10-01-preview",
      "EncodedRequestUri": "L3N1YnNjcmlwdGlvbnMvOTA1ODVmMzktYWI4NS00OTIxLWJiMzctMDQ2OGY3ZWZkMWRkL3Jlc291cmNlR3JvdXBzL2RhdGFsYWtlcmcxNjc0L3Byb3ZpZGVycy9NaWNyb3NvZnQuRGF0YUxha2VTdG9yZS9hY2NvdW50cy90ZXN0YWRsZnMxMzQ5P2FwaS12ZXJzaW9uPTIwMTUtMTAtMDEtcHJldmlldw==",
      "RequestMethod": "GET",
      "RequestBody": "",
      "RequestHeaders": {
        "x-ms-client-request-id": [
          "91c6337d-b3a7-4f1b-9bc3-538cb5465638"
        ],
        "accept-language": [
          "en-US"
        ],
        "User-Agent": [
          "Microsoft.Azure.Management.DataLake.Store.DataLakeStoreAccountManagementClient/0.12.5-preview"
        ]
      },
      "ResponseBody": "{\r\n  \"properties\": {\r\n    \"firewallState\": \"Disabled\",\r\n    \"firewallRules\": [],\r\n    \"trustedIdProviderState\": \"Disabled\",\r\n    \"trustedIdProviders\": [],\r\n    \"encryptionConfig\": {},\r\n    \"provisioningState\": \"Succeeded\",\r\n    \"state\": \"Active\",\r\n    \"endpoint\": \"testadlfs1349.caboaccountdogfood.net\",\r\n    \"accountId\": \"be316b44-d86e-4a34-8e99-b20765b6b3f7\",\r\n    \"creationTime\": \"2016-09-01T20:03:01.2793334Z\",\r\n    \"lastModifiedTime\": \"2016-09-01T20:03:01.2793334Z\"\r\n  },\r\n  \"location\": \"East US 2\",\r\n  \"tags\": null,\r\n  \"id\": \"/subscriptions/90585f39-ab85-4921-bb37-0468f7efd1dd/resourceGroups/datalakerg1674/providers/Microsoft.DataLakeStore/accounts/testadlfs1349\",\r\n  \"name\": \"testadlfs1349\",\r\n  \"type\": \"Microsoft.DataLakeStore/accounts\"\r\n}",
      "ResponseHeaders": {
        "Content-Type": [
          "application/json"
        ],
        "Expires": [
          "-1"
        ],
        "Cache-Control": [
          "no-cache"
        ],
        "Connection": [
          "close"
        ],
        "Date": [
          "Thu, 01 Sep 2016 20:03:29 GMT"
        ],
        "Pragma": [
          "no-cache"
        ],
        "Server": [
          "Microsoft-IIS/8.5"
        ],
        "Vary": [
          "Accept-Encoding"
        ],
        "x-ms-request-id": [
          "79c7c665-b31d-41d8-a814-914a95652431"
        ],
        "X-AspNet-Version": [
          "4.0.30319"
        ],
        "X-Powered-By": [
          "ASP.NET"
        ],
        "x-ms-ratelimit-remaining-subscription-reads": [
          "14992"
        ],
        "x-ms-correlation-request-id": [
          "566a14ce-6781-41cb-8aa0-d3d659899fa5"
        ],
        "x-ms-routing-request-id": [
          "CENTRALUS:20160901T200330Z:566a14ce-6781-41cb-8aa0-d3d659899fa5"
        ],
        "Strict-Transport-Security": [
          "max-age=31536000; includeSubDomains"
        ]
      },
      "StatusCode": 200
    },
    {
      "RequestUri": "/subscriptions/90585f39-ab85-4921-bb37-0468f7efd1dd/resourceGroups/datalakerg1674/providers/Microsoft.DataLakeStore/accounts/testadlfs1349?api-version=2015-10-01-preview",
      "EncodedRequestUri": "L3N1YnNjcmlwdGlvbnMvOTA1ODVmMzktYWI4NS00OTIxLWJiMzctMDQ2OGY3ZWZkMWRkL3Jlc291cmNlR3JvdXBzL2RhdGFsYWtlcmcxNjc0L3Byb3ZpZGVycy9NaWNyb3NvZnQuRGF0YUxha2VTdG9yZS9hY2NvdW50cy90ZXN0YWRsZnMxMzQ5P2FwaS12ZXJzaW9uPTIwMTUtMTAtMDEtcHJldmlldw==",
      "RequestMethod": "PUT",
      "RequestBody": "{\r\n  \"location\": \"East US 2\",\r\n  \"name\": \"testadlfs1349\"\r\n}",
      "RequestHeaders": {
        "Content-Type": [
          "application/json; charset=utf-8"
        ],
        "Content-Length": [
          "59"
        ],
        "x-ms-client-request-id": [
          "b1bfaf09-7d72-4c53-9503-da7ad7baead4"
        ],
        "accept-language": [
          "en-US"
        ],
        "User-Agent": [
          "Microsoft.Azure.Management.DataLake.Store.DataLakeStoreAccountManagementClient/0.12.5-preview"
        ]
      },
      "ResponseBody": "{\r\n  \"properties\": {\r\n    \"provisioningState\": \"Creating\",\r\n    \"state\": null,\r\n    \"endpoint\": null,\r\n    \"accountId\": \"be316b44-d86e-4a34-8e99-b20765b6b3f7\",\r\n    \"creationTime\": null,\r\n    \"lastModifiedTime\": null\r\n  },\r\n  \"location\": \"East US 2\",\r\n  \"tags\": null,\r\n  \"id\": \"/subscriptions/90585f39-ab85-4921-bb37-0468f7efd1dd/resourceGroups/datalakerg1674/providers/Microsoft.DataLakeStore/accounts/testadlfs1349\",\r\n  \"name\": \"testadlfs1349\",\r\n  \"type\": \"Microsoft.DataLakeStore/accounts\"\r\n}",
      "ResponseHeaders": {
        "Content-Length": [
          "417"
        ],
        "Content-Type": [
          "application/json"
        ],
        "Expires": [
          "-1"
        ],
        "Cache-Control": [
          "no-cache"
        ],
        "Connection": [
          "close"
        ],
        "Date": [
          "Thu, 01 Sep 2016 20:02:58 GMT"
        ],
        "Pragma": [
          "no-cache"
        ],
        "Location": [
          "https://api-dogfood.resources.windows-int.net/subscriptions/90585f39-ab85-4921-bb37-0468f7efd1dd/resourcegroups/datalakerg1674/providers/Microsoft.DataLakeStore/accounts/testadlfs1349/operationresults/0?api-version=2015-10-01-preview"
        ],
        "Retry-After": [
          "10"
        ],
        "Server": [
          "Microsoft-IIS/8.5"
        ],
        "Azure-AsyncOperation": [
          "https://api-dogfood.resources.windows-int.net/subscriptions/90585f39-ab85-4921-bb37-0468f7efd1dd/providers/Microsoft.DataLakeStore/locations/EastUS2/operationResults/be316b44-d86e-4a34-8e99-b20765b6b3f70?api-version=2015-10-01-preview&expanded=true"
        ],
        "x-ms-request-id": [
          "ed2edd07-4b48-4fef-bb22-d2e4846a8ddd"
        ],
        "X-AspNet-Version": [
          "4.0.30319"
        ],
        "X-Powered-By": [
          "ASP.NET"
        ],
        "x-ms-ratelimit-remaining-subscription-writes": [
          "1195"
        ],
        "x-ms-correlation-request-id": [
          "053b13e2-128d-4631-a321-b5b37f9065b7"
        ],
        "x-ms-routing-request-id": [
          "CENTRALUS:20160901T200258Z:053b13e2-128d-4631-a321-b5b37f9065b7"
        ],
        "Strict-Transport-Security": [
          "max-age=31536000; includeSubDomains"
        ]
      },
      "StatusCode": 201
    },
    {
      "RequestUri": "/subscriptions/90585f39-ab85-4921-bb37-0468f7efd1dd/providers/Microsoft.DataLakeStore/locations/EastUS2/operationResults/be316b44-d86e-4a34-8e99-b20765b6b3f70?api-version=2015-10-01-preview&expanded=true",
      "EncodedRequestUri": "L3N1YnNjcmlwdGlvbnMvOTA1ODVmMzktYWI4NS00OTIxLWJiMzctMDQ2OGY3ZWZkMWRkL3Byb3ZpZGVycy9NaWNyb3NvZnQuRGF0YUxha2VTdG9yZS9sb2NhdGlvbnMvRWFzdFVTMi9vcGVyYXRpb25SZXN1bHRzL2JlMzE2YjQ0LWQ4NmUtNGEzNC04ZTk5LWIyMDc2NWI2YjNmNzA/YXBpLXZlcnNpb249MjAxNS0xMC0wMS1wcmV2aWV3JmV4cGFuZGVkPXRydWU=",
      "RequestMethod": "GET",
      "RequestBody": "",
      "RequestHeaders": {
        "User-Agent": [
          "Microsoft.Azure.Management.DataLake.Store.DataLakeStoreAccountManagementClient/0.12.5-preview"
        ]
      },
      "ResponseBody": "{\r\n  \"status\": \"Succeeded\"\r\n}",
      "ResponseHeaders": {
        "Content-Type": [
          "application/json"
        ],
        "Expires": [
          "-1"
        ],
        "Cache-Control": [
          "no-cache"
        ],
        "Connection": [
          "close"
        ],
        "Date": [
          "Thu, 01 Sep 2016 20:03:28 GMT"
        ],
        "Pragma": [
          "no-cache"
        ],
        "Server": [
          "Microsoft-IIS/8.5"
        ],
        "Vary": [
          "Accept-Encoding"
        ],
        "x-ms-request-id": [
          "9c00d795-b1f6-4714-8613-8e52ecd72d98"
        ],
        "X-AspNet-Version": [
          "4.0.30319"
        ],
        "X-Powered-By": [
          "ASP.NET"
        ],
        "x-ms-ratelimit-remaining-subscription-reads": [
          "14989"
        ],
        "x-ms-correlation-request-id": [
          "150cd01c-2318-4cd1-8fbc-cd94a2481fcf"
        ],
        "x-ms-routing-request-id": [
          "CENTRALUS:20160901T200329Z:150cd01c-2318-4cd1-8fbc-cd94a2481fcf"
        ],
        "Strict-Transport-Security": [
          "max-age=31536000; includeSubDomains"
        ]
      },
      "StatusCode": 200
    },
    {
      "RequestUri": "/webhdfs/v1/SDKTestFolder01%2FSDKTestFile01.txt1812?op=CREATE&write=true&api-version=2015-10-01-preview",
      "EncodedRequestUri": "L3dlYmhkZnMvdjEvU0RLVGVzdEZvbGRlcjAxJTJGU0RLVGVzdEZpbGUwMS50eHQxODEyP29wPUNSRUFURSZ3cml0ZT10cnVlJmFwaS12ZXJzaW9uPTIwMTUtMTAtMDEtcHJldmlldw==",
      "RequestMethod": "PUT",
      "RequestBody": "",
      "RequestHeaders": {
        "Content-Type": [
          "application/octet-stream"
        ],
        "x-ms-client-request-id": [
          "0481dc43-9a77-4092-8d7d-256353d5d71d"
        ],
        "Transfer-Encoding": [
          "chunked"
        ],
        "accept-language": [
          "en-US"
        ],
        "User-Agent": [
          "Microsoft.Azure.Management.DataLake.Store.DataLakeStoreFileSystemManagementClient/0.12.5-preview"
        ]
      },
      "ResponseBody": "",
      "ResponseHeaders": {
        "Content-Length": [
          "0"
        ],
        "Expires": [
          "-1"
        ],
        "Cache-Control": [
          "no-cache"
        ],
        "Date": [
          "Thu, 01 Sep 2016 20:03:31 GMT"
        ],
        "Pragma": [
          "no-cache"
        ],
        "Location": [
          "https://testadlfs1349.caboaccountdogfood.net/webhdfs/v1/SDKTestFolder01/SDKTestFile01.txt1812?op=CREATE&write=true&api-version=2015-10-01-preview"
        ],
        "x-ms-request-id": [
          "83475739-2898-4515-8ef5-7a97dc00be79"
        ],
        "ContentLength": [
          "0"
        ],
        "Server-Perf": [
          "[83475739-2898-4515-8ef5-7a97dc00be79][ AuthTime::1173.5949685965::PostAuthTime::340.445187683241 ][S-HdfsGetFileStatusV2 :: 00:00:094 ms]%0a[S-FsOpenStream :: 00:00:154 ms]%0a[BufferingTime :: 00:00:003 ms]%0a[WriteTime :: 00:00:000 ms]%0a[S-FsAppendStream :: 00:00:015 ms]%0a[S-FsCloseHandle :: 00:00:001 ms]%0a[CREATE :: 00:00:272 ms]%0a"
        ],
        "x-ms-webhdfs-version": [
          "16.07.18.01"
        ],
        "Status": [
          "0x0"
        ],
        "X-Content-Type-Options": [
          "nosniff"
        ],
        "Strict-Transport-Security": [
          "max-age=15724800; includeSubDomains"
        ]
      },
      "StatusCode": 201
    },
    {
      "RequestUri": "/webhdfs/v1/SDKTestFolder01%2FSDKTestFile01.txt1812?op=MSGETFILESTATUS&api-version=2015-10-01-preview",
      "EncodedRequestUri": "L3dlYmhkZnMvdjEvU0RLVGVzdEZvbGRlcjAxJTJGU0RLVGVzdEZpbGUwMS50eHQxODEyP29wPU1TR0VURklMRVNUQVRVUyZhcGktdmVyc2lvbj0yMDE1LTEwLTAxLXByZXZpZXc=",
      "RequestMethod": "GET",
      "RequestBody": "",
      "RequestHeaders": {
        "x-ms-client-request-id": [
          "ab0ab8fe-69cb-4cd5-a2cb-4bc725d18f75"
        ],
        "accept-language": [
          "en-US"
        ],
        "User-Agent": [
          "Microsoft.Azure.Management.DataLake.Store.DataLakeStoreFileSystemManagementClient/0.12.5-preview"
        ]
      },
      "ResponseBody": "{\r\n  \"FileStatus\": {\r\n    \"length\": 0,\r\n    \"pathSuffix\": \"\",\r\n    \"type\": \"FILE\",\r\n    \"blockSize\": 268435456,\r\n    \"accessTime\": 1472760211484,\r\n    \"modificationTime\": 1472760211484,\r\n    \"replication\": 1,\r\n    \"permission\": \"770\",\r\n    \"owner\": \"6c239a52-63a0-4219-bcdc-c1ce354f95d4\",\r\n    \"group\": \"6c239a52-63a0-4219-bcdc-c1ce354f95d4\",\r\n    \"expirationTime\": 0\r\n  }\r\n}",
      "ResponseHeaders": {
        "Content-Length": [
          "287"
        ],
        "Content-Type": [
          "application/json; charset=utf-8"
        ],
        "Expires": [
          "-1"
        ],
        "Cache-Control": [
          "no-cache"
        ],
        "Date": [
          "Thu, 01 Sep 2016 20:03:31 GMT"
        ],
        "Pragma": [
          "no-cache"
        ],
        "x-ms-request-id": [
          "c7959802-857d-4033-bd49-b98d6e19a9cb"
        ],
        "Server-Perf": [
          "[c7959802-857d-4033-bd49-b98d6e19a9cb][ AuthTime::0::PostAuthTime::0 ][S-HdfsGetFileStatusV2 :: 00:00:020 ms]%0a[MSGETFILESTATUS :: 00:00:020 ms]%0a"
        ],
        "x-ms-webhdfs-version": [
          "16.07.18.01"
        ],
        "Status": [
          "0x0"
        ],
        "X-Content-Type-Options": [
          "nosniff"
        ],
        "Strict-Transport-Security": [
          "max-age=15724800; includeSubDomains"
        ]
      },
      "StatusCode": 200
    },
    {
      "RequestUri": "/webhdfs/v1/SDKTestFolder01%2FSDKTestFile01.txt1812?op=MSGETFILESTATUS&api-version=2015-10-01-preview",
      "EncodedRequestUri": "L3dlYmhkZnMvdjEvU0RLVGVzdEZvbGRlcjAxJTJGU0RLVGVzdEZpbGUwMS50eHQxODEyP29wPU1TR0VURklMRVNUQVRVUyZhcGktdmVyc2lvbj0yMDE1LTEwLTAxLXByZXZpZXc=",
      "RequestMethod": "GET",
      "RequestBody": "",
      "RequestHeaders": {
        "x-ms-client-request-id": [
          "d8c748cb-09d0-407b-9c69-4d39027be68b"
        ],
        "accept-language": [
          "en-US"
        ],
        "User-Agent": [
          "Microsoft.Azure.Management.DataLake.Store.DataLakeStoreFileSystemManagementClient/0.12.5-preview"
        ]
      },
      "ResponseBody": "{\r\n  \"FileStatus\": {\r\n    \"length\": 0,\r\n    \"pathSuffix\": \"\",\r\n    \"type\": \"FILE\",\r\n    \"blockSize\": 268435456,\r\n    \"accessTime\": 1472760211484,\r\n    \"modificationTime\": 1472760211484,\r\n    \"replication\": 1,\r\n    \"permission\": \"770\",\r\n    \"owner\": \"6c239a52-63a0-4219-bcdc-c1ce354f95d4\",\r\n    \"group\": \"6c239a52-63a0-4219-bcdc-c1ce354f95d4\",\r\n    \"expirationTime\": 0\r\n  }\r\n}",
      "ResponseHeaders": {
        "Content-Length": [
          "287"
        ],
        "Content-Type": [
          "application/json; charset=utf-8"
        ],
        "Expires": [
          "-1"
        ],
        "Cache-Control": [
          "no-cache"
        ],
        "Date": [
          "Thu, 01 Sep 2016 20:03:31 GMT"
        ],
        "Pragma": [
          "no-cache"
        ],
        "x-ms-request-id": [
          "b3d7a911-d0dd-4073-a2e1-6fdf405e1c16"
        ],
        "Server-Perf": [
          "[b3d7a911-d0dd-4073-a2e1-6fdf405e1c16][ AuthTime::0::PostAuthTime::0 ][S-HdfsGetFileStatusV2 :: 00:00:021 ms]%0a[MSGETFILESTATUS :: 00:00:021 ms]%0a"
        ],
        "x-ms-webhdfs-version": [
          "16.07.18.01"
        ],
        "Status": [
          "0x0"
        ],
        "X-Content-Type-Options": [
          "nosniff"
        ],
        "Strict-Transport-Security": [
          "max-age=15724800; includeSubDomains"
        ]
      },
      "StatusCode": 200
    },
    {
      "RequestUri": "/webhdfs/v1/SDKTestFolder01%2FSDKTestFile01.txt1812?op=MSGETFILESTATUS&api-version=2015-10-01-preview",
      "EncodedRequestUri": "L3dlYmhkZnMvdjEvU0RLVGVzdEZvbGRlcjAxJTJGU0RLVGVzdEZpbGUwMS50eHQxODEyP29wPU1TR0VURklMRVNUQVRVUyZhcGktdmVyc2lvbj0yMDE1LTEwLTAxLXByZXZpZXc=",
      "RequestMethod": "GET",
      "RequestBody": "",
      "RequestHeaders": {
        "x-ms-client-request-id": [
          "e9ae55e6-caef-420b-8175-ab55acb5e2e0"
        ],
        "accept-language": [
          "en-US"
        ],
        "User-Agent": [
          "Microsoft.Azure.Management.DataLake.Store.DataLakeStoreFileSystemManagementClient/0.12.5-preview"
        ]
      },
      "ResponseBody": "{\r\n  \"FileStatus\": {\r\n    \"length\": 0,\r\n    \"pathSuffix\": \"\",\r\n    \"type\": \"FILE\",\r\n    \"blockSize\": 268435456,\r\n    \"accessTime\": 1472760211484,\r\n    \"modificationTime\": 1472760211484,\r\n    \"replication\": 1,\r\n    \"permission\": \"770\",\r\n    \"owner\": \"6c239a52-63a0-4219-bcdc-c1ce354f95d4\",\r\n    \"group\": \"6c239a52-63a0-4219-bcdc-c1ce354f95d4\",\r\n    \"expirationTime\": 0\r\n  }\r\n}",
      "ResponseHeaders": {
        "Content-Length": [
          "287"
        ],
        "Content-Type": [
          "application/json; charset=utf-8"
        ],
        "Expires": [
          "-1"
        ],
        "Cache-Control": [
          "no-cache"
        ],
        "Date": [
          "Thu, 01 Sep 2016 20:03:52 GMT"
        ],
        "Pragma": [
          "no-cache"
        ],
        "x-ms-request-id": [
          "9405b79d-607e-4a69-a1ca-e93842b1e843"
        ],
        "Server-Perf": [
          "[9405b79d-607e-4a69-a1ca-e93842b1e843][ AuthTime::0::PostAuthTime::0 ][S-HdfsGetFileStatusV2 :: 00:00:055 ms]%0a[MSGETFILESTATUS :: 00:00:055 ms]%0a"
        ],
        "x-ms-webhdfs-version": [
          "16.07.18.01"
        ],
        "Status": [
          "0x0"
        ],
        "X-Content-Type-Options": [
          "nosniff"
        ],
        "Strict-Transport-Security": [
          "max-age=15724800; includeSubDomains"
        ]
      },
      "StatusCode": 200
    },
    {
      "RequestUri": "/WebHdfsExt/SDKTestFolder01%2FSDKTestFile01.txt1812?expiryOption=Absolute&expireTime=1472760092000&op=SETEXPIRY&api-version=2015-10-01-preview",
      "EncodedRequestUri": "L1dlYkhkZnNFeHQvU0RLVGVzdEZvbGRlcjAxJTJGU0RLVGVzdEZpbGUwMS50eHQxODEyP2V4cGlyeU9wdGlvbj1BYnNvbHV0ZSZleHBpcmVUaW1lPTE0NzI3NjAwOTIwMDAmb3A9U0VURVhQSVJZJmFwaS12ZXJzaW9uPTIwMTUtMTAtMDEtcHJldmlldw==",
      "RequestMethod": "PUT",
      "RequestBody": "",
      "RequestHeaders": {
        "x-ms-client-request-id": [
          "8c5cd8f2-ebe0-4565-91f7-72f510c4a4fc"
        ],
        "accept-language": [
          "en-US"
        ],
        "User-Agent": [
          "Microsoft.Azure.Management.DataLake.Store.DataLakeStoreFileSystemManagementClient/0.12.5-preview"
        ]
      },
      "ResponseBody": "{\r\n  \"RemoteException\": {\r\n    \"exception\": \"IllegalArgumentException\",\r\n    \"message\": \"Parameter expireTime is Invaild, Reason Invalid expireTime, PathAndQuery /WebHdfsExt/SDKTestFolder01/SDKTestFile01.txt1812?expiryOption=Absolute&expireTime=1472760092000&op=SETEXPIRY&api-version=2015-10-01-preview, Method PUT [][2016-09-01T13:03:32.1345465-07:00]\",\r\n    \"javaClassName\": \"java.lang.IllegalArgumentException\"\r\n  }\r\n}",
      "ResponseHeaders": {
        "Content-Length": [
          "389"
        ],
        "Content-Type": [
          "application/json; charset=utf-8"
        ],
        "Expires": [
          "-1"
        ],
        "Cache-Control": [
          "no-cache"
        ],
        "Date": [
          "Thu, 01 Sep 2016 20:03:31 GMT"
        ],
        "Pragma": [
          "no-cache"
        ],
        "x-ms-request-id": [
          "be261754-7754-4846-a1ad-770903f5b34d"
        ],
        "X-Content-Type-Options": [
          "nosniff"
        ],
        "Strict-Transport-Security": [
          "max-age=15724800; includeSubDomains"
        ]
      },
      "StatusCode": 400
    },
    {
      "RequestUri": "/WebHdfsExt/SDKTestFolder01%2FSDKTestFile01.txt1812?expiryOption=Absolute&expireTime=253402300801000&op=SETEXPIRY&api-version=2015-10-01-preview",
      "EncodedRequestUri": "L1dlYkhkZnNFeHQvU0RLVGVzdEZvbGRlcjAxJTJGU0RLVGVzdEZpbGUwMS50eHQxODEyP2V4cGlyeU9wdGlvbj1BYnNvbHV0ZSZleHBpcmVUaW1lPTI1MzQwMjMwMDgwMTAwMCZvcD1TRVRFWFBJUlkmYXBpLXZlcnNpb249MjAxNS0xMC0wMS1wcmV2aWV3",
      "RequestMethod": "PUT",
      "RequestBody": "",
      "RequestHeaders": {
        "x-ms-client-request-id": [
          "fc134655-0fd0-4c30-b8d9-5e2704aa6540"
        ],
        "accept-language": [
          "en-US"
        ],
        "User-Agent": [
          "Microsoft.Azure.Management.DataLake.Store.DataLakeStoreFileSystemManagementClient/0.12.5-preview"
        ]
      },
      "ResponseBody": "{\r\n  \"RemoteException\": {\r\n    \"exception\": \"RuntimeException\",\r\n    \"message\": \"The added or subtracted value results in an un-representable DateTime.\\r\\nParameter name: value [][2016-09-01T13:03:52.7753781-07:00]\",\r\n    \"javaClassName\": \"java.lang.RuntimeException\"\r\n  }\r\n}",
      "ResponseHeaders": {
        "Content-Length": [
          "243"
        ],
        "Content-Type": [
          "application/json; charset=utf-8"
        ],
        "Expires": [
          "-1"
        ],
        "Cache-Control": [
          "no-cache"
        ],
        "Date": [
          "Thu, 01 Sep 2016 20:03:52 GMT"
        ],
        "Pragma": [
          "no-cache"
        ],
        "x-ms-request-id": [
          "b0d4cfa3-0dbc-44b4-801e-e02e08a0bd9e"
        ],
        "X-Content-Type-Options": [
          "nosniff"
        ],
        "Strict-Transport-Security": [
          "max-age=15724800; includeSubDomains"
        ]
      },
      "StatusCode": 500
    },
    {
      "RequestUri": "/WebHdfsExt/SDKTestFolder01%2FSDKTestFile01.txt1812?expiryOption=NeverExpire&expireTime=400&op=SETEXPIRY&api-version=2015-10-01-preview",
      "EncodedRequestUri": "L1dlYkhkZnNFeHQvU0RLVGVzdEZvbGRlcjAxJTJGU0RLVGVzdEZpbGUwMS50eHQxODEyP2V4cGlyeU9wdGlvbj1OZXZlckV4cGlyZSZleHBpcmVUaW1lPTQwMCZvcD1TRVRFWFBJUlkmYXBpLXZlcnNpb249MjAxNS0xMC0wMS1wcmV2aWV3",
      "RequestMethod": "PUT",
      "RequestBody": "",
      "RequestHeaders": {
        "x-ms-client-request-id": [
          "3104f000-ebd2-4963-b69d-ab5d59706ea9"
        ],
        "accept-language": [
          "en-US"
        ],
        "User-Agent": [
          "Microsoft.Azure.Management.DataLake.Store.DataLakeStoreFileSystemManagementClient/0.12.5-preview"
        ]
      },
      "ResponseBody": "",
      "ResponseHeaders": {
        "Content-Length": [
          "0"
        ],
        "Expires": [
          "-1"
        ],
        "Cache-Control": [
          "no-cache"
        ],
        "Date": [
          "Thu, 01 Sep 2016 20:03:52 GMT"
        ],
        "Pragma": [
          "no-cache"
        ],
        "x-ms-request-id": [
          "44a45007-22ca-427d-93f5-eeeeb3a7c0a8"
        ],
        "X-Content-Type-Options": [
          "nosniff"
        ],
        "Strict-Transport-Security": [
          "max-age=15724800; includeSubDomains"
        ]
      },
      "StatusCode": 200
    }
  ],
  "Names": {
    ".ctor": [
      "datalakerg1674",
      "testdatalake13136",
      "testadlfs1349"
    ],
    "CreateFile": [
      "SDKTestFolder01/SDKTestFile01.txt1812"
    ]
  },
  "Variables": {
    "SubscriptionId": "90585f39-ab85-4921-bb37-0468f7efd1dd",
    "absoluteNegativeTime": "9/1/2016 1:01:32 PM"
  }
}