{
  "Entries": [
    {
      "RequestUri": "/subscriptions/6c55a6f0-6593-472f-9b3e-a51a9a757b40/resourceGroups/CS-SouthCentralUS-scheduler/providers/Microsoft.Scheduler/jobCollections/jc11740?api-version=2016-01-01",
      "EncodedRequestUri": "L3N1YnNjcmlwdGlvbnMvNmM1NWE2ZjAtNjU5My00NzJmLTliM2UtYTUxYTlhNzU3YjQwL3Jlc291cmNlR3JvdXBzL0NTLVNvdXRoQ2VudHJhbFVTLXNjaGVkdWxlci9wcm92aWRlcnMvTWljcm9zb2Z0LlNjaGVkdWxlci9qb2JDb2xsZWN0aW9ucy9qYzExNzQwP2FwaS12ZXJzaW9uPTIwMTYtMDEtMDE=",
      "RequestMethod": "PUT",
      "RequestBody": "{\r\n  \"name\": \"jc11740\",\r\n  \"location\": \"South Central US\",\r\n  \"properties\": {\r\n    \"sku\": {\r\n      \"name\": \"Standard\"\r\n    },\r\n    \"state\": \"Enabled\",\r\n    \"quota\": {\r\n      \"maxJobCount\": 50,\r\n      \"maxRecurrence\": {\r\n        \"frequency\": \"Minute\",\r\n        \"interval\": 1\r\n      }\r\n    }\r\n  }\r\n}",
      "RequestHeaders": {
        "Content-Type": [
          "application/json; charset=utf-8"
        ],
        "Content-Length": [
          "297"
        ],
        "x-ms-client-request-id": [
          "56512068-d750-4d84-87ee-8f6e7d338e14"
        ],
        "accept-language": [
          "en-US"
        ],
        "User-Agent": [
          "Microsoft.Azure.Management.Scheduler.SchedulerManagementClient/0.9.0.0"
        ]
      },
      "ResponseBody": "{\r\n  \"id\": \"/subscriptions/6c55a6f0-6593-472f-9b3e-a51a9a757b40/resourceGroups/CS-SouthCentralUS-scheduler/providers/Microsoft.Scheduler/jobCollections/jc11740\",\r\n  \"type\": \"Microsoft.Scheduler/jobCollections\",\r\n  \"name\": \"jc11740\",\r\n  \"location\": \"South Central US\",\r\n  \"properties\": {\r\n    \"sku\": {\r\n      \"name\": \"Standard\"\r\n    },\r\n    \"state\": \"Enabled\",\r\n    \"quota\": {\r\n      \"maxJobCount\": 50,\r\n      \"maxRecurrence\": {\r\n        \"frequency\": \"minute\",\r\n        \"interval\": 1\r\n      }\r\n    }\r\n  }\r\n}",
      "ResponseHeaders": {
        "Content-Length": [
          "385"
        ],
        "Content-Type": [
          "application/json; charset=utf-8"
        ],
        "Expires": [
          "-1"
        ],
        "Pragma": [
          "no-cache"
        ],
        "x-ms-request-id": [
          "f6710f50-261d-4414-aa9f-88ca8f3fda46"
        ],
        "x-ms-ratelimit-remaining-subscription-writes": [
          "1199"
        ],
        "x-ms-correlation-request-id": [
          "985f8d89-1d8c-42ad-a165-d33acd3a9950"
        ],
        "x-ms-routing-request-id": [
          "CENTRALUS:20160104T183821Z:985f8d89-1d8c-42ad-a165-d33acd3a9950"
        ],
        "Strict-Transport-Security": [
          "max-age=31536000; includeSubDomains"
        ],
        "Cache-Control": [
          "no-cache"
        ],
        "Date": [
          "Mon, 04 Jan 2016 18:38:21 GMT"
        ],
        "Server": [
          "Microsoft-IIS/8.5"
        ],
        "X-AspNet-Version": [
          "4.0.30319"
        ],
        "X-Powered-By": [
          "ASP.NET"
        ]
      },
      "StatusCode": 201
    },
    {
      "RequestUri": "/subscriptions/6c55a6f0-6593-472f-9b3e-a51a9a757b40/resourceGroups/CS-SouthCentralUS-scheduler/providers/Microsoft.Scheduler/jobCollections/jc11740/jobs/j15170?api-version=2016-01-01",
      "EncodedRequestUri": "L3N1YnNjcmlwdGlvbnMvNmM1NWE2ZjAtNjU5My00NzJmLTliM2UtYTUxYTlhNzU3YjQwL3Jlc291cmNlR3JvdXBzL0NTLVNvdXRoQ2VudHJhbFVTLXNjaGVkdWxlci9wcm92aWRlcnMvTWljcm9zb2Z0LlNjaGVkdWxlci9qb2JDb2xsZWN0aW9ucy9qYzExNzQwL2pvYnMvajE1MTcwP2FwaS12ZXJzaW9uPTIwMTYtMDEtMDE=",
      "RequestMethod": "PUT",
      "RequestBody": "{\r\n  \"properties\": {\r\n    \"startTime\": \"2015-07-13T00:00:00Z\",\r\n    \"action\": {\r\n      \"type\": \"StorageQueue\",\r\n      \"queueMessage\": {\r\n        \"storageAccount\": \"schedulersdktest\",\r\n        \"queueName\": \"queue1\",\r\n        \"sasToken\": \"ThIsiSmYtOkeNdoyOusEe\",\r\n        \"message\": \"some message!\"\r\n      },\r\n      \"retryPolicy\": {\r\n        \"retryType\": \"Fixed\",\r\n        \"retryInterval\": \"00:01:00\",\r\n        \"retryCount\": 2\r\n      },\r\n      \"errorAction\": {\r\n        \"type\": \"Http\",\r\n        \"request\": {\r\n          \"uri\": \"http://www.bing.com/\",\r\n          \"method\": \"GET\"\r\n        }\r\n      }\r\n    },\r\n    \"recurrence\": {\r\n      \"frequency\": \"Month\",\r\n      \"interval\": 1,\r\n      \"count\": 10000,\r\n      \"endTime\": \"2020-10-10T10:10:10Z\",\r\n      \"schedule\": {\r\n        \"hours\": [\r\n          5,\r\n          10,\r\n          15,\r\n          20\r\n        ],\r\n        \"minutes\": [\r\n          0,\r\n          10,\r\n          20,\r\n          30,\r\n          40,\r\n          50\r\n        ],\r\n        \"monthDays\": [\r\n          15,\r\n          30\r\n        ]\r\n      }\r\n    },\r\n    \"state\": \"Enabled\"\r\n  }\r\n}",
      "RequestHeaders": {
        "Content-Type": [
          "application/json; charset=utf-8"
        ],
        "Content-Length": [
          "1085"
        ],
        "x-ms-client-request-id": [
          "fd34b3b9-238f-4da9-a865-daeee5e720c5"
        ],
        "accept-language": [
          "en-US"
        ],
        "User-Agent": [
          "Microsoft.Azure.Management.Scheduler.SchedulerManagementClient/0.9.0.0"
        ]
      },
      "ResponseBody": "{\r\n  \"id\": \"/subscriptions/6c55a6f0-6593-472f-9b3e-a51a9a757b40/resourceGroups/CS-SouthCentralUS-scheduler/providers/Microsoft.Scheduler/jobCollections/jc11740/jobs/j15170\",\r\n  \"type\": \"Microsoft.Scheduler/jobCollections/jobs\",\r\n  \"name\": \"jc11740/j15170\",\r\n  \"properties\": {\r\n    \"startTime\": \"2015-07-13T00:00:00Z\",\r\n    \"action\": {\r\n      \"queueMessage\": {\r\n        \"storageAccount\": \"schedulersdktest\",\r\n        \"queueName\": \"queue1\",\r\n        \"message\": \"some message!\"\r\n      },\r\n      \"type\": \"StorageQueue\",\r\n      \"retryPolicy\": {\r\n        \"retryType\": \"fixed\",\r\n        \"retryInterval\": \"00:01:00\",\r\n        \"retryCount\": 2\r\n      },\r\n      \"errorAction\": {\r\n        \"request\": {\r\n          \"uri\": \"http://www.bing.com/\",\r\n          \"method\": \"GET\"\r\n        },\r\n        \"type\": \"Http\"\r\n      }\r\n    },\r\n    \"recurrence\": {\r\n      \"frequency\": \"month\",\r\n      \"count\": 10000,\r\n      \"endTime\": \"2020-10-10T10:10:10Z\",\r\n      \"interval\": 1,\r\n      \"schedule\": {\r\n        \"minutes\": [\r\n          0,\r\n          10,\r\n          20,\r\n          30,\r\n          40,\r\n          50\r\n        ],\r\n        \"hours\": [\r\n          5,\r\n          10,\r\n          15,\r\n          20\r\n        ],\r\n        \"monthDays\": [\r\n          15,\r\n          30\r\n        ]\r\n      }\r\n    },\r\n    \"state\": \"enabled\",\r\n    \"status\": {\r\n      \"nextExecutionTime\": \"2016-01-15T05:00:00Z\",\r\n      \"executionCount\": 0,\r\n      \"failureCount\": 0,\r\n      \"faultedCount\": 0\r\n    }\r\n  }\r\n}",
      "ResponseHeaders": {
        "Content-Length": [
          "891"
        ],
        "Content-Type": [
          "application/json; charset=utf-8"
        ],
        "Expires": [
          "-1"
        ],
        "Pragma": [
          "no-cache"
        ],
        "x-ms-request-id": [
          "452699d1-a7c4-486e-a4f6-6af1c1376c2a"
        ],
        "x-ms-ratelimit-remaining-subscription-writes": [
          "1198"
        ],
        "x-ms-correlation-request-id": [
          "a8adc4a1-d0c3-4f62-98a4-c0a90718f9b7"
        ],
        "x-ms-routing-request-id": [
          "CENTRALUS:20160104T183822Z:a8adc4a1-d0c3-4f62-98a4-c0a90718f9b7"
        ],
        "Strict-Transport-Security": [
          "max-age=31536000; includeSubDomains"
        ],
        "Cache-Control": [
          "no-cache"
        ],
        "Date": [
          "Mon, 04 Jan 2016 18:38:22 GMT"
        ],
        "Server": [
          "Microsoft-IIS/8.5"
        ],
        "X-AspNet-Version": [
          "4.0.30319"
        ],
        "X-Powered-By": [
          "ASP.NET"
        ]
      },
      "StatusCode": 201
    },
    {
      "RequestUri": "/subscriptions/6c55a6f0-6593-472f-9b3e-a51a9a757b40/resourceGroups/CS-SouthCentralUS-scheduler/providers/Microsoft.Scheduler/jobCollections/jc11740/jobs/j15170?api-version=2016-01-01",
      "EncodedRequestUri": "L3N1YnNjcmlwdGlvbnMvNmM1NWE2ZjAtNjU5My00NzJmLTliM2UtYTUxYTlhNzU3YjQwL3Jlc291cmNlR3JvdXBzL0NTLVNvdXRoQ2VudHJhbFVTLXNjaGVkdWxlci9wcm92aWRlcnMvTWljcm9zb2Z0LlNjaGVkdWxlci9qb2JDb2xsZWN0aW9ucy9qYzExNzQwL2pvYnMvajE1MTcwP2FwaS12ZXJzaW9uPTIwMTYtMDEtMDE=",
      "RequestMethod": "GET",
      "RequestBody": "",
      "RequestHeaders": {
        "x-ms-client-request-id": [
          "e3191c5a-3158-4cd4-9d60-c130bbda509b"
        ],
        "accept-language": [
          "en-US"
        ],
        "User-Agent": [
          "Microsoft.Azure.Management.Scheduler.SchedulerManagementClient/0.9.0.0"
        ]
      },
      "ResponseBody": "{\r\n  \"id\": \"/subscriptions/6c55a6f0-6593-472f-9b3e-a51a9a757b40/resourceGroups/CS-SouthCentralUS-scheduler/providers/Microsoft.Scheduler/jobCollections/jc11740/jobs/j15170\",\r\n  \"type\": \"Microsoft.Scheduler/jobCollections/jobs\",\r\n  \"name\": \"jc11740/j15170\",\r\n  \"properties\": {\r\n    \"startTime\": \"2015-07-13T00:00:00Z\",\r\n    \"action\": {\r\n      \"queueMessage\": {\r\n        \"storageAccount\": \"schedulersdktest\",\r\n        \"queueName\": \"queue1\",\r\n        \"message\": \"some message!\"\r\n      },\r\n      \"type\": \"StorageQueue\",\r\n      \"retryPolicy\": {\r\n        \"retryType\": \"fixed\",\r\n        \"retryInterval\": \"00:01:00\",\r\n        \"retryCount\": 2\r\n      },\r\n      \"errorAction\": {\r\n        \"request\": {\r\n          \"uri\": \"http://www.bing.com/\",\r\n          \"method\": \"GET\"\r\n        },\r\n        \"type\": \"Http\"\r\n      }\r\n    },\r\n    \"recurrence\": {\r\n      \"frequency\": \"month\",\r\n      \"count\": 10000,\r\n      \"endTime\": \"2020-10-10T10:10:10Z\",\r\n      \"interval\": 1,\r\n      \"schedule\": {\r\n        \"minutes\": [\r\n          0,\r\n          10,\r\n          20,\r\n          30,\r\n          40,\r\n          50\r\n        ],\r\n        \"hours\": [\r\n          5,\r\n          10,\r\n          15,\r\n          20\r\n        ],\r\n        \"monthDays\": [\r\n          15,\r\n          30\r\n        ]\r\n      }\r\n    },\r\n    \"state\": \"enabled\",\r\n    \"status\": {\r\n      \"nextExecutionTime\": \"2016-01-15T05:00:00Z\",\r\n      \"executionCount\": 0,\r\n      \"failureCount\": 0,\r\n      \"faultedCount\": 0\r\n    }\r\n  }\r\n}",
      "ResponseHeaders": {
        "Content-Length": [
          "891"
        ],
        "Content-Type": [
          "application/json; charset=utf-8"
        ],
        "Expires": [
          "-1"
        ],
        "Pragma": [
          "no-cache"
        ],
        "x-ms-request-id": [
          "28be3b31-8810-4b79-af37-6d28a9619ce2"
        ],
        "x-ms-ratelimit-remaining-subscription-reads": [
          "14932"
        ],
        "x-ms-correlation-request-id": [
          "6db1a009-cc89-4a2f-82b5-3f1508717c5a"
        ],
        "x-ms-routing-request-id": [
          "CENTRALUS:20160104T183822Z:6db1a009-cc89-4a2f-82b5-3f1508717c5a"
        ],
        "Strict-Transport-Security": [
          "max-age=31536000; includeSubDomains"
        ],
        "Cache-Control": [
          "no-cache"
        ],
        "Date": [
          "Mon, 04 Jan 2016 18:38:22 GMT"
        ],
        "Server": [
          "Microsoft-IIS/8.5"
        ],
        "X-AspNet-Version": [
          "4.0.30319"
        ],
        "X-Powered-By": [
          "ASP.NET"
        ]
      },
      "StatusCode": 200
    },
    {
      "RequestUri": "/subscriptions/6c55a6f0-6593-472f-9b3e-a51a9a757b40/resourceGroups/CS-SouthCentralUS-scheduler/providers/Microsoft.Scheduler/jobCollections/jc11740?api-version=2016-01-01",
      "EncodedRequestUri": "L3N1YnNjcmlwdGlvbnMvNmM1NWE2ZjAtNjU5My00NzJmLTliM2UtYTUxYTlhNzU3YjQwL3Jlc291cmNlR3JvdXBzL0NTLVNvdXRoQ2VudHJhbFVTLXNjaGVkdWxlci9wcm92aWRlcnMvTWljcm9zb2Z0LlNjaGVkdWxlci9qb2JDb2xsZWN0aW9ucy9qYzExNzQwP2FwaS12ZXJzaW9uPTIwMTYtMDEtMDE=",
      "RequestMethod": "DELETE",
      "RequestBody": "",
      "RequestHeaders": {
        "x-ms-client-request-id": [
          "7b0713b0-3e74-4e11-b36f-3c1b7c75e52c"
        ],
        "accept-language": [
          "en-US"
        ],
        "User-Agent": [
          "Microsoft.Azure.Management.Scheduler.SchedulerManagementClient/0.9.0.0"
        ]
      },
      "ResponseBody": "",
      "ResponseHeaders": {
        "Content-Length": [
          "0"
        ],
        "Expires": [
          "-1"
        ],
        "Pragma": [
          "no-cache"
        ],
        "x-ms-request-id": [
          "0049e55f-3583-4981-b716-14681d089225"
        ],
        "x-ms-ratelimit-remaining-subscription-writes": [
          "1197"
        ],
        "x-ms-correlation-request-id": [
          "21f48869-41f0-4fa5-8d62-dd155f3e3a3b"
        ],
        "x-ms-routing-request-id": [
          "CENTRALUS:20160104T183824Z:21f48869-41f0-4fa5-8d62-dd155f3e3a3b"
        ],
        "Strict-Transport-Security": [
          "max-age=31536000; includeSubDomains"
        ],
        "Cache-Control": [
          "no-cache"
        ],
        "Date": [
          "Mon, 04 Jan 2016 18:38:23 GMT"
        ],
        "Server": [
          "Microsoft-IIS/8.5"
        ],
        "X-AspNet-Version": [
          "4.0.30319"
        ],
        "X-Powered-By": [
          "ASP.NET"
        ]
      },
      "StatusCode": 200
    }
  ],
  "Names": {
    "Scenario_JobCreateWithScheduleForMonth": [
      "jc11740",
      "j15170"
    ]
  },
  "Variables": {
    "SubscriptionId": "6c55a6f0-6593-472f-9b3e-a51a9a757b40"
  }
}