{
  "Entries": [
    {
      "RequestUri": "https://seanstagetest.blob.core.windows.net/test-container-9103f522-829d-632e-6323-5b79c9d6d3f3?restype=container",
      "RequestMethod": "PUT",
      "RequestHeaders": {
        "Authorization": "Sanitized",
        "traceparent": "00-2ac895fd3ef03e419f97a676ae9131d3-47339db074202e4d-00",
        "User-Agent": [
          "azsdk-net-Storage.Blobs/12.4.0-dev.20200305.1",
          "(.NET Core 4.6.28325.01; Microsoft Windows 10.0.18363 )"
        ],
        "x-ms-blob-public-access": "container",
        "x-ms-client-request-id": "23320c23-db72-1238-7863-20d0f88d3698",
        "x-ms-date": "Thu, 05 Mar 2020 21:14:49 GMT",
        "x-ms-return-client-request-id": "true",
        "x-ms-version": "2019-12-12"
      },
      "RequestBody": null,
      "StatusCode": 201,
      "ResponseHeaders": {
        "Content-Length": "0",
        "Date": "Thu, 05 Mar 2020 21:14:49 GMT",
        "ETag": "\u00220x8D7C14A3D165369\u0022",
        "Last-Modified": "Thu, 05 Mar 2020 21:14:49 GMT",
        "Server": [
          "Windows-Azure-Blob/1.0",
          "Microsoft-HTTPAPI/2.0"
        ],
        "x-ms-client-request-id": "23320c23-db72-1238-7863-20d0f88d3698",
        "x-ms-request-id": "09b4c303-a01e-0030-6633-f32cf4000000",
        "x-ms-version": "2019-12-12"
      },
      "ResponseBody": []
    },
    {
      "RequestUri": "https://seanstagetest.blob.core.windows.net/test-container-9103f522-829d-632e-6323-5b79c9d6d3f3/test-blob-5ac70063-5d1f-b8b5-c303-ec006e1aadff",
      "RequestMethod": "PUT",
      "RequestHeaders": {
        "Authorization": "Sanitized",
        "Content-Length": "0",
        "traceparent": "00-8f8f1febdf96684898081787f6cf3296-65e890218399464a-00",
        "User-Agent": [
          "azsdk-net-Storage.Blobs/12.4.0-dev.20200305.1",
          "(.NET Core 4.6.28325.01; Microsoft Windows 10.0.18363 )"
        ],
        "x-ms-blob-type": "AppendBlob",
        "x-ms-client-request-id": "b5b17a66-6e9c-c5cb-5779-5f6fee37a45e",
        "x-ms-date": "Thu, 05 Mar 2020 21:14:49 GMT",
        "x-ms-return-client-request-id": "true",
        "x-ms-version": "2019-12-12"
      },
      "RequestBody": null,
      "StatusCode": 201,
      "ResponseHeaders": {
        "Content-Length": "0",
        "Date": "Thu, 05 Mar 2020 21:14:49 GMT",
        "ETag": "\u00220x8D7C14A3D22E4E8\u0022",
        "Last-Modified": "Thu, 05 Mar 2020 21:14:49 GMT",
        "Server": [
          "Windows-Azure-Blob/1.0",
          "Microsoft-HTTPAPI/2.0"
        ],
        "x-ms-client-request-id": "b5b17a66-6e9c-c5cb-5779-5f6fee37a45e",
        "x-ms-request-id": "09b4c307-a01e-0030-6833-f32cf4000000",
        "x-ms-request-server-encrypted": "true",
        "x-ms-version": "2019-12-12"
      },
      "ResponseBody": []
    },
    {
      "RequestUri": "https://seanstagetest.blob.core.windows.net/test-container-9103f522-829d-632e-6323-5b79c9d6d3f3/test-blob-5ac70063-5d1f-b8b5-c303-ec006e1aadff?comp=snapshot",
      "RequestMethod": "PUT",
      "RequestHeaders": {
        "Authorization": "Sanitized",
        "traceparent": "00-2ec5f5b656020d4485c8ddcf1654721f-b2b844ee94d7a348-00",
        "User-Agent": [
          "azsdk-net-Storage.Blobs/12.4.0-dev.20200305.1",
          "(.NET Core 4.6.28325.01; Microsoft Windows 10.0.18363 )"
        ],
        "x-ms-client-request-id": "f399d5fc-f869-ed62-a590-652a4f11071a",
        "x-ms-date": "Thu, 05 Mar 2020 21:14:49 GMT",
        "x-ms-return-client-request-id": "true",
        "x-ms-version": "2019-12-12"
      },
      "RequestBody": null,
      "StatusCode": 201,
      "ResponseHeaders": {
        "Content-Length": "0",
        "Date": "Thu, 05 Mar 2020 21:14:49 GMT",
        "ETag": "\u00220x8D7C14A3D22E4E8\u0022",
        "Last-Modified": "Thu, 05 Mar 2020 21:14:49 GMT",
        "Server": [
          "Windows-Azure-Blob/1.0",
          "Microsoft-HTTPAPI/2.0"
        ],
        "x-ms-client-request-id": "f399d5fc-f869-ed62-a590-652a4f11071a",
        "x-ms-request-id": "09b4c30a-a01e-0030-6a33-f32cf4000000",
        "x-ms-request-server-encrypted": "false",
        "x-ms-snapshot": "2020-03-05T21:14:49.4472268Z",
        "x-ms-version": "2019-12-12"
      },
      "ResponseBody": []
    },
    {
      "RequestUri": "https://seanstagetest.blob.core.windows.net/test-container-9103f522-829d-632e-6323-5b79c9d6d3f3?restype=container\u0026comp=list\u0026include=snapshots",
      "RequestMethod": "GET",
      "RequestHeaders": {
        "Authorization": "Sanitized",
        "User-Agent": [
          "azsdk-net-Storage.Blobs/12.4.0-dev.20200305.1",
          "(.NET Core 4.6.28325.01; Microsoft Windows 10.0.18363 )"
        ],
        "x-ms-client-request-id": "1972fd09-b09e-bdf5-be87-e2a613ca646f",
        "x-ms-date": "Thu, 05 Mar 2020 21:14:49 GMT",
        "x-ms-return-client-request-id": "true",
        "x-ms-version": "2019-12-12"
      },
      "RequestBody": null,
      "StatusCode": 200,
      "ResponseHeaders": {
        "Content-Type": "application/xml",
        "Date": "Thu, 05 Mar 2020 21:14:49 GMT",
        "Server": [
          "Windows-Azure-Blob/1.0",
          "Microsoft-HTTPAPI/2.0"
        ],
        "Transfer-Encoding": "chunked",
        "Vary": "Origin",
        "x-ms-client-request-id": "1972fd09-b09e-bdf5-be87-e2a613ca646f",
        "x-ms-request-id": "09b4c30d-a01e-0030-6d33-f32cf4000000",
        "x-ms-version": "2019-12-12"
      },
      "ResponseBody": "\uFEFF\u003C?xml version=\u00221.0\u0022 encoding=\u0022utf-8\u0022?\u003E\u003CEnumerationResults ServiceEndpoint=\u0022https://seanstagetest.blob.core.windows.net/\u0022 ContainerName=\u0022test-container-9103f522-829d-632e-6323-5b79c9d6d3f3\u0022\u003E\u003CBlobs\u003E\u003CBlob\u003E\u003CName\u003Etest-blob-5ac70063-5d1f-b8b5-c303-ec006e1aadff\u003C/Name\u003E\u003CSnapshot\u003E2020-03-05T21:14:49.4472268Z\u003C/Snapshot\u003E\u003CProperties\u003E\u003CCreation-Time\u003EThu, 05 Mar 2020 21:14:49 GMT\u003C/Creation-Time\u003E\u003CLast-Modified\u003EThu, 05 Mar 2020 21:14:49 GMT\u003C/Last-Modified\u003E\u003CEtag\u003E0x8D7C14A3D22E4E8\u003C/Etag\u003E\u003CContent-Length\u003E0\u003C/Content-Length\u003E\u003CContent-Type\u003Eapplication/octet-stream\u003C/Content-Type\u003E\u003CContent-Encoding /\u003E\u003CContent-Language /\u003E\u003CContent-CRC64 /\u003E\u003CContent-MD5 /\u003E\u003CCache-Control /\u003E\u003CContent-Disposition /\u003E\u003CBlobType\u003EAppendBlob\u003C/BlobType\u003E\u003CServerEncrypted\u003Etrue\u003C/ServerEncrypted\u003E\u003C/Properties\u003E\u003C/Blob\u003E\u003CBlob\u003E\u003CName\u003Etest-blob-5ac70063-5d1f-b8b5-c303-ec006e1aadff\u003C/Name\u003E\u003CProperties\u003E\u003CCreation-Time\u003EThu, 05 Mar 2020 21:14:49 GMT\u003C/Creation-Time\u003E\u003CLast-Modified\u003EThu, 05 Mar 2020 21:14:49 GMT\u003C/Last-Modified\u003E\u003CEtag\u003E0x8D7C14A3D22E4E8\u003C/Etag\u003E\u003CContent-Length\u003E0\u003C/Content-Length\u003E\u003CContent-Type\u003Eapplication/octet-stream\u003C/Content-Type\u003E\u003CContent-Encoding /\u003E\u003CContent-Language /\u003E\u003CContent-CRC64 /\u003E\u003CContent-MD5 /\u003E\u003CCache-Control /\u003E\u003CContent-Disposition /\u003E\u003CBlobType\u003EAppendBlob\u003C/BlobType\u003E\u003CLeaseStatus\u003Eunlocked\u003C/LeaseStatus\u003E\u003CLeaseState\u003Eavailable\u003C/LeaseState\u003E\u003CServerEncrypted\u003Etrue\u003C/ServerEncrypted\u003E\u003C/Properties\u003E\u003C/Blob\u003E\u003C/Blobs\u003E\u003CNextMarker /\u003E\u003C/EnumerationResults\u003E"
    },
    {
      "RequestUri": "https://seanstagetest.blob.core.windows.net/test-container-9103f522-829d-632e-6323-5b79c9d6d3f3?restype=container",
      "RequestMethod": "DELETE",
      "RequestHeaders": {
        "Authorization": "Sanitized",
        "traceparent": "00-7aaf67646804ea4aa82a5d5d22cd5b23-ac0a30f7c622ee4e-00",
        "User-Agent": [
          "azsdk-net-Storage.Blobs/12.4.0-dev.20200305.1",
          "(.NET Core 4.6.28325.01; Microsoft Windows 10.0.18363 )"
        ],
        "x-ms-client-request-id": "5221a0d8-ed9e-da7c-fbaf-68649d39d9bc",
        "x-ms-date": "Thu, 05 Mar 2020 21:14:49 GMT",
        "x-ms-return-client-request-id": "true",
        "x-ms-version": "2019-12-12"
      },
      "RequestBody": null,
      "StatusCode": 202,
      "ResponseHeaders": {
        "Content-Length": "0",
        "Date": "Thu, 05 Mar 2020 21:14:49 GMT",
        "Server": [
          "Windows-Azure-Blob/1.0",
          "Microsoft-HTTPAPI/2.0"
        ],
        "x-ms-client-request-id": "5221a0d8-ed9e-da7c-fbaf-68649d39d9bc",
        "x-ms-request-id": "09b4c30f-a01e-0030-6f33-f32cf4000000",
        "x-ms-version": "2019-12-12"
      },
      "ResponseBody": []
    }
  ],
  "Variables": {
    "RandomSeed": "1126503051",
    "Storage_TestConfigDefault": "ProductionTenant\nseanstagetest\nU2FuaXRpemVk\nhttps://seanstagetest.blob.core.windows.net\nhttp://seanstagetest.file.core.windows.net\nhttp://seanstagetest.queue.core.windows.net\nhttp://seanstagetest.table.core.windows.net\n\n\n\n\nhttp://seanstagetest-secondary.blob.core.windows.net\nhttp://seanstagetest-secondary.file.core.windows.net\nhttp://seanstagetest-secondary.queue.core.windows.net\nhttp://seanstagetest-secondary.table.core.windows.net\n\nSanitized\n\n\nCloud\nBlobEndpoint=https://seanstagetest.blob.core.windows.net/;QueueEndpoint=http://seanstagetest.queue.core.windows.net/;FileEndpoint=http://seanstagetest.file.core.windows.net/;BlobSecondaryEndpoint=http://seanstagetest-secondary.blob.core.windows.net/;QueueSecondaryEndpoint=http://seanstagetest-secondary.queue.core.windows.net/;FileSecondaryEndpoint=http://seanstagetest-secondary.file.core.windows.net/;AccountName=seanstagetest;AccountKey=Sanitized\nseanscope1"
  }
}