{
  "Entries": [
    {
      "RequestUri": "/subscriptions/3c729b2a-4f86-4bb2-abe8-4b8647af156c/providers/Microsoft.Search/register?api-version=2016-09-01",
      "EncodedRequestUri": "L3N1YnNjcmlwdGlvbnMvM2M3MjliMmEtNGY4Ni00YmIyLWFiZTgtNGI4NjQ3YWYxNTZjL3Byb3ZpZGVycy9NaWNyb3NvZnQuU2VhcmNoL3JlZ2lzdGVyP2FwaS12ZXJzaW9uPTIwMTYtMDktMDE=",
      "RequestMethod": "POST",
      "RequestBody": "",
      "RequestHeaders": {
        "x-ms-client-request-id": [
          "9ce981e4-93e3-4582-aa6a-31cae23fdb33"
        ],
        "accept-language": [
          "en-US"
        ],
        "User-Agent": [
          "FxVersion/4.6.26614.01",
          "OSName/Windows",
          "OSVersion/Microsoft.Windows.10.0.17763.",
          "Microsoft.Azure.Management.ResourceManager.ResourceManagementClient/1.5.0.0"
        ]
      },
      "ResponseHeaders": {
        "Cache-Control": [
          "no-cache"
        ],
        "Date": [
          "Fri, 01 Feb 2019 04:34:27 GMT"
        ],
        "Pragma": [
          "no-cache"
        ],
        "x-ms-ratelimit-remaining-subscription-writes": [
          "1191"
        ],
        "x-ms-request-id": [
          "f8863080-ba1f-47d2-abfe-45bf877076f9"
        ],
        "x-ms-correlation-request-id": [
          "f8863080-ba1f-47d2-abfe-45bf877076f9"
        ],
        "x-ms-routing-request-id": [
          "NORTHEUROPE:20190201T043428Z:f8863080-ba1f-47d2-abfe-45bf877076f9"
        ],
        "Strict-Transport-Security": [
          "max-age=31536000; includeSubDomains"
        ],
        "X-Content-Type-Options": [
          "nosniff"
        ],
        "Content-Length": [
          "2661"
        ],
        "Content-Type": [
          "application/json; charset=utf-8"
        ],
        "Expires": [
          "-1"
        ]
      },
      "ResponseBody": "{\r\n  \"id\": \"/subscriptions/3c729b2a-4f86-4bb2-abe8-4b8647af156c/providers/Microsoft.Search\",\r\n  \"namespace\": \"Microsoft.Search\",\r\n  \"authorization\": {\r\n    \"applicationId\": \"804f4a7a-7d6e-4df7-bf8c-e7f0106e16c2\",\r\n    \"roleDefinitionId\": \"20FA3191-87CF-4C3D-9510-74CCB594A310\"\r\n  },\r\n  \"resourceTypes\": [\r\n    {\r\n      \"resourceType\": \"searchServices\",\r\n      \"locations\": [\r\n        \"West US\"\r\n      ],\r\n      \"apiVersions\": [\r\n        \"2015-08-19\",\r\n        \"2015-02-28\",\r\n        \"2014-07-31-Preview\"\r\n      ],\r\n      \"capabilities\": \"CrossResourceGroupResourceMove, CrossSubscriptionResourceMove, SystemAssignedResourceIdentity\"\r\n    },\r\n    {\r\n      \"resourceType\": \"searchServicesCit\",\r\n      \"locations\": [\r\n        \"West US\"\r\n      ],\r\n      \"apiVersions\": [\r\n        \"2015-08-19\",\r\n        \"2015-02-28\",\r\n        \"2014-07-31-Preview\"\r\n      ],\r\n      \"capabilities\": \"CrossResourceGroupResourceMove, CrossSubscriptionResourceMove, SystemAssignedResourceIdentity\"\r\n    },\r\n    {\r\n      \"resourceType\": \"searchServicesInt\",\r\n      \"locations\": [\r\n        \"West US\"\r\n      ],\r\n      \"apiVersions\": [\r\n        \"2015-08-19\",\r\n        \"2015-02-28\",\r\n        \"2014-07-31-Preview\"\r\n      ],\r\n      \"capabilities\": \"CrossResourceGroupResourceMove, CrossSubscriptionResourceMove, SystemAssignedResourceIdentity\"\r\n    },\r\n    {\r\n      \"resourceType\": \"searchServicesPpe\",\r\n      \"locations\": [\r\n        \"West US\"\r\n      ],\r\n      \"apiVersions\": [\r\n        \"2015-08-19\",\r\n        \"2015-02-28\",\r\n        \"2014-07-31-Preview\"\r\n      ],\r\n      \"capabilities\": \"CrossResourceGroupResourceMove, CrossSubscriptionResourceMove, SystemAssignedResourceIdentity\"\r\n    },\r\n    {\r\n      \"resourceType\": \"searchServicesEXP\",\r\n      \"locations\": [\r\n        \"East US 2\"\r\n      ],\r\n      \"apiVersions\": [\r\n        \"2015-08-19\",\r\n        \"2015-02-28\",\r\n        \"2014-07-31-Preview\"\r\n      ],\r\n      \"capabilities\": \"CrossResourceGroupResourceMove, CrossSubscriptionResourceMove, SystemAssignedResourceIdentity\"\r\n    },\r\n    {\r\n      \"resourceType\": \"checkServiceNameAvailability\",\r\n      \"locations\": [],\r\n      \"apiVersions\": [\r\n        \"2015-02-28\",\r\n        \"2014-07-31-Preview\"\r\n      ]\r\n    },\r\n    {\r\n      \"resourceType\": \"checkServiceNameAvailabilityCit\",\r\n      \"locations\": [],\r\n      \"apiVersions\": [\r\n        \"2015-02-28\",\r\n        \"2014-07-31-Preview\"\r\n      ]\r\n    },\r\n    {\r\n      \"resourceType\": \"checkServiceNameAvailabilityInt\",\r\n      \"locations\": [],\r\n      \"apiVersions\": [\r\n        \"2015-02-28\",\r\n        \"2014-07-31-Preview\"\r\n      ]\r\n    },\r\n    {\r\n      \"resourceType\": \"checkServiceNameAvailabilityPpe\",\r\n      \"locations\": [],\r\n      \"apiVersions\": [\r\n        \"2015-02-28\",\r\n        \"2014-07-31-Preview\"\r\n      ]\r\n    },\r\n    {\r\n      \"resourceType\": \"checkServiceNameAvailabilityEXP\",\r\n      \"locations\": [],\r\n      \"apiVersions\": [\r\n        \"2015-02-28\",\r\n        \"2014-07-31-Preview\"\r\n      ]\r\n    },\r\n    {\r\n      \"resourceType\": \"checkNameAvailability\",\r\n      \"locations\": [],\r\n      \"apiVersions\": [\r\n        \"2015-08-19\"\r\n      ]\r\n    },\r\n    {\r\n      \"resourceType\": \"checkNameAvailabilityCit\",\r\n      \"locations\": [],\r\n      \"apiVersions\": [\r\n        \"2015-08-19\"\r\n      ]\r\n    },\r\n    {\r\n      \"resourceType\": \"checkNameAvailabilityInt\",\r\n      \"locations\": [],\r\n      \"apiVersions\": [\r\n        \"2015-08-19\"\r\n      ]\r\n    },\r\n    {\r\n      \"resourceType\": \"checkNameAvailabilityPpe\",\r\n      \"locations\": [],\r\n      \"apiVersions\": [\r\n        \"2015-08-19\"\r\n      ]\r\n    },\r\n    {\r\n      \"resourceType\": \"checkNameAvailabilityEXP\",\r\n      \"locations\": [],\r\n      \"apiVersions\": [\r\n        \"2015-08-19\"\r\n      ]\r\n    },\r\n    {\r\n      \"resourceType\": \"resourceHealthMetadata\",\r\n      \"locations\": [],\r\n      \"apiVersions\": [\r\n        \"2015-08-19\"\r\n      ]\r\n    },\r\n    {\r\n      \"resourceType\": \"operations\",\r\n      \"locations\": [],\r\n      \"apiVersions\": [\r\n        \"2015-08-19\",\r\n        \"2015-02-28\"\r\n      ]\r\n    }\r\n  ],\r\n  \"registrationState\": \"Registered\"\r\n}",
      "StatusCode": 200
    },
    {
      "RequestUri": "/subscriptions/3c729b2a-4f86-4bb2-abe8-4b8647af156c/resourcegroups/azsmnet648?api-version=2016-09-01",
      "EncodedRequestUri": "L3N1YnNjcmlwdGlvbnMvM2M3MjliMmEtNGY4Ni00YmIyLWFiZTgtNGI4NjQ3YWYxNTZjL3Jlc291cmNlZ3JvdXBzL2F6c21uZXQ2NDg/YXBpLXZlcnNpb249MjAxNi0wOS0wMQ==",
      "RequestMethod": "PUT",
      "RequestBody": "{\r\n  \"location\": \"West US\"\r\n}",
      "RequestHeaders": {
        "x-ms-client-request-id": [
          "546cd5c3-20c6-4357-a9e0-88ddef52bed9"
        ],
        "accept-language": [
          "en-US"
        ],
        "User-Agent": [
          "FxVersion/4.6.26614.01",
          "OSName/Windows",
          "OSVersion/Microsoft.Windows.10.0.17763.",
          "Microsoft.Azure.Management.ResourceManager.ResourceManagementClient/1.5.0.0"
        ],
        "Content-Type": [
          "application/json; charset=utf-8"
        ],
        "Content-Length": [
          "29"
        ]
      },
      "ResponseHeaders": {
        "Cache-Control": [
          "no-cache"
        ],
        "Date": [
          "Fri, 01 Feb 2019 04:34:28 GMT"
        ],
        "Pragma": [
          "no-cache"
        ],
        "x-ms-ratelimit-remaining-subscription-writes": [
          "1191"
        ],
        "x-ms-request-id": [
          "6631045b-35eb-4f1f-9776-78706c473db0"
        ],
        "x-ms-correlation-request-id": [
          "6631045b-35eb-4f1f-9776-78706c473db0"
        ],
        "x-ms-routing-request-id": [
          "NORTHEUROPE:20190201T043429Z:6631045b-35eb-4f1f-9776-78706c473db0"
        ],
        "Strict-Transport-Security": [
          "max-age=31536000; includeSubDomains"
        ],
        "X-Content-Type-Options": [
          "nosniff"
        ],
        "Content-Length": [
          "173"
        ],
        "Content-Type": [
          "application/json; charset=utf-8"
        ],
        "Expires": [
          "-1"
        ]
      },
      "ResponseBody": "{\r\n  \"id\": \"/subscriptions/3c729b2a-4f86-4bb2-abe8-4b8647af156c/resourceGroups/azsmnet648\",\r\n  \"name\": \"azsmnet648\",\r\n  \"location\": \"westus\",\r\n  \"properties\": {\r\n    \"provisioningState\": \"Succeeded\"\r\n  }\r\n}",
      "StatusCode": 201
    },
    {
      "RequestUri": "/subscriptions/3c729b2a-4f86-4bb2-abe8-4b8647af156c/resourceGroups/azsmnet648/providers/Microsoft.Search/searchServices/azs-1878?api-version=2015-08-19",
      "EncodedRequestUri": "L3N1YnNjcmlwdGlvbnMvM2M3MjliMmEtNGY4Ni00YmIyLWFiZTgtNGI4NjQ3YWYxNTZjL3Jlc291cmNlR3JvdXBzL2F6c21uZXQ2NDgvcHJvdmlkZXJzL01pY3Jvc29mdC5TZWFyY2gvc2VhcmNoU2VydmljZXMvYXpzLTE4Nzg/YXBpLXZlcnNpb249MjAxNS0wOC0xOQ==",
      "RequestMethod": "PUT",
      "RequestBody": "{\r\n  \"sku\": {\r\n    \"name\": \"free\"\r\n  },\r\n  \"location\": \"West US\"\r\n}",
      "RequestHeaders": {
        "x-ms-client-request-id": [
          "fc48d70e-8764-4680-bd85-f8d0bbe54723"
        ],
        "accept-language": [
          "en-US"
        ],
        "User-Agent": [
          "FxVersion/4.6.26614.01",
          "OSName/Windows",
          "OSVersion/Microsoft.Windows.10.0.17763.",
          "Microsoft.Azure.Management.Search.SearchManagementClient/2.0.1.0"
        ],
        "Content-Type": [
          "application/json; charset=utf-8"
        ],
        "Content-Length": [
          "67"
        ]
      },
      "ResponseHeaders": {
        "Cache-Control": [
          "no-cache"
        ],
        "Date": [
          "Fri, 01 Feb 2019 04:34:33 GMT"
        ],
        "Pragma": [
          "no-cache"
        ],
        "ETag": [
          "W/\"datetime'2019-02-01T04%3A34%3A33.2862991Z'\""
        ],
        "x-ms-request-id": [
          "fc48d70e-8764-4680-bd85-f8d0bbe54723"
        ],
        "request-id": [
          "fc48d70e-8764-4680-bd85-f8d0bbe54723"
        ],
        "elapsed-time": [
          "2556"
        ],
        "Strict-Transport-Security": [
          "max-age=31536000; includeSubDomains"
        ],
        "x-ms-ratelimit-remaining-subscription-writes": [
          "1194"
        ],
        "x-ms-correlation-request-id": [
          "6fd1ec21-c2ba-4663-a436-64087bf1f918"
        ],
        "x-ms-routing-request-id": [
          "NORTHEUROPE:20190201T043433Z:6fd1ec21-c2ba-4663-a436-64087bf1f918"
        ],
        "X-Content-Type-Options": [
          "nosniff"
        ],
        "Content-Length": [
          "384"
        ],
        "Content-Type": [
          "application/json; charset=utf-8"
        ],
        "Expires": [
          "-1"
        ]
      },
      "ResponseBody": "{\r\n  \"id\": \"/subscriptions/3c729b2a-4f86-4bb2-abe8-4b8647af156c/resourceGroups/azsmnet648/providers/Microsoft.Search/searchServices/azs-1878\",\r\n  \"name\": \"azs-1878\",\r\n  \"type\": \"Microsoft.Search/searchServices\",\r\n  \"location\": \"West US\",\r\n  \"properties\": {\r\n    \"replicaCount\": 1,\r\n    \"partitionCount\": 1,\r\n    \"status\": \"running\",\r\n    \"statusDetails\": \"\",\r\n    \"provisioningState\": \"succeeded\",\r\n    \"hostingMode\": \"Default\"\r\n  },\r\n  \"sku\": {\r\n    \"name\": \"free\"\r\n  }\r\n}",
      "StatusCode": 201
    },
    {
      "RequestUri": "/subscriptions/3c729b2a-4f86-4bb2-abe8-4b8647af156c/resourceGroups/azsmnet648/providers/Microsoft.Search/searchServices/azs-1878/listAdminKeys?api-version=2015-08-19",
      "EncodedRequestUri": "L3N1YnNjcmlwdGlvbnMvM2M3MjliMmEtNGY4Ni00YmIyLWFiZTgtNGI4NjQ3YWYxNTZjL3Jlc291cmNlR3JvdXBzL2F6c21uZXQ2NDgvcHJvdmlkZXJzL01pY3Jvc29mdC5TZWFyY2gvc2VhcmNoU2VydmljZXMvYXpzLTE4NzgvbGlzdEFkbWluS2V5cz9hcGktdmVyc2lvbj0yMDE1LTA4LTE5",
      "RequestMethod": "POST",
      "RequestBody": "",
      "RequestHeaders": {
        "x-ms-client-request-id": [
          "876afece-19cf-4e1f-ab08-bbd06a410ef8"
        ],
        "accept-language": [
          "en-US"
        ],
        "User-Agent": [
          "FxVersion/4.6.26614.01",
          "OSName/Windows",
          "OSVersion/Microsoft.Windows.10.0.17763.",
          "Microsoft.Azure.Management.Search.SearchManagementClient/2.0.1.0"
        ]
      },
      "ResponseHeaders": {
        "Cache-Control": [
          "no-cache"
        ],
        "Date": [
          "Fri, 01 Feb 2019 04:34:35 GMT"
        ],
        "Pragma": [
          "no-cache"
        ],
        "Vary": [
          "Accept-Encoding"
        ],
        "x-ms-request-id": [
          "876afece-19cf-4e1f-ab08-bbd06a410ef8"
        ],
        "request-id": [
          "876afece-19cf-4e1f-ab08-bbd06a410ef8"
        ],
        "elapsed-time": [
          "242"
        ],
        "Strict-Transport-Security": [
          "max-age=31536000; includeSubDomains"
        ],
        "x-ms-ratelimit-remaining-subscription-writes": [
          "1194"
        ],
        "x-ms-correlation-request-id": [
          "a1f310a5-0d48-4acd-bf59-9e2c2995f3a1"
        ],
        "x-ms-routing-request-id": [
          "NORTHEUROPE:20190201T043435Z:a1f310a5-0d48-4acd-bf59-9e2c2995f3a1"
        ],
        "X-Content-Type-Options": [
          "nosniff"
        ],
        "Content-Length": [
          "99"
        ],
        "Content-Type": [
          "application/json; charset=utf-8"
        ],
        "Expires": [
          "-1"
        ]
      },
      "ResponseBody": "{\r\n  \"primaryKey\": \"89135827F21FDD63BE0AF019A52F613E\",\r\n  \"secondaryKey\": \"55149A0C648B8C066F35DF639A1650E0\"\r\n}",
      "StatusCode": 200
    },
    {
      "RequestUri": "/subscriptions/3c729b2a-4f86-4bb2-abe8-4b8647af156c/resourceGroups/azsmnet648/providers/Microsoft.Search/searchServices/azs-1878/listQueryKeys?api-version=2015-08-19",
      "EncodedRequestUri": "L3N1YnNjcmlwdGlvbnMvM2M3MjliMmEtNGY4Ni00YmIyLWFiZTgtNGI4NjQ3YWYxNTZjL3Jlc291cmNlR3JvdXBzL2F6c21uZXQ2NDgvcHJvdmlkZXJzL01pY3Jvc29mdC5TZWFyY2gvc2VhcmNoU2VydmljZXMvYXpzLTE4NzgvbGlzdFF1ZXJ5S2V5cz9hcGktdmVyc2lvbj0yMDE1LTA4LTE5",
      "RequestMethod": "GET",
      "RequestBody": "",
      "RequestHeaders": {
        "x-ms-client-request-id": [
          "5caf3588-f41e-44f5-8dc0-30c92818b22b"
        ],
        "accept-language": [
          "en-US"
        ],
        "User-Agent": [
          "FxVersion/4.6.26614.01",
          "OSName/Windows",
          "OSVersion/Microsoft.Windows.10.0.17763.",
          "Microsoft.Azure.Management.Search.SearchManagementClient/2.0.1.0"
        ]
      },
      "ResponseHeaders": {
        "Cache-Control": [
          "no-cache"
        ],
        "Date": [
          "Fri, 01 Feb 2019 04:34:35 GMT"
        ],
        "Pragma": [
          "no-cache"
        ],
        "Vary": [
          "Accept-Encoding"
        ],
        "x-ms-request-id": [
          "5caf3588-f41e-44f5-8dc0-30c92818b22b"
        ],
        "request-id": [
          "5caf3588-f41e-44f5-8dc0-30c92818b22b"
        ],
        "elapsed-time": [
          "234"
        ],
        "Strict-Transport-Security": [
          "max-age=31536000; includeSubDomains"
        ],
        "x-ms-ratelimit-remaining-subscription-reads": [
          "14996"
        ],
        "x-ms-correlation-request-id": [
          "a60fc1bb-9cb8-43bd-bd9d-623f7c49c11d"
        ],
        "x-ms-routing-request-id": [
          "NORTHEUROPE:20190201T043436Z:a60fc1bb-9cb8-43bd-bd9d-623f7c49c11d"
        ],
        "X-Content-Type-Options": [
          "nosniff"
        ],
        "Content-Length": [
          "82"
        ],
        "Content-Type": [
          "application/json; charset=utf-8"
        ],
        "Expires": [
          "-1"
        ]
      },
      "ResponseBody": "{\r\n  \"value\": [\r\n    {\r\n      \"name\": null,\r\n      \"key\": \"F2977E32E6A66B5248A45BB2BB1FB195\"\r\n    }\r\n  ],\r\n  \"nextLink\": null\r\n}",
      "StatusCode": 200
    },
    {
      "RequestUri": "/skillsets?api-version=2017-11-11-Preview",
      "EncodedRequestUri": "L3NraWxsc2V0cz9hcGktdmVyc2lvbj0yMDE3LTExLTExLVByZXZpZXc=",
      "RequestMethod": "POST",
      "RequestBody": "{\r\n  \"name\": \"testskillset2\",\r\n  \"description\": \"Skillset for testing\",\r\n  \"skills\": [\r\n    {\r\n      \"@odata.type\": \"#Microsoft.Skills.Vision.ImageAnalysisSkill\",\r\n      \"defaultLanguageCode\": \"en\",\r\n      \"visualFeatures\": [\r\n        \"categories\",\r\n        \"color\",\r\n        \"description\",\r\n        \"faces\",\r\n        \"imageType\",\r\n        \"tags\"\r\n      ],\r\n      \"details\": [\r\n        \"celebrities\",\r\n        \"landmarks\"\r\n      ],\r\n      \"description\": \"Tested image analysis skill\",\r\n      \"context\": \"/document\",\r\n      \"inputs\": [\r\n        {\r\n          \"name\": \"url\",\r\n          \"source\": \"/document/url\"\r\n        },\r\n        {\r\n          \"name\": \"queryString\",\r\n          \"source\": \"/document/queryString\"\r\n        }\r\n      ],\r\n      \"outputs\": [\r\n        {\r\n          \"name\": \"description\",\r\n          \"targetName\": \"mydescription\"\r\n        }\r\n      ]\r\n    },\r\n    {\r\n      \"@odata.type\": \"#Microsoft.Skills.Text.KeyPhraseExtractionSkill\",\r\n      \"defaultLanguageCode\": \"en\",\r\n      \"description\": \"Tested Key Phrase skill\",\r\n      \"context\": \"/document\",\r\n      \"inputs\": [\r\n        {\r\n          \"name\": \"text\",\r\n          \"source\": \"/document/mydescription/*/Tags/*\"\r\n        }\r\n      ],\r\n      \"outputs\": [\r\n        {\r\n          \"name\": \"keyPhrases\",\r\n          \"targetName\": \"myKeyPhrases\"\r\n        }\r\n      ]\r\n    }\r\n  ]\r\n}",
      "RequestHeaders": {
        "client-request-id": [
          "b46d5e42-15dd-4d51-8f63-903400d490da"
        ],
        "accept-language": [
          "en-US"
        ],
        "api-key": [
          "89135827F21FDD63BE0AF019A52F613E"
        ],
        "User-Agent": [
          "FxVersion/4.6.26614.01",
          "OSName/Windows",
          "OSVersion/Microsoft.Windows.10.0.17763.",
          "Microsoft.Azure.Search.SearchServiceClient/7.0.0.0"
        ],
        "Content-Type": [
          "application/json; charset=utf-8"
        ],
        "Content-Length": [
          "1334"
        ]
      },
      "ResponseHeaders": {
        "Cache-Control": [
          "no-cache"
        ],
        "Date": [
          "Fri, 01 Feb 2019 04:34:36 GMT"
        ],
        "Pragma": [
          "no-cache"
        ],
        "ETag": [
          "W/\"0x8D687FE929B83A5\""
        ],
        "Location": [
          "https://azs-1878.search-dogfood.windows-int.net/skillsets('testskillset2')?api-version=2017-11-11-Preview"
        ],
        "request-id": [
          "b46d5e42-15dd-4d51-8f63-903400d490da"
        ],
        "elapsed-time": [
          "61"
        ],
        "OData-Version": [
          "4.0"
        ],
        "Preference-Applied": [
          "odata.include-annotations=\"*\""
        ],
        "Strict-Transport-Security": [
          "max-age=15724800; includeSubDomains"
        ],
        "Content-Length": [
          "988"
        ],
        "Content-Type": [
          "application/json; odata.metadata=minimal"
        ],
        "Expires": [
          "-1"
        ]
      },
      "ResponseBody": "{\r\n  \"@odata.context\": \"https://azs-1878.search-dogfood.windows-int.net/$metadata#skillsets/$entity\",\r\n  \"@odata.etag\": \"\\\"0x8D687FE929B83A5\\\"\",\r\n  \"name\": \"testskillset2\",\r\n  \"description\": \"Skillset for testing\",\r\n  \"skills\": [\r\n    {\r\n      \"@odata.type\": \"#Microsoft.Skills.Vision.ImageAnalysisSkill\",\r\n      \"description\": \"Tested image analysis skill\",\r\n      \"context\": \"/document\",\r\n      \"defaultLanguageCode\": \"en\",\r\n      \"visualFeatures\": [\r\n        \"categories\",\r\n        \"color\",\r\n        \"description\",\r\n        \"faces\",\r\n        \"imageType\",\r\n        \"tags\"\r\n      ],\r\n      \"details\": [\r\n        \"celebrities\",\r\n        \"landmarks\"\r\n      ],\r\n      \"inputs\": [\r\n        {\r\n          \"name\": \"url\",\r\n          \"source\": \"/document/url\"\r\n        },\r\n        {\r\n          \"name\": \"queryString\",\r\n          \"source\": \"/document/queryString\"\r\n        }\r\n      ],\r\n      \"outputs\": [\r\n        {\r\n          \"name\": \"description\",\r\n          \"targetName\": \"mydescription\"\r\n        }\r\n      ]\r\n    },\r\n    {\r\n      \"@odata.type\": \"#Microsoft.Skills.Text.KeyPhraseExtractionSkill\",\r\n      \"description\": \"Tested Key Phrase skill\",\r\n      \"context\": \"/document\",\r\n      \"defaultLanguageCode\": \"en\",\r\n      \"maxKeyPhraseCount\": null,\r\n      \"inputs\": [\r\n        {\r\n          \"name\": \"text\",\r\n          \"source\": \"/document/mydescription/*/Tags/*\"\r\n        }\r\n      ],\r\n      \"outputs\": [\r\n        {\r\n          \"name\": \"keyPhrases\",\r\n          \"targetName\": \"myKeyPhrases\"\r\n        }\r\n      ]\r\n    }\r\n  ],\r\n  \"cognitiveServices\": null\r\n}",
      "StatusCode": 201
    },
    {
      "RequestUri": "/skillsets('testskillset2')?api-version=2017-11-11-Preview",
      "EncodedRequestUri": "L3NraWxsc2V0cygndGVzdHNraWxsc2V0MicpP2FwaS12ZXJzaW9uPTIwMTctMTEtMTEtUHJldmlldw==",
      "RequestMethod": "DELETE",
      "RequestBody": "",
      "RequestHeaders": {
        "client-request-id": [
          "4bb8e508-892a-4616-964f-bfc804d93dad"
        ],
        "accept-language": [
          "en-US"
        ],
        "api-key": [
          "89135827F21FDD63BE0AF019A52F613E"
        ],
        "User-Agent": [
          "FxVersion/4.6.26614.01",
          "OSName/Windows",
          "OSVersion/Microsoft.Windows.10.0.17763.",
          "Microsoft.Azure.Search.SearchServiceClient/7.0.0.0"
        ]
      },
      "ResponseHeaders": {
        "Cache-Control": [
          "no-cache"
        ],
        "Date": [
          "Fri, 01 Feb 2019 04:34:36 GMT"
        ],
        "Pragma": [
          "no-cache"
        ],
        "request-id": [
          "4bb8e508-892a-4616-964f-bfc804d93dad"
        ],
        "elapsed-time": [
          "22"
        ],
        "Strict-Transport-Security": [
          "max-age=15724800; includeSubDomains"
        ],
        "Expires": [
          "-1"
        ]
      },
      "ResponseBody": "",
      "StatusCode": 204
    },
    {
      "RequestUri": "/subscriptions/3c729b2a-4f86-4bb2-abe8-4b8647af156c/resourceGroups/azsmnet648/providers/Microsoft.Search/searchServices/azs-1878?api-version=2015-08-19",
      "EncodedRequestUri": "L3N1YnNjcmlwdGlvbnMvM2M3MjliMmEtNGY4Ni00YmIyLWFiZTgtNGI4NjQ3YWYxNTZjL3Jlc291cmNlR3JvdXBzL2F6c21uZXQ2NDgvcHJvdmlkZXJzL01pY3Jvc29mdC5TZWFyY2gvc2VhcmNoU2VydmljZXMvYXpzLTE4Nzg/YXBpLXZlcnNpb249MjAxNS0wOC0xOQ==",
      "RequestMethod": "DELETE",
      "RequestBody": "",
      "RequestHeaders": {
        "x-ms-client-request-id": [
          "a72340ac-b121-45cc-8bf3-d43cf9f19306"
        ],
        "accept-language": [
          "en-US"
        ],
        "User-Agent": [
          "FxVersion/4.6.26614.01",
          "OSName/Windows",
          "OSVersion/Microsoft.Windows.10.0.17763.",
          "Microsoft.Azure.Management.Search.SearchManagementClient/2.0.1.0"
        ]
      },
      "ResponseHeaders": {
        "Cache-Control": [
          "no-cache"
        ],
        "Date": [
          "Fri, 01 Feb 2019 04:34:38 GMT"
        ],
        "Pragma": [
          "no-cache"
        ],
        "x-ms-request-id": [
          "a72340ac-b121-45cc-8bf3-d43cf9f19306"
        ],
        "request-id": [
          "a72340ac-b121-45cc-8bf3-d43cf9f19306"
        ],
        "elapsed-time": [
          "507"
        ],
        "Strict-Transport-Security": [
          "max-age=31536000; includeSubDomains"
        ],
        "x-ms-ratelimit-remaining-subscription-deletes": [
          "14991"
        ],
        "x-ms-correlation-request-id": [
          "14715bca-4606-4f02-b83c-ac121827ead6"
        ],
        "x-ms-routing-request-id": [
          "NORTHEUROPE:20190201T043439Z:14715bca-4606-4f02-b83c-ac121827ead6"
        ],
        "X-Content-Type-Options": [
          "nosniff"
        ],
        "Content-Length": [
          "0"
        ],
        "Expires": [
          "-1"
        ]
      },
      "ResponseBody": "",
      "StatusCode": 200
    }
  ],
  "Names": {
    "GenerateName": [
      "azsmnet648"
    ],
    "GenerateServiceName": [
      "azs-1878"
    ]
  },
  "Variables": {
    "SubscriptionId": "3c729b2a-4f86-4bb2-abe8-4b8647af156c"
  }
}