{
  "Entries": [
    {
      "RequestUri": "/subscriptions/3c729b2a-4f86-4bb2-abe8-4b8647af156c/providers/Microsoft.Search/register?api-version=2016-09-01",
      "EncodedRequestUri": "L3N1YnNjcmlwdGlvbnMvM2M3MjliMmEtNGY4Ni00YmIyLWFiZTgtNGI4NjQ3YWYxNTZjL3Byb3ZpZGVycy9NaWNyb3NvZnQuU2VhcmNoL3JlZ2lzdGVyP2FwaS12ZXJzaW9uPTIwMTYtMDktMDE=",
      "RequestMethod": "POST",
      "RequestBody": "",
      "RequestHeaders": {
        "x-ms-client-request-id": [
          "c7050d4a-4c54-4939-ae3f-b424dc5a5412"
        ],
        "accept-language": [
          "en-US"
        ],
        "User-Agent": [
          "FxVersion/4.6.26614.01",
          "OSName/Windows",
          "OSVersion/Microsoft.Windows.10.0.17763.",
          "Microsoft.Azure.Management.ResourceManager.ResourceManagementClient/1.5.0.0"
        ]
      },
      "ResponseHeaders": {
        "Cache-Control": [
          "no-cache"
        ],
        "Date": [
          "Fri, 01 Feb 2019 04:35:01 GMT"
        ],
        "Pragma": [
          "no-cache"
        ],
        "x-ms-ratelimit-remaining-subscription-writes": [
          "1189"
        ],
        "x-ms-request-id": [
          "8d1b8d27-0ffc-469f-a00b-6e0994d60c3f"
        ],
        "x-ms-correlation-request-id": [
          "8d1b8d27-0ffc-469f-a00b-6e0994d60c3f"
        ],
        "x-ms-routing-request-id": [
          "NORTHEUROPE:20190201T043502Z:8d1b8d27-0ffc-469f-a00b-6e0994d60c3f"
        ],
        "Strict-Transport-Security": [
          "max-age=31536000; includeSubDomains"
        ],
        "X-Content-Type-Options": [
          "nosniff"
        ],
        "Content-Length": [
          "2661"
        ],
        "Content-Type": [
          "application/json; charset=utf-8"
        ],
        "Expires": [
          "-1"
        ]
      },
      "ResponseBody": "{\r\n  \"id\": \"/subscriptions/3c729b2a-4f86-4bb2-abe8-4b8647af156c/providers/Microsoft.Search\",\r\n  \"namespace\": \"Microsoft.Search\",\r\n  \"authorization\": {\r\n    \"applicationId\": \"804f4a7a-7d6e-4df7-bf8c-e7f0106e16c2\",\r\n    \"roleDefinitionId\": \"20FA3191-87CF-4C3D-9510-74CCB594A310\"\r\n  },\r\n  \"resourceTypes\": [\r\n    {\r\n      \"resourceType\": \"searchServices\",\r\n      \"locations\": [\r\n        \"West US\"\r\n      ],\r\n      \"apiVersions\": [\r\n        \"2015-08-19\",\r\n        \"2015-02-28\",\r\n        \"2014-07-31-Preview\"\r\n      ],\r\n      \"capabilities\": \"CrossResourceGroupResourceMove, CrossSubscriptionResourceMove, SystemAssignedResourceIdentity\"\r\n    },\r\n    {\r\n      \"resourceType\": \"searchServicesCit\",\r\n      \"locations\": [\r\n        \"West US\"\r\n      ],\r\n      \"apiVersions\": [\r\n        \"2015-08-19\",\r\n        \"2015-02-28\",\r\n        \"2014-07-31-Preview\"\r\n      ],\r\n      \"capabilities\": \"CrossResourceGroupResourceMove, CrossSubscriptionResourceMove, SystemAssignedResourceIdentity\"\r\n    },\r\n    {\r\n      \"resourceType\": \"searchServicesInt\",\r\n      \"locations\": [\r\n        \"West US\"\r\n      ],\r\n      \"apiVersions\": [\r\n        \"2015-08-19\",\r\n        \"2015-02-28\",\r\n        \"2014-07-31-Preview\"\r\n      ],\r\n      \"capabilities\": \"CrossResourceGroupResourceMove, CrossSubscriptionResourceMove, SystemAssignedResourceIdentity\"\r\n    },\r\n    {\r\n      \"resourceType\": \"searchServicesPpe\",\r\n      \"locations\": [\r\n        \"West US\"\r\n      ],\r\n      \"apiVersions\": [\r\n        \"2015-08-19\",\r\n        \"2015-02-28\",\r\n        \"2014-07-31-Preview\"\r\n      ],\r\n      \"capabilities\": \"CrossResourceGroupResourceMove, CrossSubscriptionResourceMove, SystemAssignedResourceIdentity\"\r\n    },\r\n    {\r\n      \"resourceType\": \"searchServicesEXP\",\r\n      \"locations\": [\r\n        \"East US 2\"\r\n      ],\r\n      \"apiVersions\": [\r\n        \"2015-08-19\",\r\n        \"2015-02-28\",\r\n        \"2014-07-31-Preview\"\r\n      ],\r\n      \"capabilities\": \"CrossResourceGroupResourceMove, CrossSubscriptionResourceMove, SystemAssignedResourceIdentity\"\r\n    },\r\n    {\r\n      \"resourceType\": \"checkServiceNameAvailability\",\r\n      \"locations\": [],\r\n      \"apiVersions\": [\r\n        \"2015-02-28\",\r\n        \"2014-07-31-Preview\"\r\n      ]\r\n    },\r\n    {\r\n      \"resourceType\": \"checkServiceNameAvailabilityCit\",\r\n      \"locations\": [],\r\n      \"apiVersions\": [\r\n        \"2015-02-28\",\r\n        \"2014-07-31-Preview\"\r\n      ]\r\n    },\r\n    {\r\n      \"resourceType\": \"checkServiceNameAvailabilityInt\",\r\n      \"locations\": [],\r\n      \"apiVersions\": [\r\n        \"2015-02-28\",\r\n        \"2014-07-31-Preview\"\r\n      ]\r\n    },\r\n    {\r\n      \"resourceType\": \"checkServiceNameAvailabilityPpe\",\r\n      \"locations\": [],\r\n      \"apiVersions\": [\r\n        \"2015-02-28\",\r\n        \"2014-07-31-Preview\"\r\n      ]\r\n    },\r\n    {\r\n      \"resourceType\": \"checkServiceNameAvailabilityEXP\",\r\n      \"locations\": [],\r\n      \"apiVersions\": [\r\n        \"2015-02-28\",\r\n        \"2014-07-31-Preview\"\r\n      ]\r\n    },\r\n    {\r\n      \"resourceType\": \"checkNameAvailability\",\r\n      \"locations\": [],\r\n      \"apiVersions\": [\r\n        \"2015-08-19\"\r\n      ]\r\n    },\r\n    {\r\n      \"resourceType\": \"checkNameAvailabilityCit\",\r\n      \"locations\": [],\r\n      \"apiVersions\": [\r\n        \"2015-08-19\"\r\n      ]\r\n    },\r\n    {\r\n      \"resourceType\": \"checkNameAvailabilityInt\",\r\n      \"locations\": [],\r\n      \"apiVersions\": [\r\n        \"2015-08-19\"\r\n      ]\r\n    },\r\n    {\r\n      \"resourceType\": \"checkNameAvailabilityPpe\",\r\n      \"locations\": [],\r\n      \"apiVersions\": [\r\n        \"2015-08-19\"\r\n      ]\r\n    },\r\n    {\r\n      \"resourceType\": \"checkNameAvailabilityEXP\",\r\n      \"locations\": [],\r\n      \"apiVersions\": [\r\n        \"2015-08-19\"\r\n      ]\r\n    },\r\n    {\r\n      \"resourceType\": \"resourceHealthMetadata\",\r\n      \"locations\": [],\r\n      \"apiVersions\": [\r\n        \"2015-08-19\"\r\n      ]\r\n    },\r\n    {\r\n      \"resourceType\": \"operations\",\r\n      \"locations\": [],\r\n      \"apiVersions\": [\r\n        \"2015-08-19\",\r\n        \"2015-02-28\"\r\n      ]\r\n    }\r\n  ],\r\n  \"registrationState\": \"Registered\"\r\n}",
      "StatusCode": 200
    },
    {
      "RequestUri": "/subscriptions/3c729b2a-4f86-4bb2-abe8-4b8647af156c/resourcegroups/azsmnet1791?api-version=2016-09-01",
      "EncodedRequestUri": "L3N1YnNjcmlwdGlvbnMvM2M3MjliMmEtNGY4Ni00YmIyLWFiZTgtNGI4NjQ3YWYxNTZjL3Jlc291cmNlZ3JvdXBzL2F6c21uZXQxNzkxP2FwaS12ZXJzaW9uPTIwMTYtMDktMDE=",
      "RequestMethod": "PUT",
      "RequestBody": "{\r\n  \"location\": \"West US\"\r\n}",
      "RequestHeaders": {
        "x-ms-client-request-id": [
          "03e39f55-1d12-40fe-8b93-df02d6256aaa"
        ],
        "accept-language": [
          "en-US"
        ],
        "User-Agent": [
          "FxVersion/4.6.26614.01",
          "OSName/Windows",
          "OSVersion/Microsoft.Windows.10.0.17763.",
          "Microsoft.Azure.Management.ResourceManager.ResourceManagementClient/1.5.0.0"
        ],
        "Content-Type": [
          "application/json; charset=utf-8"
        ],
        "Content-Length": [
          "29"
        ]
      },
      "ResponseHeaders": {
        "Cache-Control": [
          "no-cache"
        ],
        "Date": [
          "Fri, 01 Feb 2019 04:35:02 GMT"
        ],
        "Pragma": [
          "no-cache"
        ],
        "x-ms-ratelimit-remaining-subscription-writes": [
          "1189"
        ],
        "x-ms-request-id": [
          "35fbaccd-bee9-492a-877e-36f1e5a98a17"
        ],
        "x-ms-correlation-request-id": [
          "35fbaccd-bee9-492a-877e-36f1e5a98a17"
        ],
        "x-ms-routing-request-id": [
          "NORTHEUROPE:20190201T043503Z:35fbaccd-bee9-492a-877e-36f1e5a98a17"
        ],
        "Strict-Transport-Security": [
          "max-age=31536000; includeSubDomains"
        ],
        "X-Content-Type-Options": [
          "nosniff"
        ],
        "Content-Length": [
          "175"
        ],
        "Content-Type": [
          "application/json; charset=utf-8"
        ],
        "Expires": [
          "-1"
        ]
      },
      "ResponseBody": "{\r\n  \"id\": \"/subscriptions/3c729b2a-4f86-4bb2-abe8-4b8647af156c/resourceGroups/azsmnet1791\",\r\n  \"name\": \"azsmnet1791\",\r\n  \"location\": \"westus\",\r\n  \"properties\": {\r\n    \"provisioningState\": \"Succeeded\"\r\n  }\r\n}",
      "StatusCode": 201
    },
    {
      "RequestUri": "/subscriptions/3c729b2a-4f86-4bb2-abe8-4b8647af156c/resourceGroups/azsmnet1791/providers/Microsoft.Search/searchServices/azs-8905?api-version=2015-08-19",
      "EncodedRequestUri": "L3N1YnNjcmlwdGlvbnMvM2M3MjliMmEtNGY4Ni00YmIyLWFiZTgtNGI4NjQ3YWYxNTZjL3Jlc291cmNlR3JvdXBzL2F6c21uZXQxNzkxL3Byb3ZpZGVycy9NaWNyb3NvZnQuU2VhcmNoL3NlYXJjaFNlcnZpY2VzL2F6cy04OTA1P2FwaS12ZXJzaW9uPTIwMTUtMDgtMTk=",
      "RequestMethod": "PUT",
      "RequestBody": "{\r\n  \"sku\": {\r\n    \"name\": \"free\"\r\n  },\r\n  \"location\": \"West US\"\r\n}",
      "RequestHeaders": {
        "x-ms-client-request-id": [
          "aa2564c6-a2be-4511-8c1b-cf9b011c7e43"
        ],
        "accept-language": [
          "en-US"
        ],
        "User-Agent": [
          "FxVersion/4.6.26614.01",
          "OSName/Windows",
          "OSVersion/Microsoft.Windows.10.0.17763.",
          "Microsoft.Azure.Management.Search.SearchManagementClient/2.0.1.0"
        ],
        "Content-Type": [
          "application/json; charset=utf-8"
        ],
        "Content-Length": [
          "67"
        ]
      },
      "ResponseHeaders": {
        "Cache-Control": [
          "no-cache"
        ],
        "Date": [
          "Fri, 01 Feb 2019 04:35:05 GMT"
        ],
        "Pragma": [
          "no-cache"
        ],
        "ETag": [
          "W/\"datetime'2019-02-01T04%3A35%3A05.5103942Z'\""
        ],
        "x-ms-request-id": [
          "aa2564c6-a2be-4511-8c1b-cf9b011c7e43"
        ],
        "request-id": [
          "aa2564c6-a2be-4511-8c1b-cf9b011c7e43"
        ],
        "elapsed-time": [
          "1210"
        ],
        "Strict-Transport-Security": [
          "max-age=31536000; includeSubDomains"
        ],
        "x-ms-ratelimit-remaining-subscription-writes": [
          "1188"
        ],
        "x-ms-correlation-request-id": [
          "032039dd-551a-482a-85d8-f3837d321f10"
        ],
        "x-ms-routing-request-id": [
          "NORTHEUROPE:20190201T043506Z:032039dd-551a-482a-85d8-f3837d321f10"
        ],
        "X-Content-Type-Options": [
          "nosniff"
        ],
        "Content-Length": [
          "385"
        ],
        "Content-Type": [
          "application/json; charset=utf-8"
        ],
        "Expires": [
          "-1"
        ]
      },
      "ResponseBody": "{\r\n  \"id\": \"/subscriptions/3c729b2a-4f86-4bb2-abe8-4b8647af156c/resourceGroups/azsmnet1791/providers/Microsoft.Search/searchServices/azs-8905\",\r\n  \"name\": \"azs-8905\",\r\n  \"type\": \"Microsoft.Search/searchServices\",\r\n  \"location\": \"West US\",\r\n  \"properties\": {\r\n    \"replicaCount\": 1,\r\n    \"partitionCount\": 1,\r\n    \"status\": \"running\",\r\n    \"statusDetails\": \"\",\r\n    \"provisioningState\": \"succeeded\",\r\n    \"hostingMode\": \"Default\"\r\n  },\r\n  \"sku\": {\r\n    \"name\": \"free\"\r\n  }\r\n}",
      "StatusCode": 201
    },
    {
      "RequestUri": "/subscriptions/3c729b2a-4f86-4bb2-abe8-4b8647af156c/resourceGroups/azsmnet1791/providers/Microsoft.Search/searchServices/azs-8905/listAdminKeys?api-version=2015-08-19",
      "EncodedRequestUri": "L3N1YnNjcmlwdGlvbnMvM2M3MjliMmEtNGY4Ni00YmIyLWFiZTgtNGI4NjQ3YWYxNTZjL3Jlc291cmNlR3JvdXBzL2F6c21uZXQxNzkxL3Byb3ZpZGVycy9NaWNyb3NvZnQuU2VhcmNoL3NlYXJjaFNlcnZpY2VzL2F6cy04OTA1L2xpc3RBZG1pbktleXM/YXBpLXZlcnNpb249MjAxNS0wOC0xOQ==",
      "RequestMethod": "POST",
      "RequestBody": "",
      "RequestHeaders": {
        "x-ms-client-request-id": [
          "c5c2c254-052f-4c42-8d42-15f5ce0c1dd1"
        ],
        "accept-language": [
          "en-US"
        ],
        "User-Agent": [
          "FxVersion/4.6.26614.01",
          "OSName/Windows",
          "OSVersion/Microsoft.Windows.10.0.17763.",
          "Microsoft.Azure.Management.Search.SearchManagementClient/2.0.1.0"
        ]
      },
      "ResponseHeaders": {
        "Cache-Control": [
          "no-cache"
        ],
        "Date": [
          "Fri, 01 Feb 2019 04:35:07 GMT"
        ],
        "Pragma": [
          "no-cache"
        ],
        "Vary": [
          "Accept-Encoding"
        ],
        "x-ms-request-id": [
          "c5c2c254-052f-4c42-8d42-15f5ce0c1dd1"
        ],
        "request-id": [
          "c5c2c254-052f-4c42-8d42-15f5ce0c1dd1"
        ],
        "elapsed-time": [
          "91"
        ],
        "Strict-Transport-Security": [
          "max-age=31536000; includeSubDomains"
        ],
        "x-ms-ratelimit-remaining-subscription-writes": [
          "1188"
        ],
        "x-ms-correlation-request-id": [
          "da6c85e0-15e0-482a-b48b-ae72d1fbd827"
        ],
        "x-ms-routing-request-id": [
          "NORTHEUROPE:20190201T043507Z:da6c85e0-15e0-482a-b48b-ae72d1fbd827"
        ],
        "X-Content-Type-Options": [
          "nosniff"
        ],
        "Content-Length": [
          "99"
        ],
        "Content-Type": [
          "application/json; charset=utf-8"
        ],
        "Expires": [
          "-1"
        ]
      },
      "ResponseBody": "{\r\n  \"primaryKey\": \"559D92F00D8410F3EF8687E898B5543F\",\r\n  \"secondaryKey\": \"536D5605A37EC13EE1534DBE2B259B7E\"\r\n}",
      "StatusCode": 200
    },
    {
      "RequestUri": "/subscriptions/3c729b2a-4f86-4bb2-abe8-4b8647af156c/resourceGroups/azsmnet1791/providers/Microsoft.Search/searchServices/azs-8905/listQueryKeys?api-version=2015-08-19",
      "EncodedRequestUri": "L3N1YnNjcmlwdGlvbnMvM2M3MjliMmEtNGY4Ni00YmIyLWFiZTgtNGI4NjQ3YWYxNTZjL3Jlc291cmNlR3JvdXBzL2F6c21uZXQxNzkxL3Byb3ZpZGVycy9NaWNyb3NvZnQuU2VhcmNoL3NlYXJjaFNlcnZpY2VzL2F6cy04OTA1L2xpc3RRdWVyeUtleXM/YXBpLXZlcnNpb249MjAxNS0wOC0xOQ==",
      "RequestMethod": "GET",
      "RequestBody": "",
      "RequestHeaders": {
        "x-ms-client-request-id": [
          "340c31a0-e7a3-47bc-a51a-cff53d2ba86a"
        ],
        "accept-language": [
          "en-US"
        ],
        "User-Agent": [
          "FxVersion/4.6.26614.01",
          "OSName/Windows",
          "OSVersion/Microsoft.Windows.10.0.17763.",
          "Microsoft.Azure.Management.Search.SearchManagementClient/2.0.1.0"
        ]
      },
      "ResponseHeaders": {
        "Cache-Control": [
          "no-cache"
        ],
        "Date": [
          "Fri, 01 Feb 2019 04:35:07 GMT"
        ],
        "Pragma": [
          "no-cache"
        ],
        "Vary": [
          "Accept-Encoding"
        ],
        "x-ms-request-id": [
          "340c31a0-e7a3-47bc-a51a-cff53d2ba86a"
        ],
        "request-id": [
          "340c31a0-e7a3-47bc-a51a-cff53d2ba86a"
        ],
        "elapsed-time": [
          "127"
        ],
        "Strict-Transport-Security": [
          "max-age=31536000; includeSubDomains"
        ],
        "x-ms-ratelimit-remaining-subscription-reads": [
          "14993"
        ],
        "x-ms-correlation-request-id": [
          "15000ab9-1f45-4470-8363-7f9f10cafa5d"
        ],
        "x-ms-routing-request-id": [
          "NORTHEUROPE:20190201T043508Z:15000ab9-1f45-4470-8363-7f9f10cafa5d"
        ],
        "X-Content-Type-Options": [
          "nosniff"
        ],
        "Content-Length": [
          "82"
        ],
        "Content-Type": [
          "application/json; charset=utf-8"
        ],
        "Expires": [
          "-1"
        ]
      },
      "ResponseBody": "{\r\n  \"value\": [\r\n    {\r\n      \"name\": null,\r\n      \"key\": \"F192242261CB3334CF540B4F2153A42C\"\r\n    }\r\n  ],\r\n  \"nextLink\": null\r\n}",
      "StatusCode": 200
    },
    {
      "RequestUri": "/skillsets?api-version=2017-11-11-Preview",
      "EncodedRequestUri": "L3NraWxsc2V0cz9hcGktdmVyc2lvbj0yMDE3LTExLTExLVByZXZpZXc=",
      "RequestMethod": "POST",
      "RequestBody": "{\r\n  \"name\": \"azsmnet5991\",\r\n  \"description\": \"Skillset for testing default configuration\",\r\n  \"skills\": [\r\n    {\r\n      \"@odata.type\": \"#Microsoft.Skills.Vision.OcrSkill\",\r\n      \"description\": \"Tested OCR skill\",\r\n      \"context\": \"/document\",\r\n      \"inputs\": [\r\n        {\r\n          \"name\": \"url\",\r\n          \"source\": \"/document/url\"\r\n        },\r\n        {\r\n          \"name\": \"queryString\",\r\n          \"source\": \"/document/queryString\"\r\n        }\r\n      ],\r\n      \"outputs\": [\r\n        {\r\n          \"name\": \"text\",\r\n          \"targetName\": \"mytext\"\r\n        }\r\n      ]\r\n    }\r\n  ]\r\n}",
      "RequestHeaders": {
        "client-request-id": [
          "e1165d35-eea0-436b-b5da-14158f182a96"
        ],
        "accept-language": [
          "en-US"
        ],
        "api-key": [
          "559D92F00D8410F3EF8687E898B5543F"
        ],
        "User-Agent": [
          "FxVersion/4.6.26614.01",
          "OSName/Windows",
          "OSVersion/Microsoft.Windows.10.0.17763.",
          "Microsoft.Azure.Search.SearchServiceClient/7.0.0.0"
        ],
        "Content-Type": [
          "application/json; charset=utf-8"
        ],
        "Content-Length": [
          "588"
        ]
      },
      "ResponseHeaders": {
        "Cache-Control": [
          "no-cache"
        ],
        "Date": [
          "Fri, 01 Feb 2019 04:35:09 GMT"
        ],
        "Pragma": [
          "no-cache"
        ],
        "ETag": [
          "W/\"0x8D687FEA5F9EB39\""
        ],
        "Location": [
          "https://azs-8905.search-dogfood.windows-int.net/skillsets('azsmnet5991')?api-version=2017-11-11-Preview"
        ],
        "request-id": [
          "e1165d35-eea0-436b-b5da-14158f182a96"
        ],
        "elapsed-time": [
          "65"
        ],
        "OData-Version": [
          "4.0"
        ],
        "Preference-Applied": [
          "odata.include-annotations=\"*\""
        ],
        "Strict-Transport-Security": [
          "max-age=15724800; includeSubDomains"
        ],
        "Content-Length": [
          "615"
        ],
        "Content-Type": [
          "application/json; odata.metadata=minimal"
        ],
        "Expires": [
          "-1"
        ]
      },
      "ResponseBody": "{\r\n  \"@odata.context\": \"https://azs-8905.search-dogfood.windows-int.net/$metadata#skillsets/$entity\",\r\n  \"@odata.etag\": \"\\\"0x8D687FEA5F9EB39\\\"\",\r\n  \"name\": \"azsmnet5991\",\r\n  \"description\": \"Skillset for testing default configuration\",\r\n  \"skills\": [\r\n    {\r\n      \"@odata.type\": \"#Microsoft.Skills.Vision.OcrSkill\",\r\n      \"description\": \"Tested OCR skill\",\r\n      \"context\": \"/document\",\r\n      \"textExtractionAlgorithm\": null,\r\n      \"lineEnding\": null,\r\n      \"defaultLanguageCode\": null,\r\n      \"detectOrientation\": null,\r\n      \"inputs\": [\r\n        {\r\n          \"name\": \"url\",\r\n          \"source\": \"/document/url\"\r\n        },\r\n        {\r\n          \"name\": \"queryString\",\r\n          \"source\": \"/document/queryString\"\r\n        }\r\n      ],\r\n      \"outputs\": [\r\n        {\r\n          \"name\": \"text\",\r\n          \"targetName\": \"mytext\"\r\n        }\r\n      ]\r\n    }\r\n  ],\r\n  \"cognitiveServices\": null\r\n}",
      "StatusCode": 201
    },
    {
      "RequestUri": "/skillsets?api-version=2017-11-11-Preview",
      "EncodedRequestUri": "L3NraWxsc2V0cz9hcGktdmVyc2lvbj0yMDE3LTExLTExLVByZXZpZXc=",
      "RequestMethod": "POST",
      "RequestBody": "{\r\n  \"name\": \"azsmnet2368\",\r\n  \"description\": \"Skillset for testing default configuration\",\r\n  \"skills\": [\r\n    {\r\n      \"@odata.type\": \"#Microsoft.Skills.Vision.ImageAnalysisSkill\",\r\n      \"description\": \"Tested image analysis skill\",\r\n      \"context\": \"/document\",\r\n      \"inputs\": [\r\n        {\r\n          \"name\": \"url\",\r\n          \"source\": \"/document/url\"\r\n        },\r\n        {\r\n          \"name\": \"queryString\",\r\n          \"source\": \"/document/queryString\"\r\n        }\r\n      ],\r\n      \"outputs\": [\r\n        {\r\n          \"name\": \"description\",\r\n          \"targetName\": \"mydescription\"\r\n        }\r\n      ]\r\n    }\r\n  ]\r\n}",
      "RequestHeaders": {
        "client-request-id": [
          "431fe19b-3d0f-470f-9074-aa0cb9ae7cd5"
        ],
        "accept-language": [
          "en-US"
        ],
        "api-key": [
          "559D92F00D8410F3EF8687E898B5543F"
        ],
        "User-Agent": [
          "FxVersion/4.6.26614.01",
          "OSName/Windows",
          "OSVersion/Microsoft.Windows.10.0.17763.",
          "Microsoft.Azure.Search.SearchServiceClient/7.0.0.0"
        ],
        "Content-Type": [
          "application/json; charset=utf-8"
        ],
        "Content-Length": [
          "623"
        ]
      },
      "ResponseHeaders": {
        "Cache-Control": [
          "no-cache"
        ],
        "Date": [
          "Fri, 01 Feb 2019 04:35:09 GMT"
        ],
        "Pragma": [
          "no-cache"
        ],
        "ETag": [
          "W/\"0x8D687FEA6136CF1\""
        ],
        "Location": [
          "https://azs-8905.search-dogfood.windows-int.net/skillsets('azsmnet2368')?api-version=2017-11-11-Preview"
        ],
        "request-id": [
          "431fe19b-3d0f-470f-9074-aa0cb9ae7cd5"
        ],
        "elapsed-time": [
          "54"
        ],
        "OData-Version": [
          "4.0"
        ],
        "Preference-Applied": [
          "odata.include-annotations=\"*\""
        ],
        "Strict-Transport-Security": [
          "max-age=15724800; includeSubDomains"
        ],
        "Content-Length": [
          "609"
        ],
        "Content-Type": [
          "application/json; odata.metadata=minimal"
        ],
        "Expires": [
          "-1"
        ]
      },
      "ResponseBody": "{\r\n  \"@odata.context\": \"https://azs-8905.search-dogfood.windows-int.net/$metadata#skillsets/$entity\",\r\n  \"@odata.etag\": \"\\\"0x8D687FEA6136CF1\\\"\",\r\n  \"name\": \"azsmnet2368\",\r\n  \"description\": \"Skillset for testing default configuration\",\r\n  \"skills\": [\r\n    {\r\n      \"@odata.type\": \"#Microsoft.Skills.Vision.ImageAnalysisSkill\",\r\n      \"description\": \"Tested image analysis skill\",\r\n      \"context\": \"/document\",\r\n      \"defaultLanguageCode\": null,\r\n      \"visualFeatures\": [],\r\n      \"details\": [],\r\n      \"inputs\": [\r\n        {\r\n          \"name\": \"url\",\r\n          \"source\": \"/document/url\"\r\n        },\r\n        {\r\n          \"name\": \"queryString\",\r\n          \"source\": \"/document/queryString\"\r\n        }\r\n      ],\r\n      \"outputs\": [\r\n        {\r\n          \"name\": \"description\",\r\n          \"targetName\": \"mydescription\"\r\n        }\r\n      ]\r\n    }\r\n  ],\r\n  \"cognitiveServices\": null\r\n}",
      "StatusCode": 201
    },
    {
      "RequestUri": "/skillsets?api-version=2017-11-11-Preview",
      "EncodedRequestUri": "L3NraWxsc2V0cz9hcGktdmVyc2lvbj0yMDE3LTExLTExLVByZXZpZXc=",
      "RequestMethod": "POST",
      "RequestBody": "{\r\n  \"name\": \"azsmnet882\",\r\n  \"description\": \"Skillset for testing default configuration\",\r\n  \"skills\": [\r\n    {\r\n      \"@odata.type\": \"#Microsoft.Skills.Text.KeyPhraseExtractionSkill\",\r\n      \"description\": \"Tested Key Phrase skill\",\r\n      \"context\": \"/document\",\r\n      \"inputs\": [\r\n        {\r\n          \"name\": \"text\",\r\n          \"source\": \"/document/myText\"\r\n        }\r\n      ],\r\n      \"outputs\": [\r\n        {\r\n          \"name\": \"keyPhrases\",\r\n          \"targetName\": \"myKeyPhrases\"\r\n        }\r\n      ]\r\n    }\r\n  ]\r\n}",
      "RequestHeaders": {
        "client-request-id": [
          "85a7dca3-8cd4-42c9-a7b8-b72152c0395f"
        ],
        "accept-language": [
          "en-US"
        ],
        "api-key": [
          "559D92F00D8410F3EF8687E898B5543F"
        ],
        "User-Agent": [
          "FxVersion/4.6.26614.01",
          "OSName/Windows",
          "OSVersion/Microsoft.Windows.10.0.17763.",
          "Microsoft.Azure.Search.SearchServiceClient/7.0.0.0"
        ],
        "Content-Type": [
          "application/json; charset=utf-8"
        ],
        "Content-Length": [
          "522"
        ]
      },
      "ResponseHeaders": {
        "Cache-Control": [
          "no-cache"
        ],
        "Date": [
          "Fri, 01 Feb 2019 04:35:09 GMT"
        ],
        "Pragma": [
          "no-cache"
        ],
        "ETag": [
          "W/\"0x8D687FEA62A07D2\""
        ],
        "Location": [
          "https://azs-8905.search-dogfood.windows-int.net/skillsets('azsmnet882')?api-version=2017-11-11-Preview"
        ],
        "request-id": [
          "85a7dca3-8cd4-42c9-a7b8-b72152c0395f"
        ],
        "elapsed-time": [
          "40"
        ],
        "OData-Version": [
          "4.0"
        ],
        "Preference-Applied": [
          "odata.include-annotations=\"*\""
        ],
        "Strict-Transport-Security": [
          "max-age=15724800; includeSubDomains"
        ],
        "Content-Length": [
          "546"
        ],
        "Content-Type": [
          "application/json; odata.metadata=minimal"
        ],
        "Expires": [
          "-1"
        ]
      },
      "ResponseBody": "{\r\n  \"@odata.context\": \"https://azs-8905.search-dogfood.windows-int.net/$metadata#skillsets/$entity\",\r\n  \"@odata.etag\": \"\\\"0x8D687FEA62A07D2\\\"\",\r\n  \"name\": \"azsmnet882\",\r\n  \"description\": \"Skillset for testing default configuration\",\r\n  \"skills\": [\r\n    {\r\n      \"@odata.type\": \"#Microsoft.Skills.Text.KeyPhraseExtractionSkill\",\r\n      \"description\": \"Tested Key Phrase skill\",\r\n      \"context\": \"/document\",\r\n      \"defaultLanguageCode\": null,\r\n      \"maxKeyPhraseCount\": null,\r\n      \"inputs\": [\r\n        {\r\n          \"name\": \"text\",\r\n          \"source\": \"/document/myText\"\r\n        }\r\n      ],\r\n      \"outputs\": [\r\n        {\r\n          \"name\": \"keyPhrases\",\r\n          \"targetName\": \"myKeyPhrases\"\r\n        }\r\n      ]\r\n    }\r\n  ],\r\n  \"cognitiveServices\": null\r\n}",
      "StatusCode": 201
    },
    {
      "RequestUri": "/skillsets?api-version=2017-11-11-Preview",
      "EncodedRequestUri": "L3NraWxsc2V0cz9hcGktdmVyc2lvbj0yMDE3LTExLTExLVByZXZpZXc=",
      "RequestMethod": "POST",
      "RequestBody": "{\r\n  \"name\": \"azsmnet3910\",\r\n  \"description\": \"Skillset for testing default configuration\",\r\n  \"skills\": [\r\n    {\r\n      \"@odata.type\": \"#Microsoft.Skills.Text.MergeSkill\",\r\n      \"description\": \"Tested Merged Text skill\",\r\n      \"context\": \"/document\",\r\n      \"inputs\": [\r\n        {\r\n          \"name\": \"text\",\r\n          \"source\": \"/document/text\"\r\n        },\r\n        {\r\n          \"name\": \"itemsToInsert\",\r\n          \"source\": \"/document/textitems\"\r\n        },\r\n        {\r\n          \"name\": \"offsets\",\r\n          \"source\": \"/document/offsets\"\r\n        }\r\n      ],\r\n      \"outputs\": [\r\n        {\r\n          \"name\": \"mergedText\",\r\n          \"targetName\": \"myMergedText\"\r\n        }\r\n      ]\r\n    }\r\n  ]\r\n}",
      "RequestHeaders": {
        "client-request-id": [
          "eefe77e0-a7e3-4421-aa58-1e08d00c00c7"
        ],
        "accept-language": [
          "en-US"
        ],
        "api-key": [
          "559D92F00D8410F3EF8687E898B5543F"
        ],
        "User-Agent": [
          "FxVersion/4.6.26614.01",
          "OSName/Windows",
          "OSVersion/Microsoft.Windows.10.0.17763.",
          "Microsoft.Azure.Search.SearchServiceClient/7.0.0.0"
        ],
        "Content-Type": [
          "application/json; charset=utf-8"
        ],
        "Content-Length": [
          "704"
        ]
      },
      "ResponseHeaders": {
        "Cache-Control": [
          "no-cache"
        ],
        "Date": [
          "Fri, 01 Feb 2019 04:35:09 GMT"
        ],
        "Pragma": [
          "no-cache"
        ],
        "ETag": [
          "W/\"0x8D687FEA63CD121\""
        ],
        "Location": [
          "https://azs-8905.search-dogfood.windows-int.net/skillsets('azsmnet3910')?api-version=2017-11-11-Preview"
        ],
        "request-id": [
          "eefe77e0-a7e3-4421-aa58-1e08d00c00c7"
        ],
        "elapsed-time": [
          "36"
        ],
        "OData-Version": [
          "4.0"
        ],
        "Preference-Applied": [
          "odata.include-annotations=\"*\""
        ],
        "Strict-Transport-Security": [
          "max-age=15724800; includeSubDomains"
        ],
        "Content-Length": [
          "625"
        ],
        "Content-Type": [
          "application/json; odata.metadata=minimal"
        ],
        "Expires": [
          "-1"
        ]
      },
      "ResponseBody": "{\r\n  \"@odata.context\": \"https://azs-8905.search-dogfood.windows-int.net/$metadata#skillsets/$entity\",\r\n  \"@odata.etag\": \"\\\"0x8D687FEA63CD121\\\"\",\r\n  \"name\": \"azsmnet3910\",\r\n  \"description\": \"Skillset for testing default configuration\",\r\n  \"skills\": [\r\n    {\r\n      \"@odata.type\": \"#Microsoft.Skills.Text.MergeSkill\",\r\n      \"description\": \"Tested Merged Text skill\",\r\n      \"context\": \"/document\",\r\n      \"insertPreTag\": null,\r\n      \"insertPostTag\": null,\r\n      \"inputs\": [\r\n        {\r\n          \"name\": \"text\",\r\n          \"source\": \"/document/text\"\r\n        },\r\n        {\r\n          \"name\": \"itemsToInsert\",\r\n          \"source\": \"/document/textitems\"\r\n        },\r\n        {\r\n          \"name\": \"offsets\",\r\n          \"source\": \"/document/offsets\"\r\n        }\r\n      ],\r\n      \"outputs\": [\r\n        {\r\n          \"name\": \"mergedText\",\r\n          \"targetName\": \"myMergedText\"\r\n        }\r\n      ]\r\n    }\r\n  ],\r\n  \"cognitiveServices\": null\r\n}",
      "StatusCode": 201
    },
    {
      "RequestUri": "/skillsets?api-version=2017-11-11-Preview",
      "EncodedRequestUri": "L3NraWxsc2V0cz9hcGktdmVyc2lvbj0yMDE3LTExLTExLVByZXZpZXc=",
      "RequestMethod": "POST",
      "RequestBody": "{\r\n  \"name\": \"azsmnet6556\",\r\n  \"description\": \"Skillset for testing default configuration\",\r\n  \"skills\": [\r\n    {\r\n      \"@odata.type\": \"#Microsoft.Skills.Text.NamedEntityRecognitionSkill\",\r\n      \"description\": \"Tested Named Entity Recognition skill\",\r\n      \"context\": \"/document\",\r\n      \"inputs\": [\r\n        {\r\n          \"name\": \"text\",\r\n          \"source\": \"/document/mytext\"\r\n        }\r\n      ],\r\n      \"outputs\": [\r\n        {\r\n          \"name\": \"entities\",\r\n          \"targetName\": \"myEntities\"\r\n        }\r\n      ]\r\n    }\r\n  ]\r\n}",
      "RequestHeaders": {
        "client-request-id": [
          "d02edf45-8728-403a-8236-ea924d5e33bc"
        ],
        "accept-language": [
          "en-US"
        ],
        "api-key": [
          "559D92F00D8410F3EF8687E898B5543F"
        ],
        "User-Agent": [
          "FxVersion/4.6.26614.01",
          "OSName/Windows",
          "OSVersion/Microsoft.Windows.10.0.17763.",
          "Microsoft.Azure.Search.SearchServiceClient/7.0.0.0"
        ],
        "Content-Type": [
          "application/json; charset=utf-8"
        ],
        "Content-Length": [
          "536"
        ]
      },
      "ResponseHeaders": {
        "Cache-Control": [
          "no-cache"
        ],
        "Date": [
          "Fri, 01 Feb 2019 04:35:09 GMT"
        ],
        "Pragma": [
          "no-cache"
        ],
        "ETag": [
          "W/\"0x8D687FEA653BA2C\""
        ],
        "Location": [
          "https://azs-8905.search-dogfood.windows-int.net/skillsets('azsmnet6556')?api-version=2017-11-11-Preview"
        ],
        "request-id": [
          "d02edf45-8728-403a-8236-ea924d5e33bc"
        ],
        "elapsed-time": [
          "58"
        ],
        "OData-Version": [
          "4.0"
        ],
        "Preference-Applied": [
          "odata.include-annotations=\"*\""
        ],
        "Strict-Transport-Security": [
          "max-age=15724800; includeSubDomains"
        ],
        "Content-Length": [
          "575"
        ],
        "Content-Type": [
          "application/json; odata.metadata=minimal"
        ],
        "Expires": [
          "-1"
        ]
      },
      "ResponseBody": "{\r\n  \"@odata.context\": \"https://azs-8905.search-dogfood.windows-int.net/$metadata#skillsets/$entity\",\r\n  \"@odata.etag\": \"\\\"0x8D687FEA653BA2C\\\"\",\r\n  \"name\": \"azsmnet6556\",\r\n  \"description\": \"Skillset for testing default configuration\",\r\n  \"skills\": [\r\n    {\r\n      \"@odata.type\": \"#Microsoft.Skills.Text.NamedEntityRecognitionSkill\",\r\n      \"description\": \"Tested Named Entity Recognition skill\",\r\n      \"context\": \"/document\",\r\n      \"categories\": [],\r\n      \"defaultLanguageCode\": null,\r\n      \"minimumPrecision\": null,\r\n      \"inputs\": [\r\n        {\r\n          \"name\": \"text\",\r\n          \"source\": \"/document/mytext\"\r\n        }\r\n      ],\r\n      \"outputs\": [\r\n        {\r\n          \"name\": \"entities\",\r\n          \"targetName\": \"myEntities\"\r\n        }\r\n      ]\r\n    }\r\n  ],\r\n  \"cognitiveServices\": null\r\n}",
      "StatusCode": 201
    },
    {
      "RequestUri": "/skillsets?api-version=2017-11-11-Preview",
      "EncodedRequestUri": "L3NraWxsc2V0cz9hcGktdmVyc2lvbj0yMDE3LTExLTExLVByZXZpZXc=",
      "RequestMethod": "POST",
      "RequestBody": "{\r\n  \"name\": \"azsmnet8467\",\r\n  \"description\": \"Skillset for testing default configuration\",\r\n  \"skills\": [\r\n    {\r\n      \"@odata.type\": \"#Microsoft.Skills.Text.SentimentSkill\",\r\n      \"description\": \"Tested Sentiment skill\",\r\n      \"context\": \"/document\",\r\n      \"inputs\": [\r\n        {\r\n          \"name\": \"text\",\r\n          \"source\": \"/document/mytext\"\r\n        }\r\n      ],\r\n      \"outputs\": [\r\n        {\r\n          \"name\": \"score\",\r\n          \"targetName\": \"mySentiment\"\r\n        }\r\n      ]\r\n    }\r\n  ]\r\n}",
      "RequestHeaders": {
        "client-request-id": [
          "9322c7d8-be40-4d07-81b1-cc68914ed964"
        ],
        "accept-language": [
          "en-US"
        ],
        "api-key": [
          "559D92F00D8410F3EF8687E898B5543F"
        ],
        "User-Agent": [
          "FxVersion/4.6.26614.01",
          "OSName/Windows",
          "OSVersion/Microsoft.Windows.10.0.17763.",
          "Microsoft.Azure.Search.SearchServiceClient/7.0.0.0"
        ],
        "Content-Type": [
          "application/json; charset=utf-8"
        ],
        "Content-Length": [
          "506"
        ]
      },
      "ResponseHeaders": {
        "Cache-Control": [
          "no-cache"
        ],
        "Date": [
          "Fri, 01 Feb 2019 04:35:09 GMT"
        ],
        "Pragma": [
          "no-cache"
        ],
        "ETag": [
          "W/\"0x8D687FEA66C0320\""
        ],
        "Location": [
          "https://azs-8905.search-dogfood.windows-int.net/skillsets('azsmnet8467')?api-version=2017-11-11-Preview"
        ],
        "request-id": [
          "9322c7d8-be40-4d07-81b1-cc68914ed964"
        ],
        "elapsed-time": [
          "42"
        ],
        "OData-Version": [
          "4.0"
        ],
        "Preference-Applied": [
          "odata.include-annotations=\"*\""
        ],
        "Strict-Transport-Security": [
          "max-age=15724800; includeSubDomains"
        ],
        "Content-Length": [
          "505"
        ],
        "Content-Type": [
          "application/json; odata.metadata=minimal"
        ],
        "Expires": [
          "-1"
        ]
      },
      "ResponseBody": "{\r\n  \"@odata.context\": \"https://azs-8905.search-dogfood.windows-int.net/$metadata#skillsets/$entity\",\r\n  \"@odata.etag\": \"\\\"0x8D687FEA66C0320\\\"\",\r\n  \"name\": \"azsmnet8467\",\r\n  \"description\": \"Skillset for testing default configuration\",\r\n  \"skills\": [\r\n    {\r\n      \"@odata.type\": \"#Microsoft.Skills.Text.SentimentSkill\",\r\n      \"description\": \"Tested Sentiment skill\",\r\n      \"context\": \"/document\",\r\n      \"defaultLanguageCode\": null,\r\n      \"inputs\": [\r\n        {\r\n          \"name\": \"text\",\r\n          \"source\": \"/document/mytext\"\r\n        }\r\n      ],\r\n      \"outputs\": [\r\n        {\r\n          \"name\": \"score\",\r\n          \"targetName\": \"mySentiment\"\r\n        }\r\n      ]\r\n    }\r\n  ],\r\n  \"cognitiveServices\": null\r\n}",
      "StatusCode": 201
    },
    {
      "RequestUri": "/skillsets?api-version=2017-11-11-Preview",
      "EncodedRequestUri": "L3NraWxsc2V0cz9hcGktdmVyc2lvbj0yMDE3LTExLTExLVByZXZpZXc=",
      "RequestMethod": "POST",
      "RequestBody": "{\r\n  \"name\": \"azsmnet2553\",\r\n  \"description\": \"Skillset for testing default configuration\",\r\n  \"skills\": [\r\n    {\r\n      \"@odata.type\": \"#Microsoft.Skills.Text.SplitSkill\",\r\n      \"textSplitMode\": \"pages\",\r\n      \"description\": \"Tested Split skill\",\r\n      \"context\": \"/document\",\r\n      \"inputs\": [\r\n        {\r\n          \"name\": \"text\",\r\n          \"source\": \"/document/mytext\"\r\n        }\r\n      ],\r\n      \"outputs\": [\r\n        {\r\n          \"name\": \"textItems\",\r\n          \"targetName\": \"myTextItems\"\r\n        }\r\n      ]\r\n    }\r\n  ]\r\n}",
      "RequestHeaders": {
        "client-request-id": [
          "d6aed664-dfb6-43f4-9bf5-dd42023fbe7d"
        ],
        "accept-language": [
          "en-US"
        ],
        "api-key": [
          "559D92F00D8410F3EF8687E898B5543F"
        ],
        "User-Agent": [
          "FxVersion/4.6.26614.01",
          "OSName/Windows",
          "OSVersion/Microsoft.Windows.10.0.17763.",
          "Microsoft.Azure.Search.SearchServiceClient/7.0.0.0"
        ],
        "Content-Type": [
          "application/json; charset=utf-8"
        ],
        "Content-Length": [
          "535"
        ]
      },
      "ResponseHeaders": {
        "Cache-Control": [
          "no-cache"
        ],
        "Date": [
          "Fri, 01 Feb 2019 04:35:09 GMT"
        ],
        "Pragma": [
          "no-cache"
        ],
        "ETag": [
          "W/\"0x8D687FEA6818C41\""
        ],
        "Location": [
          "https://azs-8905.search-dogfood.windows-int.net/skillsets('azsmnet2553')?api-version=2017-11-11-Preview"
        ],
        "request-id": [
          "d6aed664-dfb6-43f4-9bf5-dd42023fbe7d"
        ],
        "elapsed-time": [
          "42"
        ],
        "OData-Version": [
          "4.0"
        ],
        "Preference-Applied": [
          "odata.include-annotations=\"*\""
        ],
        "Strict-Transport-Security": [
          "max-age=15724800; includeSubDomains"
        ],
        "Content-Length": [
          "550"
        ],
        "Content-Type": [
          "application/json; odata.metadata=minimal"
        ],
        "Expires": [
          "-1"
        ]
      },
      "ResponseBody": "{\r\n  \"@odata.context\": \"https://azs-8905.search-dogfood.windows-int.net/$metadata#skillsets/$entity\",\r\n  \"@odata.etag\": \"\\\"0x8D687FEA6818C41\\\"\",\r\n  \"name\": \"azsmnet2553\",\r\n  \"description\": \"Skillset for testing default configuration\",\r\n  \"skills\": [\r\n    {\r\n      \"@odata.type\": \"#Microsoft.Skills.Text.SplitSkill\",\r\n      \"description\": \"Tested Split skill\",\r\n      \"context\": \"/document\",\r\n      \"defaultLanguageCode\": null,\r\n      \"textSplitMode\": \"pages\",\r\n      \"maximumPageLength\": null,\r\n      \"inputs\": [\r\n        {\r\n          \"name\": \"text\",\r\n          \"source\": \"/document/mytext\"\r\n        }\r\n      ],\r\n      \"outputs\": [\r\n        {\r\n          \"name\": \"textItems\",\r\n          \"targetName\": \"myTextItems\"\r\n        }\r\n      ]\r\n    }\r\n  ],\r\n  \"cognitiveServices\": null\r\n}",
      "StatusCode": 201
    },
    {
      "RequestUri": "/skillsets('azsmnet5991')?api-version=2017-11-11-Preview",
      "EncodedRequestUri": "L3NraWxsc2V0cygnYXpzbW5ldDU5OTEnKT9hcGktdmVyc2lvbj0yMDE3LTExLTExLVByZXZpZXc=",
      "RequestMethod": "DELETE",
      "RequestBody": "",
      "RequestHeaders": {
        "client-request-id": [
          "44bddbcd-c2e2-4770-bcd5-141193447706"
        ],
        "accept-language": [
          "en-US"
        ],
        "api-key": [
          "559D92F00D8410F3EF8687E898B5543F"
        ],
        "User-Agent": [
          "FxVersion/4.6.26614.01",
          "OSName/Windows",
          "OSVersion/Microsoft.Windows.10.0.17763.",
          "Microsoft.Azure.Search.SearchServiceClient/7.0.0.0"
        ]
      },
      "ResponseHeaders": {
        "Cache-Control": [
          "no-cache"
        ],
        "Date": [
          "Fri, 01 Feb 2019 04:35:09 GMT"
        ],
        "Pragma": [
          "no-cache"
        ],
        "request-id": [
          "44bddbcd-c2e2-4770-bcd5-141193447706"
        ],
        "elapsed-time": [
          "28"
        ],
        "Strict-Transport-Security": [
          "max-age=15724800; includeSubDomains"
        ],
        "Expires": [
          "-1"
        ]
      },
      "ResponseBody": "",
      "StatusCode": 204
    },
    {
      "RequestUri": "/skillsets('azsmnet2368')?api-version=2017-11-11-Preview",
      "EncodedRequestUri": "L3NraWxsc2V0cygnYXpzbW5ldDIzNjgnKT9hcGktdmVyc2lvbj0yMDE3LTExLTExLVByZXZpZXc=",
      "RequestMethod": "DELETE",
      "RequestBody": "",
      "RequestHeaders": {
        "client-request-id": [
          "a2469909-cfd9-4bee-a5ce-e5d7956e64e2"
        ],
        "accept-language": [
          "en-US"
        ],
        "api-key": [
          "559D92F00D8410F3EF8687E898B5543F"
        ],
        "User-Agent": [
          "FxVersion/4.6.26614.01",
          "OSName/Windows",
          "OSVersion/Microsoft.Windows.10.0.17763.",
          "Microsoft.Azure.Search.SearchServiceClient/7.0.0.0"
        ]
      },
      "ResponseHeaders": {
        "Cache-Control": [
          "no-cache"
        ],
        "Date": [
          "Fri, 01 Feb 2019 04:35:09 GMT"
        ],
        "Pragma": [
          "no-cache"
        ],
        "request-id": [
          "a2469909-cfd9-4bee-a5ce-e5d7956e64e2"
        ],
        "elapsed-time": [
          "36"
        ],
        "Strict-Transport-Security": [
          "max-age=15724800; includeSubDomains"
        ],
        "Expires": [
          "-1"
        ]
      },
      "ResponseBody": "",
      "StatusCode": 204
    },
    {
      "RequestUri": "/skillsets('azsmnet882')?api-version=2017-11-11-Preview",
      "EncodedRequestUri": "L3NraWxsc2V0cygnYXpzbW5ldDg4MicpP2FwaS12ZXJzaW9uPTIwMTctMTEtMTEtUHJldmlldw==",
      "RequestMethod": "DELETE",
      "RequestBody": "",
      "RequestHeaders": {
        "client-request-id": [
          "a2fb1142-b79b-4f29-a828-5accf1514276"
        ],
        "accept-language": [
          "en-US"
        ],
        "api-key": [
          "559D92F00D8410F3EF8687E898B5543F"
        ],
        "User-Agent": [
          "FxVersion/4.6.26614.01",
          "OSName/Windows",
          "OSVersion/Microsoft.Windows.10.0.17763.",
          "Microsoft.Azure.Search.SearchServiceClient/7.0.0.0"
        ]
      },
      "ResponseHeaders": {
        "Cache-Control": [
          "no-cache"
        ],
        "Date": [
          "Fri, 01 Feb 2019 04:35:09 GMT"
        ],
        "Pragma": [
          "no-cache"
        ],
        "request-id": [
          "a2fb1142-b79b-4f29-a828-5accf1514276"
        ],
        "elapsed-time": [
          "19"
        ],
        "Strict-Transport-Security": [
          "max-age=15724800; includeSubDomains"
        ],
        "Expires": [
          "-1"
        ]
      },
      "ResponseBody": "",
      "StatusCode": 204
    },
    {
      "RequestUri": "/skillsets('azsmnet3910')?api-version=2017-11-11-Preview",
      "EncodedRequestUri": "L3NraWxsc2V0cygnYXpzbW5ldDM5MTAnKT9hcGktdmVyc2lvbj0yMDE3LTExLTExLVByZXZpZXc=",
      "RequestMethod": "DELETE",
      "RequestBody": "",
      "RequestHeaders": {
        "client-request-id": [
          "b3695425-4ceb-46a9-9312-e3cf44ee8379"
        ],
        "accept-language": [
          "en-US"
        ],
        "api-key": [
          "559D92F00D8410F3EF8687E898B5543F"
        ],
        "User-Agent": [
          "FxVersion/4.6.26614.01",
          "OSName/Windows",
          "OSVersion/Microsoft.Windows.10.0.17763.",
          "Microsoft.Azure.Search.SearchServiceClient/7.0.0.0"
        ]
      },
      "ResponseHeaders": {
        "Cache-Control": [
          "no-cache"
        ],
        "Date": [
          "Fri, 01 Feb 2019 04:35:09 GMT"
        ],
        "Pragma": [
          "no-cache"
        ],
        "request-id": [
          "b3695425-4ceb-46a9-9312-e3cf44ee8379"
        ],
        "elapsed-time": [
          "20"
        ],
        "Strict-Transport-Security": [
          "max-age=15724800; includeSubDomains"
        ],
        "Expires": [
          "-1"
        ]
      },
      "ResponseBody": "",
      "StatusCode": 204
    },
    {
      "RequestUri": "/skillsets('azsmnet6556')?api-version=2017-11-11-Preview",
      "EncodedRequestUri": "L3NraWxsc2V0cygnYXpzbW5ldDY1NTYnKT9hcGktdmVyc2lvbj0yMDE3LTExLTExLVByZXZpZXc=",
      "RequestMethod": "DELETE",
      "RequestBody": "",
      "RequestHeaders": {
        "client-request-id": [
          "bca829c8-31ee-4f9a-b34f-96d7bce1867e"
        ],
        "accept-language": [
          "en-US"
        ],
        "api-key": [
          "559D92F00D8410F3EF8687E898B5543F"
        ],
        "User-Agent": [
          "FxVersion/4.6.26614.01",
          "OSName/Windows",
          "OSVersion/Microsoft.Windows.10.0.17763.",
          "Microsoft.Azure.Search.SearchServiceClient/7.0.0.0"
        ]
      },
      "ResponseHeaders": {
        "Cache-Control": [
          "no-cache"
        ],
        "Date": [
          "Fri, 01 Feb 2019 04:35:09 GMT"
        ],
        "Pragma": [
          "no-cache"
        ],
        "request-id": [
          "bca829c8-31ee-4f9a-b34f-96d7bce1867e"
        ],
        "elapsed-time": [
          "52"
        ],
        "Strict-Transport-Security": [
          "max-age=15724800; includeSubDomains"
        ],
        "Expires": [
          "-1"
        ]
      },
      "ResponseBody": "",
      "StatusCode": 204
    },
    {
      "RequestUri": "/skillsets('azsmnet8467')?api-version=2017-11-11-Preview",
      "EncodedRequestUri": "L3NraWxsc2V0cygnYXpzbW5ldDg0NjcnKT9hcGktdmVyc2lvbj0yMDE3LTExLTExLVByZXZpZXc=",
      "RequestMethod": "DELETE",
      "RequestBody": "",
      "RequestHeaders": {
        "client-request-id": [
          "ded1e15e-cc17-400f-966f-8ef2dcc373f2"
        ],
        "accept-language": [
          "en-US"
        ],
        "api-key": [
          "559D92F00D8410F3EF8687E898B5543F"
        ],
        "User-Agent": [
          "FxVersion/4.6.26614.01",
          "OSName/Windows",
          "OSVersion/Microsoft.Windows.10.0.17763.",
          "Microsoft.Azure.Search.SearchServiceClient/7.0.0.0"
        ]
      },
      "ResponseHeaders": {
        "Cache-Control": [
          "no-cache"
        ],
        "Date": [
          "Fri, 01 Feb 2019 04:35:09 GMT"
        ],
        "Pragma": [
          "no-cache"
        ],
        "request-id": [
          "ded1e15e-cc17-400f-966f-8ef2dcc373f2"
        ],
        "elapsed-time": [
          "28"
        ],
        "Strict-Transport-Security": [
          "max-age=15724800; includeSubDomains"
        ],
        "Expires": [
          "-1"
        ]
      },
      "ResponseBody": "",
      "StatusCode": 204
    },
    {
      "RequestUri": "/skillsets('azsmnet2553')?api-version=2017-11-11-Preview",
      "EncodedRequestUri": "L3NraWxsc2V0cygnYXpzbW5ldDI1NTMnKT9hcGktdmVyc2lvbj0yMDE3LTExLTExLVByZXZpZXc=",
      "RequestMethod": "DELETE",
      "RequestBody": "",
      "RequestHeaders": {
        "client-request-id": [
          "7c7d2918-6fab-4595-9237-6bf4f1baad61"
        ],
        "accept-language": [
          "en-US"
        ],
        "api-key": [
          "559D92F00D8410F3EF8687E898B5543F"
        ],
        "User-Agent": [
          "FxVersion/4.6.26614.01",
          "OSName/Windows",
          "OSVersion/Microsoft.Windows.10.0.17763.",
          "Microsoft.Azure.Search.SearchServiceClient/7.0.0.0"
        ]
      },
      "ResponseHeaders": {
        "Cache-Control": [
          "no-cache"
        ],
        "Date": [
          "Fri, 01 Feb 2019 04:35:09 GMT"
        ],
        "Pragma": [
          "no-cache"
        ],
        "request-id": [
          "7c7d2918-6fab-4595-9237-6bf4f1baad61"
        ],
        "elapsed-time": [
          "19"
        ],
        "Strict-Transport-Security": [
          "max-age=15724800; includeSubDomains"
        ],
        "Expires": [
          "-1"
        ]
      },
      "ResponseBody": "",
      "StatusCode": 204
    },
    {
      "RequestUri": "/subscriptions/3c729b2a-4f86-4bb2-abe8-4b8647af156c/resourceGroups/azsmnet1791/providers/Microsoft.Search/searchServices/azs-8905?api-version=2015-08-19",
      "EncodedRequestUri": "L3N1YnNjcmlwdGlvbnMvM2M3MjliMmEtNGY4Ni00YmIyLWFiZTgtNGI4NjQ3YWYxNTZjL3Jlc291cmNlR3JvdXBzL2F6c21uZXQxNzkxL3Byb3ZpZGVycy9NaWNyb3NvZnQuU2VhcmNoL3NlYXJjaFNlcnZpY2VzL2F6cy04OTA1P2FwaS12ZXJzaW9uPTIwMTUtMDgtMTk=",
      "RequestMethod": "DELETE",
      "RequestBody": "",
      "RequestHeaders": {
        "x-ms-client-request-id": [
          "69efa753-fd98-4329-817d-0a4ac4d696ce"
        ],
        "accept-language": [
          "en-US"
        ],
        "User-Agent": [
          "FxVersion/4.6.26614.01",
          "OSName/Windows",
          "OSVersion/Microsoft.Windows.10.0.17763.",
          "Microsoft.Azure.Management.Search.SearchManagementClient/2.0.1.0"
        ]
      },
      "ResponseHeaders": {
        "Cache-Control": [
          "no-cache"
        ],
        "Date": [
          "Fri, 01 Feb 2019 04:35:13 GMT"
        ],
        "Pragma": [
          "no-cache"
        ],
        "x-ms-request-id": [
          "69efa753-fd98-4329-817d-0a4ac4d696ce"
        ],
        "request-id": [
          "69efa753-fd98-4329-817d-0a4ac4d696ce"
        ],
        "elapsed-time": [
          "601"
        ],
        "Strict-Transport-Security": [
          "max-age=31536000; includeSubDomains"
        ],
        "x-ms-ratelimit-remaining-subscription-deletes": [
          "14990"
        ],
        "x-ms-correlation-request-id": [
          "eea75fbe-b45a-4f4f-979f-b2291b43e86d"
        ],
        "x-ms-routing-request-id": [
          "NORTHEUROPE:20190201T043513Z:eea75fbe-b45a-4f4f-979f-b2291b43e86d"
        ],
        "X-Content-Type-Options": [
          "nosniff"
        ],
        "Content-Length": [
          "0"
        ],
        "Expires": [
          "-1"
        ]
      },
      "ResponseBody": "",
      "StatusCode": 200
    }
  ],
  "Names": {
    "GenerateName": [
      "azsmnet1791",
      "azsmnet5991",
      "azsmnet2368",
      "azsmnet882",
      "azsmnet3910",
      "azsmnet6556",
      "azsmnet8467",
      "azsmnet2553"
    ],
    "GenerateServiceName": [
      "azs-8905"
    ]
  },
  "Variables": {
    "SubscriptionId": "3c729b2a-4f86-4bb2-abe8-4b8647af156c"
  }
}