{
  "Entries": [
    {
      "RequestUri": "/subscriptions/04de5a7a-b82a-48b3-a93d-35d2b090903a/providers/Microsoft.Web?api-version=2014-04-01-preview",
      "EncodedRequestUri": "L3N1YnNjcmlwdGlvbnMvMDRkZTVhN2EtYjgyYS00OGIzLWE5M2QtMzVkMmIwOTA5MDNhL3Byb3ZpZGVycy9NaWNyb3NvZnQuV2ViP2FwaS12ZXJzaW9uPTIwMTQtMDQtMDEtcHJldmlldw==",
      "RequestMethod": "GET",
      "RequestBody": "",
      "RequestHeaders": {
        "x-ms-client-request-id": [
          "fad335d8-f551-4214-8c2a-1d743aea7c57"
        ],
        "accept-language": [
          "en-US"
        ],
        "User-Agent": [
          "Microsoft.Azure.Management.Resources.ResourceManagementClient/2.0.0.0"
        ]
      },
      "ResponseBody": "{\r\n  \"id\": \"/subscriptions/04de5a7a-b82a-48b3-a93d-35d2b090903a/providers/Microsoft.Web\",\r\n  \"namespace\": \"Microsoft.Web\",\r\n  \"authorization\": {\r\n    \"applicationId\": \"abfa0a7c-a6b6-4736-8310-5855508787cd\",\r\n    \"roleDefinitionId\": \"f47ed98b-b063-4a5b-9e10-4b9b44fa7735\"\r\n  },\r\n  \"resourceTypes\": [\r\n    {\r\n      \"resourceType\": \"sites/extensions\",\r\n      \"locations\": [\r\n        \"West US\",\r\n        \"East US\"\r\n      ],\r\n      \"apiVersions\": [\r\n        \"2015-08-01\",\r\n        \"2015-06-01\",\r\n        \"2015-05-01\",\r\n        \"2015-04-01-privatepreview\",\r\n        \"2015-04-01\",\r\n        \"2015-02-01-privatepreview\",\r\n        \"2015-02-01\",\r\n        \"2014-11-01-privatepreview\",\r\n        \"2014-11-01\",\r\n        \"2014-06-01\",\r\n        \"2014-04-01\"\r\n      ]\r\n    },\r\n    {\r\n      \"resourceType\": \"sites/slots/extensions\",\r\n      \"locations\": [\r\n        \"West US\",\r\n        \"East US\"\r\n      ],\r\n      \"apiVersions\": [\r\n        \"2015-08-01\",\r\n        \"2015-06-01\",\r\n        \"2015-05-01\",\r\n        \"2015-04-01-privatepreview\",\r\n        \"2015-04-01\",\r\n        \"2015-02-01-privatepreview\",\r\n        \"2015-02-01\",\r\n        \"2014-11-01-privatepreview\",\r\n        \"2014-11-01\",\r\n        \"2014-06-01\",\r\n        \"2014-04-01\"\r\n      ]\r\n    },\r\n    {\r\n      \"resourceType\": \"sites/instances\",\r\n      \"locations\": [\r\n        \"West US\",\r\n        \"East US\"\r\n      ],\r\n      \"apiVersions\": [\r\n        \"2015-08-01\",\r\n        \"2015-06-01\",\r\n        \"2015-05-01\",\r\n        \"2015-04-01-privatepreview\",\r\n        \"2015-04-01\",\r\n        \"2015-02-01-privatepreview\",\r\n        \"2015-02-01\",\r\n        \"2014-11-01-privatepreview\",\r\n        \"2014-11-01\",\r\n        \"2014-06-01\",\r\n        \"2014-04-01\"\r\n      ]\r\n    },\r\n    {\r\n      \"resourceType\": \"sites/slots/instances\",\r\n      \"locations\": [\r\n        \"West US\",\r\n        \"East US\"\r\n      ],\r\n      \"apiVersions\": [\r\n        \"2015-08-01\",\r\n        \"2015-06-01\",\r\n        \"2015-05-01\",\r\n        \"2015-04-01-privatepreview\",\r\n        \"2015-04-01\",\r\n        \"2015-02-01-privatepreview\",\r\n        \"2015-02-01\",\r\n        \"2014-11-01-privatepreview\",\r\n        \"2014-11-01\",\r\n        \"2014-06-01\",\r\n        \"2014-04-01\"\r\n      ]\r\n    },\r\n    {\r\n      \"resourceType\": \"sites/instances/extensions\",\r\n      \"locations\": [\r\n        \"West US\",\r\n        \"East US\"\r\n      ],\r\n      \"apiVersions\": [\r\n        \"2015-08-01\",\r\n        \"2015-06-01\",\r\n        \"2015-05-01\",\r\n        \"2015-04-01-privatepreview\",\r\n        \"2015-04-01\",\r\n        \"2015-02-01-privatepreview\",\r\n        \"2015-02-01\",\r\n        \"2014-11-01-privatepreview\",\r\n        \"2014-11-01\",\r\n        \"2014-06-01\",\r\n        \"2014-04-01\"\r\n      ]\r\n    },\r\n    {\r\n      \"resourceType\": \"sites/slots/instances/extensions\",\r\n      \"locations\": [\r\n        \"West US\",\r\n        \"East US\"\r\n      ],\r\n      \"apiVersions\": [\r\n        \"2015-08-01\",\r\n        \"2015-06-01\",\r\n        \"2015-05-01\",\r\n        \"2015-04-01-privatepreview\",\r\n        \"2015-04-01\",\r\n        \"2015-02-01-privatepreview\",\r\n        \"2015-02-01\",\r\n        \"2014-11-01-privatepreview\",\r\n        \"2014-11-01\",\r\n        \"2014-06-01\",\r\n        \"2014-04-01\"\r\n      ]\r\n    },\r\n    {\r\n      \"resourceType\": \"publishingUsers\",\r\n      \"locations\": [\r\n        \"West US\",\r\n        \"East US\"\r\n      ],\r\n      \"apiVersions\": [\r\n        \"2015-08-01\",\r\n        \"2015-06-01\",\r\n        \"2015-05-01\",\r\n        \"2015-04-01-privatepreview\",\r\n        \"2015-04-01\",\r\n        \"2015-02-01-privatepreview\",\r\n        \"2015-02-01\",\r\n        \"2014-11-01-privatepreview\",\r\n        \"2014-11-01\",\r\n        \"2014-06-01\",\r\n        \"2014-04-01-privatepreview\",\r\n        \"2014-04-01\"\r\n      ]\r\n    },\r\n    {\r\n      \"resourceType\": \"sourceControls\",\r\n      \"locations\": [\r\n        \"West US\",\r\n        \"East US\"\r\n      ],\r\n      \"apiVersions\": [\r\n        \"2015-08-01\",\r\n        \"2015-06-01\",\r\n        \"2015-05-01\",\r\n        \"2015-04-01-privatepreview\",\r\n        \"2015-04-01\",\r\n        \"2015-02-01-privatepreview\",\r\n        \"2015-02-01\",\r\n        \"2014-11-01-privatepreview\",\r\n        \"2014-11-01\",\r\n        \"2014-06-01\",\r\n        \"2014-04-01-privatepreview\",\r\n        \"2014-04-01\"\r\n      ]\r\n    },\r\n    {\r\n      \"resourceType\": \"sites/hostNameBindings\",\r\n      \"locations\": [\r\n        \"South Central US\",\r\n        \"East US\"\r\n      ],\r\n      \"apiVersions\": [\r\n        \"2015-08-01\",\r\n        \"2015-04-01-privatepreview\",\r\n        \"2015-04-01\",\r\n        \"2015-02-01-privatepreview\",\r\n        \"2015-02-01\",\r\n        \"2014-11-01-privatepreview\",\r\n        \"2014-11-01\"\r\n      ]\r\n    },\r\n    {\r\n      \"resourceType\": \"sites/slots/hostNameBindings\",\r\n      \"locations\": [\r\n        \"South Central US\",\r\n        \"East US\"\r\n      ],\r\n      \"apiVersions\": [\r\n        \"2015-08-01\",\r\n        \"2015-04-01-privatepreview\",\r\n        \"2015-04-01\",\r\n        \"2015-02-01-privatepreview\",\r\n        \"2015-02-01\",\r\n        \"2014-11-01-privatepreview\",\r\n        \"2014-11-01\"\r\n      ]\r\n    },\r\n    {\r\n      \"resourceType\": \"certificates\",\r\n      \"locations\": [\r\n        \"West US\",\r\n        \"East US\"\r\n      ],\r\n      \"apiVersions\": [\r\n        \"2015-08-01\",\r\n        \"2015-06-01\",\r\n        \"2015-05-01\",\r\n        \"2015-04-01-privatepreview\",\r\n        \"2015-04-01\",\r\n        \"2015-02-02\",\r\n        \"2015-02-01-privatepreview\",\r\n        \"2015-02-01\",\r\n        \"2014-11-01-privatepreview\",\r\n        \"2014-11-01\",\r\n        \"2014-06-01\",\r\n        \"2014-04-01-privatepreview\",\r\n        \"2014-04-01\"\r\n      ]\r\n    },\r\n    {\r\n      \"resourceType\": \"serverFarms\",\r\n      \"locations\": [\r\n        \"West US\",\r\n        \"East US\"\r\n      ],\r\n      \"apiVersions\": [\r\n        \"2015-08-01-privatepreview\",\r\n        \"2015-08-01\",\r\n        \"2015-06-01-privatepreview\",\r\n        \"2015-06-01\",\r\n        \"2015-05-01\",\r\n        \"2015-04-01-privatepreview\",\r\n        \"2015-04-01\",\r\n        \"2015-02-02\",\r\n        \"2015-02-01-privatepreview\",\r\n        \"2015-02-01\",\r\n        \"2014-11-01-privatepreview\",\r\n        \"2014-11-01\",\r\n        \"2014-06-01\",\r\n        \"2014-04-01-privatepreview\",\r\n        \"2014-04-01\"\r\n      ]\r\n    },\r\n    {\r\n      \"resourceType\": \"sites\",\r\n      \"locations\": [\r\n        \"West US\",\r\n        \"East US\"\r\n      ],\r\n      \"apiVersions\": [\r\n        \"2015-08-01-privatepreview\",\r\n        \"2015-08-01\",\r\n        \"2015-06-01\",\r\n        \"2015-05-01\",\r\n        \"2015-04-01-privatepreview\",\r\n        \"2015-04-01\",\r\n        \"2015-02-01-privatepreview\",\r\n        \"2015-02-01\",\r\n        \"2014-11-01-privatepreview\",\r\n        \"2014-11-01\",\r\n        \"2014-06-01\",\r\n        \"2014-04-01\"\r\n      ]\r\n    },\r\n    {\r\n      \"resourceType\": \"runtimes\",\r\n      \"locations\": [],\r\n      \"apiVersions\": [\r\n        \"2015-08-01\",\r\n        \"2015-06-01\",\r\n        \"2015-05-01\",\r\n        \"2015-04-01-privatepreview\",\r\n        \"2015-04-01\",\r\n        \"2015-02-01-privatepreview\",\r\n        \"2015-02-01\",\r\n        \"2014-11-01-privatepreview\",\r\n        \"2014-11-01\",\r\n        \"2014-06-01\",\r\n        \"2014-04-01-privatepreview\",\r\n        \"2014-04-01\"\r\n      ]\r\n    },\r\n    {\r\n      \"resourceType\": \"sites/slots\",\r\n      \"locations\": [\r\n        \"West US\",\r\n        \"East US\"\r\n      ],\r\n      \"apiVersions\": [\r\n        \"2015-08-01-privatepreview\",\r\n        \"2015-08-01\",\r\n        \"2015-06-01\",\r\n        \"2015-05-01\",\r\n        \"2015-04-01-privatepreview\",\r\n        \"2015-04-01\",\r\n        \"2015-02-02\",\r\n        \"2015-02-01-privatepreview\",\r\n        \"2015-02-01\",\r\n        \"2014-11-01-privatepreview\",\r\n        \"2014-11-01\",\r\n        \"2014-06-01\",\r\n        \"2014-04-01-privatepreview\",\r\n        \"2014-04-01\"\r\n      ]\r\n    },\r\n    {\r\n      \"resourceType\": \"sites/metrics\",\r\n      \"locations\": [],\r\n      \"apiVersions\": [\r\n        \"2015-06-01\",\r\n        \"2015-05-01\",\r\n        \"2015-04-01\",\r\n        \"2015-02-01\",\r\n        \"2014-11-01\",\r\n        \"2014-06-01\",\r\n        \"2014-04-01-privatepreview\",\r\n        \"2014-04-01\"\r\n      ]\r\n    },\r\n    {\r\n      \"resourceType\": \"sites/metricDefinitions\",\r\n      \"locations\": [],\r\n      \"apiVersions\": [\r\n        \"2015-06-01\",\r\n        \"2015-05-01\",\r\n        \"2015-04-01\",\r\n        \"2015-02-01\",\r\n        \"2014-11-01\",\r\n        \"2014-06-01\",\r\n        \"2014-04-01-privatepreview\",\r\n        \"2014-04-01\"\r\n      ]\r\n    },\r\n    {\r\n      \"resourceType\": \"serverFarms/metrics\",\r\n      \"locations\": [],\r\n      \"apiVersions\": [\r\n        \"2015-06-01\",\r\n        \"2015-05-01\",\r\n        \"2015-04-01-privatepreview\",\r\n        \"2015-04-01\",\r\n        \"2015-02-01-privatepreview\",\r\n        \"2015-02-01\",\r\n        \"2014-11-01-privatepreview\",\r\n        \"2014-11-01\",\r\n        \"2014-06-01\",\r\n        \"2014-04-01-privatepreview\",\r\n        \"2014-04-01\"\r\n      ]\r\n    },\r\n    {\r\n      \"resourceType\": \"serverFarms/metricDefinitions\",\r\n      \"locations\": [],\r\n      \"apiVersions\": [\r\n        \"2015-06-01\",\r\n        \"2015-05-01\",\r\n        \"2015-04-01\",\r\n        \"2015-02-01\",\r\n        \"2014-11-01\",\r\n        \"2014-06-01\",\r\n        \"2014-04-01-privatepreview\",\r\n        \"2014-04-01\"\r\n      ]\r\n    },\r\n    {\r\n      \"resourceType\": \"georegions\",\r\n      \"locations\": [],\r\n      \"apiVersions\": [\r\n        \"2015-08-01\",\r\n        \"2015-06-01\",\r\n        \"2015-05-01\",\r\n        \"2015-04-01-privatepreview\",\r\n        \"2015-04-01\",\r\n        \"2015-02-01-privatepreview\",\r\n        \"2015-02-01\",\r\n        \"2014-11-01-privatepreview\",\r\n        \"2014-11-01\",\r\n        \"2014-06-01\",\r\n        \"2014-04-01-privatepreview\",\r\n        \"2014-04-01\"\r\n      ]\r\n    },\r\n    {\r\n      \"resourceType\": \"webquotas\",\r\n      \"locations\": [],\r\n      \"apiVersions\": [\r\n        \"2015-08-01\",\r\n        \"2015-06-01\",\r\n        \"2015-05-01\",\r\n        \"2015-04-01-privatepreview\",\r\n        \"2015-04-01\",\r\n        \"2015-02-01-privatepreview\",\r\n        \"2015-02-01\",\r\n        \"2014-11-01-privatepreview\",\r\n        \"2014-11-01\",\r\n        \"2014-06-01\",\r\n        \"2014-04-01-privatepreview\",\r\n        \"2014-04-01\"\r\n      ]\r\n    },\r\n    {\r\n      \"resourceType\": \"sites/premierAddOns\",\r\n      \"locations\": [],\r\n      \"apiVersions\": [\r\n        \"2015-08-01\",\r\n        \"2015-06-01\",\r\n        \"2015-05-01\",\r\n        \"2015-04-01-privatepreview\",\r\n        \"2015-04-01\",\r\n        \"2015-02-01-privatepreview\",\r\n        \"2015-02-01\",\r\n        \"2014-11-01-privatepreview\",\r\n        \"2014-11-01\",\r\n        \"2014-06-01\",\r\n        \"2014-04-01\"\r\n      ]\r\n    },\r\n    {\r\n      \"resourceType\": \"hostingEnvironments\",\r\n      \"locations\": [\r\n        \"West US\",\r\n        \"East US\"\r\n      ],\r\n      \"apiVersions\": [\r\n        \"2015-08-01\",\r\n        \"2015-06-01\",\r\n        \"2015-05-01\",\r\n        \"2015-04-01-privatepreview\",\r\n        \"2015-04-01\",\r\n        \"2015-02-01-privatepreview\",\r\n        \"2015-02-01\",\r\n        \"2014-11-01-privatepreview\",\r\n        \"2014-11-01\",\r\n        \"2014-06-01\",\r\n        \"2014-04-01-privatepreview\",\r\n        \"2014-04-01\"\r\n      ]\r\n    }\r\n  ],\r\n  \"registrationState\": \"Registered\"\r\n}",
      "ResponseHeaders": {
        "Content-Length": [
          "6600"
        ],
        "Content-Type": [
          "application/json; charset=utf-8"
        ],
        "Expires": [
          "-1"
        ],
        "Pragma": [
          "no-cache"
        ],
        "x-ms-ratelimit-remaining-subscription-reads": [
          "14986"
        ],
        "x-ms-request-id": [
          "3c21d41e-17ef-41be-a9e0-02a9d8f118e3"
        ],
        "x-ms-correlation-request-id": [
          "3c21d41e-17ef-41be-a9e0-02a9d8f118e3"
        ],
        "x-ms-routing-request-id": [
          "CENTRALUS:20150807T031508Z:3c21d41e-17ef-41be-a9e0-02a9d8f118e3"
        ],
        "Strict-Transport-Security": [
          "max-age=31536000; includeSubDomains"
        ],
        "Cache-Control": [
          "no-cache"
        ],
        "Date": [
          "Fri, 07 Aug 2015 03:15:07 GMT"
        ]
      },
      "StatusCode": 200
    },
    {
      "RequestUri": "/subscriptions/04de5a7a-b82a-48b3-a93d-35d2b090903a/providers/Microsoft.Web?api-version=2014-04-01-preview",
      "EncodedRequestUri": "L3N1YnNjcmlwdGlvbnMvMDRkZTVhN2EtYjgyYS00OGIzLWE5M2QtMzVkMmIwOTA5MDNhL3Byb3ZpZGVycy9NaWNyb3NvZnQuV2ViP2FwaS12ZXJzaW9uPTIwMTQtMDQtMDEtcHJldmlldw==",
      "RequestMethod": "GET",
      "RequestBody": "",
      "RequestHeaders": {
        "x-ms-client-request-id": [
          "fad335d8-f551-4214-8c2a-1d743aea7c57"
        ],
        "accept-language": [
          "en-US"
        ],
        "User-Agent": [
          "Microsoft.Azure.Management.Resources.ResourceManagementClient/2.0.0.0"
        ]
      },
      "ResponseBody": "{\r\n  \"id\": \"/subscriptions/04de5a7a-b82a-48b3-a93d-35d2b090903a/providers/Microsoft.Web\",\r\n  \"namespace\": \"Microsoft.Web\",\r\n  \"authorization\": {\r\n    \"applicationId\": \"abfa0a7c-a6b6-4736-8310-5855508787cd\",\r\n    \"roleDefinitionId\": \"f47ed98b-b063-4a5b-9e10-4b9b44fa7735\"\r\n  },\r\n  \"resourceTypes\": [\r\n    {\r\n      \"resourceType\": \"sites/extensions\",\r\n      \"locations\": [\r\n        \"West US\",\r\n        \"East US\"\r\n      ],\r\n      \"apiVersions\": [\r\n        \"2015-08-01\",\r\n        \"2015-06-01\",\r\n        \"2015-05-01\",\r\n        \"2015-04-01-privatepreview\",\r\n        \"2015-04-01\",\r\n        \"2015-02-01-privatepreview\",\r\n        \"2015-02-01\",\r\n        \"2014-11-01-privatepreview\",\r\n        \"2014-11-01\",\r\n        \"2014-06-01\",\r\n        \"2014-04-01\"\r\n      ]\r\n    },\r\n    {\r\n      \"resourceType\": \"sites/slots/extensions\",\r\n      \"locations\": [\r\n        \"West US\",\r\n        \"East US\"\r\n      ],\r\n      \"apiVersions\": [\r\n        \"2015-08-01\",\r\n        \"2015-06-01\",\r\n        \"2015-05-01\",\r\n        \"2015-04-01-privatepreview\",\r\n        \"2015-04-01\",\r\n        \"2015-02-01-privatepreview\",\r\n        \"2015-02-01\",\r\n        \"2014-11-01-privatepreview\",\r\n        \"2014-11-01\",\r\n        \"2014-06-01\",\r\n        \"2014-04-01\"\r\n      ]\r\n    },\r\n    {\r\n      \"resourceType\": \"sites/instances\",\r\n      \"locations\": [\r\n        \"West US\",\r\n        \"East US\"\r\n      ],\r\n      \"apiVersions\": [\r\n        \"2015-08-01\",\r\n        \"2015-06-01\",\r\n        \"2015-05-01\",\r\n        \"2015-04-01-privatepreview\",\r\n        \"2015-04-01\",\r\n        \"2015-02-01-privatepreview\",\r\n        \"2015-02-01\",\r\n        \"2014-11-01-privatepreview\",\r\n        \"2014-11-01\",\r\n        \"2014-06-01\",\r\n        \"2014-04-01\"\r\n      ]\r\n    },\r\n    {\r\n      \"resourceType\": \"sites/slots/instances\",\r\n      \"locations\": [\r\n        \"West US\",\r\n        \"East US\"\r\n      ],\r\n      \"apiVersions\": [\r\n        \"2015-08-01\",\r\n        \"2015-06-01\",\r\n        \"2015-05-01\",\r\n        \"2015-04-01-privatepreview\",\r\n        \"2015-04-01\",\r\n        \"2015-02-01-privatepreview\",\r\n        \"2015-02-01\",\r\n        \"2014-11-01-privatepreview\",\r\n        \"2014-11-01\",\r\n        \"2014-06-01\",\r\n        \"2014-04-01\"\r\n      ]\r\n    },\r\n    {\r\n      \"resourceType\": \"sites/instances/extensions\",\r\n      \"locations\": [\r\n        \"West US\",\r\n        \"East US\"\r\n      ],\r\n      \"apiVersions\": [\r\n        \"2015-08-01\",\r\n        \"2015-06-01\",\r\n        \"2015-05-01\",\r\n        \"2015-04-01-privatepreview\",\r\n        \"2015-04-01\",\r\n        \"2015-02-01-privatepreview\",\r\n        \"2015-02-01\",\r\n        \"2014-11-01-privatepreview\",\r\n        \"2014-11-01\",\r\n        \"2014-06-01\",\r\n        \"2014-04-01\"\r\n      ]\r\n    },\r\n    {\r\n      \"resourceType\": \"sites/slots/instances/extensions\",\r\n      \"locations\": [\r\n        \"West US\",\r\n        \"East US\"\r\n      ],\r\n      \"apiVersions\": [\r\n        \"2015-08-01\",\r\n        \"2015-06-01\",\r\n        \"2015-05-01\",\r\n        \"2015-04-01-privatepreview\",\r\n        \"2015-04-01\",\r\n        \"2015-02-01-privatepreview\",\r\n        \"2015-02-01\",\r\n        \"2014-11-01-privatepreview\",\r\n        \"2014-11-01\",\r\n        \"2014-06-01\",\r\n        \"2014-04-01\"\r\n      ]\r\n    },\r\n    {\r\n      \"resourceType\": \"publishingUsers\",\r\n      \"locations\": [\r\n        \"West US\",\r\n        \"East US\"\r\n      ],\r\n      \"apiVersions\": [\r\n        \"2015-08-01\",\r\n        \"2015-06-01\",\r\n        \"2015-05-01\",\r\n        \"2015-04-01-privatepreview\",\r\n        \"2015-04-01\",\r\n        \"2015-02-01-privatepreview\",\r\n        \"2015-02-01\",\r\n        \"2014-11-01-privatepreview\",\r\n        \"2014-11-01\",\r\n        \"2014-06-01\",\r\n        \"2014-04-01-privatepreview\",\r\n        \"2014-04-01\"\r\n      ]\r\n    },\r\n    {\r\n      \"resourceType\": \"sourceControls\",\r\n      \"locations\": [\r\n        \"West US\",\r\n        \"East US\"\r\n      ],\r\n      \"apiVersions\": [\r\n        \"2015-08-01\",\r\n        \"2015-06-01\",\r\n        \"2015-05-01\",\r\n        \"2015-04-01-privatepreview\",\r\n        \"2015-04-01\",\r\n        \"2015-02-01-privatepreview\",\r\n        \"2015-02-01\",\r\n        \"2014-11-01-privatepreview\",\r\n        \"2014-11-01\",\r\n        \"2014-06-01\",\r\n        \"2014-04-01-privatepreview\",\r\n        \"2014-04-01\"\r\n      ]\r\n    },\r\n    {\r\n      \"resourceType\": \"sites/hostNameBindings\",\r\n      \"locations\": [\r\n        \"South Central US\",\r\n        \"East US\"\r\n      ],\r\n      \"apiVersions\": [\r\n        \"2015-08-01\",\r\n        \"2015-04-01-privatepreview\",\r\n        \"2015-04-01\",\r\n        \"2015-02-01-privatepreview\",\r\n        \"2015-02-01\",\r\n        \"2014-11-01-privatepreview\",\r\n        \"2014-11-01\"\r\n      ]\r\n    },\r\n    {\r\n      \"resourceType\": \"sites/slots/hostNameBindings\",\r\n      \"locations\": [\r\n        \"South Central US\",\r\n        \"East US\"\r\n      ],\r\n      \"apiVersions\": [\r\n        \"2015-08-01\",\r\n        \"2015-04-01-privatepreview\",\r\n        \"2015-04-01\",\r\n        \"2015-02-01-privatepreview\",\r\n        \"2015-02-01\",\r\n        \"2014-11-01-privatepreview\",\r\n        \"2014-11-01\"\r\n      ]\r\n    },\r\n    {\r\n      \"resourceType\": \"certificates\",\r\n      \"locations\": [\r\n        \"West US\",\r\n        \"East US\"\r\n      ],\r\n      \"apiVersions\": [\r\n        \"2015-08-01\",\r\n        \"2015-06-01\",\r\n        \"2015-05-01\",\r\n        \"2015-04-01-privatepreview\",\r\n        \"2015-04-01\",\r\n        \"2015-02-02\",\r\n        \"2015-02-01-privatepreview\",\r\n        \"2015-02-01\",\r\n        \"2014-11-01-privatepreview\",\r\n        \"2014-11-01\",\r\n        \"2014-06-01\",\r\n        \"2014-04-01-privatepreview\",\r\n        \"2014-04-01\"\r\n      ]\r\n    },\r\n    {\r\n      \"resourceType\": \"serverFarms\",\r\n      \"locations\": [\r\n        \"West US\",\r\n        \"East US\"\r\n      ],\r\n      \"apiVersions\": [\r\n        \"2015-08-01-privatepreview\",\r\n        \"2015-08-01\",\r\n        \"2015-06-01-privatepreview\",\r\n        \"2015-06-01\",\r\n        \"2015-05-01\",\r\n        \"2015-04-01-privatepreview\",\r\n        \"2015-04-01\",\r\n        \"2015-02-02\",\r\n        \"2015-02-01-privatepreview\",\r\n        \"2015-02-01\",\r\n        \"2014-11-01-privatepreview\",\r\n        \"2014-11-01\",\r\n        \"2014-06-01\",\r\n        \"2014-04-01-privatepreview\",\r\n        \"2014-04-01\"\r\n      ]\r\n    },\r\n    {\r\n      \"resourceType\": \"sites\",\r\n      \"locations\": [\r\n        \"West US\",\r\n        \"East US\"\r\n      ],\r\n      \"apiVersions\": [\r\n        \"2015-08-01-privatepreview\",\r\n        \"2015-08-01\",\r\n        \"2015-06-01\",\r\n        \"2015-05-01\",\r\n        \"2015-04-01-privatepreview\",\r\n        \"2015-04-01\",\r\n        \"2015-02-01-privatepreview\",\r\n        \"2015-02-01\",\r\n        \"2014-11-01-privatepreview\",\r\n        \"2014-11-01\",\r\n        \"2014-06-01\",\r\n        \"2014-04-01\"\r\n      ]\r\n    },\r\n    {\r\n      \"resourceType\": \"runtimes\",\r\n      \"locations\": [],\r\n      \"apiVersions\": [\r\n        \"2015-08-01\",\r\n        \"2015-06-01\",\r\n        \"2015-05-01\",\r\n        \"2015-04-01-privatepreview\",\r\n        \"2015-04-01\",\r\n        \"2015-02-01-privatepreview\",\r\n        \"2015-02-01\",\r\n        \"2014-11-01-privatepreview\",\r\n        \"2014-11-01\",\r\n        \"2014-06-01\",\r\n        \"2014-04-01-privatepreview\",\r\n        \"2014-04-01\"\r\n      ]\r\n    },\r\n    {\r\n      \"resourceType\": \"sites/slots\",\r\n      \"locations\": [\r\n        \"West US\",\r\n        \"East US\"\r\n      ],\r\n      \"apiVersions\": [\r\n        \"2015-08-01-privatepreview\",\r\n        \"2015-08-01\",\r\n        \"2015-06-01\",\r\n        \"2015-05-01\",\r\n        \"2015-04-01-privatepreview\",\r\n        \"2015-04-01\",\r\n        \"2015-02-02\",\r\n        \"2015-02-01-privatepreview\",\r\n        \"2015-02-01\",\r\n        \"2014-11-01-privatepreview\",\r\n        \"2014-11-01\",\r\n        \"2014-06-01\",\r\n        \"2014-04-01-privatepreview\",\r\n        \"2014-04-01\"\r\n      ]\r\n    },\r\n    {\r\n      \"resourceType\": \"sites/metrics\",\r\n      \"locations\": [],\r\n      \"apiVersions\": [\r\n        \"2015-06-01\",\r\n        \"2015-05-01\",\r\n        \"2015-04-01\",\r\n        \"2015-02-01\",\r\n        \"2014-11-01\",\r\n        \"2014-06-01\",\r\n        \"2014-04-01-privatepreview\",\r\n        \"2014-04-01\"\r\n      ]\r\n    },\r\n    {\r\n      \"resourceType\": \"sites/metricDefinitions\",\r\n      \"locations\": [],\r\n      \"apiVersions\": [\r\n        \"2015-06-01\",\r\n        \"2015-05-01\",\r\n        \"2015-04-01\",\r\n        \"2015-02-01\",\r\n        \"2014-11-01\",\r\n        \"2014-06-01\",\r\n        \"2014-04-01-privatepreview\",\r\n        \"2014-04-01\"\r\n      ]\r\n    },\r\n    {\r\n      \"resourceType\": \"serverFarms/metrics\",\r\n      \"locations\": [],\r\n      \"apiVersions\": [\r\n        \"2015-06-01\",\r\n        \"2015-05-01\",\r\n        \"2015-04-01-privatepreview\",\r\n        \"2015-04-01\",\r\n        \"2015-02-01-privatepreview\",\r\n        \"2015-02-01\",\r\n        \"2014-11-01-privatepreview\",\r\n        \"2014-11-01\",\r\n        \"2014-06-01\",\r\n        \"2014-04-01-privatepreview\",\r\n        \"2014-04-01\"\r\n      ]\r\n    },\r\n    {\r\n      \"resourceType\": \"serverFarms/metricDefinitions\",\r\n      \"locations\": [],\r\n      \"apiVersions\": [\r\n        \"2015-06-01\",\r\n        \"2015-05-01\",\r\n        \"2015-04-01\",\r\n        \"2015-02-01\",\r\n        \"2014-11-01\",\r\n        \"2014-06-01\",\r\n        \"2014-04-01-privatepreview\",\r\n        \"2014-04-01\"\r\n      ]\r\n    },\r\n    {\r\n      \"resourceType\": \"georegions\",\r\n      \"locations\": [],\r\n      \"apiVersions\": [\r\n        \"2015-08-01\",\r\n        \"2015-06-01\",\r\n        \"2015-05-01\",\r\n        \"2015-04-01-privatepreview\",\r\n        \"2015-04-01\",\r\n        \"2015-02-01-privatepreview\",\r\n        \"2015-02-01\",\r\n        \"2014-11-01-privatepreview\",\r\n        \"2014-11-01\",\r\n        \"2014-06-01\",\r\n        \"2014-04-01-privatepreview\",\r\n        \"2014-04-01\"\r\n      ]\r\n    },\r\n    {\r\n      \"resourceType\": \"webquotas\",\r\n      \"locations\": [],\r\n      \"apiVersions\": [\r\n        \"2015-08-01\",\r\n        \"2015-06-01\",\r\n        \"2015-05-01\",\r\n        \"2015-04-01-privatepreview\",\r\n        \"2015-04-01\",\r\n        \"2015-02-01-privatepreview\",\r\n        \"2015-02-01\",\r\n        \"2014-11-01-privatepreview\",\r\n        \"2014-11-01\",\r\n        \"2014-06-01\",\r\n        \"2014-04-01-privatepreview\",\r\n        \"2014-04-01\"\r\n      ]\r\n    },\r\n    {\r\n      \"resourceType\": \"sites/premierAddOns\",\r\n      \"locations\": [],\r\n      \"apiVersions\": [\r\n        \"2015-08-01\",\r\n        \"2015-06-01\",\r\n        \"2015-05-01\",\r\n        \"2015-04-01-privatepreview\",\r\n        \"2015-04-01\",\r\n        \"2015-02-01-privatepreview\",\r\n        \"2015-02-01\",\r\n        \"2014-11-01-privatepreview\",\r\n        \"2014-11-01\",\r\n        \"2014-06-01\",\r\n        \"2014-04-01\"\r\n      ]\r\n    },\r\n    {\r\n      \"resourceType\": \"hostingEnvironments\",\r\n      \"locations\": [\r\n        \"West US\",\r\n        \"East US\"\r\n      ],\r\n      \"apiVersions\": [\r\n        \"2015-08-01\",\r\n        \"2015-06-01\",\r\n        \"2015-05-01\",\r\n        \"2015-04-01-privatepreview\",\r\n        \"2015-04-01\",\r\n        \"2015-02-01-privatepreview\",\r\n        \"2015-02-01\",\r\n        \"2014-11-01-privatepreview\",\r\n        \"2014-11-01\",\r\n        \"2014-06-01\",\r\n        \"2014-04-01-privatepreview\",\r\n        \"2014-04-01\"\r\n      ]\r\n    }\r\n  ],\r\n  \"registrationState\": \"Registered\"\r\n}",
      "ResponseHeaders": {
        "Content-Length": [
          "6600"
        ],
        "Content-Type": [
          "application/json; charset=utf-8"
        ],
        "Expires": [
          "-1"
        ],
        "Pragma": [
          "no-cache"
        ],
        "x-ms-ratelimit-remaining-subscription-reads": [
          "14986"
        ],
        "x-ms-request-id": [
          "3c21d41e-17ef-41be-a9e0-02a9d8f118e3"
        ],
        "x-ms-correlation-request-id": [
          "3c21d41e-17ef-41be-a9e0-02a9d8f118e3"
        ],
        "x-ms-routing-request-id": [
          "CENTRALUS:20150807T031508Z:3c21d41e-17ef-41be-a9e0-02a9d8f118e3"
        ],
        "Strict-Transport-Security": [
          "max-age=31536000; includeSubDomains"
        ],
        "Cache-Control": [
          "no-cache"
        ],
        "Date": [
          "Fri, 07 Aug 2015 03:15:07 GMT"
        ]
      },
      "StatusCode": 200
    },
    {
      "RequestUri": "/subscriptions/04de5a7a-b82a-48b3-a93d-35d2b090903a/resourcegroups/csmrg3252?api-version=2014-04-01-preview",
      "EncodedRequestUri": "L3N1YnNjcmlwdGlvbnMvMDRkZTVhN2EtYjgyYS00OGIzLWE5M2QtMzVkMmIwOTA5MDNhL3Jlc291cmNlZ3JvdXBzL2NzbXJnMzI1Mj9hcGktdmVyc2lvbj0yMDE0LTA0LTAxLXByZXZpZXc=",
      "RequestMethod": "PUT",
      "RequestBody": "{\r\n  \"location\": \"West US\"\r\n}",
      "RequestHeaders": {
        "Content-Type": [
          "application/json; charset=utf-8"
        ],
        "Content-Length": [
          "29"
        ],
        "x-ms-client-request-id": [
          "9b37ab54-5e51-45ea-8815-026a8da6b68d"
        ],
        "accept-language": [
          "en-US"
        ],
        "User-Agent": [
          "Microsoft.Azure.Management.Resources.ResourceManagementClient/2.0.0.0"
        ]
      },
      "ResponseBody": "{\r\n  \"id\": \"/subscriptions/04de5a7a-b82a-48b3-a93d-35d2b090903a/resourceGroups/csmrg3252\",\r\n  \"name\": \"csmrg3252\",\r\n  \"location\": \"westus\",\r\n  \"properties\": {\r\n    \"provisioningState\": \"Succeeded\"\r\n  }\r\n}",
      "ResponseHeaders": {
        "Content-Length": [
          "171"
        ],
        "Content-Type": [
          "application/json; charset=utf-8"
        ],
        "Expires": [
          "-1"
        ],
        "Pragma": [
          "no-cache"
        ],
        "x-ms-ratelimit-remaining-subscription-writes": [
          "1167"
        ],
        "x-ms-request-id": [
          "c23da251-5629-426d-9b1b-fafd3c0b2268"
        ],
        "x-ms-correlation-request-id": [
          "c23da251-5629-426d-9b1b-fafd3c0b2268"
        ],
        "x-ms-routing-request-id": [
          "CENTRALUS:20150807T031508Z:c23da251-5629-426d-9b1b-fafd3c0b2268"
        ],
        "Strict-Transport-Security": [
          "max-age=31536000; includeSubDomains"
        ],
        "Cache-Control": [
          "no-cache"
        ],
        "Date": [
          "Fri, 07 Aug 2015 03:15:07 GMT"
        ]
      },
      "StatusCode": 201
    },
    {
      "RequestUri": "/subscriptions/04de5a7a-b82a-48b3-a93d-35d2b090903a/resourcegroups/csmrg3252?api-version=2014-04-01-preview",
      "EncodedRequestUri": "L3N1YnNjcmlwdGlvbnMvMDRkZTVhN2EtYjgyYS00OGIzLWE5M2QtMzVkMmIwOTA5MDNhL3Jlc291cmNlZ3JvdXBzL2NzbXJnMzI1Mj9hcGktdmVyc2lvbj0yMDE0LTA0LTAxLXByZXZpZXc=",
      "RequestMethod": "PUT",
      "RequestBody": "{\r\n  \"location\": \"West US\"\r\n}",
      "RequestHeaders": {
        "Content-Type": [
          "application/json; charset=utf-8"
        ],
        "Content-Length": [
          "29"
        ],
        "x-ms-client-request-id": [
          "9b37ab54-5e51-45ea-8815-026a8da6b68d"
        ],
        "accept-language": [
          "en-US"
        ],
        "User-Agent": [
          "Microsoft.Azure.Management.Resources.ResourceManagementClient/2.0.0.0"
        ]
      },
      "ResponseBody": "{\r\n  \"id\": \"/subscriptions/04de5a7a-b82a-48b3-a93d-35d2b090903a/resourceGroups/csmrg3252\",\r\n  \"name\": \"csmrg3252\",\r\n  \"location\": \"westus\",\r\n  \"properties\": {\r\n    \"provisioningState\": \"Succeeded\"\r\n  }\r\n}",
      "ResponseHeaders": {
        "Content-Length": [
          "171"
        ],
        "Content-Type": [
          "application/json; charset=utf-8"
        ],
        "Expires": [
          "-1"
        ],
        "Pragma": [
          "no-cache"
        ],
        "x-ms-ratelimit-remaining-subscription-writes": [
          "1167"
        ],
        "x-ms-request-id": [
          "c23da251-5629-426d-9b1b-fafd3c0b2268"
        ],
        "x-ms-correlation-request-id": [
          "c23da251-5629-426d-9b1b-fafd3c0b2268"
        ],
        "x-ms-routing-request-id": [
          "CENTRALUS:20150807T031508Z:c23da251-5629-426d-9b1b-fafd3c0b2268"
        ],
        "Strict-Transport-Security": [
          "max-age=31536000; includeSubDomains"
        ],
        "Cache-Control": [
          "no-cache"
        ],
        "Date": [
          "Fri, 07 Aug 2015 03:15:07 GMT"
        ]
      },
      "StatusCode": 201
    },
    {
      "RequestUri": "/subscriptions/04de5a7a-b82a-48b3-a93d-35d2b090903a/resourceGroups/csmrg3252/providers/Microsoft.Web/serverfarms/csmwhp6524?api-version=2015-08-01",
      "EncodedRequestUri": "L3N1YnNjcmlwdGlvbnMvMDRkZTVhN2EtYjgyYS00OGIzLWE5M2QtMzVkMmIwOTA5MDNhL3Jlc291cmNlR3JvdXBzL2NzbXJnMzI1Mi9wcm92aWRlcnMvTWljcm9zb2Z0LldlYi9zZXJ2ZXJmYXJtcy9jc213aHA2NTI0P2FwaS12ZXJzaW9uPTIwMTUtMDgtMDE=",
      "RequestMethod": "PUT",
      "RequestBody": "{\r\n  \"sku\": {\r\n    \"name\": \"D1\",\r\n    \"tier\": \"Shared\"\r\n  },\r\n  \"location\": \"West US\",\r\n  \"properties\": {\r\n    \"name\": \"csmwhp6524\"\r\n  }\r\n}",
      "RequestHeaders": {
        "Content-Type": [
          "application/json; charset=utf-8"
        ],
        "Content-Length": [
          "139"
        ],
        "x-ms-client-request-id": [
          "8996042a-a04e-41e4-bc3e-e00a1ba1a61d"
        ],
        "accept-language": [
          "en-US"
        ],
        "User-Agent": [
          "Microsoft.Azure.Management.WebSites.WebSiteManagementClient/0.9.0.0"
        ]
      },
      "ResponseBody": "{\r\n  \"id\": \"/subscriptions/04de5a7a-b82a-48b3-a93d-35d2b090903a/resourceGroups/csmrg3252/providers/Microsoft.Web/serverfarms/csmwhp6524\",\r\n  \"name\": \"csmwhp6524\",\r\n  \"type\": \"Microsoft.Web/serverfarms\",\r\n  \"kind\": null,\r\n  \"location\": \"West US\",\r\n  \"tags\": null,\r\n  \"plan\": null,\r\n  \"properties\": {\r\n    \"serverFarmId\": 0,\r\n    \"name\": \"csmwhp6524\",\r\n    \"workerSize\": 0,\r\n    \"workerSizeId\": 0,\r\n    \"numberOfWorkers\": 0,\r\n    \"currentWorkerSize\": 0,\r\n    \"currentWorkerSizeId\": 0,\r\n    \"currentNumberOfWorkers\": 0,\r\n    \"status\": 0,\r\n    \"webSpace\": \"csmrg3252-WestUSwebspace\",\r\n    \"subscription\": \"04de5a7a-b82a-48b3-a93d-35d2b090903a\",\r\n    \"adminSiteName\": null,\r\n    \"hostingEnvironment\": null,\r\n    \"hostingEnvironmentProfile\": null,\r\n    \"maximumNumberOfWorkers\": 1,\r\n    \"planName\": \"VirtualDedicatedPlan\",\r\n    \"adminRuntimeSiteName\": null,\r\n    \"computeMode\": 0,\r\n    \"siteMode\": null,\r\n    \"geoRegion\": \"West US\",\r\n    \"perSiteScaling\": false,\r\n    \"numberOfSites\": 0,\r\n    \"hostingEnvironmentId\": null,\r\n    \"tags\": null,\r\n    \"resourceGroup\": \"csmrg3252\"\r\n  },\r\n  \"sku\": {\r\n    \"name\": \"D1\",\r\n    \"tier\": \"Shared\",\r\n    \"size\": \"D1\",\r\n    \"family\": \"D\",\r\n    \"capacity\": 0\r\n  }\r\n}",
      "ResponseHeaders": {
        "Content-Length": [
          "930"
        ],
        "Content-Type": [
          "application/json"
        ],
        "Expires": [
          "-1"
        ],
        "Pragma": [
          "no-cache"
        ],
        "Strict-Transport-Security": [
          "max-age=31536000; includeSubDomains"
        ],
        "x-ms-request-id": [
          "6a13992b-e769-437f-85b2-82fe270351fd"
        ],
        "x-ms-ratelimit-remaining-subscription-writes": [
          "1166"
        ],
        "x-ms-correlation-request-id": [
          "4a702198-3b26-4907-adcc-832ca50f4841"
        ],
        "x-ms-routing-request-id": [
          "CENTRALUS:20150807T031512Z:4a702198-3b26-4907-adcc-832ca50f4841"
        ],
        "Cache-Control": [
          "no-cache"
        ],
        "Date": [
          "Fri, 07 Aug 2015 03:15:12 GMT"
        ],
        "Server": [
          "Microsoft-IIS/8.0"
        ],
        "X-AspNet-Version": [
          "4.0.30319"
        ],
        "X-Powered-By": [
          "ASP.NET"
        ]
      },
      "StatusCode": 200
    },
    {
      "RequestUri": "/subscriptions/04de5a7a-b82a-48b3-a93d-35d2b090903a/resourceGroups/csmrg3252/providers/Microsoft.Web/serverfarms/csmwhp6524?api-version=2015-08-01",
      "EncodedRequestUri": "L3N1YnNjcmlwdGlvbnMvMDRkZTVhN2EtYjgyYS00OGIzLWE5M2QtMzVkMmIwOTA5MDNhL3Jlc291cmNlR3JvdXBzL2NzbXJnMzI1Mi9wcm92aWRlcnMvTWljcm9zb2Z0LldlYi9zZXJ2ZXJmYXJtcy9jc213aHA2NTI0P2FwaS12ZXJzaW9uPTIwMTUtMDgtMDE=",
      "RequestMethod": "PUT",
      "RequestBody": "{\r\n  \"sku\": {\r\n    \"name\": \"D1\",\r\n    \"tier\": \"Shared\"\r\n  },\r\n  \"location\": \"West US\",\r\n  \"properties\": {\r\n    \"name\": \"csmwhp6524\"\r\n  }\r\n}",
      "RequestHeaders": {
        "Content-Type": [
          "application/json; charset=utf-8"
        ],
        "Content-Length": [
          "139"
        ],
        "x-ms-client-request-id": [
          "8996042a-a04e-41e4-bc3e-e00a1ba1a61d"
        ],
        "accept-language": [
          "en-US"
        ],
        "User-Agent": [
          "Microsoft.Azure.Management.WebSites.WebSiteManagementClient/0.9.0.0"
        ]
      },
      "ResponseBody": "{\r\n  \"id\": \"/subscriptions/04de5a7a-b82a-48b3-a93d-35d2b090903a/resourceGroups/csmrg3252/providers/Microsoft.Web/serverfarms/csmwhp6524\",\r\n  \"name\": \"csmwhp6524\",\r\n  \"type\": \"Microsoft.Web/serverfarms\",\r\n  \"kind\": null,\r\n  \"location\": \"West US\",\r\n  \"tags\": null,\r\n  \"plan\": null,\r\n  \"properties\": {\r\n    \"serverFarmId\": 0,\r\n    \"name\": \"csmwhp6524\",\r\n    \"workerSize\": 0,\r\n    \"workerSizeId\": 0,\r\n    \"numberOfWorkers\": 0,\r\n    \"currentWorkerSize\": 0,\r\n    \"currentWorkerSizeId\": 0,\r\n    \"currentNumberOfWorkers\": 0,\r\n    \"status\": 0,\r\n    \"webSpace\": \"csmrg3252-WestUSwebspace\",\r\n    \"subscription\": \"04de5a7a-b82a-48b3-a93d-35d2b090903a\",\r\n    \"adminSiteName\": null,\r\n    \"hostingEnvironment\": null,\r\n    \"hostingEnvironmentProfile\": null,\r\n    \"maximumNumberOfWorkers\": 1,\r\n    \"planName\": \"VirtualDedicatedPlan\",\r\n    \"adminRuntimeSiteName\": null,\r\n    \"computeMode\": 0,\r\n    \"siteMode\": null,\r\n    \"geoRegion\": \"West US\",\r\n    \"perSiteScaling\": false,\r\n    \"numberOfSites\": 0,\r\n    \"hostingEnvironmentId\": null,\r\n    \"tags\": null,\r\n    \"resourceGroup\": \"csmrg3252\"\r\n  },\r\n  \"sku\": {\r\n    \"name\": \"D1\",\r\n    \"tier\": \"Shared\",\r\n    \"size\": \"D1\",\r\n    \"family\": \"D\",\r\n    \"capacity\": 0\r\n  }\r\n}",
      "ResponseHeaders": {
        "Content-Length": [
          "930"
        ],
        "Content-Type": [
          "application/json"
        ],
        "Expires": [
          "-1"
        ],
        "Pragma": [
          "no-cache"
        ],
        "Strict-Transport-Security": [
          "max-age=31536000; includeSubDomains"
        ],
        "x-ms-request-id": [
          "6a13992b-e769-437f-85b2-82fe270351fd"
        ],
        "x-ms-ratelimit-remaining-subscription-writes": [
          "1166"
        ],
        "x-ms-correlation-request-id": [
          "4a702198-3b26-4907-adcc-832ca50f4841"
        ],
        "x-ms-routing-request-id": [
          "CENTRALUS:20150807T031512Z:4a702198-3b26-4907-adcc-832ca50f4841"
        ],
        "Cache-Control": [
          "no-cache"
        ],
        "Date": [
          "Fri, 07 Aug 2015 03:15:12 GMT"
        ],
        "Server": [
          "Microsoft-IIS/8.0"
        ],
        "X-AspNet-Version": [
          "4.0.30319"
        ],
        "X-Powered-By": [
          "ASP.NET"
        ]
      },
      "StatusCode": 200
    },
    {
      "RequestUri": "/subscriptions/04de5a7a-b82a-48b3-a93d-35d2b090903a/resourceGroups/csmrg3252/providers/Microsoft.Web/sites/csmws8677?api-version=2015-08-01",
      "EncodedRequestUri": "L3N1YnNjcmlwdGlvbnMvMDRkZTVhN2EtYjgyYS00OGIzLWE5M2QtMzVkMmIwOTA5MDNhL3Jlc291cmNlR3JvdXBzL2NzbXJnMzI1Mi9wcm92aWRlcnMvTWljcm9zb2Z0LldlYi9zaXRlcy9jc213czg2Nzc/YXBpLXZlcnNpb249MjAxNS0wOC0wMQ==",
      "RequestMethod": "PUT",
      "RequestBody": "{\r\n  \"location\": \"West US\",\r\n  \"tags\": {\r\n    \"tag1\": \"value1\",\r\n    \"tag2\": \"\"\r\n  },\r\n  \"properties\": {\r\n    \"name\": \"csmws8677\",\r\n    \"serverFarmId\": \"/subscriptions/04de5a7a-b82a-48b3-a93d-35d2b090903a/resourcegroups/csmrg3252/providers/Microsoft.Web/serverfarms/csmwhp6524\"\r\n  }\r\n}",
      "RequestHeaders": {
        "Content-Type": [
          "application/json; charset=utf-8"
        ],
        "Content-Length": [
          "285"
        ],
        "x-ms-client-request-id": [
          "73301b23-f58e-4143-bb53-b1413e614026"
        ],
        "accept-language": [
          "en-US"
        ],
        "User-Agent": [
          "Microsoft.Azure.Management.WebSites.WebSiteManagementClient/0.9.0.0"
        ]
      },
      "ResponseBody": "{\r\n  \"id\": \"/subscriptions/04de5a7a-b82a-48b3-a93d-35d2b090903a/resourceGroups/csmrg3252/providers/Microsoft.Web/sites/csmws8677\",\r\n  \"name\": \"csmws8677\",\r\n  \"type\": \"Microsoft.Web/sites\",\r\n  \"kind\": null,\r\n  \"location\": \"West US\",\r\n  \"tags\": {\r\n    \"tag1\": \"value1\",\r\n    \"tag2\": \"\"\r\n  },\r\n  \"plan\": null,\r\n  \"properties\": {\r\n    \"name\": \"csmws8677\",\r\n    \"state\": \"Running\",\r\n    \"hostNames\": [\r\n      \"csmws8677.waws-ppedf.windows-int.net\"\r\n    ],\r\n    \"webSpace\": \"csmrg3252-WestUSwebspace\",\r\n    \"selfLink\": \"https://waws-ppedf-bay-001.api.admin-waws-ppedf.windows-int.net:454/subscriptions/04de5a7a-b82a-48b3-a93d-35d2b090903a/webspaces/csmrg3252-WestUSwebspace/sites/csmws8677\",\r\n    \"repositorySiteName\": \"csmws8677\",\r\n    \"owner\": null,\r\n    \"usageState\": 0,\r\n    \"enabled\": true,\r\n    \"adminEnabled\": true,\r\n    \"enabledHostNames\": [\r\n      \"csmws8677.scm.waws-ppedf.windows-int.net\",\r\n      \"csmws8677.waws-ppedf.windows-int.net\"\r\n    ],\r\n    \"siteProperties\": {\r\n      \"metadata\": null,\r\n      \"properties\": [],\r\n      \"appSettings\": null\r\n    },\r\n    \"availabilityState\": 0,\r\n    \"sslCertificates\": null,\r\n    \"csrs\": [],\r\n    \"cers\": null,\r\n    \"siteMode\": null,\r\n    \"hostNameSslStates\": [\r\n      {\r\n        \"name\": \"csmws8677.scm.waws-ppedf.windows-int.net\",\r\n        \"sslState\": 0,\r\n        \"ipBasedSslResult\": null,\r\n        \"virtualIP\": null,\r\n        \"thumbprint\": null,\r\n        \"toUpdate\": null,\r\n        \"toUpdateIpBasedSsl\": null,\r\n        \"ipBasedSslState\": 0,\r\n        \"hostType\": 1\r\n      },\r\n      {\r\n        \"name\": \"csmws8677.waws-ppedf.windows-int.net\",\r\n        \"sslState\": 0,\r\n        \"ipBasedSslResult\": null,\r\n        \"virtualIP\": null,\r\n        \"thumbprint\": null,\r\n        \"toUpdate\": null,\r\n        \"toUpdateIpBasedSsl\": null,\r\n        \"ipBasedSslState\": 0,\r\n        \"hostType\": 0\r\n      }\r\n    ],\r\n    \"computeMode\": null,\r\n    \"serverFarm\": null,\r\n    \"serverFarmId\": \"/subscriptions/04de5a7a-b82a-48b3-a93d-35d2b090903a/resourceGroups/csmrg3252/providers/Microsoft.Web/serverfarms/csmwhp6524\",\r\n    \"lastModifiedTimeUtc\": \"2015-08-07T03:15:15.24\",\r\n    \"storageRecoveryDefaultState\": \"Running\",\r\n    \"contentAvailabilityState\": 0,\r\n    \"runtimeAvailabilityState\": 0,\r\n    \"siteConfig\": null,\r\n    \"deploymentId\": \"csmws8677\",\r\n    \"trafficManagerHostNames\": null,\r\n    \"sku\": \"Shared\",\r\n    \"premiumAppDeployed\": null,\r\n    \"scmSiteAlsoStopped\": false,\r\n    \"targetSwapSlot\": null,\r\n    \"hostingEnvironment\": null,\r\n    \"hostingEnvironmentProfile\": null,\r\n    \"microService\": \"WebSites\",\r\n    \"gatewaySiteName\": null,\r\n    \"clientAffinityEnabled\": true,\r\n    \"clientCertEnabled\": false,\r\n    \"kind\": null,\r\n    \"outboundIpAddresses\": \"137.135.33.113,137.135.32.67,137.135.33.98,137.135.33.38\",\r\n    \"cloningInfo\": null,\r\n    \"hostingEnvironmentId\": null\r\n  }\r\n}",
      "ResponseHeaders": {
        "Content-Length": [
          "2139"
        ],
        "Content-Type": [
          "application/json"
        ],
        "Expires": [
          "-1"
        ],
        "Pragma": [
          "no-cache"
        ],
        "Strict-Transport-Security": [
          "max-age=31536000; includeSubDomains"
        ],
        "x-ms-request-id": [
          "0508e8d0-f9ce-4de5-bd95-651a6e9b71d2"
        ],
        "x-ms-ratelimit-remaining-subscription-writes": [
          "1165"
        ],
        "x-ms-correlation-request-id": [
          "9798ec48-cc3e-41c5-b71a-d1593718fb7c"
        ],
        "x-ms-routing-request-id": [
          "CENTRALUS:20150807T031516Z:9798ec48-cc3e-41c5-b71a-d1593718fb7c"
        ],
        "Cache-Control": [
          "no-cache"
        ],
        "Date": [
          "Fri, 07 Aug 2015 03:15:16 GMT"
        ],
        "Server": [
          "Microsoft-IIS/8.0"
        ],
        "X-AspNet-Version": [
          "4.0.30319"
        ],
        "X-Powered-By": [
          "ASP.NET"
        ]
      },
      "StatusCode": 200
    },
    {
      "RequestUri": "/subscriptions/04de5a7a-b82a-48b3-a93d-35d2b090903a/resourceGroups/csmrg3252/providers/Microsoft.Web/sites/csmws8677?api-version=2015-08-01",
      "EncodedRequestUri": "L3N1YnNjcmlwdGlvbnMvMDRkZTVhN2EtYjgyYS00OGIzLWE5M2QtMzVkMmIwOTA5MDNhL3Jlc291cmNlR3JvdXBzL2NzbXJnMzI1Mi9wcm92aWRlcnMvTWljcm9zb2Z0LldlYi9zaXRlcy9jc213czg2Nzc/YXBpLXZlcnNpb249MjAxNS0wOC0wMQ==",
      "RequestMethod": "PUT",
      "RequestBody": "{\r\n  \"location\": \"West US\",\r\n  \"tags\": {\r\n    \"tag1\": \"value1\",\r\n    \"tag2\": \"\"\r\n  },\r\n  \"properties\": {\r\n    \"name\": \"csmws8677\",\r\n    \"serverFarmId\": \"/subscriptions/04de5a7a-b82a-48b3-a93d-35d2b090903a/resourcegroups/csmrg3252/providers/Microsoft.Web/serverfarms/csmwhp6524\"\r\n  }\r\n}",
      "RequestHeaders": {
        "Content-Type": [
          "application/json; charset=utf-8"
        ],
        "Content-Length": [
          "285"
        ],
        "x-ms-client-request-id": [
          "73301b23-f58e-4143-bb53-b1413e614026"
        ],
        "accept-language": [
          "en-US"
        ],
        "User-Agent": [
          "Microsoft.Azure.Management.WebSites.WebSiteManagementClient/0.9.0.0"
        ]
      },
      "ResponseBody": "{\r\n  \"id\": \"/subscriptions/04de5a7a-b82a-48b3-a93d-35d2b090903a/resourceGroups/csmrg3252/providers/Microsoft.Web/sites/csmws8677\",\r\n  \"name\": \"csmws8677\",\r\n  \"type\": \"Microsoft.Web/sites\",\r\n  \"kind\": null,\r\n  \"location\": \"West US\",\r\n  \"tags\": {\r\n    \"tag1\": \"value1\",\r\n    \"tag2\": \"\"\r\n  },\r\n  \"plan\": null,\r\n  \"properties\": {\r\n    \"name\": \"csmws8677\",\r\n    \"state\": \"Running\",\r\n    \"hostNames\": [\r\n      \"csmws8677.waws-ppedf.windows-int.net\"\r\n    ],\r\n    \"webSpace\": \"csmrg3252-WestUSwebspace\",\r\n    \"selfLink\": \"https://waws-ppedf-bay-001.api.admin-waws-ppedf.windows-int.net:454/subscriptions/04de5a7a-b82a-48b3-a93d-35d2b090903a/webspaces/csmrg3252-WestUSwebspace/sites/csmws8677\",\r\n    \"repositorySiteName\": \"csmws8677\",\r\n    \"owner\": null,\r\n    \"usageState\": 0,\r\n    \"enabled\": true,\r\n    \"adminEnabled\": true,\r\n    \"enabledHostNames\": [\r\n      \"csmws8677.scm.waws-ppedf.windows-int.net\",\r\n      \"csmws8677.waws-ppedf.windows-int.net\"\r\n    ],\r\n    \"siteProperties\": {\r\n      \"metadata\": null,\r\n      \"properties\": [],\r\n      \"appSettings\": null\r\n    },\r\n    \"availabilityState\": 0,\r\n    \"sslCertificates\": null,\r\n    \"csrs\": [],\r\n    \"cers\": null,\r\n    \"siteMode\": null,\r\n    \"hostNameSslStates\": [\r\n      {\r\n        \"name\": \"csmws8677.scm.waws-ppedf.windows-int.net\",\r\n        \"sslState\": 0,\r\n        \"ipBasedSslResult\": null,\r\n        \"virtualIP\": null,\r\n        \"thumbprint\": null,\r\n        \"toUpdate\": null,\r\n        \"toUpdateIpBasedSsl\": null,\r\n        \"ipBasedSslState\": 0,\r\n        \"hostType\": 1\r\n      },\r\n      {\r\n        \"name\": \"csmws8677.waws-ppedf.windows-int.net\",\r\n        \"sslState\": 0,\r\n        \"ipBasedSslResult\": null,\r\n        \"virtualIP\": null,\r\n        \"thumbprint\": null,\r\n        \"toUpdate\": null,\r\n        \"toUpdateIpBasedSsl\": null,\r\n        \"ipBasedSslState\": 0,\r\n        \"hostType\": 0\r\n      }\r\n    ],\r\n    \"computeMode\": null,\r\n    \"serverFarm\": null,\r\n    \"serverFarmId\": \"/subscriptions/04de5a7a-b82a-48b3-a93d-35d2b090903a/resourceGroups/csmrg3252/providers/Microsoft.Web/serverfarms/csmwhp6524\",\r\n    \"lastModifiedTimeUtc\": \"2015-08-07T03:15:15.24\",\r\n    \"storageRecoveryDefaultState\": \"Running\",\r\n    \"contentAvailabilityState\": 0,\r\n    \"runtimeAvailabilityState\": 0,\r\n    \"siteConfig\": null,\r\n    \"deploymentId\": \"csmws8677\",\r\n    \"trafficManagerHostNames\": null,\r\n    \"sku\": \"Shared\",\r\n    \"premiumAppDeployed\": null,\r\n    \"scmSiteAlsoStopped\": false,\r\n    \"targetSwapSlot\": null,\r\n    \"hostingEnvironment\": null,\r\n    \"hostingEnvironmentProfile\": null,\r\n    \"microService\": \"WebSites\",\r\n    \"gatewaySiteName\": null,\r\n    \"clientAffinityEnabled\": true,\r\n    \"clientCertEnabled\": false,\r\n    \"kind\": null,\r\n    \"outboundIpAddresses\": \"137.135.33.113,137.135.32.67,137.135.33.98,137.135.33.38\",\r\n    \"cloningInfo\": null,\r\n    \"hostingEnvironmentId\": null\r\n  }\r\n}",
      "ResponseHeaders": {
        "Content-Length": [
          "2139"
        ],
        "Content-Type": [
          "application/json"
        ],
        "Expires": [
          "-1"
        ],
        "Pragma": [
          "no-cache"
        ],
        "Strict-Transport-Security": [
          "max-age=31536000; includeSubDomains"
        ],
        "x-ms-request-id": [
          "0508e8d0-f9ce-4de5-bd95-651a6e9b71d2"
        ],
        "x-ms-ratelimit-remaining-subscription-writes": [
          "1165"
        ],
        "x-ms-correlation-request-id": [
          "9798ec48-cc3e-41c5-b71a-d1593718fb7c"
        ],
        "x-ms-routing-request-id": [
          "CENTRALUS:20150807T031516Z:9798ec48-cc3e-41c5-b71a-d1593718fb7c"
        ],
        "Cache-Control": [
          "no-cache"
        ],
        "Date": [
          "Fri, 07 Aug 2015 03:15:16 GMT"
        ],
        "Server": [
          "Microsoft-IIS/8.0"
        ],
        "X-AspNet-Version": [
          "4.0.30319"
        ],
        "X-Powered-By": [
          "ASP.NET"
        ]
      },
      "StatusCode": 200
    },
    {
      "RequestUri": "/subscriptions/04de5a7a-b82a-48b3-a93d-35d2b090903a/resourceGroups/csmrg3252/providers/Microsoft.Web/sites?api-version=2015-08-01",
      "EncodedRequestUri": "L3N1YnNjcmlwdGlvbnMvMDRkZTVhN2EtYjgyYS00OGIzLWE5M2QtMzVkMmIwOTA5MDNhL3Jlc291cmNlR3JvdXBzL2NzbXJnMzI1Mi9wcm92aWRlcnMvTWljcm9zb2Z0LldlYi9zaXRlcz9hcGktdmVyc2lvbj0yMDE1LTA4LTAx",
      "RequestMethod": "GET",
      "RequestBody": "",
      "RequestHeaders": {
        "x-ms-client-request-id": [
          "cfd9c237-d642-48c6-adb3-529b1ec78c91"
        ],
        "accept-language": [
          "en-US"
        ],
        "User-Agent": [
          "Microsoft.Azure.Management.WebSites.WebSiteManagementClient/0.9.0.0"
        ]
      },
      "ResponseBody": "{\r\n  \"value\": [\r\n    {\r\n      \"id\": \"/subscriptions/04de5a7a-b82a-48b3-a93d-35d2b090903a/resourceGroups/csmrg3252/providers/Microsoft.Web/sites/csmws8677\",\r\n      \"name\": \"csmws8677\",\r\n      \"type\": \"Microsoft.Web/sites\",\r\n      \"kind\": null,\r\n      \"location\": \"West US\",\r\n      \"tags\": {\r\n        \"tag1\": \"value1\",\r\n        \"tag2\": \"\"\r\n      },\r\n      \"plan\": null,\r\n      \"properties\": {\r\n        \"name\": \"csmws8677\",\r\n        \"state\": \"Running\",\r\n        \"hostNames\": [\r\n          \"csmws8677.waws-ppedf.windows-int.net\"\r\n        ],\r\n        \"webSpace\": \"csmrg3252-WestUSwebspace\",\r\n        \"selfLink\": \"https://waws-ppedf-bay-001.api.admin-waws-ppedf.windows-int.net:454/subscriptions/04de5a7a-b82a-48b3-a93d-35d2b090903a/webspaces/csmrg3252-WestUSwebspace/sites/csmws8677\",\r\n        \"repositorySiteName\": \"csmws8677\",\r\n        \"owner\": null,\r\n        \"usageState\": 0,\r\n        \"enabled\": true,\r\n        \"adminEnabled\": true,\r\n        \"enabledHostNames\": [\r\n          \"csmws8677.scm.waws-ppedf.windows-int.net\",\r\n          \"csmws8677.waws-ppedf.windows-int.net\"\r\n        ],\r\n        \"siteProperties\": {\r\n          \"metadata\": null,\r\n          \"properties\": [],\r\n          \"appSettings\": null\r\n        },\r\n        \"availabilityState\": 0,\r\n        \"sslCertificates\": null,\r\n        \"csrs\": [],\r\n        \"cers\": null,\r\n        \"siteMode\": null,\r\n        \"hostNameSslStates\": [\r\n          {\r\n            \"name\": \"csmws8677.scm.waws-ppedf.windows-int.net\",\r\n            \"sslState\": 0,\r\n            \"ipBasedSslResult\": null,\r\n            \"virtualIP\": null,\r\n            \"thumbprint\": null,\r\n            \"toUpdate\": null,\r\n            \"toUpdateIpBasedSsl\": null,\r\n            \"ipBasedSslState\": 0,\r\n            \"hostType\": 1\r\n          },\r\n          {\r\n            \"name\": \"csmws8677.waws-ppedf.windows-int.net\",\r\n            \"sslState\": 0,\r\n            \"ipBasedSslResult\": null,\r\n            \"virtualIP\": null,\r\n            \"thumbprint\": null,\r\n            \"toUpdate\": null,\r\n            \"toUpdateIpBasedSsl\": null,\r\n            \"ipBasedSslState\": 0,\r\n            \"hostType\": 0\r\n          }\r\n        ],\r\n        \"computeMode\": null,\r\n        \"serverFarm\": null,\r\n        \"serverFarmId\": \"/subscriptions/04de5a7a-b82a-48b3-a93d-35d2b090903a/resourceGroups/csmrg3252/providers/Microsoft.Web/serverfarms/csmwhp6524\",\r\n        \"lastModifiedTimeUtc\": \"2015-08-07T03:15:15.3\",\r\n        \"storageRecoveryDefaultState\": \"Running\",\r\n        \"contentAvailabilityState\": 0,\r\n        \"runtimeAvailabilityState\": 0,\r\n        \"siteConfig\": null,\r\n        \"deploymentId\": \"csmws8677\",\r\n        \"trafficManagerHostNames\": null,\r\n        \"sku\": \"Shared\",\r\n        \"premiumAppDeployed\": null,\r\n        \"scmSiteAlsoStopped\": false,\r\n        \"targetSwapSlot\": null,\r\n        \"hostingEnvironment\": null,\r\n        \"hostingEnvironmentProfile\": null,\r\n        \"microService\": \"WebSites\",\r\n        \"gatewaySiteName\": null,\r\n        \"clientAffinityEnabled\": true,\r\n        \"clientCertEnabled\": false,\r\n        \"kind\": null,\r\n        \"outboundIpAddresses\": \"137.135.33.113,137.135.32.67,137.135.33.98,137.135.33.38\",\r\n        \"cloningInfo\": null,\r\n        \"hostingEnvironmentId\": null\r\n      }\r\n    }\r\n  ],\r\n  \"nextLink\": null\r\n}",
      "ResponseHeaders": {
        "Content-Length": [
          "2166"
        ],
        "Content-Type": [
          "application/json"
        ],
        "Expires": [
          "-1"
        ],
        "Pragma": [
          "no-cache"
        ],
        "Strict-Transport-Security": [
          "max-age=31536000; includeSubDomains"
        ],
        "x-ms-request-id": [
          "6941de27-a119-4668-960a-283d34ffa5eb"
        ],
        "x-ms-ratelimit-remaining-subscription-reads": [
          "14985"
        ],
        "x-ms-correlation-request-id": [
          "b3e0c51d-274d-4fb6-b4f6-f359b692ea73"
        ],
        "x-ms-routing-request-id": [
          "CENTRALUS:20150807T031516Z:b3e0c51d-274d-4fb6-b4f6-f359b692ea73"
        ],
        "Cache-Control": [
          "no-cache"
        ],
        "Date": [
          "Fri, 07 Aug 2015 03:15:16 GMT"
        ],
        "Server": [
          "Microsoft-IIS/8.0"
        ],
        "X-AspNet-Version": [
          "4.0.30319"
        ],
        "X-Powered-By": [
          "ASP.NET"
        ]
      },
      "StatusCode": 200
    },
    {
      "RequestUri": "/subscriptions/04de5a7a-b82a-48b3-a93d-35d2b090903a/resourceGroups/csmrg3252/providers/Microsoft.Web/sites?api-version=2015-08-01",
      "EncodedRequestUri": "L3N1YnNjcmlwdGlvbnMvMDRkZTVhN2EtYjgyYS00OGIzLWE5M2QtMzVkMmIwOTA5MDNhL3Jlc291cmNlR3JvdXBzL2NzbXJnMzI1Mi9wcm92aWRlcnMvTWljcm9zb2Z0LldlYi9zaXRlcz9hcGktdmVyc2lvbj0yMDE1LTA4LTAx",
      "RequestMethod": "GET",
      "RequestBody": "",
      "RequestHeaders": {
        "x-ms-client-request-id": [
          "cfd9c237-d642-48c6-adb3-529b1ec78c91"
        ],
        "accept-language": [
          "en-US"
        ],
        "User-Agent": [
          "Microsoft.Azure.Management.WebSites.WebSiteManagementClient/0.9.0.0"
        ]
      },
      "ResponseBody": "{\r\n  \"value\": [\r\n    {\r\n      \"id\": \"/subscriptions/04de5a7a-b82a-48b3-a93d-35d2b090903a/resourceGroups/csmrg3252/providers/Microsoft.Web/sites/csmws8677\",\r\n      \"name\": \"csmws8677\",\r\n      \"type\": \"Microsoft.Web/sites\",\r\n      \"kind\": null,\r\n      \"location\": \"West US\",\r\n      \"tags\": {\r\n        \"tag1\": \"value1\",\r\n        \"tag2\": \"\"\r\n      },\r\n      \"plan\": null,\r\n      \"properties\": {\r\n        \"name\": \"csmws8677\",\r\n        \"state\": \"Running\",\r\n        \"hostNames\": [\r\n          \"csmws8677.waws-ppedf.windows-int.net\"\r\n        ],\r\n        \"webSpace\": \"csmrg3252-WestUSwebspace\",\r\n        \"selfLink\": \"https://waws-ppedf-bay-001.api.admin-waws-ppedf.windows-int.net:454/subscriptions/04de5a7a-b82a-48b3-a93d-35d2b090903a/webspaces/csmrg3252-WestUSwebspace/sites/csmws8677\",\r\n        \"repositorySiteName\": \"csmws8677\",\r\n        \"owner\": null,\r\n        \"usageState\": 0,\r\n        \"enabled\": true,\r\n        \"adminEnabled\": true,\r\n        \"enabledHostNames\": [\r\n          \"csmws8677.scm.waws-ppedf.windows-int.net\",\r\n          \"csmws8677.waws-ppedf.windows-int.net\"\r\n        ],\r\n        \"siteProperties\": {\r\n          \"metadata\": null,\r\n          \"properties\": [],\r\n          \"appSettings\": null\r\n        },\r\n        \"availabilityState\": 0,\r\n        \"sslCertificates\": null,\r\n        \"csrs\": [],\r\n        \"cers\": null,\r\n        \"siteMode\": null,\r\n        \"hostNameSslStates\": [\r\n          {\r\n            \"name\": \"csmws8677.scm.waws-ppedf.windows-int.net\",\r\n            \"sslState\": 0,\r\n            \"ipBasedSslResult\": null,\r\n            \"virtualIP\": null,\r\n            \"thumbprint\": null,\r\n            \"toUpdate\": null,\r\n            \"toUpdateIpBasedSsl\": null,\r\n            \"ipBasedSslState\": 0,\r\n            \"hostType\": 1\r\n          },\r\n          {\r\n            \"name\": \"csmws8677.waws-ppedf.windows-int.net\",\r\n            \"sslState\": 0,\r\n            \"ipBasedSslResult\": null,\r\n            \"virtualIP\": null,\r\n            \"thumbprint\": null,\r\n            \"toUpdate\": null,\r\n            \"toUpdateIpBasedSsl\": null,\r\n            \"ipBasedSslState\": 0,\r\n            \"hostType\": 0\r\n          }\r\n        ],\r\n        \"computeMode\": null,\r\n        \"serverFarm\": null,\r\n        \"serverFarmId\": \"/subscriptions/04de5a7a-b82a-48b3-a93d-35d2b090903a/resourceGroups/csmrg3252/providers/Microsoft.Web/serverfarms/csmwhp6524\",\r\n        \"lastModifiedTimeUtc\": \"2015-08-07T03:15:15.3\",\r\n        \"storageRecoveryDefaultState\": \"Running\",\r\n        \"contentAvailabilityState\": 0,\r\n        \"runtimeAvailabilityState\": 0,\r\n        \"siteConfig\": null,\r\n        \"deploymentId\": \"csmws8677\",\r\n        \"trafficManagerHostNames\": null,\r\n        \"sku\": \"Shared\",\r\n        \"premiumAppDeployed\": null,\r\n        \"scmSiteAlsoStopped\": false,\r\n        \"targetSwapSlot\": null,\r\n        \"hostingEnvironment\": null,\r\n        \"hostingEnvironmentProfile\": null,\r\n        \"microService\": \"WebSites\",\r\n        \"gatewaySiteName\": null,\r\n        \"clientAffinityEnabled\": true,\r\n        \"clientCertEnabled\": false,\r\n        \"kind\": null,\r\n        \"outboundIpAddresses\": \"137.135.33.113,137.135.32.67,137.135.33.98,137.135.33.38\",\r\n        \"cloningInfo\": null,\r\n        \"hostingEnvironmentId\": null\r\n      }\r\n    }\r\n  ],\r\n  \"nextLink\": null\r\n}",
      "ResponseHeaders": {
        "Content-Length": [
          "2166"
        ],
        "Content-Type": [
          "application/json"
        ],
        "Expires": [
          "-1"
        ],
        "Pragma": [
          "no-cache"
        ],
        "Strict-Transport-Security": [
          "max-age=31536000; includeSubDomains"
        ],
        "x-ms-request-id": [
          "6941de27-a119-4668-960a-283d34ffa5eb"
        ],
        "x-ms-ratelimit-remaining-subscription-reads": [
          "14985"
        ],
        "x-ms-correlation-request-id": [
          "b3e0c51d-274d-4fb6-b4f6-f359b692ea73"
        ],
        "x-ms-routing-request-id": [
          "CENTRALUS:20150807T031516Z:b3e0c51d-274d-4fb6-b4f6-f359b692ea73"
        ],
        "Cache-Control": [
          "no-cache"
        ],
        "Date": [
          "Fri, 07 Aug 2015 03:15:16 GMT"
        ],
        "Server": [
          "Microsoft-IIS/8.0"
        ],
        "X-AspNet-Version": [
          "4.0.30319"
        ],
        "X-Powered-By": [
          "ASP.NET"
        ]
      },
      "StatusCode": 200
    }
  ],
  "Names": {
    "RunWebsiteTestScenario": [
      "csmws8677",
      "csmrg3252",
      "csmwhp6524"
    ]
  },
  "Variables": {
    "SubscriptionId": "04de5a7a-b82a-48b3-a93d-35d2b090903a"
  }
}