{
  "Entries": [
    {
      "RequestUri": "/subscriptions/4adb32ad-8327-4cbb-b775-b84b4465bb38/providers/Microsoft.Web?api-version=2014-04-01-preview",
      "EncodedRequestUri": "L3N1YnNjcmlwdGlvbnMvNGFkYjMyYWQtODMyNy00Y2JiLWI3NzUtYjg0YjQ0NjViYjM4L3Byb3ZpZGVycy9NaWNyb3NvZnQuV2ViP2FwaS12ZXJzaW9uPTIwMTQtMDQtMDEtcHJldmlldw==",
      "RequestMethod": "GET",
      "RequestBody": "",
      "RequestHeaders": {
        "x-ms-client-request-id": [
          "195db5a9-58cf-4903-a458-8e0c2b3cc280"
        ],
        "accept-language": [
          "en-US"
        ],
        "User-Agent": [
          "Microsoft.Azure.Management.Resources.ResourceManagementClient/2.0.0.0"
        ]
      },
      "ResponseBody": "{\r\n  \"id\": \"/subscriptions/4adb32ad-8327-4cbb-b775-b84b4465bb38/providers/Microsoft.Web\",\r\n  \"namespace\": \"Microsoft.Web\",\r\n  \"authorization\": {\r\n    \"applicationId\": \"abfa0a7c-a6b6-4736-8310-5855508787cd\",\r\n    \"roleDefinitionId\": \"f47ed98b-b063-4a5b-9e10-4b9b44fa7735\"\r\n  },\r\n  \"resourceTypes\": [\r\n    {\r\n      \"resourceType\": \"sites/extensions\",\r\n      \"locations\": [\r\n        \"Brazil South\",\r\n        \"East Asia\",\r\n        \"East US\",\r\n        \"Japan East\",\r\n        \"Japan West\",\r\n        \"North Central US\",\r\n        \"North Europe\",\r\n        \"South Central US\",\r\n        \"West Europe\",\r\n        \"West US\",\r\n        \"Southeast Asia\",\r\n        \"Central US\",\r\n        \"East US 2\",\r\n        \"MSFT West US\",\r\n        \"MSFT East US\",\r\n        \"MSFT East Asia\",\r\n        \"MSFT North Europe\",\r\n        \"Australia East\",\r\n        \"Australia Southeast\",\r\n        \"East US 2 (Stage)\",\r\n        \"East Asia (Stage)\",\r\n        \"Central US (Stage)\",\r\n        \"West India\",\r\n        \"Central India\",\r\n        \"South India\"\r\n      ],\r\n      \"apiVersions\": [\r\n        \"2015-08-01\",\r\n        \"2015-07-01\",\r\n        \"2015-06-01\",\r\n        \"2015-05-01\",\r\n        \"2015-04-01\",\r\n        \"2015-02-01\",\r\n        \"2014-11-01\",\r\n        \"2014-06-01\",\r\n        \"2014-04-01-preview\",\r\n        \"2014-04-01\"\r\n      ]\r\n    },\r\n    {\r\n      \"resourceType\": \"sites/slots/extensions\",\r\n      \"locations\": [\r\n        \"Brazil South\",\r\n        \"East Asia\",\r\n        \"East US\",\r\n        \"Japan East\",\r\n        \"Japan West\",\r\n        \"North Central US\",\r\n        \"North Europe\",\r\n        \"South Central US\",\r\n        \"West Europe\",\r\n        \"West US\",\r\n        \"Southeast Asia\",\r\n        \"Central US\",\r\n        \"East US 2\",\r\n        \"MSFT West US\",\r\n        \"MSFT East US\",\r\n        \"MSFT East Asia\",\r\n        \"MSFT North Europe\",\r\n        \"Australia East\",\r\n        \"Australia Southeast\",\r\n        \"East US 2 (Stage)\",\r\n        \"East Asia (Stage)\",\r\n        \"Central US (Stage)\",\r\n        \"West India\",\r\n        \"Central India\",\r\n        \"South India\"\r\n      ],\r\n      \"apiVersions\": [\r\n        \"2015-08-01\",\r\n        \"2015-07-01\",\r\n        \"2015-06-01\",\r\n        \"2015-05-01\",\r\n        \"2015-04-01\",\r\n        \"2015-02-01\",\r\n        \"2014-11-01\",\r\n        \"2014-06-01\",\r\n        \"2014-04-01-preview\",\r\n        \"2014-04-01\"\r\n      ]\r\n    },\r\n    {\r\n      \"resourceType\": \"sites/instances\",\r\n      \"locations\": [\r\n        \"Brazil South\",\r\n        \"East Asia\",\r\n        \"East US\",\r\n        \"Japan East\",\r\n        \"Japan West\",\r\n        \"North Central US\",\r\n        \"North Europe\",\r\n        \"South Central US\",\r\n        \"West Europe\",\r\n        \"West US\",\r\n        \"Southeast Asia\",\r\n        \"Central US\",\r\n        \"East US 2\",\r\n        \"MSFT West US\",\r\n        \"MSFT East US\",\r\n        \"MSFT East Asia\",\r\n        \"MSFT North Europe\",\r\n        \"Australia East\",\r\n        \"Australia Southeast\",\r\n        \"East US 2 (Stage)\",\r\n        \"East Asia (Stage)\",\r\n        \"Central US (Stage)\",\r\n        \"West India\",\r\n        \"Central India\",\r\n        \"South India\"\r\n      ],\r\n      \"apiVersions\": [\r\n        \"2015-08-01\",\r\n        \"2015-07-01\",\r\n        \"2015-06-01\",\r\n        \"2015-05-01\",\r\n        \"2015-04-01\",\r\n        \"2015-02-01\",\r\n        \"2014-11-01\",\r\n        \"2014-06-01\",\r\n        \"2014-04-01-preview\",\r\n        \"2014-04-01\"\r\n      ]\r\n    },\r\n    {\r\n      \"resourceType\": \"sites/slots/instances\",\r\n      \"locations\": [\r\n        \"Brazil South\",\r\n        \"East Asia\",\r\n        \"East US\",\r\n        \"Japan East\",\r\n        \"Japan West\",\r\n        \"North Central US\",\r\n        \"North Europe\",\r\n        \"South Central US\",\r\n        \"West Europe\",\r\n        \"West US\",\r\n        \"Southeast Asia\",\r\n        \"Central US\",\r\n        \"East US 2\",\r\n        \"MSFT West US\",\r\n        \"MSFT East US\",\r\n        \"MSFT East Asia\",\r\n        \"MSFT North Europe\",\r\n        \"Australia East\",\r\n        \"Australia Southeast\",\r\n        \"East US 2 (Stage)\",\r\n        \"East Asia (Stage)\",\r\n        \"Central US (Stage)\",\r\n        \"West India\",\r\n        \"Central India\",\r\n        \"South India\"\r\n      ],\r\n      \"apiVersions\": [\r\n        \"2015-08-01\",\r\n        \"2015-07-01\",\r\n        \"2015-06-01\",\r\n        \"2015-05-01\",\r\n        \"2015-04-01\",\r\n        \"2015-02-01\",\r\n        \"2014-11-01\",\r\n        \"2014-06-01\",\r\n        \"2014-04-01-preview\",\r\n        \"2014-04-01\"\r\n      ]\r\n    },\r\n    {\r\n      \"resourceType\": \"sites/instances/extensions\",\r\n      \"locations\": [\r\n        \"Brazil South\",\r\n        \"East Asia\",\r\n        \"East US\",\r\n        \"Japan East\",\r\n        \"Japan West\",\r\n        \"North Central US\",\r\n        \"North Europe\",\r\n        \"South Central US\",\r\n        \"West Europe\",\r\n        \"West US\",\r\n        \"Southeast Asia\",\r\n        \"Central US\",\r\n        \"East US 2\",\r\n        \"MSFT West US\",\r\n        \"MSFT East US\",\r\n        \"MSFT East Asia\",\r\n        \"MSFT North Europe\",\r\n        \"Australia East\",\r\n        \"Australia Southeast\",\r\n        \"East US 2 (Stage)\",\r\n        \"East Asia (Stage)\",\r\n        \"Central US (Stage)\",\r\n        \"West India\",\r\n        \"Central India\",\r\n        \"South India\"\r\n      ],\r\n      \"apiVersions\": [\r\n        \"2015-08-01\",\r\n        \"2015-07-01\",\r\n        \"2015-06-01\",\r\n        \"2015-05-01\",\r\n        \"2015-04-01\",\r\n        \"2015-02-01\",\r\n        \"2014-11-01\",\r\n        \"2014-06-01\",\r\n        \"2014-04-01-preview\",\r\n        \"2014-04-01\"\r\n      ]\r\n    },\r\n    {\r\n      \"resourceType\": \"sites/slots/instances/extensions\",\r\n      \"locations\": [\r\n        \"Brazil South\",\r\n        \"East Asia\",\r\n        \"East US\",\r\n        \"Japan East\",\r\n        \"Japan West\",\r\n        \"North Central US\",\r\n        \"North Europe\",\r\n        \"South Central US\",\r\n        \"West Europe\",\r\n        \"West US\",\r\n        \"Southeast Asia\",\r\n        \"Central US\",\r\n        \"East US 2\",\r\n        \"MSFT West US\",\r\n        \"MSFT East US\",\r\n        \"MSFT East Asia\",\r\n        \"MSFT North Europe\",\r\n        \"Australia East\",\r\n        \"Australia Southeast\",\r\n        \"East US 2 (Stage)\",\r\n        \"East Asia (Stage)\",\r\n        \"Central US (Stage)\",\r\n        \"West India\",\r\n        \"Central India\",\r\n        \"South India\"\r\n      ],\r\n      \"apiVersions\": [\r\n        \"2015-08-01\",\r\n        \"2015-07-01\",\r\n        \"2015-06-01\",\r\n        \"2015-05-01\",\r\n        \"2015-04-01\",\r\n        \"2015-02-01\",\r\n        \"2014-11-01\",\r\n        \"2014-06-01\",\r\n        \"2014-04-01-preview\",\r\n        \"2014-04-01\"\r\n      ]\r\n    },\r\n    {\r\n      \"resourceType\": \"publishingUsers\",\r\n      \"locations\": [\r\n        \"Brazil South\",\r\n        \"East Asia\",\r\n        \"East US\",\r\n        \"Japan East\",\r\n        \"Japan West\",\r\n        \"North Central US\",\r\n        \"North Europe\",\r\n        \"South Central US\",\r\n        \"West Europe\",\r\n        \"West US\",\r\n        \"Southeast Asia\",\r\n        \"Central US\",\r\n        \"East US 2\",\r\n        \"MSFT West US\",\r\n        \"MSFT East US\",\r\n        \"MSFT East Asia\",\r\n        \"MSFT North Europe\",\r\n        \"Australia East\",\r\n        \"Australia Southeast\",\r\n        \"East US 2 (Stage)\",\r\n        \"East Asia (Stage)\",\r\n        \"Central US (Stage)\",\r\n        \"West India\",\r\n        \"Central India\",\r\n        \"South India\"\r\n      ],\r\n      \"apiVersions\": [\r\n        \"2015-08-01\",\r\n        \"2015-07-01\",\r\n        \"2015-06-01\",\r\n        \"2015-05-01\",\r\n        \"2015-04-01\",\r\n        \"2015-02-01\",\r\n        \"2014-11-01\",\r\n        \"2014-06-01\",\r\n        \"2014-04-01-preview\",\r\n        \"2014-04-01\"\r\n      ]\r\n    },\r\n    {\r\n      \"resourceType\": \"ishostnameavailable\",\r\n      \"locations\": [\r\n        \"Brazil South\",\r\n        \"East Asia\",\r\n        \"East US\",\r\n        \"Japan East\",\r\n        \"Japan West\",\r\n        \"North Central US\",\r\n        \"North Europe\",\r\n        \"South Central US\",\r\n        \"West Europe\",\r\n        \"West US\",\r\n        \"Southeast Asia\",\r\n        \"Central US\",\r\n        \"East US 2\",\r\n        \"MSFT West US\",\r\n        \"MSFT East US\",\r\n        \"MSFT East Asia\",\r\n        \"MSFT North Europe\",\r\n        \"Australia East\",\r\n        \"Australia Southeast\",\r\n        \"East US 2 (Stage)\",\r\n        \"East Asia (Stage)\",\r\n        \"Central US (Stage)\",\r\n        \"West India\",\r\n        \"Central India\",\r\n        \"South India\"\r\n      ],\r\n      \"apiVersions\": [\r\n        \"2015-08-01\",\r\n        \"2015-07-01\",\r\n        \"2015-06-01\",\r\n        \"2015-05-01\",\r\n        \"2015-04-01\",\r\n        \"2015-02-01\",\r\n        \"2014-11-01\",\r\n        \"2014-06-01\",\r\n        \"2014-04-01-preview\",\r\n        \"2014-04-01\"\r\n      ]\r\n    },\r\n    {\r\n      \"resourceType\": \"sourceControls\",\r\n      \"locations\": [\r\n        \"Brazil South\",\r\n        \"East Asia\",\r\n        \"East US\",\r\n        \"Japan East\",\r\n        \"Japan West\",\r\n        \"North Central US\",\r\n        \"North Europe\",\r\n        \"South Central US\",\r\n        \"West Europe\",\r\n        \"West US\",\r\n        \"Southeast Asia\",\r\n        \"Central US\",\r\n        \"East US 2\",\r\n        \"MSFT West US\",\r\n        \"MSFT East US\",\r\n        \"MSFT East Asia\",\r\n        \"MSFT North Europe\",\r\n        \"Australia East\",\r\n        \"Australia Southeast\",\r\n        \"East US 2 (Stage)\",\r\n        \"East Asia (Stage)\",\r\n        \"Central US (Stage)\",\r\n        \"West India\",\r\n        \"Central India\",\r\n        \"South India\"\r\n      ],\r\n      \"apiVersions\": [\r\n        \"2015-08-01\",\r\n        \"2015-07-01\",\r\n        \"2015-06-01\",\r\n        \"2015-05-01\",\r\n        \"2015-04-01\",\r\n        \"2015-02-01\",\r\n        \"2014-11-01\",\r\n        \"2014-06-01\",\r\n        \"2014-04-01-preview\",\r\n        \"2014-04-01\"\r\n      ]\r\n    },\r\n    {\r\n      \"resourceType\": \"availableStacks\",\r\n      \"locations\": [\r\n        \"Brazil South\",\r\n        \"East Asia\",\r\n        \"East US\",\r\n        \"Japan East\",\r\n        \"Japan West\",\r\n        \"North Central US\",\r\n        \"North Europe\",\r\n        \"South Central US\",\r\n        \"West Europe\",\r\n        \"West US\",\r\n        \"Southeast Asia\",\r\n        \"Central US\",\r\n        \"East US 2\",\r\n        \"MSFT West US\",\r\n        \"MSFT East US\",\r\n        \"MSFT East Asia\",\r\n        \"MSFT North Europe\",\r\n        \"Australia East\",\r\n        \"Australia Southeast\",\r\n        \"East US 2 (Stage)\",\r\n        \"East Asia (Stage)\",\r\n        \"Central US (Stage)\",\r\n        \"West India\",\r\n        \"Central India\",\r\n        \"South India\"\r\n      ],\r\n      \"apiVersions\": [\r\n        \"2015-08-01\",\r\n        \"2015-07-01\",\r\n        \"2015-06-01\",\r\n        \"2015-05-01\",\r\n        \"2015-04-01\",\r\n        \"2015-02-01\",\r\n        \"2014-11-01\",\r\n        \"2014-06-01\",\r\n        \"2014-04-01-preview\",\r\n        \"2014-04-01\"\r\n      ]\r\n    },\r\n    {\r\n      \"resourceType\": \"listSitesAssignedToHostName\",\r\n      \"locations\": [\r\n        \"Brazil South\",\r\n        \"East Asia\",\r\n        \"East US\",\r\n        \"Japan East\",\r\n        \"Japan West\",\r\n        \"North Central US\",\r\n        \"North Europe\",\r\n        \"South Central US\",\r\n        \"West Europe\",\r\n        \"West US\",\r\n        \"Southeast Asia\",\r\n        \"Central US\",\r\n        \"East US 2\",\r\n        \"MSFT West US\",\r\n        \"MSFT East US\",\r\n        \"MSFT East Asia\",\r\n        \"MSFT North Europe\",\r\n        \"Australia East\",\r\n        \"Australia Southeast\",\r\n        \"East US 2 (Stage)\",\r\n        \"East Asia (Stage)\",\r\n        \"Central US (Stage)\",\r\n        \"West India\",\r\n        \"Central India\",\r\n        \"South India\"\r\n      ],\r\n      \"apiVersions\": [\r\n        \"2015-08-01\",\r\n        \"2015-07-01\",\r\n        \"2015-06-01\",\r\n        \"2015-05-01\",\r\n        \"2015-04-01\",\r\n        \"2015-02-01\"\r\n      ]\r\n    },\r\n    {\r\n      \"resourceType\": \"sites/hostNameBindings\",\r\n      \"locations\": [\r\n        \"Brazil South\",\r\n        \"East Asia\",\r\n        \"East US\",\r\n        \"Japan East\",\r\n        \"Japan West\",\r\n        \"North Central US\",\r\n        \"North Europe\",\r\n        \"South Central US\",\r\n        \"West Europe\",\r\n        \"West US\",\r\n        \"Southeast Asia\",\r\n        \"Central US\",\r\n        \"East US 2\",\r\n        \"MSFT West US\",\r\n        \"MSFT East US\",\r\n        \"MSFT East Asia\",\r\n        \"MSFT North Europe\",\r\n        \"Australia East\",\r\n        \"Australia Southeast\",\r\n        \"East US 2 (Stage)\",\r\n        \"East Asia (Stage)\",\r\n        \"Central US (Stage)\",\r\n        \"West India\",\r\n        \"Central India\",\r\n        \"South India\"\r\n      ],\r\n      \"apiVersions\": [\r\n        \"2015-08-01\",\r\n        \"2015-07-01\",\r\n        \"2015-06-01\",\r\n        \"2015-05-01\",\r\n        \"2015-04-01\",\r\n        \"2015-02-01\"\r\n      ]\r\n    },\r\n    {\r\n      \"resourceType\": \"sites/slots/hostNameBindings\",\r\n      \"locations\": [\r\n        \"Brazil South\",\r\n        \"East Asia\",\r\n        \"East US\",\r\n        \"Japan East\",\r\n        \"Japan West\",\r\n        \"North Central US\",\r\n        \"North Europe\",\r\n        \"South Central US\",\r\n        \"West Europe\",\r\n        \"West US\",\r\n        \"Southeast Asia\",\r\n        \"Central US\",\r\n        \"East US 2\",\r\n        \"MSFT West US\",\r\n        \"MSFT East US\",\r\n        \"MSFT East Asia\",\r\n        \"MSFT North Europe\",\r\n        \"Australia East\",\r\n        \"Australia Southeast\",\r\n        \"East US 2 (Stage)\",\r\n        \"East Asia (Stage)\",\r\n        \"Central US (Stage)\",\r\n        \"West India\",\r\n        \"Central India\",\r\n        \"South India\"\r\n      ],\r\n      \"apiVersions\": [\r\n        \"2015-08-01\",\r\n        \"2015-07-01\",\r\n        \"2015-06-01\",\r\n        \"2015-05-01\",\r\n        \"2015-04-01\",\r\n        \"2015-02-01\"\r\n      ]\r\n    },\r\n    {\r\n      \"resourceType\": \"operations\",\r\n      \"locations\": [\r\n        \"Brazil South\",\r\n        \"East Asia\",\r\n        \"East US\",\r\n        \"Japan East\",\r\n        \"Japan West\",\r\n        \"North Central US\",\r\n        \"North Europe\",\r\n        \"South Central US\",\r\n        \"West Europe\",\r\n        \"West US\",\r\n        \"Southeast Asia\",\r\n        \"Central US\",\r\n        \"East US 2\",\r\n        \"MSFT West US\",\r\n        \"MSFT East US\",\r\n        \"MSFT East Asia\",\r\n        \"MSFT North Europe\",\r\n        \"Australia East\",\r\n        \"Australia Southeast\",\r\n        \"East US 2 (Stage)\",\r\n        \"East Asia (Stage)\",\r\n        \"Central US (Stage)\",\r\n        \"West India\",\r\n        \"Central India\",\r\n        \"South India\"\r\n      ],\r\n      \"apiVersions\": [\r\n        \"2015-08-01\",\r\n        \"2015-07-01\",\r\n        \"2015-06-01\",\r\n        \"2015-05-01\",\r\n        \"2015-04-01\",\r\n        \"2015-02-01\",\r\n        \"2014-11-01\",\r\n        \"2014-06-01\",\r\n        \"2014-04-01-preview\",\r\n        \"2014-04-01\"\r\n      ]\r\n    },\r\n    {\r\n      \"resourceType\": \"certificates\",\r\n      \"locations\": [\r\n        \"Brazil South\",\r\n        \"East Asia\",\r\n        \"East US\",\r\n        \"Japan East\",\r\n        \"Japan West\",\r\n        \"North Central US\",\r\n        \"North Europe\",\r\n        \"South Central US\",\r\n        \"West Europe\",\r\n        \"West US\",\r\n        \"Southeast Asia\",\r\n        \"Central US\",\r\n        \"East US 2\",\r\n        \"MSFT West US\",\r\n        \"MSFT East US\",\r\n        \"MSFT East Asia\",\r\n        \"MSFT North Europe\",\r\n        \"Australia East\",\r\n        \"Australia Southeast\",\r\n        \"East US 2 (Stage)\",\r\n        \"East Asia (Stage)\",\r\n        \"Central US (Stage)\",\r\n        \"West India\",\r\n        \"Central India\",\r\n        \"South India\"\r\n      ],\r\n      \"apiVersions\": [\r\n        \"2015-08-01\",\r\n        \"2015-07-01\",\r\n        \"2015-06-01\",\r\n        \"2015-05-01\",\r\n        \"2015-04-01\",\r\n        \"2015-02-01\",\r\n        \"2014-11-01\",\r\n        \"2014-06-01\",\r\n        \"2014-04-01-preview\",\r\n        \"2014-04-01\"\r\n      ]\r\n    },\r\n    {\r\n      \"resourceType\": \"serverFarms\",\r\n      \"locations\": [\r\n        \"Brazil South\",\r\n        \"East Asia\",\r\n        \"East US\",\r\n        \"Japan East\",\r\n        \"Japan West\",\r\n        \"North Central US\",\r\n        \"North Europe\",\r\n        \"South Central US\",\r\n        \"West Europe\",\r\n        \"West US\",\r\n        \"Southeast Asia\",\r\n        \"Central US\",\r\n        \"East US 2\",\r\n        \"MSFT West US\",\r\n        \"MSFT East US\",\r\n        \"MSFT East Asia\",\r\n        \"MSFT North Europe\",\r\n        \"Australia East\",\r\n        \"Australia Southeast\",\r\n        \"East US 2 (Stage)\",\r\n        \"East Asia (Stage)\",\r\n        \"Central US (Stage)\",\r\n        \"West India\",\r\n        \"Central India\",\r\n        \"South India\"\r\n      ],\r\n      \"apiVersions\": [\r\n        \"2015-08-01\",\r\n        \"2015-07-01\",\r\n        \"2015-06-01\",\r\n        \"2015-05-01\",\r\n        \"2015-04-01\",\r\n        \"2015-02-01\",\r\n        \"2014-11-01\",\r\n        \"2014-06-01\",\r\n        \"2014-04-01-preview\",\r\n        \"2014-04-01\"\r\n      ]\r\n    },\r\n    {\r\n      \"resourceType\": \"sites\",\r\n      \"locations\": [\r\n        \"Brazil South\",\r\n        \"East Asia\",\r\n        \"East US\",\r\n        \"Japan East\",\r\n        \"Japan West\",\r\n        \"North Central US\",\r\n        \"North Europe\",\r\n        \"South Central US\",\r\n        \"West Europe\",\r\n        \"West US\",\r\n        \"Southeast Asia\",\r\n        \"Central US\",\r\n        \"East US 2\",\r\n        \"MSFT West US\",\r\n        \"MSFT East US\",\r\n        \"MSFT East Asia\",\r\n        \"MSFT North Europe\",\r\n        \"Australia East\",\r\n        \"Australia Southeast\",\r\n        \"East US 2 (Stage)\",\r\n        \"East Asia (Stage)\",\r\n        \"Central US (Stage)\",\r\n        \"West India\",\r\n        \"Central India\",\r\n        \"South India\"\r\n      ],\r\n      \"apiVersions\": [\r\n        \"2015-08-01\",\r\n        \"2015-07-01\",\r\n        \"2015-06-01\",\r\n        \"2015-05-01\",\r\n        \"2015-04-01\",\r\n        \"2015-02-01\",\r\n        \"2014-11-01\",\r\n        \"2014-06-01\",\r\n        \"2014-04-01-preview\",\r\n        \"2014-04-01\"\r\n      ]\r\n    },\r\n    {\r\n      \"resourceType\": \"sites/slots\",\r\n      \"locations\": [\r\n        \"Brazil South\",\r\n        \"East Asia\",\r\n        \"East US\",\r\n        \"Japan East\",\r\n        \"Japan West\",\r\n        \"North Central US\",\r\n        \"North Europe\",\r\n        \"South Central US\",\r\n        \"West Europe\",\r\n        \"West US\",\r\n        \"Southeast Asia\",\r\n        \"Central US\",\r\n        \"East US 2\",\r\n        \"MSFT West US\",\r\n        \"MSFT East US\",\r\n        \"MSFT East Asia\",\r\n        \"MSFT North Europe\",\r\n        \"Australia East\",\r\n        \"Australia Southeast\",\r\n        \"East US 2 (Stage)\",\r\n        \"East Asia (Stage)\",\r\n        \"Central US (Stage)\",\r\n        \"West India\",\r\n        \"Central India\",\r\n        \"South India\"\r\n      ],\r\n      \"apiVersions\": [\r\n        \"2015-08-01\",\r\n        \"2015-07-01\",\r\n        \"2015-06-01\",\r\n        \"2015-05-01\",\r\n        \"2015-04-01\",\r\n        \"2015-02-01\",\r\n        \"2014-11-01\",\r\n        \"2014-06-01\",\r\n        \"2014-04-01-preview\",\r\n        \"2014-04-01\"\r\n      ]\r\n    },\r\n    {\r\n      \"resourceType\": \"runtimes\",\r\n      \"locations\": [],\r\n      \"apiVersions\": [\r\n        \"2015-08-01\",\r\n        \"2015-07-01\",\r\n        \"2015-06-01\",\r\n        \"2015-05-01\",\r\n        \"2015-04-01\",\r\n        \"2015-02-01\",\r\n        \"2014-11-01\",\r\n        \"2014-06-01\",\r\n        \"2014-04-01\"\r\n      ]\r\n    },\r\n    {\r\n      \"resourceType\": \"sites/metrics\",\r\n      \"locations\": [],\r\n      \"apiVersions\": [\r\n        \"2015-08-01\",\r\n        \"2015-07-01\",\r\n        \"2015-06-01\",\r\n        \"2015-05-01\",\r\n        \"2015-04-01\",\r\n        \"2015-02-01\",\r\n        \"2014-11-01\",\r\n        \"2014-06-01\",\r\n        \"2014-04-01\"\r\n      ]\r\n    },\r\n    {\r\n      \"resourceType\": \"sites/metricDefinitions\",\r\n      \"locations\": [],\r\n      \"apiVersions\": [\r\n        \"2015-08-01\",\r\n        \"2015-07-01\",\r\n        \"2015-06-01\",\r\n        \"2015-05-01\",\r\n        \"2015-04-01\",\r\n        \"2015-02-01\",\r\n        \"2014-11-01\",\r\n        \"2014-06-01\",\r\n        \"2014-04-01\"\r\n      ]\r\n    },\r\n    {\r\n      \"resourceType\": \"sites/slots/metrics\",\r\n      \"locations\": [],\r\n      \"apiVersions\": [\r\n        \"2015-08-01\",\r\n        \"2015-07-01\",\r\n        \"2015-06-01\",\r\n        \"2015-05-01\",\r\n        \"2015-04-01\",\r\n        \"2015-02-01\",\r\n        \"2014-11-01\",\r\n        \"2014-06-01\",\r\n        \"2014-04-01\"\r\n      ]\r\n    },\r\n    {\r\n      \"resourceType\": \"sites/slots/metricDefinitions\",\r\n      \"locations\": [],\r\n      \"apiVersions\": [\r\n        \"2015-08-01\",\r\n        \"2015-07-01\",\r\n        \"2015-06-01\",\r\n        \"2015-05-01\",\r\n        \"2015-04-01\",\r\n        \"2015-02-01\",\r\n        \"2014-11-01\",\r\n        \"2014-06-01\",\r\n        \"2014-04-01\"\r\n      ]\r\n    },\r\n    {\r\n      \"resourceType\": \"serverFarms/metrics\",\r\n      \"locations\": [],\r\n      \"apiVersions\": [\r\n        \"2015-08-01\",\r\n        \"2015-07-01\",\r\n        \"2015-06-01\",\r\n        \"2015-05-01\",\r\n        \"2015-04-01\",\r\n        \"2015-02-01\",\r\n        \"2014-11-01\",\r\n        \"2014-06-01\",\r\n        \"2014-04-01\"\r\n      ]\r\n    },\r\n    {\r\n      \"resourceType\": \"serverFarms/metricDefinitions\",\r\n      \"locations\": [],\r\n      \"apiVersions\": [\r\n        \"2015-08-01\",\r\n        \"2015-07-01\",\r\n        \"2015-06-01\",\r\n        \"2015-05-01\",\r\n        \"2015-04-01\",\r\n        \"2015-02-01\",\r\n        \"2014-11-01\",\r\n        \"2014-06-01\",\r\n        \"2014-04-01\"\r\n      ]\r\n    },\r\n    {\r\n      \"resourceType\": \"sites/recommendations\",\r\n      \"locations\": [],\r\n      \"apiVersions\": [\r\n        \"2015-08-01\",\r\n        \"2015-07-01\",\r\n        \"2015-06-01\",\r\n        \"2015-05-01\",\r\n        \"2015-04-01\",\r\n        \"2015-02-01\",\r\n        \"2014-11-01\",\r\n        \"2014-06-01\",\r\n        \"2014-04-01-preview\",\r\n        \"2014-04-01\"\r\n      ]\r\n    },\r\n    {\r\n      \"resourceType\": \"recommendations\",\r\n      \"locations\": [],\r\n      \"apiVersions\": [\r\n        \"2015-08-01\",\r\n        \"2015-07-01\",\r\n        \"2015-06-01\",\r\n        \"2015-05-01\",\r\n        \"2015-04-01\",\r\n        \"2015-02-01\",\r\n        \"2014-11-01\",\r\n        \"2014-06-01\",\r\n        \"2014-04-01-preview\",\r\n        \"2014-04-01\"\r\n      ]\r\n    },\r\n    {\r\n      \"resourceType\": \"georegions\",\r\n      \"locations\": [],\r\n      \"apiVersions\": [\r\n        \"2015-08-01\",\r\n        \"2015-07-01\",\r\n        \"2015-06-01\",\r\n        \"2015-05-01\",\r\n        \"2015-04-01\",\r\n        \"2015-02-01\",\r\n        \"2014-11-01\",\r\n        \"2014-06-01\",\r\n        \"2014-04-01-preview\",\r\n        \"2014-04-01\"\r\n      ]\r\n    },\r\n    {\r\n      \"resourceType\": \"sites/premieraddons\",\r\n      \"locations\": [\r\n        \"Brazil South\",\r\n        \"East Asia\",\r\n        \"East US\",\r\n        \"Japan East\",\r\n        \"Japan West\",\r\n        \"North Central US\",\r\n        \"North Europe\",\r\n        \"South Central US\",\r\n        \"West Europe\",\r\n        \"West US\",\r\n        \"Southeast Asia\",\r\n        \"Central US\",\r\n        \"East US 2\",\r\n        \"MSFT West US\",\r\n        \"MSFT East US\",\r\n        \"MSFT East Asia\",\r\n        \"MSFT North Europe\",\r\n        \"Australia East\",\r\n        \"Australia Southeast\",\r\n        \"East US 2 (Stage)\",\r\n        \"East Asia (Stage)\",\r\n        \"Central US (Stage)\",\r\n        \"West India\",\r\n        \"Central India\",\r\n        \"South India\"\r\n      ],\r\n      \"apiVersions\": [\r\n        \"2015-08-01\",\r\n        \"2015-07-01\",\r\n        \"2015-06-01\",\r\n        \"2015-05-01\",\r\n        \"2015-04-01\"\r\n      ]\r\n    },\r\n    {\r\n      \"resourceType\": \"hostingEnvironments\",\r\n      \"locations\": [\r\n        \"Brazil South\",\r\n        \"East Asia\",\r\n        \"East US\",\r\n        \"Japan East\",\r\n        \"Japan West\",\r\n        \"North Central US\",\r\n        \"North Europe\",\r\n        \"South Central US\",\r\n        \"West Europe\",\r\n        \"West US\",\r\n        \"Southeast Asia\",\r\n        \"Central US\",\r\n        \"East US 2\",\r\n        \"Australia East\",\r\n        \"Australia Southeast\",\r\n        \"East US 2 (Stage)\",\r\n        \"East Asia (Stage)\",\r\n        \"Central US (Stage)\",\r\n        \"West India\",\r\n        \"Central India\",\r\n        \"South India\"\r\n      ],\r\n      \"apiVersions\": [\r\n        \"2015-08-01\",\r\n        \"2015-07-01\",\r\n        \"2015-06-01\",\r\n        \"2015-05-01\",\r\n        \"2015-04-01\",\r\n        \"2015-02-01\",\r\n        \"2014-11-01\",\r\n        \"2014-06-01\",\r\n        \"2014-04-01\"\r\n      ]\r\n    },\r\n    {\r\n      \"resourceType\": \"hostingEnvironments/multiRolePools\",\r\n      \"locations\": [\r\n        \"Brazil South\",\r\n        \"East Asia\",\r\n        \"East US\",\r\n        \"Japan East\",\r\n        \"Japan West\",\r\n        \"North Central US\",\r\n        \"North Europe\",\r\n        \"South Central US\",\r\n        \"West Europe\",\r\n        \"West US\",\r\n        \"Southeast Asia\",\r\n        \"Central US\",\r\n        \"East US 2\",\r\n        \"Australia East\",\r\n        \"Australia Southeast\",\r\n        \"East US 2 (Stage)\",\r\n        \"East Asia (Stage)\",\r\n        \"Central US (Stage)\",\r\n        \"West India\",\r\n        \"Central India\",\r\n        \"South India\"\r\n      ],\r\n      \"apiVersions\": [\r\n        \"2015-08-01\",\r\n        \"2015-07-01\",\r\n        \"2015-06-01\",\r\n        \"2015-05-01\",\r\n        \"2015-04-01\",\r\n        \"2015-02-01\",\r\n        \"2014-11-01\",\r\n        \"2014-06-01\",\r\n        \"2014-04-01\"\r\n      ]\r\n    },\r\n    {\r\n      \"resourceType\": \"hostingEnvironments/workerPools\",\r\n      \"locations\": [\r\n        \"Brazil South\",\r\n        \"East Asia\",\r\n        \"East US\",\r\n        \"Japan East\",\r\n        \"Japan West\",\r\n        \"North Central US\",\r\n        \"North Europe\",\r\n        \"South Central US\",\r\n        \"West Europe\",\r\n        \"West US\",\r\n        \"Southeast Asia\",\r\n        \"Central US\",\r\n        \"East US 2\",\r\n        \"Australia East\",\r\n        \"Australia Southeast\",\r\n        \"East US 2 (Stage)\",\r\n        \"East Asia (Stage)\",\r\n        \"Central US (Stage)\",\r\n        \"West India\",\r\n        \"Central India\",\r\n        \"South India\"\r\n      ],\r\n      \"apiVersions\": [\r\n        \"2015-08-01\",\r\n        \"2015-07-01\",\r\n        \"2015-06-01\",\r\n        \"2015-05-01\",\r\n        \"2015-04-01\",\r\n        \"2015-02-01\",\r\n        \"2014-11-01\",\r\n        \"2014-06-01\",\r\n        \"2014-04-01\"\r\n      ]\r\n    },\r\n    {\r\n      \"resourceType\": \"hostingEnvironments/metrics\",\r\n      \"locations\": [],\r\n      \"apiVersions\": [\r\n        \"2015-08-01\",\r\n        \"2015-07-01\",\r\n        \"2015-06-01\",\r\n        \"2015-05-01\",\r\n        \"2015-04-01\",\r\n        \"2015-02-01\",\r\n        \"2014-11-01\",\r\n        \"2014-06-01\",\r\n        \"2014-04-01\"\r\n      ]\r\n    },\r\n    {\r\n      \"resourceType\": \"hostingEnvironments/metricDefinitions\",\r\n      \"locations\": [],\r\n      \"apiVersions\": [\r\n        \"2015-08-01\",\r\n        \"2015-07-01\",\r\n        \"2015-06-01\",\r\n        \"2015-05-01\",\r\n        \"2015-04-01\",\r\n        \"2015-02-01\",\r\n        \"2014-11-01\",\r\n        \"2014-06-01\",\r\n        \"2014-04-01\"\r\n      ]\r\n    },\r\n    {\r\n      \"resourceType\": \"hostingEnvironments/multiRolePools/metrics\",\r\n      \"locations\": [],\r\n      \"apiVersions\": [\r\n        \"2015-08-01\",\r\n        \"2015-07-01\",\r\n        \"2015-06-01\",\r\n        \"2015-05-01\",\r\n        \"2015-04-01\",\r\n        \"2015-02-01\",\r\n        \"2014-11-01\",\r\n        \"2014-06-01\",\r\n        \"2014-04-01\"\r\n      ]\r\n    },\r\n    {\r\n      \"resourceType\": \"hostingEnvironments/multiRolePools/metricDefinitions\",\r\n      \"locations\": [],\r\n      \"apiVersions\": [\r\n        \"2015-08-01\",\r\n        \"2015-07-01\",\r\n        \"2015-06-01\",\r\n        \"2015-05-01\",\r\n        \"2015-04-01\",\r\n        \"2015-02-01\",\r\n        \"2014-11-01\",\r\n        \"2014-06-01\",\r\n        \"2014-04-01\"\r\n      ]\r\n    },\r\n    {\r\n      \"resourceType\": \"hostingEnvironments/workerPools/metrics\",\r\n      \"locations\": [],\r\n      \"apiVersions\": [\r\n        \"2015-08-01\",\r\n        \"2015-07-01\",\r\n        \"2015-06-01\",\r\n        \"2015-05-01\",\r\n        \"2015-04-01\",\r\n        \"2015-02-01\",\r\n        \"2014-11-01\",\r\n        \"2014-06-01\",\r\n        \"2014-04-01\"\r\n      ]\r\n    },\r\n    {\r\n      \"resourceType\": \"hostingEnvironments/workerPools/metricDefinitions\",\r\n      \"locations\": [],\r\n      \"apiVersions\": [\r\n        \"2015-08-01\",\r\n        \"2015-07-01\",\r\n        \"2015-06-01\",\r\n        \"2015-05-01\",\r\n        \"2015-04-01\",\r\n        \"2015-02-01\",\r\n        \"2014-11-01\",\r\n        \"2014-06-01\",\r\n        \"2014-04-01\"\r\n      ]\r\n    },\r\n    {\r\n      \"resourceType\": \"hostingEnvironments/multiRolePools/instances\",\r\n      \"locations\": [],\r\n      \"apiVersions\": [\r\n        \"2015-08-01\",\r\n        \"2015-07-01\",\r\n        \"2015-06-01\",\r\n        \"2015-05-01\",\r\n        \"2015-04-01\",\r\n        \"2015-02-01\",\r\n        \"2014-11-01\",\r\n        \"2014-06-01\",\r\n        \"2014-04-01-preview\",\r\n        \"2014-04-01\"\r\n      ]\r\n    },\r\n    {\r\n      \"resourceType\": \"hostingEnvironments/multiRolePools/instances/metrics\",\r\n      \"locations\": [],\r\n      \"apiVersions\": [\r\n        \"2015-08-01\",\r\n        \"2015-07-01\",\r\n        \"2015-06-01\",\r\n        \"2015-05-01\",\r\n        \"2015-04-01\",\r\n        \"2015-02-01\",\r\n        \"2014-11-01\",\r\n        \"2014-06-01\",\r\n        \"2014-04-01-preview\",\r\n        \"2014-04-01\"\r\n      ]\r\n    },\r\n    {\r\n      \"resourceType\": \"hostingEnvironments/multiRolePools/instances/metricDefinitions\",\r\n      \"locations\": [],\r\n      \"apiVersions\": [\r\n        \"2015-08-01\",\r\n        \"2015-07-01\",\r\n        \"2015-06-01\",\r\n        \"2015-05-01\",\r\n        \"2015-04-01\",\r\n        \"2015-02-01\",\r\n        \"2014-11-01\",\r\n        \"2014-06-01\",\r\n        \"2014-04-01-preview\",\r\n        \"2014-04-01\"\r\n      ]\r\n    },\r\n    {\r\n      \"resourceType\": \"hostingEnvironments/workerPools/instances\",\r\n      \"locations\": [],\r\n      \"apiVersions\": [\r\n        \"2015-08-01\",\r\n        \"2015-07-01\",\r\n        \"2015-06-01\",\r\n        \"2015-05-01\",\r\n        \"2015-04-01\",\r\n        \"2015-02-01\",\r\n        \"2014-11-01\",\r\n        \"2014-06-01\",\r\n        \"2014-04-01-preview\",\r\n        \"2014-04-01\"\r\n      ]\r\n    },\r\n    {\r\n      \"resourceType\": \"hostingEnvironments/workerPools/instances/metrics\",\r\n      \"locations\": [],\r\n      \"apiVersions\": [\r\n        \"2015-08-01\",\r\n        \"2015-07-01\",\r\n        \"2015-06-01\",\r\n        \"2015-05-01\",\r\n        \"2015-04-01\",\r\n        \"2015-02-01\",\r\n        \"2014-11-01\",\r\n        \"2014-06-01\",\r\n        \"2014-04-01-preview\",\r\n        \"2014-04-01\"\r\n      ]\r\n    },\r\n    {\r\n      \"resourceType\": \"hostingEnvironments/workerPools/instances/metricDefinitions\",\r\n      \"locations\": [],\r\n      \"apiVersions\": [\r\n        \"2015-08-01\",\r\n        \"2015-07-01\",\r\n        \"2015-06-01\",\r\n        \"2015-05-01\",\r\n        \"2015-04-01\",\r\n        \"2015-02-01\",\r\n        \"2014-11-01\",\r\n        \"2014-06-01\",\r\n        \"2014-04-01-preview\",\r\n        \"2014-04-01\"\r\n      ]\r\n    },\r\n    {\r\n      \"resourceType\": \"deploymentLocations\",\r\n      \"locations\": [],\r\n      \"apiVersions\": [\r\n        \"2015-08-01\",\r\n        \"2015-07-01\",\r\n        \"2015-06-01\",\r\n        \"2015-05-01\",\r\n        \"2015-04-01\",\r\n        \"2015-02-01\",\r\n        \"2014-11-01\",\r\n        \"2014-06-01\",\r\n        \"2014-04-01-preview\",\r\n        \"2014-04-01\"\r\n      ]\r\n    },\r\n    {\r\n      \"resourceType\": \"ishostingenvironmentnameavailable\",\r\n      \"locations\": [],\r\n      \"apiVersions\": [\r\n        \"2015-08-01\",\r\n        \"2015-07-01\",\r\n        \"2015-06-01\",\r\n        \"2015-05-01\",\r\n        \"2015-04-01\",\r\n        \"2015-02-01\",\r\n        \"2014-11-01\",\r\n        \"2014-06-01\",\r\n        \"2014-04-01-preview\",\r\n        \"2014-04-01\"\r\n      ]\r\n    },\r\n    {\r\n      \"resourceType\": \"classicMobileServices\",\r\n      \"locations\": [],\r\n      \"apiVersions\": [\r\n        \"2015-08-01\",\r\n        \"2015-07-01\",\r\n        \"2015-06-01\",\r\n        \"2015-05-01\",\r\n        \"2015-04-01\",\r\n        \"2015-02-01\",\r\n        \"2014-11-01\",\r\n        \"2014-06-01\",\r\n        \"2014-04-01-preview\",\r\n        \"2014-04-01\"\r\n      ]\r\n    }\r\n  ],\r\n  \"registrationState\": \"Registered\"\r\n}",
      "ResponseHeaders": {
        "Content-Length": [
          "18225"
        ],
        "Content-Type": [
          "application/json; charset=utf-8"
        ],
        "Expires": [
          "-1"
        ],
        "Pragma": [
          "no-cache"
        ],
        "x-ms-ratelimit-remaining-subscription-reads": [
          "14994"
        ],
        "x-ms-request-id": [
          "ab75cda2-36cc-47ef-aeee-f8efb42b4886"
        ],
        "x-ms-correlation-request-id": [
          "ab75cda2-36cc-47ef-aeee-f8efb42b4886"
        ],
        "x-ms-routing-request-id": [
          "WESTUS:20150903T200528Z:ab75cda2-36cc-47ef-aeee-f8efb42b4886"
        ],
        "Strict-Transport-Security": [
          "max-age=31536000; includeSubDomains"
        ],
        "Cache-Control": [
          "no-cache"
        ],
        "Date": [
          "Thu, 03 Sep 2015 20:05:27 GMT"
        ]
      },
      "StatusCode": 200
    },
    {
      "RequestUri": "/subscriptions/4adb32ad-8327-4cbb-b775-b84b4465bb38/resourcegroups/csmrg9246?api-version=2014-04-01-preview",
      "EncodedRequestUri": "L3N1YnNjcmlwdGlvbnMvNGFkYjMyYWQtODMyNy00Y2JiLWI3NzUtYjg0YjQ0NjViYjM4L3Jlc291cmNlZ3JvdXBzL2NzbXJnOTI0Nj9hcGktdmVyc2lvbj0yMDE0LTA0LTAxLXByZXZpZXc=",
      "RequestMethod": "PUT",
      "RequestBody": "{\r\n  \"location\": \"East Asia\"\r\n}",
      "RequestHeaders": {
        "Content-Type": [
          "application/json; charset=utf-8"
        ],
        "Content-Length": [
          "31"
        ],
        "x-ms-client-request-id": [
          "88ccea60-6558-4bbe-84bd-3eb722d82bbf"
        ],
        "accept-language": [
          "en-US"
        ],
        "User-Agent": [
          "Microsoft.Azure.Management.Resources.ResourceManagementClient/2.0.0.0"
        ]
      },
      "ResponseBody": "{\r\n  \"id\": \"/subscriptions/4adb32ad-8327-4cbb-b775-b84b4465bb38/resourceGroups/csmrg9246\",\r\n  \"name\": \"csmrg9246\",\r\n  \"location\": \"eastasia\",\r\n  \"properties\": {\r\n    \"provisioningState\": \"Succeeded\"\r\n  }\r\n}",
      "ResponseHeaders": {
        "Content-Length": [
          "173"
        ],
        "Content-Type": [
          "application/json; charset=utf-8"
        ],
        "Expires": [
          "-1"
        ],
        "Pragma": [
          "no-cache"
        ],
        "x-ms-ratelimit-remaining-subscription-writes": [
          "1195"
        ],
        "x-ms-request-id": [
          "4ff249bc-9fd6-4cf9-862a-7d918309a5d3"
        ],
        "x-ms-correlation-request-id": [
          "4ff249bc-9fd6-4cf9-862a-7d918309a5d3"
        ],
        "x-ms-routing-request-id": [
          "WESTUS:20150903T200529Z:4ff249bc-9fd6-4cf9-862a-7d918309a5d3"
        ],
        "Strict-Transport-Security": [
          "max-age=31536000; includeSubDomains"
        ],
        "Cache-Control": [
          "no-cache"
        ],
        "Date": [
          "Thu, 03 Sep 2015 20:05:29 GMT"
        ]
      },
      "StatusCode": 201
    },
    {
      "RequestUri": "/subscriptions/4adb32ad-8327-4cbb-b775-b84b4465bb38/resourceGroups/csmrg9246/providers/Microsoft.Web/serverfarms/csmwhp7000?api-version=2015-08-01",
      "EncodedRequestUri": "L3N1YnNjcmlwdGlvbnMvNGFkYjMyYWQtODMyNy00Y2JiLWI3NzUtYjg0YjQ0NjViYjM4L3Jlc291cmNlR3JvdXBzL2NzbXJnOTI0Ni9wcm92aWRlcnMvTWljcm9zb2Z0LldlYi9zZXJ2ZXJmYXJtcy9jc213aHA3MDAwP2FwaS12ZXJzaW9uPTIwMTUtMDgtMDE=",
      "RequestMethod": "PUT",
      "RequestBody": "{\r\n  \"sku\": {\r\n    \"name\": \"D1\",\r\n    \"tier\": \"Shared\"\r\n  },\r\n  \"location\": \"East Asia\",\r\n  \"properties\": {\r\n    \"name\": \"csmwhp7000\"\r\n  }\r\n}",
      "RequestHeaders": {
        "Content-Type": [
          "application/json; charset=utf-8"
        ],
        "Content-Length": [
          "141"
        ],
        "x-ms-client-request-id": [
          "63b25c53-8dde-439e-9d04-e7bff8f0a5a1"
        ],
        "accept-language": [
          "en-US"
        ],
        "User-Agent": [
          "Microsoft.Azure.Management.WebSites.WebSiteManagementClient/0.9.0.0"
        ]
      },
      "ResponseBody": "{\r\n  \"id\": \"/subscriptions/4adb32ad-8327-4cbb-b775-b84b4465bb38/resourceGroups/csmrg9246/providers/Microsoft.Web/serverfarms/csmwhp7000\",\r\n  \"name\": \"csmwhp7000\",\r\n  \"type\": \"Microsoft.Web/serverfarms\",\r\n  \"kind\": null,\r\n  \"location\": \"East Asia\",\r\n  \"tags\": null,\r\n  \"plan\": null,\r\n  \"properties\": {\r\n    \"serverFarmId\": 0,\r\n    \"name\": \"csmwhp7000\",\r\n    \"workerSize\": 0,\r\n    \"workerSizeId\": 0,\r\n    \"numberOfWorkers\": 0,\r\n    \"currentWorkerSize\": 0,\r\n    \"currentWorkerSizeId\": 0,\r\n    \"currentNumberOfWorkers\": 0,\r\n    \"status\": 0,\r\n    \"webSpace\": \"csmrg9246-EastAsiawebspace\",\r\n    \"subscription\": \"4adb32ad-8327-4cbb-b775-b84b4465bb38\",\r\n    \"adminSiteName\": null,\r\n    \"hostingEnvironment\": null,\r\n    \"hostingEnvironmentProfile\": null,\r\n    \"maximumNumberOfWorkers\": 1,\r\n    \"planName\": \"VirtualDedicatedPlan\",\r\n    \"adminRuntimeSiteName\": null,\r\n    \"computeMode\": 0,\r\n    \"siteMode\": null,\r\n    \"geoRegion\": \"East Asia\",\r\n    \"perSiteScaling\": false,\r\n    \"numberOfSites\": 0,\r\n    \"hostingEnvironmentId\": null,\r\n    \"tags\": null,\r\n    \"resourceGroup\": \"csmrg9246\"\r\n  },\r\n  \"sku\": {\r\n    \"name\": \"D1\",\r\n    \"tier\": \"Shared\",\r\n    \"size\": \"D1\",\r\n    \"family\": \"D\",\r\n    \"capacity\": 0\r\n  }\r\n}",
      "ResponseHeaders": {
        "Content-Length": [
          "936"
        ],
        "Content-Type": [
          "application/json"
        ],
        "Expires": [
          "-1"
        ],
        "Pragma": [
          "no-cache"
        ],
        "Strict-Transport-Security": [
          "max-age=31536000; includeSubDomains"
        ],
        "x-ms-request-id": [
          "2b530acc-b10c-42b1-bb7e-0f1a79f52d57"
        ],
        "x-ms-ratelimit-remaining-subscription-writes": [
          "1193"
        ],
        "x-ms-correlation-request-id": [
          "0f4377ee-fbfc-437b-9cea-9c2d9155e7ee"
        ],
        "x-ms-routing-request-id": [
          "WESTUS:20150903T200536Z:0f4377ee-fbfc-437b-9cea-9c2d9155e7ee"
        ],
        "Cache-Control": [
          "no-cache"
        ],
        "Date": [
          "Thu, 03 Sep 2015 20:05:36 GMT"
        ],
        "Server": [
          "Microsoft-IIS/8.0"
        ],
        "X-AspNet-Version": [
          "4.0.30319"
        ],
        "X-Powered-By": [
          "ASP.NET"
        ]
      },
      "StatusCode": 200
    },
    {
      "RequestUri": "/subscriptions/4adb32ad-8327-4cbb-b775-b84b4465bb38/resourceGroups/csmrg9246/providers/Microsoft.Web/sites/csmws944?api-version=2015-08-01",
      "EncodedRequestUri": "L3N1YnNjcmlwdGlvbnMvNGFkYjMyYWQtODMyNy00Y2JiLWI3NzUtYjg0YjQ0NjViYjM4L3Jlc291cmNlR3JvdXBzL2NzbXJnOTI0Ni9wcm92aWRlcnMvTWljcm9zb2Z0LldlYi9zaXRlcy9jc213czk0ND9hcGktdmVyc2lvbj0yMDE1LTA4LTAx",
      "RequestMethod": "PUT",
      "RequestBody": "{\r\n  \"location\": \"East Asia\",\r\n  \"tags\": {\r\n    \"tag1\": \"value1\",\r\n    \"tag2\": \"\"\r\n  },\r\n  \"properties\": {\r\n    \"name\": \"csmws944\",\r\n    \"serverFarmId\": \"/subscriptions/4adb32ad-8327-4cbb-b775-b84b4465bb38/resourcegroups/csmrg9246/providers/Microsoft.Web/serverfarms/csmwhp7000\"\r\n  }\r\n}",
      "RequestHeaders": {
        "Content-Type": [
          "application/json; charset=utf-8"
        ],
        "Content-Length": [
          "286"
        ],
        "x-ms-client-request-id": [
          "1c48bf30-4cd1-4c77-bb6c-5d8022d593f0"
        ],
        "accept-language": [
          "en-US"
        ],
        "User-Agent": [
          "Microsoft.Azure.Management.WebSites.WebSiteManagementClient/0.9.0.0"
        ]
      },
      "ResponseBody": "{\r\n  \"id\": \"/subscriptions/4adb32ad-8327-4cbb-b775-b84b4465bb38/resourceGroups/csmrg9246/providers/Microsoft.Web/sites/csmws944\",\r\n  \"name\": \"csmws944\",\r\n  \"type\": \"Microsoft.Web/sites\",\r\n  \"kind\": null,\r\n  \"location\": \"East Asia\",\r\n  \"tags\": {\r\n    \"tag1\": \"value1\",\r\n    \"tag2\": \"\"\r\n  },\r\n  \"plan\": null,\r\n  \"properties\": {\r\n    \"name\": \"csmws944\",\r\n    \"state\": \"Running\",\r\n    \"hostNames\": [\r\n      \"csmws944.azurewebsites.net\"\r\n    ],\r\n    \"webSpace\": \"csmrg9246-EastAsiawebspace\",\r\n    \"selfLink\": \"https://waws-prod-hk1-007.api.azurewebsites.windows.net:454/subscriptions/4adb32ad-8327-4cbb-b775-b84b4465bb38/webspaces/csmrg9246-EastAsiawebspace/sites/csmws944\",\r\n    \"repositorySiteName\": \"csmws944\",\r\n    \"owner\": null,\r\n    \"usageState\": 0,\r\n    \"enabled\": true,\r\n    \"adminEnabled\": true,\r\n    \"enabledHostNames\": [\r\n      \"csmws944.azurewebsites.net\",\r\n      \"csmws944.scm.azurewebsites.net\"\r\n    ],\r\n    \"siteProperties\": {\r\n      \"metadata\": null,\r\n      \"properties\": [],\r\n      \"appSettings\": null\r\n    },\r\n    \"availabilityState\": 0,\r\n    \"sslCertificates\": null,\r\n    \"csrs\": [],\r\n    \"cers\": null,\r\n    \"siteMode\": null,\r\n    \"hostNameSslStates\": [\r\n      {\r\n        \"name\": \"csmws944.azurewebsites.net\",\r\n        \"sslState\": 0,\r\n        \"ipBasedSslResult\": null,\r\n        \"virtualIP\": null,\r\n        \"thumbprint\": null,\r\n        \"toUpdate\": null,\r\n        \"toUpdateIpBasedSsl\": null,\r\n        \"ipBasedSslState\": 0,\r\n        \"hostType\": 0\r\n      },\r\n      {\r\n        \"name\": \"csmws944.scm.azurewebsites.net\",\r\n        \"sslState\": 0,\r\n        \"ipBasedSslResult\": null,\r\n        \"virtualIP\": null,\r\n        \"thumbprint\": null,\r\n        \"toUpdate\": null,\r\n        \"toUpdateIpBasedSsl\": null,\r\n        \"ipBasedSslState\": 0,\r\n        \"hostType\": 1\r\n      }\r\n    ],\r\n    \"computeMode\": null,\r\n    \"serverFarm\": null,\r\n    \"serverFarmId\": \"/subscriptions/4adb32ad-8327-4cbb-b775-b84b4465bb38/resourceGroups/csmrg9246/providers/Microsoft.Web/serverfarms/csmwhp7000\",\r\n    \"lastModifiedTimeUtc\": \"2015-09-03T20:05:40.967\",\r\n    \"storageRecoveryDefaultState\": \"Running\",\r\n    \"contentAvailabilityState\": 0,\r\n    \"runtimeAvailabilityState\": 0,\r\n    \"siteConfig\": null,\r\n    \"deploymentId\": \"csmws944\",\r\n    \"trafficManagerHostNames\": null,\r\n    \"sku\": \"Shared\",\r\n    \"premiumAppDeployed\": null,\r\n    \"scmSiteAlsoStopped\": false,\r\n    \"targetSwapSlot\": null,\r\n    \"hostingEnvironment\": null,\r\n    \"hostingEnvironmentProfile\": null,\r\n    \"microService\": \"WebSites\",\r\n    \"gatewaySiteName\": null,\r\n    \"clientAffinityEnabled\": true,\r\n    \"clientCertEnabled\": false,\r\n    \"kind\": null,\r\n    \"outboundIpAddresses\": \"23.101.10.142,23.101.10.143,23.101.10.144,23.101.10.145\",\r\n    \"cloningInfo\": null,\r\n    \"hostingEnvironmentId\": null\r\n  }\r\n}",
      "ResponseHeaders": {
        "Content-Length": [
          "2081"
        ],
        "Content-Type": [
          "application/json"
        ],
        "Expires": [
          "-1"
        ],
        "Pragma": [
          "no-cache"
        ],
        "Strict-Transport-Security": [
          "max-age=31536000; includeSubDomains"
        ],
        "x-ms-request-id": [
          "686897f7-9885-43ab-9a12-c44b6d72c925"
        ],
        "x-ms-ratelimit-remaining-subscription-writes": [
          "1192"
        ],
        "x-ms-correlation-request-id": [
          "67e76059-5fba-4907-b698-67d9c868836f"
        ],
        "x-ms-routing-request-id": [
          "WESTUS:20150903T200545Z:67e76059-5fba-4907-b698-67d9c868836f"
        ],
        "Cache-Control": [
          "no-cache"
        ],
        "Date": [
          "Thu, 03 Sep 2015 20:05:45 GMT"
        ],
        "Server": [
          "Microsoft-IIS/8.0"
        ],
        "X-AspNet-Version": [
          "4.0.30319"
        ],
        "X-Powered-By": [
          "ASP.NET"
        ]
      },
      "StatusCode": 200
    },
    {
      "RequestUri": "/subscriptions/4adb32ad-8327-4cbb-b775-b84b4465bb38/resourceGroups/csmrg9246/providers/Microsoft.Web/sites/csmws944/stop?api-version=2015-08-01",
      "EncodedRequestUri": "L3N1YnNjcmlwdGlvbnMvNGFkYjMyYWQtODMyNy00Y2JiLWI3NzUtYjg0YjQ0NjViYjM4L3Jlc291cmNlR3JvdXBzL2NzbXJnOTI0Ni9wcm92aWRlcnMvTWljcm9zb2Z0LldlYi9zaXRlcy9jc213czk0NC9zdG9wP2FwaS12ZXJzaW9uPTIwMTUtMDgtMDE=",
      "RequestMethod": "POST",
      "RequestBody": "",
      "RequestHeaders": {
        "x-ms-client-request-id": [
          "d768eea3-3dfd-45c1-911a-d8259c3d8c45"
        ],
        "accept-language": [
          "en-US"
        ],
        "User-Agent": [
          "Microsoft.Azure.Management.WebSites.WebSiteManagementClient/0.9.0.0"
        ]
      },
      "ResponseBody": "",
      "ResponseHeaders": {
        "Content-Length": [
          "0"
        ],
        "Expires": [
          "-1"
        ],
        "Pragma": [
          "no-cache"
        ],
        "Strict-Transport-Security": [
          "max-age=31536000; includeSubDomains"
        ],
        "x-ms-request-id": [
          "4ca85bd0-ec17-429d-8b5b-e0692672d5cd"
        ],
        "x-ms-ratelimit-remaining-subscription-writes": [
          "1191"
        ],
        "x-ms-correlation-request-id": [
          "1a6f88f7-b7d2-4b90-844b-32e04acc4886"
        ],
        "x-ms-routing-request-id": [
          "WESTUS:20150903T200546Z:1a6f88f7-b7d2-4b90-844b-32e04acc4886"
        ],
        "Cache-Control": [
          "no-cache"
        ],
        "Date": [
          "Thu, 03 Sep 2015 20:05:46 GMT"
        ],
        "Server": [
          "Microsoft-IIS/8.0"
        ],
        "X-AspNet-Version": [
          "4.0.30319"
        ],
        "X-Powered-By": [
          "ASP.NET"
        ]
      },
      "StatusCode": 200
    },
    {
      "RequestUri": "/subscriptions/4adb32ad-8327-4cbb-b775-b84b4465bb38/resourceGroups/csmrg9246/providers/Microsoft.Web/sites/csmws944?api-version=2015-08-01",
      "EncodedRequestUri": "L3N1YnNjcmlwdGlvbnMvNGFkYjMyYWQtODMyNy00Y2JiLWI3NzUtYjg0YjQ0NjViYjM4L3Jlc291cmNlR3JvdXBzL2NzbXJnOTI0Ni9wcm92aWRlcnMvTWljcm9zb2Z0LldlYi9zaXRlcy9jc213czk0ND9hcGktdmVyc2lvbj0yMDE1LTA4LTAx",
      "RequestMethod": "GET",
      "RequestBody": "",
      "RequestHeaders": {
        "x-ms-client-request-id": [
          "02246487-5677-41ba-9133-a04a0fd0dc7c"
        ],
        "accept-language": [
          "en-US"
        ],
        "User-Agent": [
          "Microsoft.Azure.Management.WebSites.WebSiteManagementClient/0.9.0.0"
        ]
      },
      "ResponseBody": "{\r\n  \"id\": \"/subscriptions/4adb32ad-8327-4cbb-b775-b84b4465bb38/resourceGroups/csmrg9246/providers/Microsoft.Web/sites/csmws944\",\r\n  \"name\": \"csmws944\",\r\n  \"type\": \"Microsoft.Web/sites\",\r\n  \"kind\": null,\r\n  \"location\": \"East Asia\",\r\n  \"tags\": {\r\n    \"tag1\": \"value1\",\r\n    \"tag2\": \"\"\r\n  },\r\n  \"plan\": null,\r\n  \"properties\": {\r\n    \"name\": \"csmws944\",\r\n    \"state\": \"Stopped\",\r\n    \"hostNames\": [\r\n      \"csmws944.azurewebsites.net\"\r\n    ],\r\n    \"webSpace\": \"csmrg9246-EastAsiawebspace\",\r\n    \"selfLink\": \"https://waws-prod-hk1-007.api.azurewebsites.windows.net:454/subscriptions/4adb32ad-8327-4cbb-b775-b84b4465bb38/webspaces/csmrg9246-EastAsiawebspace/sites/csmws944\",\r\n    \"repositorySiteName\": \"csmws944\",\r\n    \"owner\": null,\r\n    \"usageState\": 0,\r\n    \"enabled\": true,\r\n    \"adminEnabled\": true,\r\n    \"enabledHostNames\": [\r\n      \"csmws944.azurewebsites.net\",\r\n      \"csmws944.scm.azurewebsites.net\"\r\n    ],\r\n    \"siteProperties\": {\r\n      \"metadata\": null,\r\n      \"properties\": [],\r\n      \"appSettings\": null\r\n    },\r\n    \"availabilityState\": 0,\r\n    \"sslCertificates\": null,\r\n    \"csrs\": [],\r\n    \"cers\": null,\r\n    \"siteMode\": null,\r\n    \"hostNameSslStates\": [\r\n      {\r\n        \"name\": \"csmws944.azurewebsites.net\",\r\n        \"sslState\": 0,\r\n        \"ipBasedSslResult\": null,\r\n        \"virtualIP\": null,\r\n        \"thumbprint\": null,\r\n        \"toUpdate\": null,\r\n        \"toUpdateIpBasedSsl\": null,\r\n        \"ipBasedSslState\": 0,\r\n        \"hostType\": 0\r\n      },\r\n      {\r\n        \"name\": \"csmws944.scm.azurewebsites.net\",\r\n        \"sslState\": 0,\r\n        \"ipBasedSslResult\": null,\r\n        \"virtualIP\": null,\r\n        \"thumbprint\": null,\r\n        \"toUpdate\": null,\r\n        \"toUpdateIpBasedSsl\": null,\r\n        \"ipBasedSslState\": 0,\r\n        \"hostType\": 1\r\n      }\r\n    ],\r\n    \"computeMode\": null,\r\n    \"serverFarm\": null,\r\n    \"serverFarmId\": \"/subscriptions/4adb32ad-8327-4cbb-b775-b84b4465bb38/resourceGroups/csmrg9246/providers/Microsoft.Web/serverfarms/csmwhp7000\",\r\n    \"lastModifiedTimeUtc\": \"2015-09-03T20:05:46.8\",\r\n    \"storageRecoveryDefaultState\": \"Running\",\r\n    \"contentAvailabilityState\": 0,\r\n    \"runtimeAvailabilityState\": 0,\r\n    \"siteConfig\": null,\r\n    \"deploymentId\": \"csmws944\",\r\n    \"trafficManagerHostNames\": null,\r\n    \"sku\": \"Shared\",\r\n    \"premiumAppDeployed\": null,\r\n    \"scmSiteAlsoStopped\": false,\r\n    \"targetSwapSlot\": null,\r\n    \"hostingEnvironment\": null,\r\n    \"hostingEnvironmentProfile\": null,\r\n    \"microService\": \"WebSites\",\r\n    \"gatewaySiteName\": null,\r\n    \"clientAffinityEnabled\": true,\r\n    \"clientCertEnabled\": false,\r\n    \"kind\": null,\r\n    \"outboundIpAddresses\": \"23.101.10.142,23.101.10.143,23.101.10.144,23.101.10.145\",\r\n    \"cloningInfo\": null,\r\n    \"hostingEnvironmentId\": null\r\n  }\r\n}",
      "ResponseHeaders": {
        "Content-Length": [
          "2079"
        ],
        "Content-Type": [
          "application/json"
        ],
        "Expires": [
          "-1"
        ],
        "Pragma": [
          "no-cache"
        ],
        "Strict-Transport-Security": [
          "max-age=31536000; includeSubDomains"
        ],
        "x-ms-request-id": [
          "266574d1-48b2-4e6f-a0f6-b8a9b7ba3580"
        ],
        "x-ms-ratelimit-remaining-subscription-reads": [
          "14980"
        ],
        "x-ms-correlation-request-id": [
          "536284cf-2ca7-4ec3-8433-e136ddd553f0"
        ],
        "x-ms-routing-request-id": [
          "WESTUS:20150903T200547Z:536284cf-2ca7-4ec3-8433-e136ddd553f0"
        ],
        "Cache-Control": [
          "no-cache"
        ],
        "Date": [
          "Thu, 03 Sep 2015 20:05:46 GMT"
        ],
        "ETag": [
          "\"1D0E683EBFBDB00\""
        ],
        "Server": [
          "Microsoft-IIS/8.0"
        ],
        "X-AspNet-Version": [
          "4.0.30319"
        ],
        "X-Powered-By": [
          "ASP.NET"
        ]
      },
      "StatusCode": 200
    },
    {
      "RequestUri": "/subscriptions/4adb32ad-8327-4cbb-b775-b84b4465bb38/resourceGroups/csmrg9246/providers/Microsoft.Web/sites/csmws944?api-version=2015-08-01",
      "EncodedRequestUri": "L3N1YnNjcmlwdGlvbnMvNGFkYjMyYWQtODMyNy00Y2JiLWI3NzUtYjg0YjQ0NjViYjM4L3Jlc291cmNlR3JvdXBzL2NzbXJnOTI0Ni9wcm92aWRlcnMvTWljcm9zb2Z0LldlYi9zaXRlcy9jc213czk0ND9hcGktdmVyc2lvbj0yMDE1LTA4LTAx",
      "RequestMethod": "GET",
      "RequestBody": "",
      "RequestHeaders": {
        "x-ms-client-request-id": [
          "cc97901a-e079-45a9-98ee-09f79a6609ec"
        ],
        "accept-language": [
          "en-US"
        ],
        "User-Agent": [
          "Microsoft.Azure.Management.WebSites.WebSiteManagementClient/0.9.0.0"
        ]
      },
      "ResponseBody": "{\r\n  \"id\": \"/subscriptions/4adb32ad-8327-4cbb-b775-b84b4465bb38/resourceGroups/csmrg9246/providers/Microsoft.Web/sites/csmws944\",\r\n  \"name\": \"csmws944\",\r\n  \"type\": \"Microsoft.Web/sites\",\r\n  \"kind\": null,\r\n  \"location\": \"East Asia\",\r\n  \"tags\": {\r\n    \"tag1\": \"value1\",\r\n    \"tag2\": \"\"\r\n  },\r\n  \"plan\": null,\r\n  \"properties\": {\r\n    \"name\": \"csmws944\",\r\n    \"state\": \"Running\",\r\n    \"hostNames\": [\r\n      \"csmws944.azurewebsites.net\"\r\n    ],\r\n    \"webSpace\": \"csmrg9246-EastAsiawebspace\",\r\n    \"selfLink\": \"https://waws-prod-hk1-007.api.azurewebsites.windows.net:454/subscriptions/4adb32ad-8327-4cbb-b775-b84b4465bb38/webspaces/csmrg9246-EastAsiawebspace/sites/csmws944\",\r\n    \"repositorySiteName\": \"csmws944\",\r\n    \"owner\": null,\r\n    \"usageState\": 0,\r\n    \"enabled\": true,\r\n    \"adminEnabled\": true,\r\n    \"enabledHostNames\": [\r\n      \"csmws944.azurewebsites.net\",\r\n      \"csmws944.scm.azurewebsites.net\"\r\n    ],\r\n    \"siteProperties\": {\r\n      \"metadata\": null,\r\n      \"properties\": [],\r\n      \"appSettings\": null\r\n    },\r\n    \"availabilityState\": 0,\r\n    \"sslCertificates\": null,\r\n    \"csrs\": [],\r\n    \"cers\": null,\r\n    \"siteMode\": null,\r\n    \"hostNameSslStates\": [\r\n      {\r\n        \"name\": \"csmws944.azurewebsites.net\",\r\n        \"sslState\": 0,\r\n        \"ipBasedSslResult\": null,\r\n        \"virtualIP\": null,\r\n        \"thumbprint\": null,\r\n        \"toUpdate\": null,\r\n        \"toUpdateIpBasedSsl\": null,\r\n        \"ipBasedSslState\": 0,\r\n        \"hostType\": 0\r\n      },\r\n      {\r\n        \"name\": \"csmws944.scm.azurewebsites.net\",\r\n        \"sslState\": 0,\r\n        \"ipBasedSslResult\": null,\r\n        \"virtualIP\": null,\r\n        \"thumbprint\": null,\r\n        \"toUpdate\": null,\r\n        \"toUpdateIpBasedSsl\": null,\r\n        \"ipBasedSslState\": 0,\r\n        \"hostType\": 1\r\n      }\r\n    ],\r\n    \"computeMode\": null,\r\n    \"serverFarm\": null,\r\n    \"serverFarmId\": \"/subscriptions/4adb32ad-8327-4cbb-b775-b84b4465bb38/resourceGroups/csmrg9246/providers/Microsoft.Web/serverfarms/csmwhp7000\",\r\n    \"lastModifiedTimeUtc\": \"2015-09-03T20:05:48.063\",\r\n    \"storageRecoveryDefaultState\": \"Running\",\r\n    \"contentAvailabilityState\": 0,\r\n    \"runtimeAvailabilityState\": 0,\r\n    \"siteConfig\": null,\r\n    \"deploymentId\": \"csmws944\",\r\n    \"trafficManagerHostNames\": null,\r\n    \"sku\": \"Shared\",\r\n    \"premiumAppDeployed\": null,\r\n    \"scmSiteAlsoStopped\": false,\r\n    \"targetSwapSlot\": null,\r\n    \"hostingEnvironment\": null,\r\n    \"hostingEnvironmentProfile\": null,\r\n    \"microService\": \"WebSites\",\r\n    \"gatewaySiteName\": null,\r\n    \"clientAffinityEnabled\": true,\r\n    \"clientCertEnabled\": false,\r\n    \"kind\": null,\r\n    \"outboundIpAddresses\": \"23.101.10.142,23.101.10.143,23.101.10.144,23.101.10.145\",\r\n    \"cloningInfo\": null,\r\n    \"hostingEnvironmentId\": null\r\n  }\r\n}",
      "ResponseHeaders": {
        "Content-Length": [
          "2081"
        ],
        "Content-Type": [
          "application/json"
        ],
        "Expires": [
          "-1"
        ],
        "Pragma": [
          "no-cache"
        ],
        "Strict-Transport-Security": [
          "max-age=31536000; includeSubDomains"
        ],
        "x-ms-request-id": [
          "707caae8-4f1d-4a49-a467-7e082ed2e75b"
        ],
        "x-ms-ratelimit-remaining-subscription-reads": [
          "14978"
        ],
        "x-ms-correlation-request-id": [
          "0ea09355-f020-4b03-9051-2a8fdb1b76f7"
        ],
        "x-ms-routing-request-id": [
          "WESTUS:20150903T200548Z:0ea09355-f020-4b03-9051-2a8fdb1b76f7"
        ],
        "Cache-Control": [
          "no-cache"
        ],
        "Date": [
          "Thu, 03 Sep 2015 20:05:48 GMT"
        ],
        "ETag": [
          "\"1D0E683ECBC92F0\""
        ],
        "Server": [
          "Microsoft-IIS/8.0"
        ],
        "X-AspNet-Version": [
          "4.0.30319"
        ],
        "X-Powered-By": [
          "ASP.NET"
        ]
      },
      "StatusCode": 200
    },
    {
      "RequestUri": "/subscriptions/4adb32ad-8327-4cbb-b775-b84b4465bb38/resourceGroups/csmrg9246/providers/Microsoft.Web/sites/csmws944/start?api-version=2015-08-01",
      "EncodedRequestUri": "L3N1YnNjcmlwdGlvbnMvNGFkYjMyYWQtODMyNy00Y2JiLWI3NzUtYjg0YjQ0NjViYjM4L3Jlc291cmNlR3JvdXBzL2NzbXJnOTI0Ni9wcm92aWRlcnMvTWljcm9zb2Z0LldlYi9zaXRlcy9jc213czk0NC9zdGFydD9hcGktdmVyc2lvbj0yMDE1LTA4LTAx",
      "RequestMethod": "POST",
      "RequestBody": "",
      "RequestHeaders": {
        "x-ms-client-request-id": [
          "8bc0130d-de60-47a5-8758-4c839a593f83"
        ],
        "accept-language": [
          "en-US"
        ],
        "User-Agent": [
          "Microsoft.Azure.Management.WebSites.WebSiteManagementClient/0.9.0.0"
        ]
      },
      "ResponseBody": "",
      "ResponseHeaders": {
        "Content-Length": [
          "0"
        ],
        "Expires": [
          "-1"
        ],
        "Pragma": [
          "no-cache"
        ],
        "Strict-Transport-Security": [
          "max-age=31536000; includeSubDomains"
        ],
        "x-ms-request-id": [
          "dc286657-8dc9-4dd1-b85f-a5dcbee38359"
        ],
        "x-ms-ratelimit-remaining-subscription-writes": [
          "1190"
        ],
        "x-ms-correlation-request-id": [
          "0b670925-6a3a-4946-ab6a-ea77a863df34"
        ],
        "x-ms-routing-request-id": [
          "WESTUS:20150903T200548Z:0b670925-6a3a-4946-ab6a-ea77a863df34"
        ],
        "Cache-Control": [
          "no-cache"
        ],
        "Date": [
          "Thu, 03 Sep 2015 20:05:47 GMT"
        ],
        "Server": [
          "Microsoft-IIS/8.0"
        ],
        "X-AspNet-Version": [
          "4.0.30319"
        ],
        "X-Powered-By": [
          "ASP.NET"
        ]
      },
      "StatusCode": 200
    },
    {
      "RequestUri": "/subscriptions/4adb32ad-8327-4cbb-b775-b84b4465bb38/resourceGroups/csmrg9246/providers/Microsoft.Web/sites/csmws944?deleteAllSlots=True&api-version=2015-08-01",
      "EncodedRequestUri": "L3N1YnNjcmlwdGlvbnMvNGFkYjMyYWQtODMyNy00Y2JiLWI3NzUtYjg0YjQ0NjViYjM4L3Jlc291cmNlR3JvdXBzL2NzbXJnOTI0Ni9wcm92aWRlcnMvTWljcm9zb2Z0LldlYi9zaXRlcy9jc213czk0ND9kZWxldGVBbGxTbG90cz1UcnVlJmFwaS12ZXJzaW9uPTIwMTUtMDgtMDE=",
      "RequestMethod": "DELETE",
      "RequestBody": "",
      "RequestHeaders": {
        "x-ms-client-request-id": [
          "2e186241-a0a1-4c65-bb23-59a59328843e"
        ],
        "accept-language": [
          "en-US"
        ],
        "User-Agent": [
          "Microsoft.Azure.Management.WebSites.WebSiteManagementClient/0.9.0.0"
        ]
      },
      "ResponseBody": "",
      "ResponseHeaders": {
        "Content-Length": [
          "0"
        ],
        "Expires": [
          "-1"
        ],
        "Pragma": [
          "no-cache"
        ],
        "Strict-Transport-Security": [
          "max-age=31536000; includeSubDomains"
        ],
        "x-ms-request-id": [
          "98951611-2de7-497d-9eb7-7dca396eebea"
        ],
        "x-ms-ratelimit-remaining-subscription-writes": [
          "1189"
        ],
        "x-ms-correlation-request-id": [
          "24138d59-0c1c-4f50-9e01-62c3d4b3303b"
        ],
        "x-ms-routing-request-id": [
          "WESTUS:20150903T200551Z:24138d59-0c1c-4f50-9e01-62c3d4b3303b"
        ],
        "Cache-Control": [
          "no-cache"
        ],
        "Date": [
          "Thu, 03 Sep 2015 20:05:51 GMT"
        ],
        "ETag": [
          "\"1D0E683ECBC92F0\""
        ],
        "Server": [
          "Microsoft-IIS/8.0"
        ],
        "X-AspNet-Version": [
          "4.0.30319"
        ],
        "X-Powered-By": [
          "ASP.NET"
        ]
      },
      "StatusCode": 200
    },
    {
      "RequestUri": "/subscriptions/4adb32ad-8327-4cbb-b775-b84b4465bb38/resourceGroups/csmrg9246/providers/Microsoft.Web/sites?api-version=2015-08-01",
      "EncodedRequestUri": "L3N1YnNjcmlwdGlvbnMvNGFkYjMyYWQtODMyNy00Y2JiLWI3NzUtYjg0YjQ0NjViYjM4L3Jlc291cmNlR3JvdXBzL2NzbXJnOTI0Ni9wcm92aWRlcnMvTWljcm9zb2Z0LldlYi9zaXRlcz9hcGktdmVyc2lvbj0yMDE1LTA4LTAx",
      "RequestMethod": "GET",
      "RequestBody": "",
      "RequestHeaders": {
        "x-ms-client-request-id": [
          "74171fa2-23f5-426a-ac5e-dae7778ca8e4"
        ],
        "accept-language": [
          "en-US"
        ],
        "User-Agent": [
          "Microsoft.Azure.Management.WebSites.WebSiteManagementClient/0.9.0.0"
        ]
      },
      "ResponseBody": "{\r\n  \"value\": [],\r\n  \"nextLink\": null\r\n}",
      "ResponseHeaders": {
        "Content-Length": [
          "28"
        ],
        "Content-Type": [
          "application/json"
        ],
        "Expires": [
          "-1"
        ],
        "Pragma": [
          "no-cache"
        ],
        "Strict-Transport-Security": [
          "max-age=31536000; includeSubDomains"
        ],
        "x-ms-request-id": [
          "b8196030-6f73-44c7-9f41-fe4f3675b32d"
        ],
        "x-ms-ratelimit-remaining-subscription-reads": [
          "14977"
        ],
        "x-ms-correlation-request-id": [
          "8ee9b1d1-086e-4e28-a807-738efd6399b0"
        ],
        "x-ms-routing-request-id": [
          "WESTUS:20150903T200552Z:8ee9b1d1-086e-4e28-a807-738efd6399b0"
        ],
        "Cache-Control": [
          "no-cache"
        ],
        "Date": [
          "Thu, 03 Sep 2015 20:05:52 GMT"
        ],
        "Server": [
          "Microsoft-IIS/8.0"
        ],
        "X-AspNet-Version": [
          "4.0.30319"
        ],
        "X-Powered-By": [
          "ASP.NET"
        ]
      },
      "StatusCode": 200
    }
  ],
  "Names": {
    "RunWebsiteTestScenario": [
      "csmws944",
      "csmrg9246",
      "csmwhp7000"
    ]
  },
  "Variables": {
    "SubscriptionId": "4adb32ad-8327-4cbb-b775-b84b4465bb38"
  }
}