{
  "Entries": [
    {
      "RequestUri": "https://seanstagetest.blob.core.windows.net/test-container-7064f998-28f6-720e-04f4-793dbf30aa61?restype=container",
      "RequestMethod": "PUT",
      "RequestHeaders": {
        "Authorization": "Sanitized",
        "traceparent": "00-357647c8b02d544899625549eb9f0f35-c3070c85986e994d-00",
        "User-Agent": [
          "azsdk-net-Storage.Blobs/12.4.0-dev.20200305.1",
          "(.NET Core 4.6.28325.01; Microsoft Windows 10.0.18363 )"
        ],
        "x-ms-blob-public-access": "container",
        "x-ms-client-request-id": "ffe05389-e3b0-4cd7-88cb-f740768814a1",
        "x-ms-date": "Thu, 05 Mar 2020 21:22:04 GMT",
        "x-ms-return-client-request-id": "true",
        "x-ms-version": "2019-10-10"
      },
      "RequestBody": null,
      "StatusCode": 201,
      "ResponseHeaders": {
        "Content-Length": "0",
        "Date": "Thu, 05 Mar 2020 21:22:04 GMT",
        "ETag": "\u00220x8D7C14B40D654B6\u0022",
        "Last-Modified": "Thu, 05 Mar 2020 21:22:05 GMT",
        "Server": [
          "Windows-Azure-Blob/1.0",
          "Microsoft-HTTPAPI/2.0"
        ],
        "x-ms-client-request-id": "ffe05389-e3b0-4cd7-88cb-f740768814a1",
        "x-ms-request-id": "4280c5d1-601e-003f-2534-f35a98000000",
        "x-ms-version": "2019-10-10"
      },
      "ResponseBody": []
    },
    {
      "RequestUri": "https://seanstagetest.blob.core.windows.net/test-container-7064f998-28f6-720e-04f4-793dbf30aa61/test-blob-ffc56b80-7f93-bcbe-6679-4f3c7e2452eb",
      "RequestMethod": "PUT",
      "RequestHeaders": {
        "Authorization": "Sanitized",
        "Content-Length": "0",
        "traceparent": "00-aef5bc27ef719f4ebd850c5164aa332b-1ee380b827dac04c-00",
        "User-Agent": [
          "azsdk-net-Storage.Blobs/12.4.0-dev.20200305.1",
          "(.NET Core 4.6.28325.01; Microsoft Windows 10.0.18363 )"
        ],
        "x-ms-blob-content-length": "1024",
        "x-ms-blob-type": "PageBlob",
        "x-ms-client-request-id": "b36808a4-de53-0a86-9423-9837949bcd63",
        "x-ms-date": "Thu, 05 Mar 2020 21:22:05 GMT",
        "x-ms-return-client-request-id": "true",
        "x-ms-version": "2019-10-10"
      },
      "RequestBody": null,
      "StatusCode": 201,
      "ResponseHeaders": {
        "Content-Length": "0",
        "Date": "Thu, 05 Mar 2020 21:22:04 GMT",
        "ETag": "\u00220x8D7C14B40E2DDA4\u0022",
        "Last-Modified": "Thu, 05 Mar 2020 21:22:05 GMT",
        "Server": [
          "Windows-Azure-Blob/1.0",
          "Microsoft-HTTPAPI/2.0"
        ],
        "x-ms-client-request-id": "b36808a4-de53-0a86-9423-9837949bcd63",
        "x-ms-request-id": "4280c5d5-601e-003f-2734-f35a98000000",
        "x-ms-request-server-encrypted": "true",
        "x-ms-version": "2019-10-10"
      },
      "ResponseBody": []
    },
    {
      "RequestUri": "https://seanstagetest.blob.core.windows.net/test-container-7064f998-28f6-720e-04f4-793dbf30aa61/test-blob-ffc56b80-7f93-bcbe-6679-4f3c7e2452eb",
      "RequestMethod": "PUT",
      "RequestHeaders": {
        "Authorization": "Sanitized",
        "Content-Length": "0",
        "If-None-Match": "*",
        "traceparent": "00-a5ef5ad7064974408430cd118389bfe6-d347c8bb4bc5e94b-00",
        "User-Agent": [
          "azsdk-net-Storage.Blobs/12.4.0-dev.20200305.1",
          "(.NET Core 4.6.28325.01; Microsoft Windows 10.0.18363 )"
        ],
        "x-ms-blob-content-length": "1024",
        "x-ms-blob-type": "PageBlob",
        "x-ms-client-request-id": "7597b704-9ebb-3998-d9a9-d72c137ade56",
        "x-ms-date": "Thu, 05 Mar 2020 21:22:05 GMT",
        "x-ms-return-client-request-id": "true",
        "x-ms-version": "2019-10-10"
      },
      "RequestBody": null,
      "StatusCode": 409,
      "ResponseHeaders": {
        "Content-Length": "220",
        "Content-Type": "application/xml",
        "Date": "Thu, 05 Mar 2020 21:22:04 GMT",
        "Server": [
          "Windows-Azure-Blob/1.0",
          "Microsoft-HTTPAPI/2.0"
        ],
        "x-ms-client-request-id": "7597b704-9ebb-3998-d9a9-d72c137ade56",
        "x-ms-error-code": "BlobAlreadyExists",
        "x-ms-request-id": "4280c5d8-601e-003f-2934-f35a98000000",
        "x-ms-version": "2019-10-10"
      },
      "ResponseBody": [
        "\uFEFF\u003C?xml version=\u00221.0\u0022 encoding=\u0022utf-8\u0022?\u003E\u003CError\u003E\u003CCode\u003EBlobAlreadyExists\u003C/Code\u003E\u003CMessage\u003EThe specified blob already exists.\n",
        "RequestId:4280c5d8-601e-003f-2934-f35a98000000\n",
        "Time:2020-03-05T21:22:05.2361605Z\u003C/Message\u003E\u003C/Error\u003E"
      ]
    },
    {
      "RequestUri": "https://seanstagetest.blob.core.windows.net/test-container-7064f998-28f6-720e-04f4-793dbf30aa61?restype=container",
      "RequestMethod": "DELETE",
      "RequestHeaders": {
        "Authorization": "Sanitized",
        "traceparent": "00-2702f5df3ecdfb4ba36675fccfe53335-e1bd04e344773344-00",
        "User-Agent": [
          "azsdk-net-Storage.Blobs/12.4.0-dev.20200305.1",
          "(.NET Core 4.6.28325.01; Microsoft Windows 10.0.18363 )"
        ],
        "x-ms-client-request-id": "dc32834b-5803-daa7-73ee-3d2bd124c13f",
        "x-ms-date": "Thu, 05 Mar 2020 21:22:05 GMT",
        "x-ms-return-client-request-id": "true",
        "x-ms-version": "2019-10-10"
      },
      "RequestBody": null,
      "StatusCode": 202,
      "ResponseHeaders": {
        "Content-Length": "0",
        "Date": "Thu, 05 Mar 2020 21:22:04 GMT",
        "Server": [
          "Windows-Azure-Blob/1.0",
          "Microsoft-HTTPAPI/2.0"
        ],
        "x-ms-client-request-id": "dc32834b-5803-daa7-73ee-3d2bd124c13f",
        "x-ms-request-id": "4280c5e1-601e-003f-3134-f35a98000000",
        "x-ms-version": "2019-10-10"
      },
      "ResponseBody": []
    }
  ],
  "Variables": {
    "RandomSeed": "1200575414",
    "Storage_TestConfigDefault": "ProductionTenant\nseanstagetest\nU2FuaXRpemVk\nhttps://seanstagetest.blob.core.windows.net\nhttp://seanstagetest.file.core.windows.net\nhttp://seanstagetest.queue.core.windows.net\nhttp://seanstagetest.table.core.windows.net\n\n\n\n\nhttp://seanstagetest-secondary.blob.core.windows.net\nhttp://seanstagetest-secondary.file.core.windows.net\nhttp://seanstagetest-secondary.queue.core.windows.net\nhttp://seanstagetest-secondary.table.core.windows.net\n\nSanitized\n\n\nCloud\nBlobEndpoint=https://seanstagetest.blob.core.windows.net/;QueueEndpoint=http://seanstagetest.queue.core.windows.net/;FileEndpoint=http://seanstagetest.file.core.windows.net/;BlobSecondaryEndpoint=http://seanstagetest-secondary.blob.core.windows.net/;QueueSecondaryEndpoint=http://seanstagetest-secondary.queue.core.windows.net/;FileSecondaryEndpoint=http://seanstagetest-secondary.file.core.windows.net/;AccountName=seanstagetest;AccountKey=Sanitized\nseanscope1"
  }
}