{
  "Entries": [
    {
      "RequestUri": "https://seanstagetest.blob.core.windows.net/test-container-85ee8c6a-e186-2b6f-08a6-9d75261fb627?restype=container",
      "RequestMethod": "PUT",
      "RequestHeaders": {
        "Authorization": "Sanitized",
        "traceparent": "00-8f8fe2ffcce72b4cb646e16837eece35-8c6fd8148719514a-00",
        "User-Agent": [
          "azsdk-net-Storage.Blobs/12.4.0-dev.20200305.1",
          "(.NET Core 4.6.28325.01; Microsoft Windows 10.0.18363 )"
        ],
        "x-ms-blob-public-access": "container",
        "x-ms-client-request-id": "ccd86e3c-1e3b-0efd-f961-1e64e842b88a",
        "x-ms-date": "Thu, 05 Mar 2020 21:23:50 GMT",
        "x-ms-return-client-request-id": "true",
        "x-ms-version": "2019-10-10"
      },
      "RequestBody": null,
      "StatusCode": 201,
      "ResponseHeaders": {
        "Content-Length": "0",
        "Date": "Thu, 05 Mar 2020 21:23:50 GMT",
        "ETag": "\u00220x8D7C14B7FE12E89\u0022",
        "Last-Modified": "Thu, 05 Mar 2020 21:23:50 GMT",
        "Server": [
          "Windows-Azure-Blob/1.0",
          "Microsoft-HTTPAPI/2.0"
        ],
        "x-ms-client-request-id": "ccd86e3c-1e3b-0efd-f961-1e64e842b88a",
        "x-ms-request-id": "c74dfaeb-a01e-000f-0e34-f3e457000000",
        "x-ms-version": "2019-10-10"
      },
      "ResponseBody": []
    },
    {
      "RequestUri": "https://seanstagetest.blob.core.windows.net/test-container-85ee8c6a-e186-2b6f-08a6-9d75261fb627/test-blob-994263a2-6ced-e720-5330-2343909f0035",
      "RequestMethod": "PUT",
      "RequestHeaders": {
        "Authorization": "Sanitized",
        "Content-Length": "0",
        "traceparent": "00-b4301babb7df984b8cf9737eda05e8c6-bd2d514956164849-00",
        "User-Agent": [
          "azsdk-net-Storage.Blobs/12.4.0-dev.20200305.1",
          "(.NET Core 4.6.28325.01; Microsoft Windows 10.0.18363 )"
        ],
        "x-ms-blob-content-length": "4096",
        "x-ms-blob-sequence-number": "0",
        "x-ms-blob-type": "PageBlob",
        "x-ms-client-request-id": "c72cc68a-9490-cfae-4ef1-790afbba7d5a",
        "x-ms-date": "Thu, 05 Mar 2020 21:23:50 GMT",
        "x-ms-return-client-request-id": "true",
        "x-ms-version": "2019-10-10"
      },
      "RequestBody": null,
      "StatusCode": 201,
      "ResponseHeaders": {
        "Content-Length": "0",
        "Date": "Thu, 05 Mar 2020 21:23:50 GMT",
        "ETag": "\u00220x8D7C14B7FED8A1C\u0022",
        "Last-Modified": "Thu, 05 Mar 2020 21:23:50 GMT",
        "Server": [
          "Windows-Azure-Blob/1.0",
          "Microsoft-HTTPAPI/2.0"
        ],
        "x-ms-client-request-id": "c72cc68a-9490-cfae-4ef1-790afbba7d5a",
        "x-ms-request-id": "c74dfaf0-a01e-000f-1134-f3e457000000",
        "x-ms-request-server-encrypted": "true",
        "x-ms-version": "2019-10-10"
      },
      "ResponseBody": []
    },
    {
      "RequestUri": "https://seanstagetest.blob.core.windows.net/test-container-85ee8c6a-e186-2b6f-08a6-9d75261fb627/test-blob-994263a2-6ced-e720-5330-2343909f0035?comp=properties",
      "RequestMethod": "PUT",
      "RequestHeaders": {
        "Authorization": "Sanitized",
        "traceparent": "00-0160c76de705844eaa14e2f47255a4fa-da9291254b992845-00",
        "User-Agent": [
          "azsdk-net-Storage.Blobs/12.4.0-dev.20200305.1",
          "(.NET Core 4.6.28325.01; Microsoft Windows 10.0.18363 )"
        ],
        "x-ms-blob-sequence-number": "5",
        "x-ms-client-request-id": "cab8025c-3872-e3a4-5369-695570e1d175",
        "x-ms-date": "Thu, 05 Mar 2020 21:23:51 GMT",
        "x-ms-return-client-request-id": "true",
        "x-ms-sequence-number-action": "update",
        "x-ms-version": "2019-10-10"
      },
      "RequestBody": null,
      "StatusCode": 200,
      "ResponseHeaders": {
        "Content-Length": "0",
        "Date": "Thu, 05 Mar 2020 21:23:50 GMT",
        "ETag": "\u00220x8D7C14B7FF9E950\u0022",
        "Last-Modified": "Thu, 05 Mar 2020 21:23:51 GMT",
        "Server": [
          "Windows-Azure-Blob/1.0",
          "Microsoft-HTTPAPI/2.0"
        ],
        "x-ms-blob-sequence-number": "5",
        "x-ms-client-request-id": "cab8025c-3872-e3a4-5369-695570e1d175",
        "x-ms-request-id": "c74dfaf1-a01e-000f-1234-f3e457000000",
        "x-ms-version": "2019-10-10"
      },
      "ResponseBody": []
    },
    {
      "RequestUri": "https://seanstagetest.blob.core.windows.net/test-container-85ee8c6a-e186-2b6f-08a6-9d75261fb627/test-blob-994263a2-6ced-e720-5330-2343909f0035",
      "RequestMethod": "HEAD",
      "RequestHeaders": {
        "Authorization": "Sanitized",
        "traceparent": "00-7f7a16769501ed4296871456f49aeb1b-0df6a64058482f44-00",
        "User-Agent": [
          "azsdk-net-Storage.Blobs/12.4.0-dev.20200305.1",
          "(.NET Core 4.6.28325.01; Microsoft Windows 10.0.18363 )"
        ],
        "x-ms-client-request-id": "f8aef96e-b201-28e8-4408-939f97ed4996",
        "x-ms-date": "Thu, 05 Mar 2020 21:23:51 GMT",
        "x-ms-return-client-request-id": "true",
        "x-ms-version": "2019-10-10"
      },
      "RequestBody": null,
      "StatusCode": 200,
      "ResponseHeaders": {
        "Accept-Ranges": "bytes",
        "Content-Length": "4096",
        "Content-Type": "application/octet-stream",
        "Date": "Thu, 05 Mar 2020 21:23:50 GMT",
        "ETag": "\u00220x8D7C14B7FF9E950\u0022",
        "Last-Modified": "Thu, 05 Mar 2020 21:23:51 GMT",
        "Server": [
          "Windows-Azure-Blob/1.0",
          "Microsoft-HTTPAPI/2.0"
        ],
        "Vary": "Origin",
        "x-ms-blob-sequence-number": "5",
        "x-ms-blob-type": "PageBlob",
        "x-ms-client-request-id": "f8aef96e-b201-28e8-4408-939f97ed4996",
        "x-ms-creation-time": "Thu, 05 Mar 2020 21:23:50 GMT",
        "x-ms-lease-state": "available",
        "x-ms-lease-status": "unlocked",
        "x-ms-request-id": "c74dfaf3-a01e-000f-1434-f3e457000000",
        "x-ms-server-encrypted": "true",
        "x-ms-version": "2019-10-10"
      },
      "ResponseBody": []
    },
    {
      "RequestUri": "https://seanstagetest.blob.core.windows.net/test-container-85ee8c6a-e186-2b6f-08a6-9d75261fb627?restype=container",
      "RequestMethod": "DELETE",
      "RequestHeaders": {
        "Authorization": "Sanitized",
        "traceparent": "00-95339d5bcd66e842ac32549d994fa88c-7bff1d4afbc0ea45-00",
        "User-Agent": [
          "azsdk-net-Storage.Blobs/12.4.0-dev.20200305.1",
          "(.NET Core 4.6.28325.01; Microsoft Windows 10.0.18363 )"
        ],
        "x-ms-client-request-id": "76e7acfc-d833-6f73-c806-36df5a77f295",
        "x-ms-date": "Thu, 05 Mar 2020 21:23:51 GMT",
        "x-ms-return-client-request-id": "true",
        "x-ms-version": "2019-10-10"
      },
      "RequestBody": null,
      "StatusCode": 202,
      "ResponseHeaders": {
        "Content-Length": "0",
        "Date": "Thu, 05 Mar 2020 21:23:50 GMT",
        "Server": [
          "Windows-Azure-Blob/1.0",
          "Microsoft-HTTPAPI/2.0"
        ],
        "x-ms-client-request-id": "76e7acfc-d833-6f73-c806-36df5a77f295",
        "x-ms-request-id": "c74dfaf5-a01e-000f-1634-f3e457000000",
        "x-ms-version": "2019-10-10"
      },
      "ResponseBody": []
    }
  ],
  "Variables": {
    "RandomSeed": "67409804",
    "Storage_TestConfigDefault": "ProductionTenant\nseanstagetest\nU2FuaXRpemVk\nhttps://seanstagetest.blob.core.windows.net\nhttp://seanstagetest.file.core.windows.net\nhttp://seanstagetest.queue.core.windows.net\nhttp://seanstagetest.table.core.windows.net\n\n\n\n\nhttp://seanstagetest-secondary.blob.core.windows.net\nhttp://seanstagetest-secondary.file.core.windows.net\nhttp://seanstagetest-secondary.queue.core.windows.net\nhttp://seanstagetest-secondary.table.core.windows.net\n\nSanitized\n\n\nCloud\nBlobEndpoint=https://seanstagetest.blob.core.windows.net/;QueueEndpoint=http://seanstagetest.queue.core.windows.net/;FileEndpoint=http://seanstagetest.file.core.windows.net/;BlobSecondaryEndpoint=http://seanstagetest-secondary.blob.core.windows.net/;QueueSecondaryEndpoint=http://seanstagetest-secondary.queue.core.windows.net/;FileSecondaryEndpoint=http://seanstagetest-secondary.file.core.windows.net/;AccountName=seanstagetest;AccountKey=Sanitized\nseanscope1"
  }
}