{
  "Entries": [
    {
      "RequestUri": "/subscriptions/964c10bb-8a6c-43bc-83d3-6b318c6c7305/resourcegroups/hdi4402?api-version=2014-04-01-preview",
      "EncodedRequestUri": "L3N1YnNjcmlwdGlvbnMvOTY0YzEwYmItOGE2Yy00M2JjLTgzZDMtNmIzMThjNmM3MzA1L3Jlc291cmNlZ3JvdXBzL2hkaTQ0MDI/YXBpLXZlcnNpb249MjAxNC0wNC0wMS1wcmV2aWV3",
      "RequestMethod": "PUT",
      "RequestBody": "{\r\n  \"location\": \"East US 2\"\r\n}",
      "RequestHeaders": {
        "Content-Type": [
          "application/json; charset=utf-8"
        ],
        "Content-Length": [
          "31"
        ],
        "User-Agent": [
          "Microsoft.Azure.Management.Resources.ResourceManagementClient/2.0.0.0"
        ]
      },
      "ResponseBody": "{\r\n  \"id\": \"/subscriptions/964c10bb-8a6c-43bc-83d3-6b318c6c7305/resourceGroups/hdi4402\",\r\n  \"name\": \"hdi4402\",\r\n  \"location\": \"eastus2\",\r\n  \"properties\": {\r\n    \"provisioningState\": \"Succeeded\"\r\n  }\r\n}",
      "ResponseHeaders": {
        "Content-Length": [
          "168"
        ],
        "Content-Type": [
          "application/json; charset=utf-8"
        ],
        "Expires": [
          "-1"
        ],
        "Pragma": [
          "no-cache"
        ],
        "x-ms-ratelimit-remaining-subscription-writes": [
          "1199"
        ],
        "x-ms-request-id": [
          "4eef5cd1-7912-4516-a518-f52e14a4ee5d"
        ],
        "x-ms-correlation-request-id": [
          "4eef5cd1-7912-4516-a518-f52e14a4ee5d"
        ],
        "x-ms-routing-request-id": [
          "WESTUS2:20160823T003409Z:4eef5cd1-7912-4516-a518-f52e14a4ee5d"
        ],
        "Strict-Transport-Security": [
          "max-age=31536000; includeSubDomains"
        ],
        "Cache-Control": [
          "no-cache"
        ],
        "Date": [
          "Tue, 23 Aug 2016 00:34:09 GMT"
        ]
      },
      "StatusCode": 201
    },
    {
      "RequestUri": "/subscriptions/964c10bb-8a6c-43bc-83d3-6b318c6c7305/resourceGroups/hdi4402/providers/Microsoft.HDInsight/clusters/hdisdk-adcluster?api-version=2015-03-01-preview",
      "EncodedRequestUri": "L3N1YnNjcmlwdGlvbnMvOTY0YzEwYmItOGE2Yy00M2JjLTgzZDMtNmIzMThjNmM3MzA1L3Jlc291cmNlR3JvdXBzL2hkaTQ0MDIvcHJvdmlkZXJzL01pY3Jvc29mdC5IREluc2lnaHQvY2x1c3RlcnMvaGRpc2RrLWFkY2x1c3Rlcj9hcGktdmVyc2lvbj0yMDE1LTAzLTAxLXByZXZpZXc=",
      "RequestMethod": "PUT",
      "RequestBody": "{\r\n  \"location\": \"East US 2\",\r\n  \"properties\": {\r\n    \"clusterVersion\": \"3.4\",\r\n    \"osType\": \"Linux\",\r\n    \"tier\": \"Standard\",\r\n    \"clusterDefinition\": {\r\n      \"kind\": \"Hadoop\",\r\n      \"configurations\": {\r\n        \"core-site\": {\r\n          \"fs.defaultFS\": \"wasb://rjaiswal-sdktest@shaoopeus2.blob.core.windows.net\",\r\n          \"fs.azure.account.key.shaoopeus2.blob.core.windows.net\": \"0GBQ0eAVNUNEkTt9x0FC3s0qiuMshJUSLlFiY108XCmqIGpPyUmFmV/cGY2O4eBKytOI5NbWT6B2lfSgldofgQ==\"\r\n        },\r\n        \"gateway\": {\r\n          \"restAuthCredential.isEnabled\": \"true\",\r\n          \"restAuthCredential.username\": \"admin\",\r\n          \"restAuthCredential.password\": \"Hdinsight123!\"\r\n        }\r\n      }\r\n    },\r\n    \"computeProfile\": {\r\n      \"roles\": [\r\n        {\r\n          \"name\": \"headnode\",\r\n          \"targetInstanceCount\": 2,\r\n          \"hardwareProfile\": {\r\n            \"vmSize\": \"Standard_D3\"\r\n          },\r\n          \"osProfile\": {\r\n            \"linuxOperatingSystemProfile\": {\r\n              \"username\": \"hdiuser\",\r\n              \"password\": \"Hdinsight123!\",\r\n              \"sshProfile\": {\r\n                \"publicKeys\": [\r\n                  {\r\n                    \"certificateData\": \"ssh-rsa AAAAB3NzaC1yc2EAAAABJQAAAQEA3UPOeLGBTTqf060xS3TZCiJRK0YViIR2YV9EHU2pXes1Sh1IxAF2xqx/SFGoXn/SVmyoadyVOCHT4L404B3B+rfjnEqlgkGp105nKCy6nEjcLYx8MIB/87fseP42givyj5H0GOtHu14+axw68DuvNOfm3GsnQKZUE/zJwm/FkD1x+ef8HuZBEzeBp3owb3zERSHmxbPVJOH8m+sxQDChT1eJo0mZntEi0Mag3DE6enpYh/CPAHhQr0SnuoiDP1fhCdHwT/oURKLwcO6k8PWbWA8AfnCTgWYtQ4zRkXdv+Ufe/WE+EXtp/fuxseRPBgVJQfwAQqw/m7PBHuvfJQ8zqQ== imported-openssh-key\"\r\n                  }\r\n                ]\r\n              }\r\n            }\r\n          },\r\n          \"virtualNetworkProfile\": {\r\n            \"id\": \"/subscriptions/964c10bb-8a6c-43bc-83d3-6b318c6c7305/resourceGroups/shadooprgeus2/providers/Microsoft.Network/virtualNetworks/shadoopeus2-vnet\",\r\n            \"subnet\": \"/subscriptions/964c10bb-8a6c-43bc-83d3-6b318c6c7305/resourceGroups/shadooprgeus2/providers/Microsoft.Network/virtualNetworks/shadoopeus2-vnet/subnets/default\"\r\n          },\r\n          \"securityProfile\": {\r\n            \"activeDirectoryConfiguration\": {\r\n              \"directoryType\": \"ActiveDirectory\",\r\n              \"domain\": \"shadoopeus2.com\",\r\n              \"organizationalUnitDN\": \"OU=TestOU,DC=shadoopeus2,DC=com\",\r\n              \"ldapUrls\": [\r\n                \"ldaps://10.27.0.4:636\"\r\n              ],\r\n              \"domainAdminUsername\": \"VMAdmin@shadoopeus2.com\",\r\n              \"domainAdminPassword\": \"Hdinsight123!\"\r\n            }\r\n          }\r\n        },\r\n        {\r\n          \"name\": \"workernode\",\r\n          \"targetInstanceCount\": 3,\r\n          \"hardwareProfile\": {\r\n            \"vmSize\": \"Large\"\r\n          },\r\n          \"osProfile\": {\r\n            \"linuxOperatingSystemProfile\": {\r\n              \"username\": \"hdiuser\",\r\n              \"password\": \"Hdinsight123!\",\r\n              \"sshProfile\": {\r\n                \"publicKeys\": [\r\n                  {\r\n                    \"certificateData\": \"ssh-rsa AAAAB3NzaC1yc2EAAAABJQAAAQEA3UPOeLGBTTqf060xS3TZCiJRK0YViIR2YV9EHU2pXes1Sh1IxAF2xqx/SFGoXn/SVmyoadyVOCHT4L404B3B+rfjnEqlgkGp105nKCy6nEjcLYx8MIB/87fseP42givyj5H0GOtHu14+axw68DuvNOfm3GsnQKZUE/zJwm/FkD1x+ef8HuZBEzeBp3owb3zERSHmxbPVJOH8m+sxQDChT1eJo0mZntEi0Mag3DE6enpYh/CPAHhQr0SnuoiDP1fhCdHwT/oURKLwcO6k8PWbWA8AfnCTgWYtQ4zRkXdv+Ufe/WE+EXtp/fuxseRPBgVJQfwAQqw/m7PBHuvfJQ8zqQ== imported-openssh-key\"\r\n                  }\r\n                ]\r\n              }\r\n            }\r\n          },\r\n          \"securityProfile\": {\r\n            \"activeDirectoryConfiguration\": {\r\n              \"directoryType\": \"ActiveDirectory\",\r\n              \"domain\": \"shadoopeus2.com\",\r\n              \"organizationalUnitDN\": \"OU=TestOU,DC=shadoopeus2,DC=com\",\r\n              \"ldapUrls\": [\r\n                \"ldaps://10.27.0.4:636\"\r\n              ],\r\n              \"domainAdminUsername\": \"VMAdmin@shadoopeus2.com\",\r\n              \"domainAdminPassword\": \"Hdinsight123!\"\r\n            }\r\n          }\r\n        },\r\n        {\r\n          \"name\": \"zookeepernode\",\r\n          \"targetInstanceCount\": 3,\r\n          \"hardwareProfile\": {\r\n            \"vmSize\": \"Small\"\r\n          },\r\n          \"osProfile\": {\r\n            \"linuxOperatingSystemProfile\": {\r\n              \"username\": \"hdiuser\",\r\n              \"password\": \"Hdinsight123!\",\r\n              \"sshProfile\": {\r\n                \"publicKeys\": [\r\n                  {\r\n                    \"certificateData\": \"ssh-rsa AAAAB3NzaC1yc2EAAAABJQAAAQEA3UPOeLGBTTqf060xS3TZCiJRK0YViIR2YV9EHU2pXes1Sh1IxAF2xqx/SFGoXn/SVmyoadyVOCHT4L404B3B+rfjnEqlgkGp105nKCy6nEjcLYx8MIB/87fseP42givyj5H0GOtHu14+axw68DuvNOfm3GsnQKZUE/zJwm/FkD1x+ef8HuZBEzeBp3owb3zERSHmxbPVJOH8m+sxQDChT1eJo0mZntEi0Mag3DE6enpYh/CPAHhQr0SnuoiDP1fhCdHwT/oURKLwcO6k8PWbWA8AfnCTgWYtQ4zRkXdv+Ufe/WE+EXtp/fuxseRPBgVJQfwAQqw/m7PBHuvfJQ8zqQ== imported-openssh-key\"\r\n                  }\r\n                ]\r\n              }\r\n            }\r\n          },\r\n          \"securityProfile\": {\r\n            \"activeDirectoryConfiguration\": {\r\n              \"directoryType\": \"ActiveDirectory\",\r\n              \"domain\": \"shadoopeus2.com\",\r\n              \"organizationalUnitDN\": \"OU=TestOU,DC=shadoopeus2,DC=com\",\r\n              \"ldapUrls\": [\r\n                \"ldaps://10.27.0.4:636\"\r\n              ],\r\n              \"domainAdminUsername\": \"VMAdmin@shadoopeus2.com\",\r\n              \"domainAdminPassword\": \"Hdinsight123!\"\r\n            }\r\n          }\r\n        }\r\n      ]\r\n    }\r\n  }\r\n}",
      "RequestHeaders": {
        "Content-Type": [
          "application/json"
        ],
        "Content-Length": [
          "5437"
        ],
        "User-Agent": [
          "ARM",
          "SDK",
          "v1.0.12-preview"
        ]
      },
      "ResponseBody": "{\r\n  \"id\": \"/subscriptions/964c10bb-8a6c-43bc-83d3-6b318c6c7305/resourceGroups/hdi4402/providers/Microsoft.HDInsight/clusters/hdisdk-adcluster\",\r\n  \"name\": \"hdisdk-adcluster\",\r\n  \"type\": \"Microsoft.HDInsight/clusters\",\r\n  \"location\": \"East US 2\",\r\n  \"etag\": \"0438df21-9b5a-45d7-8ecf-0091c6e71f58\",\r\n  \"tags\": null,\r\n  \"properties\": {\r\n    \"clusterVersion\": \"3.4.1000.0\",\r\n    \"osType\": \"Linux\",\r\n    \"clusterDefinition\": {\r\n      \"blueprint\": \"https://blueprints.azurehdinsight.net/hadoop-3.4.1000.0.8109330.json\",\r\n      \"kind\": \"Hadoop\"\r\n    },\r\n    \"computeProfile\": {\r\n      \"roles\": [\r\n        {\r\n          \"name\": \"headnode\",\r\n          \"targetInstanceCount\": 2,\r\n          \"hardwareProfile\": {\r\n            \"vmSize\": \"Standard_D3\"\r\n          },\r\n          \"osProfile\": {\r\n            \"linuxOperatingSystemProfile\": {\r\n              \"username\": \"hdiuser\"\r\n            }\r\n          },\r\n          \"virtualNetworkProfile\": {\r\n            \"id\": \"/subscriptions/964c10bb-8a6c-43bc-83d3-6b318c6c7305/resourceGroups/shadooprgeus2/providers/Microsoft.Network/virtualNetworks/shadoopeus2-vnet\",\r\n            \"subnet\": \"/subscriptions/964c10bb-8a6c-43bc-83d3-6b318c6c7305/resourceGroups/shadooprgeus2/providers/Microsoft.Network/virtualNetworks/shadoopeus2-vnet/subnets/default\"\r\n          }\r\n        },\r\n        {\r\n          \"name\": \"workernode\",\r\n          \"targetInstanceCount\": 3,\r\n          \"hardwareProfile\": {\r\n            \"vmSize\": \"Large\"\r\n          },\r\n          \"osProfile\": {\r\n            \"linuxOperatingSystemProfile\": {\r\n              \"username\": \"hdiuser\"\r\n            }\r\n          },\r\n          \"virtualNetworkProfile\": {\r\n            \"id\": \"/subscriptions/964c10bb-8a6c-43bc-83d3-6b318c6c7305/resourceGroups/shadooprgeus2/providers/Microsoft.Network/virtualNetworks/shadoopeus2-vnet\",\r\n            \"subnet\": \"/subscriptions/964c10bb-8a6c-43bc-83d3-6b318c6c7305/resourceGroups/shadooprgeus2/providers/Microsoft.Network/virtualNetworks/shadoopeus2-vnet/subnets/default\"\r\n          }\r\n        },\r\n        {\r\n          \"name\": \"zookeepernode\",\r\n          \"targetInstanceCount\": 3,\r\n          \"hardwareProfile\": {\r\n            \"vmSize\": \"Medium\"\r\n          },\r\n          \"osProfile\": {\r\n            \"linuxOperatingSystemProfile\": {\r\n              \"username\": \"hdiuser\"\r\n            }\r\n          },\r\n          \"virtualNetworkProfile\": {\r\n            \"id\": \"/subscriptions/964c10bb-8a6c-43bc-83d3-6b318c6c7305/resourceGroups/shadooprgeus2/providers/Microsoft.Network/virtualNetworks/shadoopeus2-vnet\",\r\n            \"subnet\": \"/subscriptions/964c10bb-8a6c-43bc-83d3-6b318c6c7305/resourceGroups/shadooprgeus2/providers/Microsoft.Network/virtualNetworks/shadoopeus2-vnet/subnets/default\"\r\n          }\r\n        }\r\n      ]\r\n    },\r\n    \"provisioningState\": \"InProgress\",\r\n    \"clusterState\": \"Accepted\",\r\n    \"createdDate\": \"2016-08-23T00:34:22.74\",\r\n    \"quotaInfo\": {\r\n      \"coresUsed\": 20\r\n    },\r\n    \"tier\": \"standard\"\r\n  }\r\n}",
      "ResponseHeaders": {
        "Content-Length": [
          "2131"
        ],
        "Content-Type": [
          "application/json; charset=utf-8"
        ],
        "Expires": [
          "-1"
        ],
        "Pragma": [
          "no-cache"
        ],
        "x-ms-hdi-clusteruri": [
          "https://management.azure.com/subscriptions/964c10bb-8a6c-43bc-83d3-6b318c6c7305/resourceGroups/hdi4402/providers/Microsoft.HDInsight/clusters/hdisdk-adcluster?api-version=2015-03-01-preview"
        ],
        "Azure-AsyncOperation": [
          "https://management.azure.com:443/subscriptions/964c10bb-8a6c-43bc-83d3-6b318c6c7305/resourceGroups/hdi4402/providers/Microsoft.HDInsight/clusters/hdisdk-adcluster/azureasyncoperations/create?api-version=2015-03-01-preview"
        ],
        "x-ms-request-id": [
          "958e1b52-b85a-405e-b089-8eb1a330881c"
        ],
        "x-ms-ratelimit-remaining-subscription-writes": [
          "1198"
        ],
        "x-ms-correlation-request-id": [
          "bc0e90a3-226a-4ef8-9b08-8949228a3eae"
        ],
        "x-ms-routing-request-id": [
          "WESTUS2:20160823T003424Z:bc0e90a3-226a-4ef8-9b08-8949228a3eae"
        ],
        "Strict-Transport-Security": [
          "max-age=31536000; includeSubDomains"
        ],
        "Cache-Control": [
          "no-cache"
        ],
        "Date": [
          "Tue, 23 Aug 2016 00:34:23 GMT"
        ],
        "ETag": [
          "\"0438df21-9b5a-45d7-8ecf-0091c6e71f58\""
        ],
        "Server": [
          "Microsoft-IIS/8.5"
        ],
        "X-Powered-By": [
          "ASP.NET"
        ]
      },
      "StatusCode": 200
    },
    {
      "RequestUri": "/subscriptions/964c10bb-8a6c-43bc-83d3-6b318c6c7305/resourceGroups/hdi4402/providers/Microsoft.HDInsight/clusters/hdisdk-adcluster?api-version=2015-03-01-preview",
      "EncodedRequestUri": "L3N1YnNjcmlwdGlvbnMvOTY0YzEwYmItOGE2Yy00M2JjLTgzZDMtNmIzMThjNmM3MzA1L3Jlc291cmNlR3JvdXBzL2hkaTQ0MDIvcHJvdmlkZXJzL01pY3Jvc29mdC5IREluc2lnaHQvY2x1c3RlcnMvaGRpc2RrLWFkY2x1c3Rlcj9hcGktdmVyc2lvbj0yMDE1LTAzLTAxLXByZXZpZXc=",
      "RequestMethod": "GET",
      "RequestBody": "",
      "RequestHeaders": {
        "User-Agent": [
          "ARM",
          "SDK",
          "v1.0.12-preview"
        ]
      },
      "ResponseBody": "{\r\n  \"id\": \"/subscriptions/964c10bb-8a6c-43bc-83d3-6b318c6c7305/resourceGroups/hdi4402/providers/Microsoft.HDInsight/clusters/hdisdk-adcluster\",\r\n  \"name\": \"hdisdk-adcluster\",\r\n  \"type\": \"Microsoft.HDInsight/clusters\",\r\n  \"location\": \"East US 2\",\r\n  \"etag\": \"0438df21-9b5a-45d7-8ecf-0091c6e71f58\",\r\n  \"tags\": null,\r\n  \"properties\": {\r\n    \"clusterVersion\": \"3.4.1000.0\",\r\n    \"osType\": \"Linux\",\r\n    \"clusterDefinition\": {\r\n      \"blueprint\": \"https://blueprints.azurehdinsight.net/hadoop-3.4.1000.0.8109330.json\",\r\n      \"kind\": \"Hadoop\"\r\n    },\r\n    \"computeProfile\": {\r\n      \"roles\": [\r\n        {\r\n          \"name\": \"headnode\",\r\n          \"targetInstanceCount\": 2,\r\n          \"hardwareProfile\": {\r\n            \"vmSize\": \"Standard_D3\"\r\n          },\r\n          \"osProfile\": {\r\n            \"linuxOperatingSystemProfile\": {\r\n              \"username\": \"hdiuser\"\r\n            }\r\n          },\r\n          \"virtualNetworkProfile\": {\r\n            \"id\": \"/subscriptions/964c10bb-8a6c-43bc-83d3-6b318c6c7305/resourceGroups/shadooprgeus2/providers/Microsoft.Network/virtualNetworks/shadoopeus2-vnet\",\r\n            \"subnet\": \"/subscriptions/964c10bb-8a6c-43bc-83d3-6b318c6c7305/resourceGroups/shadooprgeus2/providers/Microsoft.Network/virtualNetworks/shadoopeus2-vnet/subnets/default\"\r\n          }\r\n        },\r\n        {\r\n          \"name\": \"workernode\",\r\n          \"targetInstanceCount\": 3,\r\n          \"hardwareProfile\": {\r\n            \"vmSize\": \"Large\"\r\n          },\r\n          \"osProfile\": {\r\n            \"linuxOperatingSystemProfile\": {\r\n              \"username\": \"hdiuser\"\r\n            }\r\n          },\r\n          \"virtualNetworkProfile\": {\r\n            \"id\": \"/subscriptions/964c10bb-8a6c-43bc-83d3-6b318c6c7305/resourceGroups/shadooprgeus2/providers/Microsoft.Network/virtualNetworks/shadoopeus2-vnet\",\r\n            \"subnet\": \"/subscriptions/964c10bb-8a6c-43bc-83d3-6b318c6c7305/resourceGroups/shadooprgeus2/providers/Microsoft.Network/virtualNetworks/shadoopeus2-vnet/subnets/default\"\r\n          }\r\n        },\r\n        {\r\n          \"name\": \"zookeepernode\",\r\n          \"targetInstanceCount\": 3,\r\n          \"hardwareProfile\": {\r\n            \"vmSize\": \"Medium\"\r\n          },\r\n          \"osProfile\": {\r\n            \"linuxOperatingSystemProfile\": {\r\n              \"username\": \"hdiuser\"\r\n            }\r\n          },\r\n          \"virtualNetworkProfile\": {\r\n            \"id\": \"/subscriptions/964c10bb-8a6c-43bc-83d3-6b318c6c7305/resourceGroups/shadooprgeus2/providers/Microsoft.Network/virtualNetworks/shadoopeus2-vnet\",\r\n            \"subnet\": \"/subscriptions/964c10bb-8a6c-43bc-83d3-6b318c6c7305/resourceGroups/shadooprgeus2/providers/Microsoft.Network/virtualNetworks/shadoopeus2-vnet/subnets/default\"\r\n          }\r\n        }\r\n      ]\r\n    },\r\n    \"provisioningState\": \"InProgress\",\r\n    \"clusterState\": \"Accepted\",\r\n    \"createdDate\": \"2016-08-23T00:34:22.74\",\r\n    \"quotaInfo\": {\r\n      \"coresUsed\": 20\r\n    },\r\n    \"tier\": \"standard\"\r\n  }\r\n}",
      "ResponseHeaders": {
        "Content-Length": [
          "2131"
        ],
        "Content-Type": [
          "application/json; charset=utf-8"
        ],
        "Expires": [
          "-1"
        ],
        "Pragma": [
          "no-cache"
        ],
        "x-ms-request-id": [
          "02396124-e69a-4658-8a72-97c6e5a1c9ff"
        ],
        "x-ms-ratelimit-remaining-subscription-reads": [
          "14995"
        ],
        "x-ms-correlation-request-id": [
          "c0094262-6b82-4f16-887b-ba8ead6a286b"
        ],
        "x-ms-routing-request-id": [
          "WESTUS2:20160823T003426Z:c0094262-6b82-4f16-887b-ba8ead6a286b"
        ],
        "Strict-Transport-Security": [
          "max-age=31536000; includeSubDomains"
        ],
        "Cache-Control": [
          "no-cache"
        ],
        "Date": [
          "Tue, 23 Aug 2016 00:34:26 GMT"
        ],
        "Server": [
          "Microsoft-IIS/8.5"
        ],
        "X-Powered-By": [
          "ASP.NET"
        ]
      },
      "StatusCode": 200
    },
    {
      "RequestUri": "/subscriptions/964c10bb-8a6c-43bc-83d3-6b318c6c7305/resourceGroups/hdi4402/providers/Microsoft.HDInsight/clusters/hdisdk-adcluster?api-version=2015-03-01-preview",
      "EncodedRequestUri": "L3N1YnNjcmlwdGlvbnMvOTY0YzEwYmItOGE2Yy00M2JjLTgzZDMtNmIzMThjNmM3MzA1L3Jlc291cmNlR3JvdXBzL2hkaTQ0MDIvcHJvdmlkZXJzL01pY3Jvc29mdC5IREluc2lnaHQvY2x1c3RlcnMvaGRpc2RrLWFkY2x1c3Rlcj9hcGktdmVyc2lvbj0yMDE1LTAzLTAxLXByZXZpZXc=",
      "RequestMethod": "GET",
      "RequestBody": "",
      "RequestHeaders": {
        "User-Agent": [
          "ARM",
          "SDK",
          "v1.0.12-preview"
        ]
      },
      "ResponseBody": "{\r\n  \"id\": \"/subscriptions/964c10bb-8a6c-43bc-83d3-6b318c6c7305/resourceGroups/hdi4402/providers/Microsoft.HDInsight/clusters/hdisdk-adcluster\",\r\n  \"name\": \"hdisdk-adcluster\",\r\n  \"type\": \"Microsoft.HDInsight/clusters\",\r\n  \"location\": \"East US 2\",\r\n  \"etag\": \"0438df21-9b5a-45d7-8ecf-0091c6e71f58\",\r\n  \"tags\": null,\r\n  \"properties\": {\r\n    \"clusterVersion\": \"3.4.1000.0\",\r\n    \"osType\": \"Linux\",\r\n    \"clusterDefinition\": {\r\n      \"blueprint\": \"https://blueprints.azurehdinsight.net/hadoop-3.4.1000.0.8109330.json\",\r\n      \"kind\": \"Hadoop\"\r\n    },\r\n    \"computeProfile\": {\r\n      \"roles\": [\r\n        {\r\n          \"name\": \"headnode\",\r\n          \"targetInstanceCount\": 2,\r\n          \"hardwareProfile\": {\r\n            \"vmSize\": \"Standard_D3\"\r\n          },\r\n          \"osProfile\": {\r\n            \"linuxOperatingSystemProfile\": {\r\n              \"username\": \"hdiuser\"\r\n            }\r\n          },\r\n          \"virtualNetworkProfile\": {\r\n            \"id\": \"/subscriptions/964c10bb-8a6c-43bc-83d3-6b318c6c7305/resourceGroups/shadooprgeus2/providers/Microsoft.Network/virtualNetworks/shadoopeus2-vnet\",\r\n            \"subnet\": \"/subscriptions/964c10bb-8a6c-43bc-83d3-6b318c6c7305/resourceGroups/shadooprgeus2/providers/Microsoft.Network/virtualNetworks/shadoopeus2-vnet/subnets/default\"\r\n          }\r\n        },\r\n        {\r\n          \"name\": \"workernode\",\r\n          \"targetInstanceCount\": 3,\r\n          \"hardwareProfile\": {\r\n            \"vmSize\": \"Large\"\r\n          },\r\n          \"osProfile\": {\r\n            \"linuxOperatingSystemProfile\": {\r\n              \"username\": \"hdiuser\"\r\n            }\r\n          },\r\n          \"virtualNetworkProfile\": {\r\n            \"id\": \"/subscriptions/964c10bb-8a6c-43bc-83d3-6b318c6c7305/resourceGroups/shadooprgeus2/providers/Microsoft.Network/virtualNetworks/shadoopeus2-vnet\",\r\n            \"subnet\": \"/subscriptions/964c10bb-8a6c-43bc-83d3-6b318c6c7305/resourceGroups/shadooprgeus2/providers/Microsoft.Network/virtualNetworks/shadoopeus2-vnet/subnets/default\"\r\n          }\r\n        },\r\n        {\r\n          \"name\": \"zookeepernode\",\r\n          \"targetInstanceCount\": 3,\r\n          \"hardwareProfile\": {\r\n            \"vmSize\": \"Medium\"\r\n          },\r\n          \"osProfile\": {\r\n            \"linuxOperatingSystemProfile\": {\r\n              \"username\": \"hdiuser\"\r\n            }\r\n          },\r\n          \"virtualNetworkProfile\": {\r\n            \"id\": \"/subscriptions/964c10bb-8a6c-43bc-83d3-6b318c6c7305/resourceGroups/shadooprgeus2/providers/Microsoft.Network/virtualNetworks/shadoopeus2-vnet\",\r\n            \"subnet\": \"/subscriptions/964c10bb-8a6c-43bc-83d3-6b318c6c7305/resourceGroups/shadooprgeus2/providers/Microsoft.Network/virtualNetworks/shadoopeus2-vnet/subnets/default\"\r\n          }\r\n        }\r\n      ]\r\n    },\r\n    \"provisioningState\": \"InProgress\",\r\n    \"clusterState\": \"ClusterStorageConfiguration\",\r\n    \"createdDate\": \"2016-08-23T00:34:22.74\",\r\n    \"quotaInfo\": {\r\n      \"coresUsed\": 20\r\n    },\r\n    \"connectivityEndpoints\": [\r\n      {\r\n        \"name\": \"SSH\",\r\n        \"protocol\": \"TCP\",\r\n        \"location\": \"hdisdk-adcluster-ssh.azurehdinsight.net\",\r\n        \"port\": 22\r\n      },\r\n      {\r\n        \"name\": \"HTTPS\",\r\n        \"protocol\": \"TCP\",\r\n        \"location\": \"hdisdk-adcluster.azurehdinsight.net\",\r\n        \"port\": 443\r\n      }\r\n    ],\r\n    \"tier\": \"standard\"\r\n  }\r\n}",
      "ResponseHeaders": {
        "Content-Length": [
          "2365"
        ],
        "Content-Type": [
          "application/json; charset=utf-8"
        ],
        "Expires": [
          "-1"
        ],
        "Pragma": [
          "no-cache"
        ],
        "x-ms-request-id": [
          "403d688d-5358-4f5f-97cc-d766f12f66dd"
        ],
        "x-ms-ratelimit-remaining-subscription-reads": [
          "14995"
        ],
        "x-ms-correlation-request-id": [
          "508aacc1-7929-4f82-9b97-131a39ef92e8"
        ],
        "x-ms-routing-request-id": [
          "WESTUS2:20160823T003527Z:508aacc1-7929-4f82-9b97-131a39ef92e8"
        ],
        "Strict-Transport-Security": [
          "max-age=31536000; includeSubDomains"
        ],
        "Cache-Control": [
          "no-cache"
        ],
        "Date": [
          "Tue, 23 Aug 2016 00:35:27 GMT"
        ],
        "Server": [
          "Microsoft-IIS/8.5"
        ],
        "X-Powered-By": [
          "ASP.NET"
        ]
      },
      "StatusCode": 200
    },
    {
      "RequestUri": "/subscriptions/964c10bb-8a6c-43bc-83d3-6b318c6c7305/resourceGroups/hdi4402/providers/Microsoft.HDInsight/clusters/hdisdk-adcluster?api-version=2015-03-01-preview",
      "EncodedRequestUri": "L3N1YnNjcmlwdGlvbnMvOTY0YzEwYmItOGE2Yy00M2JjLTgzZDMtNmIzMThjNmM3MzA1L3Jlc291cmNlR3JvdXBzL2hkaTQ0MDIvcHJvdmlkZXJzL01pY3Jvc29mdC5IREluc2lnaHQvY2x1c3RlcnMvaGRpc2RrLWFkY2x1c3Rlcj9hcGktdmVyc2lvbj0yMDE1LTAzLTAxLXByZXZpZXc=",
      "RequestMethod": "GET",
      "RequestBody": "",
      "RequestHeaders": {
        "User-Agent": [
          "ARM",
          "SDK",
          "v1.0.12-preview"
        ]
      },
      "ResponseBody": "{\r\n  \"id\": \"/subscriptions/964c10bb-8a6c-43bc-83d3-6b318c6c7305/resourceGroups/hdi4402/providers/Microsoft.HDInsight/clusters/hdisdk-adcluster\",\r\n  \"name\": \"hdisdk-adcluster\",\r\n  \"type\": \"Microsoft.HDInsight/clusters\",\r\n  \"location\": \"East US 2\",\r\n  \"etag\": \"0438df21-9b5a-45d7-8ecf-0091c6e71f58\",\r\n  \"tags\": null,\r\n  \"properties\": {\r\n    \"clusterVersion\": \"3.4.1000.0\",\r\n    \"osType\": \"Linux\",\r\n    \"clusterDefinition\": {\r\n      \"blueprint\": \"https://blueprints.azurehdinsight.net/hadoop-3.4.1000.0.8109330.json\",\r\n      \"kind\": \"Hadoop\"\r\n    },\r\n    \"computeProfile\": {\r\n      \"roles\": [\r\n        {\r\n          \"name\": \"headnode\",\r\n          \"targetInstanceCount\": 2,\r\n          \"hardwareProfile\": {\r\n            \"vmSize\": \"Standard_D3\"\r\n          },\r\n          \"osProfile\": {\r\n            \"linuxOperatingSystemProfile\": {\r\n              \"username\": \"hdiuser\"\r\n            }\r\n          },\r\n          \"virtualNetworkProfile\": {\r\n            \"id\": \"/subscriptions/964c10bb-8a6c-43bc-83d3-6b318c6c7305/resourceGroups/shadooprgeus2/providers/Microsoft.Network/virtualNetworks/shadoopeus2-vnet\",\r\n            \"subnet\": \"/subscriptions/964c10bb-8a6c-43bc-83d3-6b318c6c7305/resourceGroups/shadooprgeus2/providers/Microsoft.Network/virtualNetworks/shadoopeus2-vnet/subnets/default\"\r\n          }\r\n        },\r\n        {\r\n          \"name\": \"workernode\",\r\n          \"targetInstanceCount\": 3,\r\n          \"hardwareProfile\": {\r\n            \"vmSize\": \"Large\"\r\n          },\r\n          \"osProfile\": {\r\n            \"linuxOperatingSystemProfile\": {\r\n              \"username\": \"hdiuser\"\r\n            }\r\n          },\r\n          \"virtualNetworkProfile\": {\r\n            \"id\": \"/subscriptions/964c10bb-8a6c-43bc-83d3-6b318c6c7305/resourceGroups/shadooprgeus2/providers/Microsoft.Network/virtualNetworks/shadoopeus2-vnet\",\r\n            \"subnet\": \"/subscriptions/964c10bb-8a6c-43bc-83d3-6b318c6c7305/resourceGroups/shadooprgeus2/providers/Microsoft.Network/virtualNetworks/shadoopeus2-vnet/subnets/default\"\r\n          }\r\n        },\r\n        {\r\n          \"name\": \"zookeepernode\",\r\n          \"targetInstanceCount\": 3,\r\n          \"hardwareProfile\": {\r\n            \"vmSize\": \"Medium\"\r\n          },\r\n          \"osProfile\": {\r\n            \"linuxOperatingSystemProfile\": {\r\n              \"username\": \"hdiuser\"\r\n            }\r\n          },\r\n          \"virtualNetworkProfile\": {\r\n            \"id\": \"/subscriptions/964c10bb-8a6c-43bc-83d3-6b318c6c7305/resourceGroups/shadooprgeus2/providers/Microsoft.Network/virtualNetworks/shadoopeus2-vnet\",\r\n            \"subnet\": \"/subscriptions/964c10bb-8a6c-43bc-83d3-6b318c6c7305/resourceGroups/shadooprgeus2/providers/Microsoft.Network/virtualNetworks/shadoopeus2-vnet/subnets/default\"\r\n          }\r\n        }\r\n      ]\r\n    },\r\n    \"provisioningState\": \"InProgress\",\r\n    \"clusterState\": \"ClusterStorageConfiguration\",\r\n    \"createdDate\": \"2016-08-23T00:34:22.74\",\r\n    \"quotaInfo\": {\r\n      \"coresUsed\": 20\r\n    },\r\n    \"connectivityEndpoints\": [\r\n      {\r\n        \"name\": \"SSH\",\r\n        \"protocol\": \"TCP\",\r\n        \"location\": \"hdisdk-adcluster-ssh.azurehdinsight.net\",\r\n        \"port\": 22\r\n      },\r\n      {\r\n        \"name\": \"HTTPS\",\r\n        \"protocol\": \"TCP\",\r\n        \"location\": \"hdisdk-adcluster.azurehdinsight.net\",\r\n        \"port\": 443\r\n      }\r\n    ],\r\n    \"tier\": \"standard\"\r\n  }\r\n}",
      "ResponseHeaders": {
        "Content-Length": [
          "2365"
        ],
        "Content-Type": [
          "application/json; charset=utf-8"
        ],
        "Expires": [
          "-1"
        ],
        "Pragma": [
          "no-cache"
        ],
        "x-ms-request-id": [
          "6248b4dc-fb11-4ff9-a0cc-7efa7dfcb749"
        ],
        "x-ms-ratelimit-remaining-subscription-reads": [
          "14994"
        ],
        "x-ms-correlation-request-id": [
          "190b4b03-2747-4883-beb5-f5b9c0183151"
        ],
        "x-ms-routing-request-id": [
          "WESTUS2:20160823T003629Z:190b4b03-2747-4883-beb5-f5b9c0183151"
        ],
        "Strict-Transport-Security": [
          "max-age=31536000; includeSubDomains"
        ],
        "Cache-Control": [
          "no-cache"
        ],
        "Date": [
          "Tue, 23 Aug 2016 00:36:28 GMT"
        ],
        "Server": [
          "Microsoft-IIS/8.5"
        ],
        "X-Powered-By": [
          "ASP.NET"
        ]
      },
      "StatusCode": 200
    },
    {
      "RequestUri": "/subscriptions/964c10bb-8a6c-43bc-83d3-6b318c6c7305/resourceGroups/hdi4402/providers/Microsoft.HDInsight/clusters/hdisdk-adcluster?api-version=2015-03-01-preview",
      "EncodedRequestUri": "L3N1YnNjcmlwdGlvbnMvOTY0YzEwYmItOGE2Yy00M2JjLTgzZDMtNmIzMThjNmM3MzA1L3Jlc291cmNlR3JvdXBzL2hkaTQ0MDIvcHJvdmlkZXJzL01pY3Jvc29mdC5IREluc2lnaHQvY2x1c3RlcnMvaGRpc2RrLWFkY2x1c3Rlcj9hcGktdmVyc2lvbj0yMDE1LTAzLTAxLXByZXZpZXc=",
      "RequestMethod": "GET",
      "RequestBody": "",
      "RequestHeaders": {
        "User-Agent": [
          "ARM",
          "SDK",
          "v1.0.12-preview"
        ]
      },
      "ResponseBody": "{\r\n  \"id\": \"/subscriptions/964c10bb-8a6c-43bc-83d3-6b318c6c7305/resourceGroups/hdi4402/providers/Microsoft.HDInsight/clusters/hdisdk-adcluster\",\r\n  \"name\": \"hdisdk-adcluster\",\r\n  \"type\": \"Microsoft.HDInsight/clusters\",\r\n  \"location\": \"East US 2\",\r\n  \"etag\": \"0438df21-9b5a-45d7-8ecf-0091c6e71f58\",\r\n  \"tags\": null,\r\n  \"properties\": {\r\n    \"clusterVersion\": \"3.4.1000.0\",\r\n    \"osType\": \"Linux\",\r\n    \"clusterDefinition\": {\r\n      \"blueprint\": \"https://blueprints.azurehdinsight.net/hadoop-3.4.1000.0.8109330.json\",\r\n      \"kind\": \"Hadoop\"\r\n    },\r\n    \"computeProfile\": {\r\n      \"roles\": [\r\n        {\r\n          \"name\": \"headnode\",\r\n          \"targetInstanceCount\": 2,\r\n          \"hardwareProfile\": {\r\n            \"vmSize\": \"Standard_D3\"\r\n          },\r\n          \"osProfile\": {\r\n            \"linuxOperatingSystemProfile\": {\r\n              \"username\": \"hdiuser\"\r\n            }\r\n          },\r\n          \"virtualNetworkProfile\": {\r\n            \"id\": \"/subscriptions/964c10bb-8a6c-43bc-83d3-6b318c6c7305/resourceGroups/shadooprgeus2/providers/Microsoft.Network/virtualNetworks/shadoopeus2-vnet\",\r\n            \"subnet\": \"/subscriptions/964c10bb-8a6c-43bc-83d3-6b318c6c7305/resourceGroups/shadooprgeus2/providers/Microsoft.Network/virtualNetworks/shadoopeus2-vnet/subnets/default\"\r\n          }\r\n        },\r\n        {\r\n          \"name\": \"workernode\",\r\n          \"targetInstanceCount\": 3,\r\n          \"hardwareProfile\": {\r\n            \"vmSize\": \"Large\"\r\n          },\r\n          \"osProfile\": {\r\n            \"linuxOperatingSystemProfile\": {\r\n              \"username\": \"hdiuser\"\r\n            }\r\n          },\r\n          \"virtualNetworkProfile\": {\r\n            \"id\": \"/subscriptions/964c10bb-8a6c-43bc-83d3-6b318c6c7305/resourceGroups/shadooprgeus2/providers/Microsoft.Network/virtualNetworks/shadoopeus2-vnet\",\r\n            \"subnet\": \"/subscriptions/964c10bb-8a6c-43bc-83d3-6b318c6c7305/resourceGroups/shadooprgeus2/providers/Microsoft.Network/virtualNetworks/shadoopeus2-vnet/subnets/default\"\r\n          }\r\n        },\r\n        {\r\n          \"name\": \"zookeepernode\",\r\n          \"targetInstanceCount\": 3,\r\n          \"hardwareProfile\": {\r\n            \"vmSize\": \"Medium\"\r\n          },\r\n          \"osProfile\": {\r\n            \"linuxOperatingSystemProfile\": {\r\n              \"username\": \"hdiuser\"\r\n            }\r\n          },\r\n          \"virtualNetworkProfile\": {\r\n            \"id\": \"/subscriptions/964c10bb-8a6c-43bc-83d3-6b318c6c7305/resourceGroups/shadooprgeus2/providers/Microsoft.Network/virtualNetworks/shadoopeus2-vnet\",\r\n            \"subnet\": \"/subscriptions/964c10bb-8a6c-43bc-83d3-6b318c6c7305/resourceGroups/shadooprgeus2/providers/Microsoft.Network/virtualNetworks/shadoopeus2-vnet/subnets/default\"\r\n          }\r\n        }\r\n      ]\r\n    },\r\n    \"provisioningState\": \"InProgress\",\r\n    \"clusterState\": \"AzureVMConfiguration\",\r\n    \"createdDate\": \"2016-08-23T00:34:22.74\",\r\n    \"quotaInfo\": {\r\n      \"coresUsed\": 20\r\n    },\r\n    \"connectivityEndpoints\": [\r\n      {\r\n        \"name\": \"SSH\",\r\n        \"protocol\": \"TCP\",\r\n        \"location\": \"hdisdk-adcluster-ssh.azurehdinsight.net\",\r\n        \"port\": 22\r\n      },\r\n      {\r\n        \"name\": \"HTTPS\",\r\n        \"protocol\": \"TCP\",\r\n        \"location\": \"hdisdk-adcluster.azurehdinsight.net\",\r\n        \"port\": 443\r\n      }\r\n    ],\r\n    \"tier\": \"standard\"\r\n  }\r\n}",
      "ResponseHeaders": {
        "Content-Length": [
          "2358"
        ],
        "Content-Type": [
          "application/json; charset=utf-8"
        ],
        "Expires": [
          "-1"
        ],
        "Pragma": [
          "no-cache"
        ],
        "x-ms-request-id": [
          "8aed891c-6c77-4ec0-acbd-06f95488b786"
        ],
        "x-ms-ratelimit-remaining-subscription-reads": [
          "14993"
        ],
        "x-ms-correlation-request-id": [
          "5fc0a793-b9fe-454c-8cf0-9a2019e550d9"
        ],
        "x-ms-routing-request-id": [
          "WESTUS2:20160823T003730Z:5fc0a793-b9fe-454c-8cf0-9a2019e550d9"
        ],
        "Strict-Transport-Security": [
          "max-age=31536000; includeSubDomains"
        ],
        "Cache-Control": [
          "no-cache"
        ],
        "Date": [
          "Tue, 23 Aug 2016 00:37:30 GMT"
        ],
        "Server": [
          "Microsoft-IIS/8.5"
        ],
        "X-Powered-By": [
          "ASP.NET"
        ]
      },
      "StatusCode": 200
    },
    {
      "RequestUri": "/subscriptions/964c10bb-8a6c-43bc-83d3-6b318c6c7305/resourceGroups/hdi4402/providers/Microsoft.HDInsight/clusters/hdisdk-adcluster?api-version=2015-03-01-preview",
      "EncodedRequestUri": "L3N1YnNjcmlwdGlvbnMvOTY0YzEwYmItOGE2Yy00M2JjLTgzZDMtNmIzMThjNmM3MzA1L3Jlc291cmNlR3JvdXBzL2hkaTQ0MDIvcHJvdmlkZXJzL01pY3Jvc29mdC5IREluc2lnaHQvY2x1c3RlcnMvaGRpc2RrLWFkY2x1c3Rlcj9hcGktdmVyc2lvbj0yMDE1LTAzLTAxLXByZXZpZXc=",
      "RequestMethod": "GET",
      "RequestBody": "",
      "RequestHeaders": {
        "User-Agent": [
          "ARM",
          "SDK",
          "v1.0.12-preview"
        ]
      },
      "ResponseBody": "{\r\n  \"id\": \"/subscriptions/964c10bb-8a6c-43bc-83d3-6b318c6c7305/resourceGroups/hdi4402/providers/Microsoft.HDInsight/clusters/hdisdk-adcluster\",\r\n  \"name\": \"hdisdk-adcluster\",\r\n  \"type\": \"Microsoft.HDInsight/clusters\",\r\n  \"location\": \"East US 2\",\r\n  \"etag\": \"0438df21-9b5a-45d7-8ecf-0091c6e71f58\",\r\n  \"tags\": null,\r\n  \"properties\": {\r\n    \"clusterVersion\": \"3.4.1000.0\",\r\n    \"osType\": \"Linux\",\r\n    \"clusterDefinition\": {\r\n      \"blueprint\": \"https://blueprints.azurehdinsight.net/hadoop-3.4.1000.0.8109330.json\",\r\n      \"kind\": \"Hadoop\"\r\n    },\r\n    \"computeProfile\": {\r\n      \"roles\": [\r\n        {\r\n          \"name\": \"headnode\",\r\n          \"targetInstanceCount\": 2,\r\n          \"hardwareProfile\": {\r\n            \"vmSize\": \"Standard_D3\"\r\n          },\r\n          \"osProfile\": {\r\n            \"linuxOperatingSystemProfile\": {\r\n              \"username\": \"hdiuser\"\r\n            }\r\n          },\r\n          \"virtualNetworkProfile\": {\r\n            \"id\": \"/subscriptions/964c10bb-8a6c-43bc-83d3-6b318c6c7305/resourceGroups/shadooprgeus2/providers/Microsoft.Network/virtualNetworks/shadoopeus2-vnet\",\r\n            \"subnet\": \"/subscriptions/964c10bb-8a6c-43bc-83d3-6b318c6c7305/resourceGroups/shadooprgeus2/providers/Microsoft.Network/virtualNetworks/shadoopeus2-vnet/subnets/default\"\r\n          }\r\n        },\r\n        {\r\n          \"name\": \"workernode\",\r\n          \"targetInstanceCount\": 3,\r\n          \"hardwareProfile\": {\r\n            \"vmSize\": \"Large\"\r\n          },\r\n          \"osProfile\": {\r\n            \"linuxOperatingSystemProfile\": {\r\n              \"username\": \"hdiuser\"\r\n            }\r\n          },\r\n          \"virtualNetworkProfile\": {\r\n            \"id\": \"/subscriptions/964c10bb-8a6c-43bc-83d3-6b318c6c7305/resourceGroups/shadooprgeus2/providers/Microsoft.Network/virtualNetworks/shadoopeus2-vnet\",\r\n            \"subnet\": \"/subscriptions/964c10bb-8a6c-43bc-83d3-6b318c6c7305/resourceGroups/shadooprgeus2/providers/Microsoft.Network/virtualNetworks/shadoopeus2-vnet/subnets/default\"\r\n          }\r\n        },\r\n        {\r\n          \"name\": \"zookeepernode\",\r\n          \"targetInstanceCount\": 3,\r\n          \"hardwareProfile\": {\r\n            \"vmSize\": \"Medium\"\r\n          },\r\n          \"osProfile\": {\r\n            \"linuxOperatingSystemProfile\": {\r\n              \"username\": \"hdiuser\"\r\n            }\r\n          },\r\n          \"virtualNetworkProfile\": {\r\n            \"id\": \"/subscriptions/964c10bb-8a6c-43bc-83d3-6b318c6c7305/resourceGroups/shadooprgeus2/providers/Microsoft.Network/virtualNetworks/shadoopeus2-vnet\",\r\n            \"subnet\": \"/subscriptions/964c10bb-8a6c-43bc-83d3-6b318c6c7305/resourceGroups/shadooprgeus2/providers/Microsoft.Network/virtualNetworks/shadoopeus2-vnet/subnets/default\"\r\n          }\r\n        }\r\n      ]\r\n    },\r\n    \"provisioningState\": \"InProgress\",\r\n    \"clusterState\": \"AzureVMConfiguration\",\r\n    \"createdDate\": \"2016-08-23T00:34:22.74\",\r\n    \"quotaInfo\": {\r\n      \"coresUsed\": 20\r\n    },\r\n    \"connectivityEndpoints\": [\r\n      {\r\n        \"name\": \"SSH\",\r\n        \"protocol\": \"TCP\",\r\n        \"location\": \"hdisdk-adcluster-ssh.azurehdinsight.net\",\r\n        \"port\": 22\r\n      },\r\n      {\r\n        \"name\": \"HTTPS\",\r\n        \"protocol\": \"TCP\",\r\n        \"location\": \"hdisdk-adcluster.azurehdinsight.net\",\r\n        \"port\": 443\r\n      }\r\n    ],\r\n    \"tier\": \"standard\"\r\n  }\r\n}",
      "ResponseHeaders": {
        "Content-Length": [
          "2358"
        ],
        "Content-Type": [
          "application/json; charset=utf-8"
        ],
        "Expires": [
          "-1"
        ],
        "Pragma": [
          "no-cache"
        ],
        "x-ms-request-id": [
          "b9b4b7c5-0694-480f-ae35-127067359494"
        ],
        "x-ms-ratelimit-remaining-subscription-reads": [
          "14992"
        ],
        "x-ms-correlation-request-id": [
          "93c0ed91-684a-405f-84f7-73848560c4c3"
        ],
        "x-ms-routing-request-id": [
          "WESTUS2:20160823T003831Z:93c0ed91-684a-405f-84f7-73848560c4c3"
        ],
        "Strict-Transport-Security": [
          "max-age=31536000; includeSubDomains"
        ],
        "Cache-Control": [
          "no-cache"
        ],
        "Date": [
          "Tue, 23 Aug 2016 00:38:31 GMT"
        ],
        "Server": [
          "Microsoft-IIS/8.5"
        ],
        "X-Powered-By": [
          "ASP.NET"
        ]
      },
      "StatusCode": 200
    },
    {
      "RequestUri": "/subscriptions/964c10bb-8a6c-43bc-83d3-6b318c6c7305/resourceGroups/hdi4402/providers/Microsoft.HDInsight/clusters/hdisdk-adcluster?api-version=2015-03-01-preview",
      "EncodedRequestUri": "L3N1YnNjcmlwdGlvbnMvOTY0YzEwYmItOGE2Yy00M2JjLTgzZDMtNmIzMThjNmM3MzA1L3Jlc291cmNlR3JvdXBzL2hkaTQ0MDIvcHJvdmlkZXJzL01pY3Jvc29mdC5IREluc2lnaHQvY2x1c3RlcnMvaGRpc2RrLWFkY2x1c3Rlcj9hcGktdmVyc2lvbj0yMDE1LTAzLTAxLXByZXZpZXc=",
      "RequestMethod": "GET",
      "RequestBody": "",
      "RequestHeaders": {
        "User-Agent": [
          "ARM",
          "SDK",
          "v1.0.12-preview"
        ]
      },
      "ResponseBody": "{\r\n  \"id\": \"/subscriptions/964c10bb-8a6c-43bc-83d3-6b318c6c7305/resourceGroups/hdi4402/providers/Microsoft.HDInsight/clusters/hdisdk-adcluster\",\r\n  \"name\": \"hdisdk-adcluster\",\r\n  \"type\": \"Microsoft.HDInsight/clusters\",\r\n  \"location\": \"East US 2\",\r\n  \"etag\": \"0438df21-9b5a-45d7-8ecf-0091c6e71f58\",\r\n  \"tags\": null,\r\n  \"properties\": {\r\n    \"clusterVersion\": \"3.4.1000.0\",\r\n    \"osType\": \"Linux\",\r\n    \"clusterDefinition\": {\r\n      \"blueprint\": \"https://blueprints.azurehdinsight.net/hadoop-3.4.1000.0.8109330.json\",\r\n      \"kind\": \"Hadoop\"\r\n    },\r\n    \"computeProfile\": {\r\n      \"roles\": [\r\n        {\r\n          \"name\": \"headnode\",\r\n          \"targetInstanceCount\": 2,\r\n          \"hardwareProfile\": {\r\n            \"vmSize\": \"Standard_D3\"\r\n          },\r\n          \"osProfile\": {\r\n            \"linuxOperatingSystemProfile\": {\r\n              \"username\": \"hdiuser\"\r\n            }\r\n          },\r\n          \"virtualNetworkProfile\": {\r\n            \"id\": \"/subscriptions/964c10bb-8a6c-43bc-83d3-6b318c6c7305/resourceGroups/shadooprgeus2/providers/Microsoft.Network/virtualNetworks/shadoopeus2-vnet\",\r\n            \"subnet\": \"/subscriptions/964c10bb-8a6c-43bc-83d3-6b318c6c7305/resourceGroups/shadooprgeus2/providers/Microsoft.Network/virtualNetworks/shadoopeus2-vnet/subnets/default\"\r\n          }\r\n        },\r\n        {\r\n          \"name\": \"workernode\",\r\n          \"targetInstanceCount\": 3,\r\n          \"hardwareProfile\": {\r\n            \"vmSize\": \"Large\"\r\n          },\r\n          \"osProfile\": {\r\n            \"linuxOperatingSystemProfile\": {\r\n              \"username\": \"hdiuser\"\r\n            }\r\n          },\r\n          \"virtualNetworkProfile\": {\r\n            \"id\": \"/subscriptions/964c10bb-8a6c-43bc-83d3-6b318c6c7305/resourceGroups/shadooprgeus2/providers/Microsoft.Network/virtualNetworks/shadoopeus2-vnet\",\r\n            \"subnet\": \"/subscriptions/964c10bb-8a6c-43bc-83d3-6b318c6c7305/resourceGroups/shadooprgeus2/providers/Microsoft.Network/virtualNetworks/shadoopeus2-vnet/subnets/default\"\r\n          }\r\n        },\r\n        {\r\n          \"name\": \"zookeepernode\",\r\n          \"targetInstanceCount\": 3,\r\n          \"hardwareProfile\": {\r\n            \"vmSize\": \"Medium\"\r\n          },\r\n          \"osProfile\": {\r\n            \"linuxOperatingSystemProfile\": {\r\n              \"username\": \"hdiuser\"\r\n            }\r\n          },\r\n          \"virtualNetworkProfile\": {\r\n            \"id\": \"/subscriptions/964c10bb-8a6c-43bc-83d3-6b318c6c7305/resourceGroups/shadooprgeus2/providers/Microsoft.Network/virtualNetworks/shadoopeus2-vnet\",\r\n            \"subnet\": \"/subscriptions/964c10bb-8a6c-43bc-83d3-6b318c6c7305/resourceGroups/shadooprgeus2/providers/Microsoft.Network/virtualNetworks/shadoopeus2-vnet/subnets/default\"\r\n          }\r\n        }\r\n      ]\r\n    },\r\n    \"provisioningState\": \"InProgress\",\r\n    \"clusterState\": \"AzureVMConfiguration\",\r\n    \"createdDate\": \"2016-08-23T00:34:22.74\",\r\n    \"quotaInfo\": {\r\n      \"coresUsed\": 20\r\n    },\r\n    \"connectivityEndpoints\": [\r\n      {\r\n        \"name\": \"SSH\",\r\n        \"protocol\": \"TCP\",\r\n        \"location\": \"hdisdk-adcluster-ssh.azurehdinsight.net\",\r\n        \"port\": 22\r\n      },\r\n      {\r\n        \"name\": \"HTTPS\",\r\n        \"protocol\": \"TCP\",\r\n        \"location\": \"hdisdk-adcluster.azurehdinsight.net\",\r\n        \"port\": 443\r\n      }\r\n    ],\r\n    \"tier\": \"standard\"\r\n  }\r\n}",
      "ResponseHeaders": {
        "Content-Length": [
          "2358"
        ],
        "Content-Type": [
          "application/json; charset=utf-8"
        ],
        "Expires": [
          "-1"
        ],
        "Pragma": [
          "no-cache"
        ],
        "x-ms-request-id": [
          "cac35e3c-08c1-481c-b928-571d7f8c9caf"
        ],
        "x-ms-ratelimit-remaining-subscription-reads": [
          "14991"
        ],
        "x-ms-correlation-request-id": [
          "6991897b-4f16-48ca-a774-7cadff5b01fd"
        ],
        "x-ms-routing-request-id": [
          "WESTUS2:20160823T003932Z:6991897b-4f16-48ca-a774-7cadff5b01fd"
        ],
        "Strict-Transport-Security": [
          "max-age=31536000; includeSubDomains"
        ],
        "Cache-Control": [
          "no-cache"
        ],
        "Date": [
          "Tue, 23 Aug 2016 00:39:32 GMT"
        ],
        "Server": [
          "Microsoft-IIS/8.5"
        ],
        "X-Powered-By": [
          "ASP.NET"
        ]
      },
      "StatusCode": 200
    },
    {
      "RequestUri": "/subscriptions/964c10bb-8a6c-43bc-83d3-6b318c6c7305/resourceGroups/hdi4402/providers/Microsoft.HDInsight/clusters/hdisdk-adcluster?api-version=2015-03-01-preview",
      "EncodedRequestUri": "L3N1YnNjcmlwdGlvbnMvOTY0YzEwYmItOGE2Yy00M2JjLTgzZDMtNmIzMThjNmM3MzA1L3Jlc291cmNlR3JvdXBzL2hkaTQ0MDIvcHJvdmlkZXJzL01pY3Jvc29mdC5IREluc2lnaHQvY2x1c3RlcnMvaGRpc2RrLWFkY2x1c3Rlcj9hcGktdmVyc2lvbj0yMDE1LTAzLTAxLXByZXZpZXc=",
      "RequestMethod": "GET",
      "RequestBody": "",
      "RequestHeaders": {
        "User-Agent": [
          "ARM",
          "SDK",
          "v1.0.12-preview"
        ]
      },
      "ResponseBody": "{\r\n  \"id\": \"/subscriptions/964c10bb-8a6c-43bc-83d3-6b318c6c7305/resourceGroups/hdi4402/providers/Microsoft.HDInsight/clusters/hdisdk-adcluster\",\r\n  \"name\": \"hdisdk-adcluster\",\r\n  \"type\": \"Microsoft.HDInsight/clusters\",\r\n  \"location\": \"East US 2\",\r\n  \"etag\": \"0438df21-9b5a-45d7-8ecf-0091c6e71f58\",\r\n  \"tags\": null,\r\n  \"properties\": {\r\n    \"clusterVersion\": \"3.4.1000.0\",\r\n    \"osType\": \"Linux\",\r\n    \"clusterDefinition\": {\r\n      \"blueprint\": \"https://blueprints.azurehdinsight.net/hadoop-3.4.1000.0.8109330.json\",\r\n      \"kind\": \"Hadoop\"\r\n    },\r\n    \"computeProfile\": {\r\n      \"roles\": [\r\n        {\r\n          \"name\": \"headnode\",\r\n          \"targetInstanceCount\": 2,\r\n          \"hardwareProfile\": {\r\n            \"vmSize\": \"Standard_D3\"\r\n          },\r\n          \"osProfile\": {\r\n            \"linuxOperatingSystemProfile\": {\r\n              \"username\": \"hdiuser\"\r\n            }\r\n          },\r\n          \"virtualNetworkProfile\": {\r\n            \"id\": \"/subscriptions/964c10bb-8a6c-43bc-83d3-6b318c6c7305/resourceGroups/shadooprgeus2/providers/Microsoft.Network/virtualNetworks/shadoopeus2-vnet\",\r\n            \"subnet\": \"/subscriptions/964c10bb-8a6c-43bc-83d3-6b318c6c7305/resourceGroups/shadooprgeus2/providers/Microsoft.Network/virtualNetworks/shadoopeus2-vnet/subnets/default\"\r\n          }\r\n        },\r\n        {\r\n          \"name\": \"workernode\",\r\n          \"targetInstanceCount\": 3,\r\n          \"hardwareProfile\": {\r\n            \"vmSize\": \"Large\"\r\n          },\r\n          \"osProfile\": {\r\n            \"linuxOperatingSystemProfile\": {\r\n              \"username\": \"hdiuser\"\r\n            }\r\n          },\r\n          \"virtualNetworkProfile\": {\r\n            \"id\": \"/subscriptions/964c10bb-8a6c-43bc-83d3-6b318c6c7305/resourceGroups/shadooprgeus2/providers/Microsoft.Network/virtualNetworks/shadoopeus2-vnet\",\r\n            \"subnet\": \"/subscriptions/964c10bb-8a6c-43bc-83d3-6b318c6c7305/resourceGroups/shadooprgeus2/providers/Microsoft.Network/virtualNetworks/shadoopeus2-vnet/subnets/default\"\r\n          }\r\n        },\r\n        {\r\n          \"name\": \"zookeepernode\",\r\n          \"targetInstanceCount\": 3,\r\n          \"hardwareProfile\": {\r\n            \"vmSize\": \"Medium\"\r\n          },\r\n          \"osProfile\": {\r\n            \"linuxOperatingSystemProfile\": {\r\n              \"username\": \"hdiuser\"\r\n            }\r\n          },\r\n          \"virtualNetworkProfile\": {\r\n            \"id\": \"/subscriptions/964c10bb-8a6c-43bc-83d3-6b318c6c7305/resourceGroups/shadooprgeus2/providers/Microsoft.Network/virtualNetworks/shadoopeus2-vnet\",\r\n            \"subnet\": \"/subscriptions/964c10bb-8a6c-43bc-83d3-6b318c6c7305/resourceGroups/shadooprgeus2/providers/Microsoft.Network/virtualNetworks/shadoopeus2-vnet/subnets/default\"\r\n          }\r\n        }\r\n      ]\r\n    },\r\n    \"provisioningState\": \"InProgress\",\r\n    \"clusterState\": \"AzureVMConfiguration\",\r\n    \"createdDate\": \"2016-08-23T00:34:22.74\",\r\n    \"quotaInfo\": {\r\n      \"coresUsed\": 20\r\n    },\r\n    \"connectivityEndpoints\": [\r\n      {\r\n        \"name\": \"SSH\",\r\n        \"protocol\": \"TCP\",\r\n        \"location\": \"hdisdk-adcluster-ssh.azurehdinsight.net\",\r\n        \"port\": 22\r\n      },\r\n      {\r\n        \"name\": \"HTTPS\",\r\n        \"protocol\": \"TCP\",\r\n        \"location\": \"hdisdk-adcluster.azurehdinsight.net\",\r\n        \"port\": 443\r\n      }\r\n    ],\r\n    \"tier\": \"standard\"\r\n  }\r\n}",
      "ResponseHeaders": {
        "Content-Length": [
          "2358"
        ],
        "Content-Type": [
          "application/json; charset=utf-8"
        ],
        "Expires": [
          "-1"
        ],
        "Pragma": [
          "no-cache"
        ],
        "x-ms-request-id": [
          "e4868bcb-2789-4ff3-b0fc-f59eb4fc2813"
        ],
        "x-ms-ratelimit-remaining-subscription-reads": [
          "14992"
        ],
        "x-ms-correlation-request-id": [
          "f745efe9-41a4-4215-9830-9bfa10a9e9b6"
        ],
        "x-ms-routing-request-id": [
          "WESTUS2:20160823T004034Z:f745efe9-41a4-4215-9830-9bfa10a9e9b6"
        ],
        "Strict-Transport-Security": [
          "max-age=31536000; includeSubDomains"
        ],
        "Cache-Control": [
          "no-cache"
        ],
        "Date": [
          "Tue, 23 Aug 2016 00:40:33 GMT"
        ],
        "Server": [
          "Microsoft-IIS/8.5"
        ],
        "X-Powered-By": [
          "ASP.NET"
        ]
      },
      "StatusCode": 200
    },
    {
      "RequestUri": "/subscriptions/964c10bb-8a6c-43bc-83d3-6b318c6c7305/resourceGroups/hdi4402/providers/Microsoft.HDInsight/clusters/hdisdk-adcluster?api-version=2015-03-01-preview",
      "EncodedRequestUri": "L3N1YnNjcmlwdGlvbnMvOTY0YzEwYmItOGE2Yy00M2JjLTgzZDMtNmIzMThjNmM3MzA1L3Jlc291cmNlR3JvdXBzL2hkaTQ0MDIvcHJvdmlkZXJzL01pY3Jvc29mdC5IREluc2lnaHQvY2x1c3RlcnMvaGRpc2RrLWFkY2x1c3Rlcj9hcGktdmVyc2lvbj0yMDE1LTAzLTAxLXByZXZpZXc=",
      "RequestMethod": "GET",
      "RequestBody": "",
      "RequestHeaders": {
        "User-Agent": [
          "ARM",
          "SDK",
          "v1.0.12-preview"
        ]
      },
      "ResponseBody": "{\r\n  \"id\": \"/subscriptions/964c10bb-8a6c-43bc-83d3-6b318c6c7305/resourceGroups/hdi4402/providers/Microsoft.HDInsight/clusters/hdisdk-adcluster\",\r\n  \"name\": \"hdisdk-adcluster\",\r\n  \"type\": \"Microsoft.HDInsight/clusters\",\r\n  \"location\": \"East US 2\",\r\n  \"etag\": \"0438df21-9b5a-45d7-8ecf-0091c6e71f58\",\r\n  \"tags\": null,\r\n  \"properties\": {\r\n    \"clusterVersion\": \"3.4.1000.0\",\r\n    \"osType\": \"Linux\",\r\n    \"clusterDefinition\": {\r\n      \"blueprint\": \"https://blueprints.azurehdinsight.net/hadoop-3.4.1000.0.8109330.json\",\r\n      \"kind\": \"Hadoop\"\r\n    },\r\n    \"computeProfile\": {\r\n      \"roles\": [\r\n        {\r\n          \"name\": \"headnode\",\r\n          \"targetInstanceCount\": 2,\r\n          \"hardwareProfile\": {\r\n            \"vmSize\": \"Standard_D3\"\r\n          },\r\n          \"osProfile\": {\r\n            \"linuxOperatingSystemProfile\": {\r\n              \"username\": \"hdiuser\"\r\n            }\r\n          },\r\n          \"virtualNetworkProfile\": {\r\n            \"id\": \"/subscriptions/964c10bb-8a6c-43bc-83d3-6b318c6c7305/resourceGroups/shadooprgeus2/providers/Microsoft.Network/virtualNetworks/shadoopeus2-vnet\",\r\n            \"subnet\": \"/subscriptions/964c10bb-8a6c-43bc-83d3-6b318c6c7305/resourceGroups/shadooprgeus2/providers/Microsoft.Network/virtualNetworks/shadoopeus2-vnet/subnets/default\"\r\n          }\r\n        },\r\n        {\r\n          \"name\": \"workernode\",\r\n          \"targetInstanceCount\": 3,\r\n          \"hardwareProfile\": {\r\n            \"vmSize\": \"Large\"\r\n          },\r\n          \"osProfile\": {\r\n            \"linuxOperatingSystemProfile\": {\r\n              \"username\": \"hdiuser\"\r\n            }\r\n          },\r\n          \"virtualNetworkProfile\": {\r\n            \"id\": \"/subscriptions/964c10bb-8a6c-43bc-83d3-6b318c6c7305/resourceGroups/shadooprgeus2/providers/Microsoft.Network/virtualNetworks/shadoopeus2-vnet\",\r\n            \"subnet\": \"/subscriptions/964c10bb-8a6c-43bc-83d3-6b318c6c7305/resourceGroups/shadooprgeus2/providers/Microsoft.Network/virtualNetworks/shadoopeus2-vnet/subnets/default\"\r\n          }\r\n        },\r\n        {\r\n          \"name\": \"zookeepernode\",\r\n          \"targetInstanceCount\": 3,\r\n          \"hardwareProfile\": {\r\n            \"vmSize\": \"Medium\"\r\n          },\r\n          \"osProfile\": {\r\n            \"linuxOperatingSystemProfile\": {\r\n              \"username\": \"hdiuser\"\r\n            }\r\n          },\r\n          \"virtualNetworkProfile\": {\r\n            \"id\": \"/subscriptions/964c10bb-8a6c-43bc-83d3-6b318c6c7305/resourceGroups/shadooprgeus2/providers/Microsoft.Network/virtualNetworks/shadoopeus2-vnet\",\r\n            \"subnet\": \"/subscriptions/964c10bb-8a6c-43bc-83d3-6b318c6c7305/resourceGroups/shadooprgeus2/providers/Microsoft.Network/virtualNetworks/shadoopeus2-vnet/subnets/default\"\r\n          }\r\n        }\r\n      ]\r\n    },\r\n    \"provisioningState\": \"InProgress\",\r\n    \"clusterState\": \"AzureVMConfiguration\",\r\n    \"createdDate\": \"2016-08-23T00:34:22.74\",\r\n    \"quotaInfo\": {\r\n      \"coresUsed\": 20\r\n    },\r\n    \"connectivityEndpoints\": [\r\n      {\r\n        \"name\": \"SSH\",\r\n        \"protocol\": \"TCP\",\r\n        \"location\": \"hdisdk-adcluster-ssh.azurehdinsight.net\",\r\n        \"port\": 22\r\n      },\r\n      {\r\n        \"name\": \"HTTPS\",\r\n        \"protocol\": \"TCP\",\r\n        \"location\": \"hdisdk-adcluster.azurehdinsight.net\",\r\n        \"port\": 443\r\n      }\r\n    ],\r\n    \"tier\": \"standard\"\r\n  }\r\n}",
      "ResponseHeaders": {
        "Content-Length": [
          "2358"
        ],
        "Content-Type": [
          "application/json; charset=utf-8"
        ],
        "Expires": [
          "-1"
        ],
        "Pragma": [
          "no-cache"
        ],
        "x-ms-request-id": [
          "18ca07e9-0976-4d8b-907a-69e87d18ea0b"
        ],
        "x-ms-ratelimit-remaining-subscription-reads": [
          "14991"
        ],
        "x-ms-correlation-request-id": [
          "0effc080-3524-4854-832b-20978af55dfd"
        ],
        "x-ms-routing-request-id": [
          "WESTUS2:20160823T004135Z:0effc080-3524-4854-832b-20978af55dfd"
        ],
        "Strict-Transport-Security": [
          "max-age=31536000; includeSubDomains"
        ],
        "Cache-Control": [
          "no-cache"
        ],
        "Date": [
          "Tue, 23 Aug 2016 00:41:34 GMT"
        ],
        "Server": [
          "Microsoft-IIS/8.5"
        ],
        "X-Powered-By": [
          "ASP.NET"
        ]
      },
      "StatusCode": 200
    },
    {
      "RequestUri": "/subscriptions/964c10bb-8a6c-43bc-83d3-6b318c6c7305/resourceGroups/hdi4402/providers/Microsoft.HDInsight/clusters/hdisdk-adcluster?api-version=2015-03-01-preview",
      "EncodedRequestUri": "L3N1YnNjcmlwdGlvbnMvOTY0YzEwYmItOGE2Yy00M2JjLTgzZDMtNmIzMThjNmM3MzA1L3Jlc291cmNlR3JvdXBzL2hkaTQ0MDIvcHJvdmlkZXJzL01pY3Jvc29mdC5IREluc2lnaHQvY2x1c3RlcnMvaGRpc2RrLWFkY2x1c3Rlcj9hcGktdmVyc2lvbj0yMDE1LTAzLTAxLXByZXZpZXc=",
      "RequestMethod": "GET",
      "RequestBody": "",
      "RequestHeaders": {
        "User-Agent": [
          "ARM",
          "SDK",
          "v1.0.12-preview"
        ]
      },
      "ResponseBody": "{\r\n  \"id\": \"/subscriptions/964c10bb-8a6c-43bc-83d3-6b318c6c7305/resourceGroups/hdi4402/providers/Microsoft.HDInsight/clusters/hdisdk-adcluster\",\r\n  \"name\": \"hdisdk-adcluster\",\r\n  \"type\": \"Microsoft.HDInsight/clusters\",\r\n  \"location\": \"East US 2\",\r\n  \"etag\": \"0438df21-9b5a-45d7-8ecf-0091c6e71f58\",\r\n  \"tags\": null,\r\n  \"properties\": {\r\n    \"clusterVersion\": \"3.4.1000.0\",\r\n    \"osType\": \"Linux\",\r\n    \"clusterDefinition\": {\r\n      \"blueprint\": \"https://blueprints.azurehdinsight.net/hadoop-3.4.1000.0.8109330.json\",\r\n      \"kind\": \"Hadoop\"\r\n    },\r\n    \"computeProfile\": {\r\n      \"roles\": [\r\n        {\r\n          \"name\": \"headnode\",\r\n          \"targetInstanceCount\": 2,\r\n          \"hardwareProfile\": {\r\n            \"vmSize\": \"Standard_D3\"\r\n          },\r\n          \"osProfile\": {\r\n            \"linuxOperatingSystemProfile\": {\r\n              \"username\": \"hdiuser\"\r\n            }\r\n          },\r\n          \"virtualNetworkProfile\": {\r\n            \"id\": \"/subscriptions/964c10bb-8a6c-43bc-83d3-6b318c6c7305/resourceGroups/shadooprgeus2/providers/Microsoft.Network/virtualNetworks/shadoopeus2-vnet\",\r\n            \"subnet\": \"/subscriptions/964c10bb-8a6c-43bc-83d3-6b318c6c7305/resourceGroups/shadooprgeus2/providers/Microsoft.Network/virtualNetworks/shadoopeus2-vnet/subnets/default\"\r\n          }\r\n        },\r\n        {\r\n          \"name\": \"workernode\",\r\n          \"targetInstanceCount\": 3,\r\n          \"hardwareProfile\": {\r\n            \"vmSize\": \"Large\"\r\n          },\r\n          \"osProfile\": {\r\n            \"linuxOperatingSystemProfile\": {\r\n              \"username\": \"hdiuser\"\r\n            }\r\n          },\r\n          \"virtualNetworkProfile\": {\r\n            \"id\": \"/subscriptions/964c10bb-8a6c-43bc-83d3-6b318c6c7305/resourceGroups/shadooprgeus2/providers/Microsoft.Network/virtualNetworks/shadoopeus2-vnet\",\r\n            \"subnet\": \"/subscriptions/964c10bb-8a6c-43bc-83d3-6b318c6c7305/resourceGroups/shadooprgeus2/providers/Microsoft.Network/virtualNetworks/shadoopeus2-vnet/subnets/default\"\r\n          }\r\n        },\r\n        {\r\n          \"name\": \"zookeepernode\",\r\n          \"targetInstanceCount\": 3,\r\n          \"hardwareProfile\": {\r\n            \"vmSize\": \"Medium\"\r\n          },\r\n          \"osProfile\": {\r\n            \"linuxOperatingSystemProfile\": {\r\n              \"username\": \"hdiuser\"\r\n            }\r\n          },\r\n          \"virtualNetworkProfile\": {\r\n            \"id\": \"/subscriptions/964c10bb-8a6c-43bc-83d3-6b318c6c7305/resourceGroups/shadooprgeus2/providers/Microsoft.Network/virtualNetworks/shadoopeus2-vnet\",\r\n            \"subnet\": \"/subscriptions/964c10bb-8a6c-43bc-83d3-6b318c6c7305/resourceGroups/shadooprgeus2/providers/Microsoft.Network/virtualNetworks/shadoopeus2-vnet/subnets/default\"\r\n          }\r\n        }\r\n      ]\r\n    },\r\n    \"provisioningState\": \"InProgress\",\r\n    \"clusterState\": \"AzureVMConfiguration\",\r\n    \"createdDate\": \"2016-08-23T00:34:22.74\",\r\n    \"quotaInfo\": {\r\n      \"coresUsed\": 20\r\n    },\r\n    \"connectivityEndpoints\": [\r\n      {\r\n        \"name\": \"SSH\",\r\n        \"protocol\": \"TCP\",\r\n        \"location\": \"hdisdk-adcluster-ssh.azurehdinsight.net\",\r\n        \"port\": 22\r\n      },\r\n      {\r\n        \"name\": \"HTTPS\",\r\n        \"protocol\": \"TCP\",\r\n        \"location\": \"hdisdk-adcluster.azurehdinsight.net\",\r\n        \"port\": 443\r\n      }\r\n    ],\r\n    \"tier\": \"standard\"\r\n  }\r\n}",
      "ResponseHeaders": {
        "Content-Length": [
          "2358"
        ],
        "Content-Type": [
          "application/json; charset=utf-8"
        ],
        "Expires": [
          "-1"
        ],
        "Pragma": [
          "no-cache"
        ],
        "x-ms-request-id": [
          "1b109b58-0799-4ed5-a18a-eb6e26abd9b9"
        ],
        "x-ms-ratelimit-remaining-subscription-reads": [
          "14990"
        ],
        "x-ms-correlation-request-id": [
          "3b186750-45bb-412c-9ab1-62344e42b5d6"
        ],
        "x-ms-routing-request-id": [
          "WESTUS2:20160823T004236Z:3b186750-45bb-412c-9ab1-62344e42b5d6"
        ],
        "Strict-Transport-Security": [
          "max-age=31536000; includeSubDomains"
        ],
        "Cache-Control": [
          "no-cache"
        ],
        "Date": [
          "Tue, 23 Aug 2016 00:42:36 GMT"
        ],
        "Server": [
          "Microsoft-IIS/8.5"
        ],
        "X-Powered-By": [
          "ASP.NET"
        ]
      },
      "StatusCode": 200
    },
    {
      "RequestUri": "/subscriptions/964c10bb-8a6c-43bc-83d3-6b318c6c7305/resourceGroups/hdi4402/providers/Microsoft.HDInsight/clusters/hdisdk-adcluster?api-version=2015-03-01-preview",
      "EncodedRequestUri": "L3N1YnNjcmlwdGlvbnMvOTY0YzEwYmItOGE2Yy00M2JjLTgzZDMtNmIzMThjNmM3MzA1L3Jlc291cmNlR3JvdXBzL2hkaTQ0MDIvcHJvdmlkZXJzL01pY3Jvc29mdC5IREluc2lnaHQvY2x1c3RlcnMvaGRpc2RrLWFkY2x1c3Rlcj9hcGktdmVyc2lvbj0yMDE1LTAzLTAxLXByZXZpZXc=",
      "RequestMethod": "GET",
      "RequestBody": "",
      "RequestHeaders": {
        "User-Agent": [
          "ARM",
          "SDK",
          "v1.0.12-preview"
        ]
      },
      "ResponseBody": "{\r\n  \"id\": \"/subscriptions/964c10bb-8a6c-43bc-83d3-6b318c6c7305/resourceGroups/hdi4402/providers/Microsoft.HDInsight/clusters/hdisdk-adcluster\",\r\n  \"name\": \"hdisdk-adcluster\",\r\n  \"type\": \"Microsoft.HDInsight/clusters\",\r\n  \"location\": \"East US 2\",\r\n  \"etag\": \"0438df21-9b5a-45d7-8ecf-0091c6e71f58\",\r\n  \"tags\": null,\r\n  \"properties\": {\r\n    \"clusterVersion\": \"3.4.1000.0\",\r\n    \"osType\": \"Linux\",\r\n    \"clusterDefinition\": {\r\n      \"blueprint\": \"https://blueprints.azurehdinsight.net/hadoop-3.4.1000.0.8109330.json\",\r\n      \"kind\": \"Hadoop\"\r\n    },\r\n    \"computeProfile\": {\r\n      \"roles\": [\r\n        {\r\n          \"name\": \"headnode\",\r\n          \"targetInstanceCount\": 2,\r\n          \"hardwareProfile\": {\r\n            \"vmSize\": \"Standard_D3\"\r\n          },\r\n          \"osProfile\": {\r\n            \"linuxOperatingSystemProfile\": {\r\n              \"username\": \"hdiuser\"\r\n            }\r\n          },\r\n          \"virtualNetworkProfile\": {\r\n            \"id\": \"/subscriptions/964c10bb-8a6c-43bc-83d3-6b318c6c7305/resourceGroups/shadooprgeus2/providers/Microsoft.Network/virtualNetworks/shadoopeus2-vnet\",\r\n            \"subnet\": \"/subscriptions/964c10bb-8a6c-43bc-83d3-6b318c6c7305/resourceGroups/shadooprgeus2/providers/Microsoft.Network/virtualNetworks/shadoopeus2-vnet/subnets/default\"\r\n          }\r\n        },\r\n        {\r\n          \"name\": \"workernode\",\r\n          \"targetInstanceCount\": 3,\r\n          \"hardwareProfile\": {\r\n            \"vmSize\": \"Large\"\r\n          },\r\n          \"osProfile\": {\r\n            \"linuxOperatingSystemProfile\": {\r\n              \"username\": \"hdiuser\"\r\n            }\r\n          },\r\n          \"virtualNetworkProfile\": {\r\n            \"id\": \"/subscriptions/964c10bb-8a6c-43bc-83d3-6b318c6c7305/resourceGroups/shadooprgeus2/providers/Microsoft.Network/virtualNetworks/shadoopeus2-vnet\",\r\n            \"subnet\": \"/subscriptions/964c10bb-8a6c-43bc-83d3-6b318c6c7305/resourceGroups/shadooprgeus2/providers/Microsoft.Network/virtualNetworks/shadoopeus2-vnet/subnets/default\"\r\n          }\r\n        },\r\n        {\r\n          \"name\": \"zookeepernode\",\r\n          \"targetInstanceCount\": 3,\r\n          \"hardwareProfile\": {\r\n            \"vmSize\": \"Medium\"\r\n          },\r\n          \"osProfile\": {\r\n            \"linuxOperatingSystemProfile\": {\r\n              \"username\": \"hdiuser\"\r\n            }\r\n          },\r\n          \"virtualNetworkProfile\": {\r\n            \"id\": \"/subscriptions/964c10bb-8a6c-43bc-83d3-6b318c6c7305/resourceGroups/shadooprgeus2/providers/Microsoft.Network/virtualNetworks/shadoopeus2-vnet\",\r\n            \"subnet\": \"/subscriptions/964c10bb-8a6c-43bc-83d3-6b318c6c7305/resourceGroups/shadooprgeus2/providers/Microsoft.Network/virtualNetworks/shadoopeus2-vnet/subnets/default\"\r\n          }\r\n        }\r\n      ]\r\n    },\r\n    \"provisioningState\": \"InProgress\",\r\n    \"clusterState\": \"HdInsightConfiguration\",\r\n    \"createdDate\": \"2016-08-23T00:34:22.74\",\r\n    \"quotaInfo\": {\r\n      \"coresUsed\": 20\r\n    },\r\n    \"connectivityEndpoints\": [\r\n      {\r\n        \"name\": \"SSH\",\r\n        \"protocol\": \"TCP\",\r\n        \"location\": \"hdisdk-adcluster-ssh.azurehdinsight.net\",\r\n        \"port\": 22\r\n      },\r\n      {\r\n        \"name\": \"HTTPS\",\r\n        \"protocol\": \"TCP\",\r\n        \"location\": \"hdisdk-adcluster.azurehdinsight.net\",\r\n        \"port\": 443\r\n      }\r\n    ],\r\n    \"tier\": \"standard\"\r\n  }\r\n}",
      "ResponseHeaders": {
        "Content-Length": [
          "2360"
        ],
        "Content-Type": [
          "application/json; charset=utf-8"
        ],
        "Expires": [
          "-1"
        ],
        "Pragma": [
          "no-cache"
        ],
        "x-ms-request-id": [
          "48d7a87b-03ed-4635-9c50-7ced0afaeaef"
        ],
        "x-ms-ratelimit-remaining-subscription-reads": [
          "14989"
        ],
        "x-ms-correlation-request-id": [
          "23a12dd5-2067-40f0-96cf-669507f9b849"
        ],
        "x-ms-routing-request-id": [
          "WESTUS2:20160823T004338Z:23a12dd5-2067-40f0-96cf-669507f9b849"
        ],
        "Strict-Transport-Security": [
          "max-age=31536000; includeSubDomains"
        ],
        "Cache-Control": [
          "no-cache"
        ],
        "Date": [
          "Tue, 23 Aug 2016 00:43:38 GMT"
        ],
        "Server": [
          "Microsoft-IIS/8.5"
        ],
        "X-Powered-By": [
          "ASP.NET"
        ]
      },
      "StatusCode": 200
    },
    {
      "RequestUri": "/subscriptions/964c10bb-8a6c-43bc-83d3-6b318c6c7305/resourceGroups/hdi4402/providers/Microsoft.HDInsight/clusters/hdisdk-adcluster?api-version=2015-03-01-preview",
      "EncodedRequestUri": "L3N1YnNjcmlwdGlvbnMvOTY0YzEwYmItOGE2Yy00M2JjLTgzZDMtNmIzMThjNmM3MzA1L3Jlc291cmNlR3JvdXBzL2hkaTQ0MDIvcHJvdmlkZXJzL01pY3Jvc29mdC5IREluc2lnaHQvY2x1c3RlcnMvaGRpc2RrLWFkY2x1c3Rlcj9hcGktdmVyc2lvbj0yMDE1LTAzLTAxLXByZXZpZXc=",
      "RequestMethod": "GET",
      "RequestBody": "",
      "RequestHeaders": {
        "User-Agent": [
          "ARM",
          "SDK",
          "v1.0.12-preview"
        ]
      },
      "ResponseBody": "{\r\n  \"id\": \"/subscriptions/964c10bb-8a6c-43bc-83d3-6b318c6c7305/resourceGroups/hdi4402/providers/Microsoft.HDInsight/clusters/hdisdk-adcluster\",\r\n  \"name\": \"hdisdk-adcluster\",\r\n  \"type\": \"Microsoft.HDInsight/clusters\",\r\n  \"location\": \"East US 2\",\r\n  \"etag\": \"0438df21-9b5a-45d7-8ecf-0091c6e71f58\",\r\n  \"tags\": null,\r\n  \"properties\": {\r\n    \"clusterVersion\": \"3.4.1000.0\",\r\n    \"osType\": \"Linux\",\r\n    \"clusterDefinition\": {\r\n      \"blueprint\": \"https://blueprints.azurehdinsight.net/hadoop-3.4.1000.0.8109330.json\",\r\n      \"kind\": \"Hadoop\"\r\n    },\r\n    \"computeProfile\": {\r\n      \"roles\": [\r\n        {\r\n          \"name\": \"headnode\",\r\n          \"targetInstanceCount\": 2,\r\n          \"hardwareProfile\": {\r\n            \"vmSize\": \"Standard_D3\"\r\n          },\r\n          \"osProfile\": {\r\n            \"linuxOperatingSystemProfile\": {\r\n              \"username\": \"hdiuser\"\r\n            }\r\n          },\r\n          \"virtualNetworkProfile\": {\r\n            \"id\": \"/subscriptions/964c10bb-8a6c-43bc-83d3-6b318c6c7305/resourceGroups/shadooprgeus2/providers/Microsoft.Network/virtualNetworks/shadoopeus2-vnet\",\r\n            \"subnet\": \"/subscriptions/964c10bb-8a6c-43bc-83d3-6b318c6c7305/resourceGroups/shadooprgeus2/providers/Microsoft.Network/virtualNetworks/shadoopeus2-vnet/subnets/default\"\r\n          }\r\n        },\r\n        {\r\n          \"name\": \"workernode\",\r\n          \"targetInstanceCount\": 3,\r\n          \"hardwareProfile\": {\r\n            \"vmSize\": \"Large\"\r\n          },\r\n          \"osProfile\": {\r\n            \"linuxOperatingSystemProfile\": {\r\n              \"username\": \"hdiuser\"\r\n            }\r\n          },\r\n          \"virtualNetworkProfile\": {\r\n            \"id\": \"/subscriptions/964c10bb-8a6c-43bc-83d3-6b318c6c7305/resourceGroups/shadooprgeus2/providers/Microsoft.Network/virtualNetworks/shadoopeus2-vnet\",\r\n            \"subnet\": \"/subscriptions/964c10bb-8a6c-43bc-83d3-6b318c6c7305/resourceGroups/shadooprgeus2/providers/Microsoft.Network/virtualNetworks/shadoopeus2-vnet/subnets/default\"\r\n          }\r\n        },\r\n        {\r\n          \"name\": \"zookeepernode\",\r\n          \"targetInstanceCount\": 3,\r\n          \"hardwareProfile\": {\r\n            \"vmSize\": \"Medium\"\r\n          },\r\n          \"osProfile\": {\r\n            \"linuxOperatingSystemProfile\": {\r\n              \"username\": \"hdiuser\"\r\n            }\r\n          },\r\n          \"virtualNetworkProfile\": {\r\n            \"id\": \"/subscriptions/964c10bb-8a6c-43bc-83d3-6b318c6c7305/resourceGroups/shadooprgeus2/providers/Microsoft.Network/virtualNetworks/shadoopeus2-vnet\",\r\n            \"subnet\": \"/subscriptions/964c10bb-8a6c-43bc-83d3-6b318c6c7305/resourceGroups/shadooprgeus2/providers/Microsoft.Network/virtualNetworks/shadoopeus2-vnet/subnets/default\"\r\n          }\r\n        }\r\n      ]\r\n    },\r\n    \"provisioningState\": \"InProgress\",\r\n    \"clusterState\": \"HdInsightConfiguration\",\r\n    \"createdDate\": \"2016-08-23T00:34:22.74\",\r\n    \"quotaInfo\": {\r\n      \"coresUsed\": 20\r\n    },\r\n    \"connectivityEndpoints\": [\r\n      {\r\n        \"name\": \"SSH\",\r\n        \"protocol\": \"TCP\",\r\n        \"location\": \"hdisdk-adcluster-ssh.azurehdinsight.net\",\r\n        \"port\": 22\r\n      },\r\n      {\r\n        \"name\": \"HTTPS\",\r\n        \"protocol\": \"TCP\",\r\n        \"location\": \"hdisdk-adcluster.azurehdinsight.net\",\r\n        \"port\": 443\r\n      }\r\n    ],\r\n    \"tier\": \"standard\"\r\n  }\r\n}",
      "ResponseHeaders": {
        "Content-Length": [
          "2360"
        ],
        "Content-Type": [
          "application/json; charset=utf-8"
        ],
        "Expires": [
          "-1"
        ],
        "Pragma": [
          "no-cache"
        ],
        "x-ms-request-id": [
          "0811818f-be5e-4ef9-9cc5-3027ec91f6c8"
        ],
        "x-ms-ratelimit-remaining-subscription-reads": [
          "14987"
        ],
        "x-ms-correlation-request-id": [
          "3eb00524-fe1e-4ae5-a6ac-5cb422fd6b16"
        ],
        "x-ms-routing-request-id": [
          "WESTUS2:20160823T004440Z:3eb00524-fe1e-4ae5-a6ac-5cb422fd6b16"
        ],
        "Strict-Transport-Security": [
          "max-age=31536000; includeSubDomains"
        ],
        "Cache-Control": [
          "no-cache"
        ],
        "Date": [
          "Tue, 23 Aug 2016 00:44:40 GMT"
        ],
        "Server": [
          "Microsoft-IIS/8.5"
        ],
        "X-Powered-By": [
          "ASP.NET"
        ]
      },
      "StatusCode": 200
    },
    {
      "RequestUri": "/subscriptions/964c10bb-8a6c-43bc-83d3-6b318c6c7305/resourceGroups/hdi4402/providers/Microsoft.HDInsight/clusters/hdisdk-adcluster?api-version=2015-03-01-preview",
      "EncodedRequestUri": "L3N1YnNjcmlwdGlvbnMvOTY0YzEwYmItOGE2Yy00M2JjLTgzZDMtNmIzMThjNmM3MzA1L3Jlc291cmNlR3JvdXBzL2hkaTQ0MDIvcHJvdmlkZXJzL01pY3Jvc29mdC5IREluc2lnaHQvY2x1c3RlcnMvaGRpc2RrLWFkY2x1c3Rlcj9hcGktdmVyc2lvbj0yMDE1LTAzLTAxLXByZXZpZXc=",
      "RequestMethod": "GET",
      "RequestBody": "",
      "RequestHeaders": {
        "User-Agent": [
          "ARM",
          "SDK",
          "v1.0.12-preview"
        ]
      },
      "ResponseBody": "{\r\n  \"id\": \"/subscriptions/964c10bb-8a6c-43bc-83d3-6b318c6c7305/resourceGroups/hdi4402/providers/Microsoft.HDInsight/clusters/hdisdk-adcluster\",\r\n  \"name\": \"hdisdk-adcluster\",\r\n  \"type\": \"Microsoft.HDInsight/clusters\",\r\n  \"location\": \"East US 2\",\r\n  \"etag\": \"0438df21-9b5a-45d7-8ecf-0091c6e71f58\",\r\n  \"tags\": null,\r\n  \"properties\": {\r\n    \"clusterVersion\": \"3.4.1000.0\",\r\n    \"osType\": \"Linux\",\r\n    \"clusterDefinition\": {\r\n      \"blueprint\": \"https://blueprints.azurehdinsight.net/hadoop-3.4.1000.0.8109330.json\",\r\n      \"kind\": \"Hadoop\"\r\n    },\r\n    \"computeProfile\": {\r\n      \"roles\": [\r\n        {\r\n          \"name\": \"headnode\",\r\n          \"targetInstanceCount\": 2,\r\n          \"hardwareProfile\": {\r\n            \"vmSize\": \"Standard_D3\"\r\n          },\r\n          \"osProfile\": {\r\n            \"linuxOperatingSystemProfile\": {\r\n              \"username\": \"hdiuser\"\r\n            }\r\n          },\r\n          \"virtualNetworkProfile\": {\r\n            \"id\": \"/subscriptions/964c10bb-8a6c-43bc-83d3-6b318c6c7305/resourceGroups/shadooprgeus2/providers/Microsoft.Network/virtualNetworks/shadoopeus2-vnet\",\r\n            \"subnet\": \"/subscriptions/964c10bb-8a6c-43bc-83d3-6b318c6c7305/resourceGroups/shadooprgeus2/providers/Microsoft.Network/virtualNetworks/shadoopeus2-vnet/subnets/default\"\r\n          }\r\n        },\r\n        {\r\n          \"name\": \"workernode\",\r\n          \"targetInstanceCount\": 3,\r\n          \"hardwareProfile\": {\r\n            \"vmSize\": \"Large\"\r\n          },\r\n          \"osProfile\": {\r\n            \"linuxOperatingSystemProfile\": {\r\n              \"username\": \"hdiuser\"\r\n            }\r\n          },\r\n          \"virtualNetworkProfile\": {\r\n            \"id\": \"/subscriptions/964c10bb-8a6c-43bc-83d3-6b318c6c7305/resourceGroups/shadooprgeus2/providers/Microsoft.Network/virtualNetworks/shadoopeus2-vnet\",\r\n            \"subnet\": \"/subscriptions/964c10bb-8a6c-43bc-83d3-6b318c6c7305/resourceGroups/shadooprgeus2/providers/Microsoft.Network/virtualNetworks/shadoopeus2-vnet/subnets/default\"\r\n          }\r\n        },\r\n        {\r\n          \"name\": \"zookeepernode\",\r\n          \"targetInstanceCount\": 3,\r\n          \"hardwareProfile\": {\r\n            \"vmSize\": \"Medium\"\r\n          },\r\n          \"osProfile\": {\r\n            \"linuxOperatingSystemProfile\": {\r\n              \"username\": \"hdiuser\"\r\n            }\r\n          },\r\n          \"virtualNetworkProfile\": {\r\n            \"id\": \"/subscriptions/964c10bb-8a6c-43bc-83d3-6b318c6c7305/resourceGroups/shadooprgeus2/providers/Microsoft.Network/virtualNetworks/shadoopeus2-vnet\",\r\n            \"subnet\": \"/subscriptions/964c10bb-8a6c-43bc-83d3-6b318c6c7305/resourceGroups/shadooprgeus2/providers/Microsoft.Network/virtualNetworks/shadoopeus2-vnet/subnets/default\"\r\n          }\r\n        }\r\n      ]\r\n    },\r\n    \"provisioningState\": \"InProgress\",\r\n    \"clusterState\": \"HdInsightConfiguration\",\r\n    \"createdDate\": \"2016-08-23T00:34:22.74\",\r\n    \"quotaInfo\": {\r\n      \"coresUsed\": 20\r\n    },\r\n    \"connectivityEndpoints\": [\r\n      {\r\n        \"name\": \"SSH\",\r\n        \"protocol\": \"TCP\",\r\n        \"location\": \"hdisdk-adcluster-ssh.azurehdinsight.net\",\r\n        \"port\": 22\r\n      },\r\n      {\r\n        \"name\": \"HTTPS\",\r\n        \"protocol\": \"TCP\",\r\n        \"location\": \"hdisdk-adcluster.azurehdinsight.net\",\r\n        \"port\": 443\r\n      }\r\n    ],\r\n    \"tier\": \"standard\"\r\n  }\r\n}",
      "ResponseHeaders": {
        "Content-Length": [
          "2360"
        ],
        "Content-Type": [
          "application/json; charset=utf-8"
        ],
        "Expires": [
          "-1"
        ],
        "Pragma": [
          "no-cache"
        ],
        "x-ms-request-id": [
          "121935fb-eb88-405f-aea3-e1855d864b99"
        ],
        "x-ms-ratelimit-remaining-subscription-reads": [
          "14986"
        ],
        "x-ms-correlation-request-id": [
          "cff5fc7f-d560-4088-9c5b-99ee1082e19e"
        ],
        "x-ms-routing-request-id": [
          "WESTUS2:20160823T004542Z:cff5fc7f-d560-4088-9c5b-99ee1082e19e"
        ],
        "Strict-Transport-Security": [
          "max-age=31536000; includeSubDomains"
        ],
        "Cache-Control": [
          "no-cache"
        ],
        "Date": [
          "Tue, 23 Aug 2016 00:45:41 GMT"
        ],
        "Server": [
          "Microsoft-IIS/8.5"
        ],
        "X-Powered-By": [
          "ASP.NET"
        ]
      },
      "StatusCode": 200
    },
    {
      "RequestUri": "/subscriptions/964c10bb-8a6c-43bc-83d3-6b318c6c7305/resourceGroups/hdi4402/providers/Microsoft.HDInsight/clusters/hdisdk-adcluster?api-version=2015-03-01-preview",
      "EncodedRequestUri": "L3N1YnNjcmlwdGlvbnMvOTY0YzEwYmItOGE2Yy00M2JjLTgzZDMtNmIzMThjNmM3MzA1L3Jlc291cmNlR3JvdXBzL2hkaTQ0MDIvcHJvdmlkZXJzL01pY3Jvc29mdC5IREluc2lnaHQvY2x1c3RlcnMvaGRpc2RrLWFkY2x1c3Rlcj9hcGktdmVyc2lvbj0yMDE1LTAzLTAxLXByZXZpZXc=",
      "RequestMethod": "GET",
      "RequestBody": "",
      "RequestHeaders": {
        "User-Agent": [
          "ARM",
          "SDK",
          "v1.0.12-preview"
        ]
      },
      "ResponseBody": "{\r\n  \"id\": \"/subscriptions/964c10bb-8a6c-43bc-83d3-6b318c6c7305/resourceGroups/hdi4402/providers/Microsoft.HDInsight/clusters/hdisdk-adcluster\",\r\n  \"name\": \"hdisdk-adcluster\",\r\n  \"type\": \"Microsoft.HDInsight/clusters\",\r\n  \"location\": \"East US 2\",\r\n  \"etag\": \"0438df21-9b5a-45d7-8ecf-0091c6e71f58\",\r\n  \"tags\": null,\r\n  \"properties\": {\r\n    \"clusterVersion\": \"3.4.1000.0\",\r\n    \"osType\": \"Linux\",\r\n    \"clusterDefinition\": {\r\n      \"blueprint\": \"https://blueprints.azurehdinsight.net/hadoop-3.4.1000.0.8109330.json\",\r\n      \"kind\": \"Hadoop\"\r\n    },\r\n    \"computeProfile\": {\r\n      \"roles\": [\r\n        {\r\n          \"name\": \"headnode\",\r\n          \"targetInstanceCount\": 2,\r\n          \"hardwareProfile\": {\r\n            \"vmSize\": \"Standard_D3\"\r\n          },\r\n          \"osProfile\": {\r\n            \"linuxOperatingSystemProfile\": {\r\n              \"username\": \"hdiuser\"\r\n            }\r\n          },\r\n          \"virtualNetworkProfile\": {\r\n            \"id\": \"/subscriptions/964c10bb-8a6c-43bc-83d3-6b318c6c7305/resourceGroups/shadooprgeus2/providers/Microsoft.Network/virtualNetworks/shadoopeus2-vnet\",\r\n            \"subnet\": \"/subscriptions/964c10bb-8a6c-43bc-83d3-6b318c6c7305/resourceGroups/shadooprgeus2/providers/Microsoft.Network/virtualNetworks/shadoopeus2-vnet/subnets/default\"\r\n          }\r\n        },\r\n        {\r\n          \"name\": \"workernode\",\r\n          \"targetInstanceCount\": 3,\r\n          \"hardwareProfile\": {\r\n            \"vmSize\": \"Large\"\r\n          },\r\n          \"osProfile\": {\r\n            \"linuxOperatingSystemProfile\": {\r\n              \"username\": \"hdiuser\"\r\n            }\r\n          },\r\n          \"virtualNetworkProfile\": {\r\n            \"id\": \"/subscriptions/964c10bb-8a6c-43bc-83d3-6b318c6c7305/resourceGroups/shadooprgeus2/providers/Microsoft.Network/virtualNetworks/shadoopeus2-vnet\",\r\n            \"subnet\": \"/subscriptions/964c10bb-8a6c-43bc-83d3-6b318c6c7305/resourceGroups/shadooprgeus2/providers/Microsoft.Network/virtualNetworks/shadoopeus2-vnet/subnets/default\"\r\n          }\r\n        },\r\n        {\r\n          \"name\": \"zookeepernode\",\r\n          \"targetInstanceCount\": 3,\r\n          \"hardwareProfile\": {\r\n            \"vmSize\": \"Medium\"\r\n          },\r\n          \"osProfile\": {\r\n            \"linuxOperatingSystemProfile\": {\r\n              \"username\": \"hdiuser\"\r\n            }\r\n          },\r\n          \"virtualNetworkProfile\": {\r\n            \"id\": \"/subscriptions/964c10bb-8a6c-43bc-83d3-6b318c6c7305/resourceGroups/shadooprgeus2/providers/Microsoft.Network/virtualNetworks/shadoopeus2-vnet\",\r\n            \"subnet\": \"/subscriptions/964c10bb-8a6c-43bc-83d3-6b318c6c7305/resourceGroups/shadooprgeus2/providers/Microsoft.Network/virtualNetworks/shadoopeus2-vnet/subnets/default\"\r\n          }\r\n        }\r\n      ]\r\n    },\r\n    \"provisioningState\": \"InProgress\",\r\n    \"clusterState\": \"HdInsightConfiguration\",\r\n    \"createdDate\": \"2016-08-23T00:34:22.74\",\r\n    \"quotaInfo\": {\r\n      \"coresUsed\": 20\r\n    },\r\n    \"connectivityEndpoints\": [\r\n      {\r\n        \"name\": \"SSH\",\r\n        \"protocol\": \"TCP\",\r\n        \"location\": \"hdisdk-adcluster-ssh.azurehdinsight.net\",\r\n        \"port\": 22\r\n      },\r\n      {\r\n        \"name\": \"HTTPS\",\r\n        \"protocol\": \"TCP\",\r\n        \"location\": \"hdisdk-adcluster.azurehdinsight.net\",\r\n        \"port\": 443\r\n      }\r\n    ],\r\n    \"tier\": \"standard\"\r\n  }\r\n}",
      "ResponseHeaders": {
        "Content-Length": [
          "2360"
        ],
        "Content-Type": [
          "application/json; charset=utf-8"
        ],
        "Expires": [
          "-1"
        ],
        "Pragma": [
          "no-cache"
        ],
        "x-ms-request-id": [
          "c8f39cf8-47ce-4855-93e9-59a1bf123955"
        ],
        "x-ms-ratelimit-remaining-subscription-reads": [
          "14985"
        ],
        "x-ms-correlation-request-id": [
          "8ceafa1c-0448-409c-bbc6-654314633ea4"
        ],
        "x-ms-routing-request-id": [
          "WESTUS2:20160823T004643Z:8ceafa1c-0448-409c-bbc6-654314633ea4"
        ],
        "Strict-Transport-Security": [
          "max-age=31536000; includeSubDomains"
        ],
        "Cache-Control": [
          "no-cache"
        ],
        "Date": [
          "Tue, 23 Aug 2016 00:46:43 GMT"
        ],
        "Server": [
          "Microsoft-IIS/8.5"
        ],
        "X-Powered-By": [
          "ASP.NET"
        ]
      },
      "StatusCode": 200
    },
    {
      "RequestUri": "/subscriptions/964c10bb-8a6c-43bc-83d3-6b318c6c7305/resourceGroups/hdi4402/providers/Microsoft.HDInsight/clusters/hdisdk-adcluster?api-version=2015-03-01-preview",
      "EncodedRequestUri": "L3N1YnNjcmlwdGlvbnMvOTY0YzEwYmItOGE2Yy00M2JjLTgzZDMtNmIzMThjNmM3MzA1L3Jlc291cmNlR3JvdXBzL2hkaTQ0MDIvcHJvdmlkZXJzL01pY3Jvc29mdC5IREluc2lnaHQvY2x1c3RlcnMvaGRpc2RrLWFkY2x1c3Rlcj9hcGktdmVyc2lvbj0yMDE1LTAzLTAxLXByZXZpZXc=",
      "RequestMethod": "GET",
      "RequestBody": "",
      "RequestHeaders": {
        "User-Agent": [
          "ARM",
          "SDK",
          "v1.0.12-preview"
        ]
      },
      "ResponseBody": "{\r\n  \"id\": \"/subscriptions/964c10bb-8a6c-43bc-83d3-6b318c6c7305/resourceGroups/hdi4402/providers/Microsoft.HDInsight/clusters/hdisdk-adcluster\",\r\n  \"name\": \"hdisdk-adcluster\",\r\n  \"type\": \"Microsoft.HDInsight/clusters\",\r\n  \"location\": \"East US 2\",\r\n  \"etag\": \"0438df21-9b5a-45d7-8ecf-0091c6e71f58\",\r\n  \"tags\": null,\r\n  \"properties\": {\r\n    \"clusterVersion\": \"3.4.1000.0\",\r\n    \"osType\": \"Linux\",\r\n    \"clusterDefinition\": {\r\n      \"blueprint\": \"https://blueprints.azurehdinsight.net/hadoop-3.4.1000.0.8109330.json\",\r\n      \"kind\": \"Hadoop\"\r\n    },\r\n    \"computeProfile\": {\r\n      \"roles\": [\r\n        {\r\n          \"name\": \"headnode\",\r\n          \"targetInstanceCount\": 2,\r\n          \"hardwareProfile\": {\r\n            \"vmSize\": \"Standard_D3\"\r\n          },\r\n          \"osProfile\": {\r\n            \"linuxOperatingSystemProfile\": {\r\n              \"username\": \"hdiuser\"\r\n            }\r\n          },\r\n          \"virtualNetworkProfile\": {\r\n            \"id\": \"/subscriptions/964c10bb-8a6c-43bc-83d3-6b318c6c7305/resourceGroups/shadooprgeus2/providers/Microsoft.Network/virtualNetworks/shadoopeus2-vnet\",\r\n            \"subnet\": \"/subscriptions/964c10bb-8a6c-43bc-83d3-6b318c6c7305/resourceGroups/shadooprgeus2/providers/Microsoft.Network/virtualNetworks/shadoopeus2-vnet/subnets/default\"\r\n          }\r\n        },\r\n        {\r\n          \"name\": \"workernode\",\r\n          \"targetInstanceCount\": 3,\r\n          \"hardwareProfile\": {\r\n            \"vmSize\": \"Large\"\r\n          },\r\n          \"osProfile\": {\r\n            \"linuxOperatingSystemProfile\": {\r\n              \"username\": \"hdiuser\"\r\n            }\r\n          },\r\n          \"virtualNetworkProfile\": {\r\n            \"id\": \"/subscriptions/964c10bb-8a6c-43bc-83d3-6b318c6c7305/resourceGroups/shadooprgeus2/providers/Microsoft.Network/virtualNetworks/shadoopeus2-vnet\",\r\n            \"subnet\": \"/subscriptions/964c10bb-8a6c-43bc-83d3-6b318c6c7305/resourceGroups/shadooprgeus2/providers/Microsoft.Network/virtualNetworks/shadoopeus2-vnet/subnets/default\"\r\n          }\r\n        },\r\n        {\r\n          \"name\": \"zookeepernode\",\r\n          \"targetInstanceCount\": 3,\r\n          \"hardwareProfile\": {\r\n            \"vmSize\": \"Medium\"\r\n          },\r\n          \"osProfile\": {\r\n            \"linuxOperatingSystemProfile\": {\r\n              \"username\": \"hdiuser\"\r\n            }\r\n          },\r\n          \"virtualNetworkProfile\": {\r\n            \"id\": \"/subscriptions/964c10bb-8a6c-43bc-83d3-6b318c6c7305/resourceGroups/shadooprgeus2/providers/Microsoft.Network/virtualNetworks/shadoopeus2-vnet\",\r\n            \"subnet\": \"/subscriptions/964c10bb-8a6c-43bc-83d3-6b318c6c7305/resourceGroups/shadooprgeus2/providers/Microsoft.Network/virtualNetworks/shadoopeus2-vnet/subnets/default\"\r\n          }\r\n        }\r\n      ]\r\n    },\r\n    \"provisioningState\": \"InProgress\",\r\n    \"clusterState\": \"HdInsightConfiguration\",\r\n    \"createdDate\": \"2016-08-23T00:34:22.74\",\r\n    \"quotaInfo\": {\r\n      \"coresUsed\": 20\r\n    },\r\n    \"connectivityEndpoints\": [\r\n      {\r\n        \"name\": \"SSH\",\r\n        \"protocol\": \"TCP\",\r\n        \"location\": \"hdisdk-adcluster-ssh.azurehdinsight.net\",\r\n        \"port\": 22\r\n      },\r\n      {\r\n        \"name\": \"HTTPS\",\r\n        \"protocol\": \"TCP\",\r\n        \"location\": \"hdisdk-adcluster.azurehdinsight.net\",\r\n        \"port\": 443\r\n      }\r\n    ],\r\n    \"tier\": \"standard\"\r\n  }\r\n}",
      "ResponseHeaders": {
        "Content-Length": [
          "2360"
        ],
        "Content-Type": [
          "application/json; charset=utf-8"
        ],
        "Expires": [
          "-1"
        ],
        "Pragma": [
          "no-cache"
        ],
        "x-ms-request-id": [
          "3d832368-e73e-4a25-b287-45280815c736"
        ],
        "x-ms-ratelimit-remaining-subscription-reads": [
          "14984"
        ],
        "x-ms-correlation-request-id": [
          "832de117-811c-4dce-bac4-fe9c51267d17"
        ],
        "x-ms-routing-request-id": [
          "WESTUS2:20160823T004745Z:832de117-811c-4dce-bac4-fe9c51267d17"
        ],
        "Strict-Transport-Security": [
          "max-age=31536000; includeSubDomains"
        ],
        "Cache-Control": [
          "no-cache"
        ],
        "Date": [
          "Tue, 23 Aug 2016 00:47:44 GMT"
        ],
        "Server": [
          "Microsoft-IIS/8.5"
        ],
        "X-Powered-By": [
          "ASP.NET"
        ]
      },
      "StatusCode": 200
    },
    {
      "RequestUri": "/subscriptions/964c10bb-8a6c-43bc-83d3-6b318c6c7305/resourceGroups/hdi4402/providers/Microsoft.HDInsight/clusters/hdisdk-adcluster?api-version=2015-03-01-preview",
      "EncodedRequestUri": "L3N1YnNjcmlwdGlvbnMvOTY0YzEwYmItOGE2Yy00M2JjLTgzZDMtNmIzMThjNmM3MzA1L3Jlc291cmNlR3JvdXBzL2hkaTQ0MDIvcHJvdmlkZXJzL01pY3Jvc29mdC5IREluc2lnaHQvY2x1c3RlcnMvaGRpc2RrLWFkY2x1c3Rlcj9hcGktdmVyc2lvbj0yMDE1LTAzLTAxLXByZXZpZXc=",
      "RequestMethod": "GET",
      "RequestBody": "",
      "RequestHeaders": {
        "User-Agent": [
          "ARM",
          "SDK",
          "v1.0.12-preview"
        ]
      },
      "ResponseBody": "{\r\n  \"id\": \"/subscriptions/964c10bb-8a6c-43bc-83d3-6b318c6c7305/resourceGroups/hdi4402/providers/Microsoft.HDInsight/clusters/hdisdk-adcluster\",\r\n  \"name\": \"hdisdk-adcluster\",\r\n  \"type\": \"Microsoft.HDInsight/clusters\",\r\n  \"location\": \"East US 2\",\r\n  \"etag\": \"0438df21-9b5a-45d7-8ecf-0091c6e71f58\",\r\n  \"tags\": null,\r\n  \"properties\": {\r\n    \"clusterVersion\": \"3.4.1000.0\",\r\n    \"osType\": \"Linux\",\r\n    \"clusterDefinition\": {\r\n      \"blueprint\": \"https://blueprints.azurehdinsight.net/hadoop-3.4.1000.0.8109330.json\",\r\n      \"kind\": \"Hadoop\"\r\n    },\r\n    \"computeProfile\": {\r\n      \"roles\": [\r\n        {\r\n          \"name\": \"headnode\",\r\n          \"targetInstanceCount\": 2,\r\n          \"hardwareProfile\": {\r\n            \"vmSize\": \"Standard_D3\"\r\n          },\r\n          \"osProfile\": {\r\n            \"linuxOperatingSystemProfile\": {\r\n              \"username\": \"hdiuser\"\r\n            }\r\n          },\r\n          \"virtualNetworkProfile\": {\r\n            \"id\": \"/subscriptions/964c10bb-8a6c-43bc-83d3-6b318c6c7305/resourceGroups/shadooprgeus2/providers/Microsoft.Network/virtualNetworks/shadoopeus2-vnet\",\r\n            \"subnet\": \"/subscriptions/964c10bb-8a6c-43bc-83d3-6b318c6c7305/resourceGroups/shadooprgeus2/providers/Microsoft.Network/virtualNetworks/shadoopeus2-vnet/subnets/default\"\r\n          }\r\n        },\r\n        {\r\n          \"name\": \"workernode\",\r\n          \"targetInstanceCount\": 3,\r\n          \"hardwareProfile\": {\r\n            \"vmSize\": \"Large\"\r\n          },\r\n          \"osProfile\": {\r\n            \"linuxOperatingSystemProfile\": {\r\n              \"username\": \"hdiuser\"\r\n            }\r\n          },\r\n          \"virtualNetworkProfile\": {\r\n            \"id\": \"/subscriptions/964c10bb-8a6c-43bc-83d3-6b318c6c7305/resourceGroups/shadooprgeus2/providers/Microsoft.Network/virtualNetworks/shadoopeus2-vnet\",\r\n            \"subnet\": \"/subscriptions/964c10bb-8a6c-43bc-83d3-6b318c6c7305/resourceGroups/shadooprgeus2/providers/Microsoft.Network/virtualNetworks/shadoopeus2-vnet/subnets/default\"\r\n          }\r\n        },\r\n        {\r\n          \"name\": \"zookeepernode\",\r\n          \"targetInstanceCount\": 3,\r\n          \"hardwareProfile\": {\r\n            \"vmSize\": \"Medium\"\r\n          },\r\n          \"osProfile\": {\r\n            \"linuxOperatingSystemProfile\": {\r\n              \"username\": \"hdiuser\"\r\n            }\r\n          },\r\n          \"virtualNetworkProfile\": {\r\n            \"id\": \"/subscriptions/964c10bb-8a6c-43bc-83d3-6b318c6c7305/resourceGroups/shadooprgeus2/providers/Microsoft.Network/virtualNetworks/shadoopeus2-vnet\",\r\n            \"subnet\": \"/subscriptions/964c10bb-8a6c-43bc-83d3-6b318c6c7305/resourceGroups/shadooprgeus2/providers/Microsoft.Network/virtualNetworks/shadoopeus2-vnet/subnets/default\"\r\n          }\r\n        }\r\n      ]\r\n    },\r\n    \"provisioningState\": \"InProgress\",\r\n    \"clusterState\": \"HdInsightConfiguration\",\r\n    \"createdDate\": \"2016-08-23T00:34:22.74\",\r\n    \"quotaInfo\": {\r\n      \"coresUsed\": 20\r\n    },\r\n    \"connectivityEndpoints\": [\r\n      {\r\n        \"name\": \"SSH\",\r\n        \"protocol\": \"TCP\",\r\n        \"location\": \"hdisdk-adcluster-ssh.azurehdinsight.net\",\r\n        \"port\": 22\r\n      },\r\n      {\r\n        \"name\": \"HTTPS\",\r\n        \"protocol\": \"TCP\",\r\n        \"location\": \"hdisdk-adcluster.azurehdinsight.net\",\r\n        \"port\": 443\r\n      }\r\n    ],\r\n    \"tier\": \"standard\"\r\n  }\r\n}",
      "ResponseHeaders": {
        "Content-Length": [
          "2360"
        ],
        "Content-Type": [
          "application/json; charset=utf-8"
        ],
        "Expires": [
          "-1"
        ],
        "Pragma": [
          "no-cache"
        ],
        "x-ms-request-id": [
          "0a1b7e03-7f01-4071-8947-bcbd6038a7fa"
        ],
        "x-ms-ratelimit-remaining-subscription-reads": [
          "14983"
        ],
        "x-ms-correlation-request-id": [
          "fb7a8445-8356-4fc0-8dbd-2c850748e636"
        ],
        "x-ms-routing-request-id": [
          "WESTUS2:20160823T004846Z:fb7a8445-8356-4fc0-8dbd-2c850748e636"
        ],
        "Strict-Transport-Security": [
          "max-age=31536000; includeSubDomains"
        ],
        "Cache-Control": [
          "no-cache"
        ],
        "Date": [
          "Tue, 23 Aug 2016 00:48:46 GMT"
        ],
        "Server": [
          "Microsoft-IIS/8.5"
        ],
        "X-Powered-By": [
          "ASP.NET"
        ]
      },
      "StatusCode": 200
    },
    {
      "RequestUri": "/subscriptions/964c10bb-8a6c-43bc-83d3-6b318c6c7305/resourceGroups/hdi4402/providers/Microsoft.HDInsight/clusters/hdisdk-adcluster?api-version=2015-03-01-preview",
      "EncodedRequestUri": "L3N1YnNjcmlwdGlvbnMvOTY0YzEwYmItOGE2Yy00M2JjLTgzZDMtNmIzMThjNmM3MzA1L3Jlc291cmNlR3JvdXBzL2hkaTQ0MDIvcHJvdmlkZXJzL01pY3Jvc29mdC5IREluc2lnaHQvY2x1c3RlcnMvaGRpc2RrLWFkY2x1c3Rlcj9hcGktdmVyc2lvbj0yMDE1LTAzLTAxLXByZXZpZXc=",
      "RequestMethod": "GET",
      "RequestBody": "",
      "RequestHeaders": {
        "User-Agent": [
          "ARM",
          "SDK",
          "v1.0.12-preview"
        ]
      },
      "ResponseBody": "{\r\n  \"id\": \"/subscriptions/964c10bb-8a6c-43bc-83d3-6b318c6c7305/resourceGroups/hdi4402/providers/Microsoft.HDInsight/clusters/hdisdk-adcluster\",\r\n  \"name\": \"hdisdk-adcluster\",\r\n  \"type\": \"Microsoft.HDInsight/clusters\",\r\n  \"location\": \"East US 2\",\r\n  \"etag\": \"0438df21-9b5a-45d7-8ecf-0091c6e71f58\",\r\n  \"tags\": null,\r\n  \"properties\": {\r\n    \"clusterVersion\": \"3.4.1000.0\",\r\n    \"osType\": \"Linux\",\r\n    \"clusterDefinition\": {\r\n      \"blueprint\": \"https://blueprints.azurehdinsight.net/hadoop-3.4.1000.0.8109330.json\",\r\n      \"kind\": \"Hadoop\"\r\n    },\r\n    \"computeProfile\": {\r\n      \"roles\": [\r\n        {\r\n          \"name\": \"headnode\",\r\n          \"targetInstanceCount\": 2,\r\n          \"hardwareProfile\": {\r\n            \"vmSize\": \"Standard_D3\"\r\n          },\r\n          \"osProfile\": {\r\n            \"linuxOperatingSystemProfile\": {\r\n              \"username\": \"hdiuser\"\r\n            }\r\n          },\r\n          \"virtualNetworkProfile\": {\r\n            \"id\": \"/subscriptions/964c10bb-8a6c-43bc-83d3-6b318c6c7305/resourceGroups/shadooprgeus2/providers/Microsoft.Network/virtualNetworks/shadoopeus2-vnet\",\r\n            \"subnet\": \"/subscriptions/964c10bb-8a6c-43bc-83d3-6b318c6c7305/resourceGroups/shadooprgeus2/providers/Microsoft.Network/virtualNetworks/shadoopeus2-vnet/subnets/default\"\r\n          }\r\n        },\r\n        {\r\n          \"name\": \"workernode\",\r\n          \"targetInstanceCount\": 3,\r\n          \"hardwareProfile\": {\r\n            \"vmSize\": \"Large\"\r\n          },\r\n          \"osProfile\": {\r\n            \"linuxOperatingSystemProfile\": {\r\n              \"username\": \"hdiuser\"\r\n            }\r\n          },\r\n          \"virtualNetworkProfile\": {\r\n            \"id\": \"/subscriptions/964c10bb-8a6c-43bc-83d3-6b318c6c7305/resourceGroups/shadooprgeus2/providers/Microsoft.Network/virtualNetworks/shadoopeus2-vnet\",\r\n            \"subnet\": \"/subscriptions/964c10bb-8a6c-43bc-83d3-6b318c6c7305/resourceGroups/shadooprgeus2/providers/Microsoft.Network/virtualNetworks/shadoopeus2-vnet/subnets/default\"\r\n          }\r\n        },\r\n        {\r\n          \"name\": \"zookeepernode\",\r\n          \"targetInstanceCount\": 3,\r\n          \"hardwareProfile\": {\r\n            \"vmSize\": \"Medium\"\r\n          },\r\n          \"osProfile\": {\r\n            \"linuxOperatingSystemProfile\": {\r\n              \"username\": \"hdiuser\"\r\n            }\r\n          },\r\n          \"virtualNetworkProfile\": {\r\n            \"id\": \"/subscriptions/964c10bb-8a6c-43bc-83d3-6b318c6c7305/resourceGroups/shadooprgeus2/providers/Microsoft.Network/virtualNetworks/shadoopeus2-vnet\",\r\n            \"subnet\": \"/subscriptions/964c10bb-8a6c-43bc-83d3-6b318c6c7305/resourceGroups/shadooprgeus2/providers/Microsoft.Network/virtualNetworks/shadoopeus2-vnet/subnets/default\"\r\n          }\r\n        }\r\n      ]\r\n    },\r\n    \"provisioningState\": \"InProgress\",\r\n    \"clusterState\": \"HdInsightConfiguration\",\r\n    \"createdDate\": \"2016-08-23T00:34:22.74\",\r\n    \"quotaInfo\": {\r\n      \"coresUsed\": 20\r\n    },\r\n    \"connectivityEndpoints\": [\r\n      {\r\n        \"name\": \"SSH\",\r\n        \"protocol\": \"TCP\",\r\n        \"location\": \"hdisdk-adcluster-ssh.azurehdinsight.net\",\r\n        \"port\": 22\r\n      },\r\n      {\r\n        \"name\": \"HTTPS\",\r\n        \"protocol\": \"TCP\",\r\n        \"location\": \"hdisdk-adcluster.azurehdinsight.net\",\r\n        \"port\": 443\r\n      }\r\n    ],\r\n    \"tier\": \"standard\"\r\n  }\r\n}",
      "ResponseHeaders": {
        "Content-Length": [
          "2360"
        ],
        "Content-Type": [
          "application/json; charset=utf-8"
        ],
        "Expires": [
          "-1"
        ],
        "Pragma": [
          "no-cache"
        ],
        "x-ms-request-id": [
          "9a016b37-f7dd-4d8d-9582-8b5149935207"
        ],
        "x-ms-ratelimit-remaining-subscription-reads": [
          "14982"
        ],
        "x-ms-correlation-request-id": [
          "589fa53d-37bc-4290-8dd6-cf73ac96fb82"
        ],
        "x-ms-routing-request-id": [
          "WESTUS2:20160823T004948Z:589fa53d-37bc-4290-8dd6-cf73ac96fb82"
        ],
        "Strict-Transport-Security": [
          "max-age=31536000; includeSubDomains"
        ],
        "Cache-Control": [
          "no-cache"
        ],
        "Date": [
          "Tue, 23 Aug 2016 00:49:47 GMT"
        ],
        "Server": [
          "Microsoft-IIS/8.5"
        ],
        "X-Powered-By": [
          "ASP.NET"
        ]
      },
      "StatusCode": 200
    },
    {
      "RequestUri": "/subscriptions/964c10bb-8a6c-43bc-83d3-6b318c6c7305/resourceGroups/hdi4402/providers/Microsoft.HDInsight/clusters/hdisdk-adcluster?api-version=2015-03-01-preview",
      "EncodedRequestUri": "L3N1YnNjcmlwdGlvbnMvOTY0YzEwYmItOGE2Yy00M2JjLTgzZDMtNmIzMThjNmM3MzA1L3Jlc291cmNlR3JvdXBzL2hkaTQ0MDIvcHJvdmlkZXJzL01pY3Jvc29mdC5IREluc2lnaHQvY2x1c3RlcnMvaGRpc2RrLWFkY2x1c3Rlcj9hcGktdmVyc2lvbj0yMDE1LTAzLTAxLXByZXZpZXc=",
      "RequestMethod": "GET",
      "RequestBody": "",
      "RequestHeaders": {
        "User-Agent": [
          "ARM",
          "SDK",
          "v1.0.12-preview"
        ]
      },
      "ResponseBody": "{\r\n  \"id\": \"/subscriptions/964c10bb-8a6c-43bc-83d3-6b318c6c7305/resourceGroups/hdi4402/providers/Microsoft.HDInsight/clusters/hdisdk-adcluster\",\r\n  \"name\": \"hdisdk-adcluster\",\r\n  \"type\": \"Microsoft.HDInsight/clusters\",\r\n  \"location\": \"East US 2\",\r\n  \"etag\": \"0438df21-9b5a-45d7-8ecf-0091c6e71f58\",\r\n  \"tags\": null,\r\n  \"properties\": {\r\n    \"clusterVersion\": \"3.4.1000.0\",\r\n    \"osType\": \"Linux\",\r\n    \"clusterDefinition\": {\r\n      \"blueprint\": \"https://blueprints.azurehdinsight.net/hadoop-3.4.1000.0.8109330.json\",\r\n      \"kind\": \"Hadoop\"\r\n    },\r\n    \"computeProfile\": {\r\n      \"roles\": [\r\n        {\r\n          \"name\": \"headnode\",\r\n          \"targetInstanceCount\": 2,\r\n          \"hardwareProfile\": {\r\n            \"vmSize\": \"Standard_D3\"\r\n          },\r\n          \"osProfile\": {\r\n            \"linuxOperatingSystemProfile\": {\r\n              \"username\": \"hdiuser\"\r\n            }\r\n          },\r\n          \"virtualNetworkProfile\": {\r\n            \"id\": \"/subscriptions/964c10bb-8a6c-43bc-83d3-6b318c6c7305/resourceGroups/shadooprgeus2/providers/Microsoft.Network/virtualNetworks/shadoopeus2-vnet\",\r\n            \"subnet\": \"/subscriptions/964c10bb-8a6c-43bc-83d3-6b318c6c7305/resourceGroups/shadooprgeus2/providers/Microsoft.Network/virtualNetworks/shadoopeus2-vnet/subnets/default\"\r\n          }\r\n        },\r\n        {\r\n          \"name\": \"workernode\",\r\n          \"targetInstanceCount\": 3,\r\n          \"hardwareProfile\": {\r\n            \"vmSize\": \"Large\"\r\n          },\r\n          \"osProfile\": {\r\n            \"linuxOperatingSystemProfile\": {\r\n              \"username\": \"hdiuser\"\r\n            }\r\n          },\r\n          \"virtualNetworkProfile\": {\r\n            \"id\": \"/subscriptions/964c10bb-8a6c-43bc-83d3-6b318c6c7305/resourceGroups/shadooprgeus2/providers/Microsoft.Network/virtualNetworks/shadoopeus2-vnet\",\r\n            \"subnet\": \"/subscriptions/964c10bb-8a6c-43bc-83d3-6b318c6c7305/resourceGroups/shadooprgeus2/providers/Microsoft.Network/virtualNetworks/shadoopeus2-vnet/subnets/default\"\r\n          }\r\n        },\r\n        {\r\n          \"name\": \"zookeepernode\",\r\n          \"targetInstanceCount\": 3,\r\n          \"hardwareProfile\": {\r\n            \"vmSize\": \"Medium\"\r\n          },\r\n          \"osProfile\": {\r\n            \"linuxOperatingSystemProfile\": {\r\n              \"username\": \"hdiuser\"\r\n            }\r\n          },\r\n          \"virtualNetworkProfile\": {\r\n            \"id\": \"/subscriptions/964c10bb-8a6c-43bc-83d3-6b318c6c7305/resourceGroups/shadooprgeus2/providers/Microsoft.Network/virtualNetworks/shadoopeus2-vnet\",\r\n            \"subnet\": \"/subscriptions/964c10bb-8a6c-43bc-83d3-6b318c6c7305/resourceGroups/shadooprgeus2/providers/Microsoft.Network/virtualNetworks/shadoopeus2-vnet/subnets/default\"\r\n          }\r\n        }\r\n      ]\r\n    },\r\n    \"provisioningState\": \"InProgress\",\r\n    \"clusterState\": \"HdInsightConfiguration\",\r\n    \"createdDate\": \"2016-08-23T00:34:22.74\",\r\n    \"quotaInfo\": {\r\n      \"coresUsed\": 20\r\n    },\r\n    \"connectivityEndpoints\": [\r\n      {\r\n        \"name\": \"SSH\",\r\n        \"protocol\": \"TCP\",\r\n        \"location\": \"hdisdk-adcluster-ssh.azurehdinsight.net\",\r\n        \"port\": 22\r\n      },\r\n      {\r\n        \"name\": \"HTTPS\",\r\n        \"protocol\": \"TCP\",\r\n        \"location\": \"hdisdk-adcluster.azurehdinsight.net\",\r\n        \"port\": 443\r\n      }\r\n    ],\r\n    \"tier\": \"standard\"\r\n  }\r\n}",
      "ResponseHeaders": {
        "Content-Length": [
          "2360"
        ],
        "Content-Type": [
          "application/json; charset=utf-8"
        ],
        "Expires": [
          "-1"
        ],
        "Pragma": [
          "no-cache"
        ],
        "x-ms-request-id": [
          "145e5b85-3649-436e-84f6-4188a66453b4"
        ],
        "x-ms-ratelimit-remaining-subscription-reads": [
          "14982"
        ],
        "x-ms-correlation-request-id": [
          "f32cae0f-184e-44bc-941d-0830fd9fb1cd"
        ],
        "x-ms-routing-request-id": [
          "WESTUS2:20160823T005049Z:f32cae0f-184e-44bc-941d-0830fd9fb1cd"
        ],
        "Strict-Transport-Security": [
          "max-age=31536000; includeSubDomains"
        ],
        "Cache-Control": [
          "no-cache"
        ],
        "Date": [
          "Tue, 23 Aug 2016 00:50:48 GMT"
        ],
        "Server": [
          "Microsoft-IIS/8.5"
        ],
        "X-Powered-By": [
          "ASP.NET"
        ]
      },
      "StatusCode": 200
    },
    {
      "RequestUri": "/subscriptions/964c10bb-8a6c-43bc-83d3-6b318c6c7305/resourceGroups/hdi4402/providers/Microsoft.HDInsight/clusters/hdisdk-adcluster?api-version=2015-03-01-preview",
      "EncodedRequestUri": "L3N1YnNjcmlwdGlvbnMvOTY0YzEwYmItOGE2Yy00M2JjLTgzZDMtNmIzMThjNmM3MzA1L3Jlc291cmNlR3JvdXBzL2hkaTQ0MDIvcHJvdmlkZXJzL01pY3Jvc29mdC5IREluc2lnaHQvY2x1c3RlcnMvaGRpc2RrLWFkY2x1c3Rlcj9hcGktdmVyc2lvbj0yMDE1LTAzLTAxLXByZXZpZXc=",
      "RequestMethod": "GET",
      "RequestBody": "",
      "RequestHeaders": {
        "User-Agent": [
          "ARM",
          "SDK",
          "v1.0.12-preview"
        ]
      },
      "ResponseBody": "{\r\n  \"id\": \"/subscriptions/964c10bb-8a6c-43bc-83d3-6b318c6c7305/resourceGroups/hdi4402/providers/Microsoft.HDInsight/clusters/hdisdk-adcluster\",\r\n  \"name\": \"hdisdk-adcluster\",\r\n  \"type\": \"Microsoft.HDInsight/clusters\",\r\n  \"location\": \"East US 2\",\r\n  \"etag\": \"0438df21-9b5a-45d7-8ecf-0091c6e71f58\",\r\n  \"tags\": null,\r\n  \"properties\": {\r\n    \"clusterVersion\": \"3.4.1000.0\",\r\n    \"osType\": \"Linux\",\r\n    \"clusterDefinition\": {\r\n      \"blueprint\": \"https://blueprints.azurehdinsight.net/hadoop-3.4.1000.0.8109330.json\",\r\n      \"kind\": \"Hadoop\"\r\n    },\r\n    \"computeProfile\": {\r\n      \"roles\": [\r\n        {\r\n          \"name\": \"headnode\",\r\n          \"targetInstanceCount\": 2,\r\n          \"hardwareProfile\": {\r\n            \"vmSize\": \"Standard_D3\"\r\n          },\r\n          \"osProfile\": {\r\n            \"linuxOperatingSystemProfile\": {\r\n              \"username\": \"hdiuser\"\r\n            }\r\n          },\r\n          \"virtualNetworkProfile\": {\r\n            \"id\": \"/subscriptions/964c10bb-8a6c-43bc-83d3-6b318c6c7305/resourceGroups/shadooprgeus2/providers/Microsoft.Network/virtualNetworks/shadoopeus2-vnet\",\r\n            \"subnet\": \"/subscriptions/964c10bb-8a6c-43bc-83d3-6b318c6c7305/resourceGroups/shadooprgeus2/providers/Microsoft.Network/virtualNetworks/shadoopeus2-vnet/subnets/default\"\r\n          }\r\n        },\r\n        {\r\n          \"name\": \"workernode\",\r\n          \"targetInstanceCount\": 3,\r\n          \"hardwareProfile\": {\r\n            \"vmSize\": \"Large\"\r\n          },\r\n          \"osProfile\": {\r\n            \"linuxOperatingSystemProfile\": {\r\n              \"username\": \"hdiuser\"\r\n            }\r\n          },\r\n          \"virtualNetworkProfile\": {\r\n            \"id\": \"/subscriptions/964c10bb-8a6c-43bc-83d3-6b318c6c7305/resourceGroups/shadooprgeus2/providers/Microsoft.Network/virtualNetworks/shadoopeus2-vnet\",\r\n            \"subnet\": \"/subscriptions/964c10bb-8a6c-43bc-83d3-6b318c6c7305/resourceGroups/shadooprgeus2/providers/Microsoft.Network/virtualNetworks/shadoopeus2-vnet/subnets/default\"\r\n          }\r\n        },\r\n        {\r\n          \"name\": \"zookeepernode\",\r\n          \"targetInstanceCount\": 3,\r\n          \"hardwareProfile\": {\r\n            \"vmSize\": \"Medium\"\r\n          },\r\n          \"osProfile\": {\r\n            \"linuxOperatingSystemProfile\": {\r\n              \"username\": \"hdiuser\"\r\n            }\r\n          },\r\n          \"virtualNetworkProfile\": {\r\n            \"id\": \"/subscriptions/964c10bb-8a6c-43bc-83d3-6b318c6c7305/resourceGroups/shadooprgeus2/providers/Microsoft.Network/virtualNetworks/shadoopeus2-vnet\",\r\n            \"subnet\": \"/subscriptions/964c10bb-8a6c-43bc-83d3-6b318c6c7305/resourceGroups/shadooprgeus2/providers/Microsoft.Network/virtualNetworks/shadoopeus2-vnet/subnets/default\"\r\n          }\r\n        }\r\n      ]\r\n    },\r\n    \"provisioningState\": \"InProgress\",\r\n    \"clusterState\": \"HdInsightConfiguration\",\r\n    \"createdDate\": \"2016-08-23T00:34:22.74\",\r\n    \"quotaInfo\": {\r\n      \"coresUsed\": 20\r\n    },\r\n    \"connectivityEndpoints\": [\r\n      {\r\n        \"name\": \"SSH\",\r\n        \"protocol\": \"TCP\",\r\n        \"location\": \"hdisdk-adcluster-ssh.azurehdinsight.net\",\r\n        \"port\": 22\r\n      },\r\n      {\r\n        \"name\": \"HTTPS\",\r\n        \"protocol\": \"TCP\",\r\n        \"location\": \"hdisdk-adcluster.azurehdinsight.net\",\r\n        \"port\": 443\r\n      }\r\n    ],\r\n    \"tier\": \"standard\"\r\n  }\r\n}",
      "ResponseHeaders": {
        "Content-Length": [
          "2360"
        ],
        "Content-Type": [
          "application/json; charset=utf-8"
        ],
        "Expires": [
          "-1"
        ],
        "Pragma": [
          "no-cache"
        ],
        "x-ms-request-id": [
          "56c41663-50d2-46c9-82fe-fac2173a7b13"
        ],
        "x-ms-ratelimit-remaining-subscription-reads": [
          "14981"
        ],
        "x-ms-correlation-request-id": [
          "d5165ddc-342e-4f7e-9e77-ba8cedc0a1e5"
        ],
        "x-ms-routing-request-id": [
          "WESTUS2:20160823T005150Z:d5165ddc-342e-4f7e-9e77-ba8cedc0a1e5"
        ],
        "Strict-Transport-Security": [
          "max-age=31536000; includeSubDomains"
        ],
        "Cache-Control": [
          "no-cache"
        ],
        "Date": [
          "Tue, 23 Aug 2016 00:51:50 GMT"
        ],
        "Server": [
          "Microsoft-IIS/8.5"
        ],
        "X-Powered-By": [
          "ASP.NET"
        ]
      },
      "StatusCode": 200
    },
    {
      "RequestUri": "/subscriptions/964c10bb-8a6c-43bc-83d3-6b318c6c7305/resourceGroups/hdi4402/providers/Microsoft.HDInsight/clusters/hdisdk-adcluster?api-version=2015-03-01-preview",
      "EncodedRequestUri": "L3N1YnNjcmlwdGlvbnMvOTY0YzEwYmItOGE2Yy00M2JjLTgzZDMtNmIzMThjNmM3MzA1L3Jlc291cmNlR3JvdXBzL2hkaTQ0MDIvcHJvdmlkZXJzL01pY3Jvc29mdC5IREluc2lnaHQvY2x1c3RlcnMvaGRpc2RrLWFkY2x1c3Rlcj9hcGktdmVyc2lvbj0yMDE1LTAzLTAxLXByZXZpZXc=",
      "RequestMethod": "GET",
      "RequestBody": "",
      "RequestHeaders": {
        "User-Agent": [
          "ARM",
          "SDK",
          "v1.0.12-preview"
        ]
      },
      "ResponseBody": "{\r\n  \"id\": \"/subscriptions/964c10bb-8a6c-43bc-83d3-6b318c6c7305/resourceGroups/hdi4402/providers/Microsoft.HDInsight/clusters/hdisdk-adcluster\",\r\n  \"name\": \"hdisdk-adcluster\",\r\n  \"type\": \"Microsoft.HDInsight/clusters\",\r\n  \"location\": \"East US 2\",\r\n  \"etag\": \"0438df21-9b5a-45d7-8ecf-0091c6e71f58\",\r\n  \"tags\": null,\r\n  \"properties\": {\r\n    \"clusterVersion\": \"3.4.1000.0\",\r\n    \"osType\": \"Linux\",\r\n    \"clusterDefinition\": {\r\n      \"blueprint\": \"https://blueprints.azurehdinsight.net/hadoop-3.4.1000.0.8109330.json\",\r\n      \"kind\": \"Hadoop\"\r\n    },\r\n    \"computeProfile\": {\r\n      \"roles\": [\r\n        {\r\n          \"name\": \"headnode\",\r\n          \"targetInstanceCount\": 2,\r\n          \"hardwareProfile\": {\r\n            \"vmSize\": \"Standard_D3\"\r\n          },\r\n          \"osProfile\": {\r\n            \"linuxOperatingSystemProfile\": {\r\n              \"username\": \"hdiuser\"\r\n            }\r\n          },\r\n          \"virtualNetworkProfile\": {\r\n            \"id\": \"/subscriptions/964c10bb-8a6c-43bc-83d3-6b318c6c7305/resourceGroups/shadooprgeus2/providers/Microsoft.Network/virtualNetworks/shadoopeus2-vnet\",\r\n            \"subnet\": \"/subscriptions/964c10bb-8a6c-43bc-83d3-6b318c6c7305/resourceGroups/shadooprgeus2/providers/Microsoft.Network/virtualNetworks/shadoopeus2-vnet/subnets/default\"\r\n          }\r\n        },\r\n        {\r\n          \"name\": \"workernode\",\r\n          \"targetInstanceCount\": 3,\r\n          \"hardwareProfile\": {\r\n            \"vmSize\": \"Large\"\r\n          },\r\n          \"osProfile\": {\r\n            \"linuxOperatingSystemProfile\": {\r\n              \"username\": \"hdiuser\"\r\n            }\r\n          },\r\n          \"virtualNetworkProfile\": {\r\n            \"id\": \"/subscriptions/964c10bb-8a6c-43bc-83d3-6b318c6c7305/resourceGroups/shadooprgeus2/providers/Microsoft.Network/virtualNetworks/shadoopeus2-vnet\",\r\n            \"subnet\": \"/subscriptions/964c10bb-8a6c-43bc-83d3-6b318c6c7305/resourceGroups/shadooprgeus2/providers/Microsoft.Network/virtualNetworks/shadoopeus2-vnet/subnets/default\"\r\n          }\r\n        },\r\n        {\r\n          \"name\": \"zookeepernode\",\r\n          \"targetInstanceCount\": 3,\r\n          \"hardwareProfile\": {\r\n            \"vmSize\": \"Medium\"\r\n          },\r\n          \"osProfile\": {\r\n            \"linuxOperatingSystemProfile\": {\r\n              \"username\": \"hdiuser\"\r\n            }\r\n          },\r\n          \"virtualNetworkProfile\": {\r\n            \"id\": \"/subscriptions/964c10bb-8a6c-43bc-83d3-6b318c6c7305/resourceGroups/shadooprgeus2/providers/Microsoft.Network/virtualNetworks/shadoopeus2-vnet\",\r\n            \"subnet\": \"/subscriptions/964c10bb-8a6c-43bc-83d3-6b318c6c7305/resourceGroups/shadooprgeus2/providers/Microsoft.Network/virtualNetworks/shadoopeus2-vnet/subnets/default\"\r\n          }\r\n        }\r\n      ]\r\n    },\r\n    \"provisioningState\": \"Succeeded\",\r\n    \"clusterState\": \"Running\",\r\n    \"createdDate\": \"2016-08-23T00:34:22.74\",\r\n    \"quotaInfo\": {\r\n      \"coresUsed\": 20\r\n    },\r\n    \"connectivityEndpoints\": [\r\n      {\r\n        \"name\": \"SSH\",\r\n        \"protocol\": \"TCP\",\r\n        \"location\": \"hdisdk-adcluster-ssh.azurehdinsight.net\",\r\n        \"port\": 22\r\n      },\r\n      {\r\n        \"name\": \"HTTPS\",\r\n        \"protocol\": \"TCP\",\r\n        \"location\": \"hdisdk-adcluster.azurehdinsight.net\",\r\n        \"port\": 443\r\n      }\r\n    ],\r\n    \"tier\": \"standard\"\r\n  }\r\n}",
      "ResponseHeaders": {
        "Content-Length": [
          "2344"
        ],
        "Content-Type": [
          "application/json; charset=utf-8"
        ],
        "Expires": [
          "-1"
        ],
        "Pragma": [
          "no-cache"
        ],
        "x-ms-request-id": [
          "13604418-2c26-428f-93ff-082f1c4a24cb"
        ],
        "x-ms-ratelimit-remaining-subscription-reads": [
          "14980"
        ],
        "x-ms-correlation-request-id": [
          "78868227-e825-44d1-82b6-e130e5da8fba"
        ],
        "x-ms-routing-request-id": [
          "WESTUS2:20160823T005251Z:78868227-e825-44d1-82b6-e130e5da8fba"
        ],
        "Strict-Transport-Security": [
          "max-age=31536000; includeSubDomains"
        ],
        "Cache-Control": [
          "no-cache"
        ],
        "Date": [
          "Tue, 23 Aug 2016 00:52:51 GMT"
        ],
        "Server": [
          "Microsoft-IIS/8.5"
        ],
        "X-Powered-By": [
          "ASP.NET"
        ]
      },
      "StatusCode": 200
    },
    {
      "RequestUri": "/subscriptions/964c10bb-8a6c-43bc-83d3-6b318c6c7305/resourceGroups/hdi4402/providers/Microsoft.HDInsight/clusters/hdisdk-adcluster?api-version=2015-03-01-preview",
      "EncodedRequestUri": "L3N1YnNjcmlwdGlvbnMvOTY0YzEwYmItOGE2Yy00M2JjLTgzZDMtNmIzMThjNmM3MzA1L3Jlc291cmNlR3JvdXBzL2hkaTQ0MDIvcHJvdmlkZXJzL01pY3Jvc29mdC5IREluc2lnaHQvY2x1c3RlcnMvaGRpc2RrLWFkY2x1c3Rlcj9hcGktdmVyc2lvbj0yMDE1LTAzLTAxLXByZXZpZXc=",
      "RequestMethod": "GET",
      "RequestBody": "",
      "RequestHeaders": {
        "User-Agent": [
          "ARM",
          "SDK",
          "v1.0.12-preview"
        ]
      },
      "ResponseBody": "{\r\n  \"id\": \"/subscriptions/964c10bb-8a6c-43bc-83d3-6b318c6c7305/resourceGroups/hdi4402/providers/Microsoft.HDInsight/clusters/hdisdk-adcluster\",\r\n  \"name\": \"hdisdk-adcluster\",\r\n  \"type\": \"Microsoft.HDInsight/clusters\",\r\n  \"location\": \"East US 2\",\r\n  \"etag\": \"0438df21-9b5a-45d7-8ecf-0091c6e71f58\",\r\n  \"tags\": null,\r\n  \"properties\": {\r\n    \"clusterVersion\": \"3.4.1000.0\",\r\n    \"osType\": \"Linux\",\r\n    \"clusterDefinition\": {\r\n      \"blueprint\": \"https://blueprints.azurehdinsight.net/hadoop-3.4.1000.0.8109330.json\",\r\n      \"kind\": \"Hadoop\"\r\n    },\r\n    \"computeProfile\": {\r\n      \"roles\": [\r\n        {\r\n          \"name\": \"headnode\",\r\n          \"targetInstanceCount\": 2,\r\n          \"hardwareProfile\": {\r\n            \"vmSize\": \"Standard_D3\"\r\n          },\r\n          \"osProfile\": {\r\n            \"linuxOperatingSystemProfile\": {\r\n              \"username\": \"hdiuser\"\r\n            }\r\n          },\r\n          \"virtualNetworkProfile\": {\r\n            \"id\": \"/subscriptions/964c10bb-8a6c-43bc-83d3-6b318c6c7305/resourceGroups/shadooprgeus2/providers/Microsoft.Network/virtualNetworks/shadoopeus2-vnet\",\r\n            \"subnet\": \"/subscriptions/964c10bb-8a6c-43bc-83d3-6b318c6c7305/resourceGroups/shadooprgeus2/providers/Microsoft.Network/virtualNetworks/shadoopeus2-vnet/subnets/default\"\r\n          }\r\n        },\r\n        {\r\n          \"name\": \"workernode\",\r\n          \"targetInstanceCount\": 3,\r\n          \"hardwareProfile\": {\r\n            \"vmSize\": \"Large\"\r\n          },\r\n          \"osProfile\": {\r\n            \"linuxOperatingSystemProfile\": {\r\n              \"username\": \"hdiuser\"\r\n            }\r\n          },\r\n          \"virtualNetworkProfile\": {\r\n            \"id\": \"/subscriptions/964c10bb-8a6c-43bc-83d3-6b318c6c7305/resourceGroups/shadooprgeus2/providers/Microsoft.Network/virtualNetworks/shadoopeus2-vnet\",\r\n            \"subnet\": \"/subscriptions/964c10bb-8a6c-43bc-83d3-6b318c6c7305/resourceGroups/shadooprgeus2/providers/Microsoft.Network/virtualNetworks/shadoopeus2-vnet/subnets/default\"\r\n          }\r\n        },\r\n        {\r\n          \"name\": \"zookeepernode\",\r\n          \"targetInstanceCount\": 3,\r\n          \"hardwareProfile\": {\r\n            \"vmSize\": \"Medium\"\r\n          },\r\n          \"osProfile\": {\r\n            \"linuxOperatingSystemProfile\": {\r\n              \"username\": \"hdiuser\"\r\n            }\r\n          },\r\n          \"virtualNetworkProfile\": {\r\n            \"id\": \"/subscriptions/964c10bb-8a6c-43bc-83d3-6b318c6c7305/resourceGroups/shadooprgeus2/providers/Microsoft.Network/virtualNetworks/shadoopeus2-vnet\",\r\n            \"subnet\": \"/subscriptions/964c10bb-8a6c-43bc-83d3-6b318c6c7305/resourceGroups/shadooprgeus2/providers/Microsoft.Network/virtualNetworks/shadoopeus2-vnet/subnets/default\"\r\n          }\r\n        }\r\n      ]\r\n    },\r\n    \"provisioningState\": \"Succeeded\",\r\n    \"clusterState\": \"Running\",\r\n    \"createdDate\": \"2016-08-23T00:34:22.74\",\r\n    \"quotaInfo\": {\r\n      \"coresUsed\": 20\r\n    },\r\n    \"connectivityEndpoints\": [\r\n      {\r\n        \"name\": \"SSH\",\r\n        \"protocol\": \"TCP\",\r\n        \"location\": \"hdisdk-adcluster-ssh.azurehdinsight.net\",\r\n        \"port\": 22\r\n      },\r\n      {\r\n        \"name\": \"HTTPS\",\r\n        \"protocol\": \"TCP\",\r\n        \"location\": \"hdisdk-adcluster.azurehdinsight.net\",\r\n        \"port\": 443\r\n      }\r\n    ],\r\n    \"tier\": \"standard\"\r\n  }\r\n}",
      "ResponseHeaders": {
        "Content-Length": [
          "2344"
        ],
        "Content-Type": [
          "application/json; charset=utf-8"
        ],
        "Expires": [
          "-1"
        ],
        "Pragma": [
          "no-cache"
        ],
        "x-ms-request-id": [
          "84f66cec-b633-4b11-997c-3efa567f1470"
        ],
        "x-ms-ratelimit-remaining-subscription-reads": [
          "14979"
        ],
        "x-ms-correlation-request-id": [
          "854f4c5d-6653-436b-8b58-49642800b201"
        ],
        "x-ms-routing-request-id": [
          "WESTUS2:20160823T005317Z:854f4c5d-6653-436b-8b58-49642800b201"
        ],
        "Strict-Transport-Security": [
          "max-age=31536000; includeSubDomains"
        ],
        "Cache-Control": [
          "no-cache"
        ],
        "Date": [
          "Tue, 23 Aug 2016 00:53:16 GMT"
        ],
        "Server": [
          "Microsoft-IIS/8.5"
        ],
        "X-Powered-By": [
          "ASP.NET"
        ]
      },
      "StatusCode": 200
    },
    {
      "RequestUri": "/subscriptions/964c10bb-8a6c-43bc-83d3-6b318c6c7305/resourceGroups/hdi4402/providers/Microsoft.HDInsight/clusters/hdisdk-adcluster?api-version=2015-03-01-preview",
      "EncodedRequestUri": "L3N1YnNjcmlwdGlvbnMvOTY0YzEwYmItOGE2Yy00M2JjLTgzZDMtNmIzMThjNmM3MzA1L3Jlc291cmNlR3JvdXBzL2hkaTQ0MDIvcHJvdmlkZXJzL01pY3Jvc29mdC5IREluc2lnaHQvY2x1c3RlcnMvaGRpc2RrLWFkY2x1c3Rlcj9hcGktdmVyc2lvbj0yMDE1LTAzLTAxLXByZXZpZXc=",
      "RequestMethod": "DELETE",
      "RequestBody": "",
      "RequestHeaders": {
        "User-Agent": [
          "ARM",
          "SDK",
          "v1.0.12-preview"
        ]
      },
      "ResponseBody": "",
      "ResponseHeaders": {
        "Content-Length": [
          "0"
        ],
        "Expires": [
          "-1"
        ],
        "Pragma": [
          "no-cache"
        ],
        "Retry-After": [
          "60"
        ],
        "Azure-AsyncOperation": [
          "https://management.azure.com:443/subscriptions/964c10bb-8a6c-43bc-83d3-6b318c6c7305/providers/Microsoft.HDInsight/locations/East US 2/azureasyncoperations/1c8f72c3-8cff-492a-b1d8-a3e0901f7769-0?api-version=2015-03-01-preview"
        ],
        "x-ms-request-id": [
          "9de7f1d2-46f9-44f7-835b-dfa741bc5463"
        ],
        "x-ms-ratelimit-remaining-subscription-writes": [
          "1197"
        ],
        "x-ms-correlation-request-id": [
          "68578c3d-6f77-473a-b16e-ce4e608bc635"
        ],
        "x-ms-routing-request-id": [
          "WESTUS2:20160823T005332Z:68578c3d-6f77-473a-b16e-ce4e608bc635"
        ],
        "Strict-Transport-Security": [
          "max-age=31536000; includeSubDomains"
        ],
        "Cache-Control": [
          "no-cache"
        ],
        "Date": [
          "Tue, 23 Aug 2016 00:53:32 GMT"
        ],
        "Location": [
          "https://management.azure.com/subscriptions/964c10bb-8a6c-43bc-83d3-6b318c6c7305/providers/Microsoft.HDInsight/locations/East%20US%202/operationresults/1c8f72c3-8cff-492a-b1d8-a3e0901f7769-0?api-version=2015-03-01-preview"
        ],
        "Server": [
          "Microsoft-IIS/8.5"
        ],
        "X-Powered-By": [
          "ASP.NET"
        ]
      },
      "StatusCode": 202
    },
    {
      "RequestUri": "/subscriptions/964c10bb-8a6c-43bc-83d3-6b318c6c7305/providers/Microsoft.HDInsight/locations/East%20US%202/azureasyncoperations/1c8f72c3-8cff-492a-b1d8-a3e0901f7769-0?api-version=2015-03-01-preview",
      "EncodedRequestUri": "L3N1YnNjcmlwdGlvbnMvOTY0YzEwYmItOGE2Yy00M2JjLTgzZDMtNmIzMThjNmM3MzA1L3Byb3ZpZGVycy9NaWNyb3NvZnQuSERJbnNpZ2h0L2xvY2F0aW9ucy9FYXN0JTIwVVMlMjAyL2F6dXJlYXN5bmNvcGVyYXRpb25zLzFjOGY3MmMzLThjZmYtNDkyYS1iMWQ4LWEzZTA5MDFmNzc2OS0wP2FwaS12ZXJzaW9uPTIwMTUtMDMtMDEtcHJldmlldw==",
      "RequestMethod": "GET",
      "RequestBody": "",
      "RequestHeaders": {
        "User-Agent": [
          "ARM",
          "SDK",
          "v1.0.12-preview"
        ],
        "x-ms-version": [
          "2015-03-01-preview"
        ]
      },
      "ResponseBody": "{\r\n  \"status\": \"InProgress\"\r\n}",
      "ResponseHeaders": {
        "Content-Length": [
          "23"
        ],
        "Content-Type": [
          "application/json; charset=utf-8"
        ],
        "Expires": [
          "-1"
        ],
        "Pragma": [
          "no-cache"
        ],
        "x-ms-request-id": [
          "cea6fc03-522c-49fe-9847-140db20e8709"
        ],
        "x-ms-ratelimit-remaining-subscription-reads": [
          "14978"
        ],
        "x-ms-correlation-request-id": [
          "6418966a-0a2f-43dc-95c2-c4dc9d376e79"
        ],
        "x-ms-routing-request-id": [
          "WESTUS2:20160823T005332Z:6418966a-0a2f-43dc-95c2-c4dc9d376e79"
        ],
        "Strict-Transport-Security": [
          "max-age=31536000; includeSubDomains"
        ],
        "Cache-Control": [
          "no-cache"
        ],
        "Date": [
          "Tue, 23 Aug 2016 00:53:32 GMT"
        ],
        "Server": [
          "Microsoft-IIS/8.5"
        ],
        "X-Powered-By": [
          "ASP.NET"
        ]
      },
      "StatusCode": 200
    },
    {
      "RequestUri": "/subscriptions/964c10bb-8a6c-43bc-83d3-6b318c6c7305/providers/Microsoft.HDInsight/locations/East%20US%202/azureasyncoperations/1c8f72c3-8cff-492a-b1d8-a3e0901f7769-0?api-version=2015-03-01-preview",
      "EncodedRequestUri": "L3N1YnNjcmlwdGlvbnMvOTY0YzEwYmItOGE2Yy00M2JjLTgzZDMtNmIzMThjNmM3MzA1L3Byb3ZpZGVycy9NaWNyb3NvZnQuSERJbnNpZ2h0L2xvY2F0aW9ucy9FYXN0JTIwVVMlMjAyL2F6dXJlYXN5bmNvcGVyYXRpb25zLzFjOGY3MmMzLThjZmYtNDkyYS1iMWQ4LWEzZTA5MDFmNzc2OS0wP2FwaS12ZXJzaW9uPTIwMTUtMDMtMDEtcHJldmlldw==",
      "RequestMethod": "GET",
      "RequestBody": "",
      "RequestHeaders": {
        "User-Agent": [
          "ARM",
          "SDK",
          "v1.0.12-preview"
        ],
        "x-ms-version": [
          "2015-03-01-preview"
        ]
      },
      "ResponseBody": "{\r\n  \"status\": \"InProgress\"\r\n}",
      "ResponseHeaders": {
        "Content-Length": [
          "23"
        ],
        "Content-Type": [
          "application/json; charset=utf-8"
        ],
        "Expires": [
          "-1"
        ],
        "Pragma": [
          "no-cache"
        ],
        "x-ms-request-id": [
          "9c6a316b-b820-41ae-9e8b-830b70be93b0"
        ],
        "x-ms-ratelimit-remaining-subscription-reads": [
          "14977"
        ],
        "x-ms-correlation-request-id": [
          "28d9ae63-5ab9-490a-b686-216e0865f42f"
        ],
        "x-ms-routing-request-id": [
          "WESTUS2:20160823T005433Z:28d9ae63-5ab9-490a-b686-216e0865f42f"
        ],
        "Strict-Transport-Security": [
          "max-age=31536000; includeSubDomains"
        ],
        "Cache-Control": [
          "no-cache"
        ],
        "Date": [
          "Tue, 23 Aug 2016 00:54:33 GMT"
        ],
        "Server": [
          "Microsoft-IIS/8.5"
        ],
        "X-Powered-By": [
          "ASP.NET"
        ]
      },
      "StatusCode": 200
    },
    {
      "RequestUri": "/subscriptions/964c10bb-8a6c-43bc-83d3-6b318c6c7305/providers/Microsoft.HDInsight/locations/East%20US%202/azureasyncoperations/1c8f72c3-8cff-492a-b1d8-a3e0901f7769-0?api-version=2015-03-01-preview",
      "EncodedRequestUri": "L3N1YnNjcmlwdGlvbnMvOTY0YzEwYmItOGE2Yy00M2JjLTgzZDMtNmIzMThjNmM3MzA1L3Byb3ZpZGVycy9NaWNyb3NvZnQuSERJbnNpZ2h0L2xvY2F0aW9ucy9FYXN0JTIwVVMlMjAyL2F6dXJlYXN5bmNvcGVyYXRpb25zLzFjOGY3MmMzLThjZmYtNDkyYS1iMWQ4LWEzZTA5MDFmNzc2OS0wP2FwaS12ZXJzaW9uPTIwMTUtMDMtMDEtcHJldmlldw==",
      "RequestMethod": "GET",
      "RequestBody": "",
      "RequestHeaders": {
        "User-Agent": [
          "ARM",
          "SDK",
          "v1.0.12-preview"
        ],
        "x-ms-version": [
          "2015-03-01-preview"
        ]
      },
      "ResponseBody": "{\r\n  \"status\": \"InProgress\"\r\n}",
      "ResponseHeaders": {
        "Content-Length": [
          "23"
        ],
        "Content-Type": [
          "application/json; charset=utf-8"
        ],
        "Expires": [
          "-1"
        ],
        "Pragma": [
          "no-cache"
        ],
        "x-ms-request-id": [
          "9f300c1a-b727-4ead-8b70-8022dee90faf"
        ],
        "x-ms-ratelimit-remaining-subscription-reads": [
          "14976"
        ],
        "x-ms-correlation-request-id": [
          "448a99c8-821b-4082-8f33-feae0bae2fd5"
        ],
        "x-ms-routing-request-id": [
          "WESTUS2:20160823T005533Z:448a99c8-821b-4082-8f33-feae0bae2fd5"
        ],
        "Strict-Transport-Security": [
          "max-age=31536000; includeSubDomains"
        ],
        "Cache-Control": [
          "no-cache"
        ],
        "Date": [
          "Tue, 23 Aug 2016 00:55:33 GMT"
        ],
        "Server": [
          "Microsoft-IIS/8.5"
        ],
        "X-Powered-By": [
          "ASP.NET"
        ]
      },
      "StatusCode": 200
    },
    {
      "RequestUri": "/subscriptions/964c10bb-8a6c-43bc-83d3-6b318c6c7305/providers/Microsoft.HDInsight/locations/East%20US%202/azureasyncoperations/1c8f72c3-8cff-492a-b1d8-a3e0901f7769-0?api-version=2015-03-01-preview",
      "EncodedRequestUri": "L3N1YnNjcmlwdGlvbnMvOTY0YzEwYmItOGE2Yy00M2JjLTgzZDMtNmIzMThjNmM3MzA1L3Byb3ZpZGVycy9NaWNyb3NvZnQuSERJbnNpZ2h0L2xvY2F0aW9ucy9FYXN0JTIwVVMlMjAyL2F6dXJlYXN5bmNvcGVyYXRpb25zLzFjOGY3MmMzLThjZmYtNDkyYS1iMWQ4LWEzZTA5MDFmNzc2OS0wP2FwaS12ZXJzaW9uPTIwMTUtMDMtMDEtcHJldmlldw==",
      "RequestMethod": "GET",
      "RequestBody": "",
      "RequestHeaders": {
        "User-Agent": [
          "ARM",
          "SDK",
          "v1.0.12-preview"
        ],
        "x-ms-version": [
          "2015-03-01-preview"
        ]
      },
      "ResponseBody": "{\r\n  \"status\": \"InProgress\"\r\n}",
      "ResponseHeaders": {
        "Content-Length": [
          "23"
        ],
        "Content-Type": [
          "application/json; charset=utf-8"
        ],
        "Expires": [
          "-1"
        ],
        "Pragma": [
          "no-cache"
        ],
        "x-ms-request-id": [
          "b27f47a8-ac33-415c-9126-e2798ca33fb7"
        ],
        "x-ms-ratelimit-remaining-subscription-reads": [
          "14975"
        ],
        "x-ms-correlation-request-id": [
          "9497f6ef-ea83-4e90-9b38-b70b81f0e441"
        ],
        "x-ms-routing-request-id": [
          "WESTUS2:20160823T005634Z:9497f6ef-ea83-4e90-9b38-b70b81f0e441"
        ],
        "Strict-Transport-Security": [
          "max-age=31536000; includeSubDomains"
        ],
        "Cache-Control": [
          "no-cache"
        ],
        "Date": [
          "Tue, 23 Aug 2016 00:56:34 GMT"
        ],
        "Server": [
          "Microsoft-IIS/8.5"
        ],
        "X-Powered-By": [
          "ASP.NET"
        ]
      },
      "StatusCode": 200
    },
    {
      "RequestUri": "/subscriptions/964c10bb-8a6c-43bc-83d3-6b318c6c7305/providers/Microsoft.HDInsight/locations/East%20US%202/azureasyncoperations/1c8f72c3-8cff-492a-b1d8-a3e0901f7769-0?api-version=2015-03-01-preview",
      "EncodedRequestUri": "L3N1YnNjcmlwdGlvbnMvOTY0YzEwYmItOGE2Yy00M2JjLTgzZDMtNmIzMThjNmM3MzA1L3Byb3ZpZGVycy9NaWNyb3NvZnQuSERJbnNpZ2h0L2xvY2F0aW9ucy9FYXN0JTIwVVMlMjAyL2F6dXJlYXN5bmNvcGVyYXRpb25zLzFjOGY3MmMzLThjZmYtNDkyYS1iMWQ4LWEzZTA5MDFmNzc2OS0wP2FwaS12ZXJzaW9uPTIwMTUtMDMtMDEtcHJldmlldw==",
      "RequestMethod": "GET",
      "RequestBody": "",
      "RequestHeaders": {
        "User-Agent": [
          "ARM",
          "SDK",
          "v1.0.12-preview"
        ],
        "x-ms-version": [
          "2015-03-01-preview"
        ]
      },
      "ResponseBody": "{\r\n  \"status\": \"InProgress\"\r\n}",
      "ResponseHeaders": {
        "Content-Length": [
          "23"
        ],
        "Content-Type": [
          "application/json; charset=utf-8"
        ],
        "Expires": [
          "-1"
        ],
        "Pragma": [
          "no-cache"
        ],
        "x-ms-request-id": [
          "9f2a2a46-ea3d-41a8-9d5f-9f3c42cf9a7d"
        ],
        "x-ms-ratelimit-remaining-subscription-reads": [
          "14974"
        ],
        "x-ms-correlation-request-id": [
          "d3c55471-7aec-4f07-9913-93a447e3bf85"
        ],
        "x-ms-routing-request-id": [
          "WESTUS2:20160823T005734Z:d3c55471-7aec-4f07-9913-93a447e3bf85"
        ],
        "Strict-Transport-Security": [
          "max-age=31536000; includeSubDomains"
        ],
        "Cache-Control": [
          "no-cache"
        ],
        "Date": [
          "Tue, 23 Aug 2016 00:57:34 GMT"
        ],
        "Server": [
          "Microsoft-IIS/8.5"
        ],
        "X-Powered-By": [
          "ASP.NET"
        ]
      },
      "StatusCode": 200
    },
    {
      "RequestUri": "/subscriptions/964c10bb-8a6c-43bc-83d3-6b318c6c7305/providers/Microsoft.HDInsight/locations/East%20US%202/azureasyncoperations/1c8f72c3-8cff-492a-b1d8-a3e0901f7769-0?api-version=2015-03-01-preview",
      "EncodedRequestUri": "L3N1YnNjcmlwdGlvbnMvOTY0YzEwYmItOGE2Yy00M2JjLTgzZDMtNmIzMThjNmM3MzA1L3Byb3ZpZGVycy9NaWNyb3NvZnQuSERJbnNpZ2h0L2xvY2F0aW9ucy9FYXN0JTIwVVMlMjAyL2F6dXJlYXN5bmNvcGVyYXRpb25zLzFjOGY3MmMzLThjZmYtNDkyYS1iMWQ4LWEzZTA5MDFmNzc2OS0wP2FwaS12ZXJzaW9uPTIwMTUtMDMtMDEtcHJldmlldw==",
      "RequestMethod": "GET",
      "RequestBody": "",
      "RequestHeaders": {
        "User-Agent": [
          "ARM",
          "SDK",
          "v1.0.12-preview"
        ],
        "x-ms-version": [
          "2015-03-01-preview"
        ]
      },
      "ResponseBody": "{\r\n  \"status\": \"InProgress\"\r\n}",
      "ResponseHeaders": {
        "Content-Length": [
          "23"
        ],
        "Content-Type": [
          "application/json; charset=utf-8"
        ],
        "Expires": [
          "-1"
        ],
        "Pragma": [
          "no-cache"
        ],
        "x-ms-request-id": [
          "21b3646c-9375-4e44-96c7-2321c8a9bdfa"
        ],
        "x-ms-ratelimit-remaining-subscription-reads": [
          "14973"
        ],
        "x-ms-correlation-request-id": [
          "a7b4e773-31aa-4a18-be7b-50ef6250238d"
        ],
        "x-ms-routing-request-id": [
          "WESTUS2:20160823T005835Z:a7b4e773-31aa-4a18-be7b-50ef6250238d"
        ],
        "Strict-Transport-Security": [
          "max-age=31536000; includeSubDomains"
        ],
        "Cache-Control": [
          "no-cache"
        ],
        "Date": [
          "Tue, 23 Aug 2016 00:58:35 GMT"
        ],
        "Server": [
          "Microsoft-IIS/8.5"
        ],
        "X-Powered-By": [
          "ASP.NET"
        ]
      },
      "StatusCode": 200
    },
    {
      "RequestUri": "/subscriptions/964c10bb-8a6c-43bc-83d3-6b318c6c7305/providers/Microsoft.HDInsight/locations/East%20US%202/azureasyncoperations/1c8f72c3-8cff-492a-b1d8-a3e0901f7769-0?api-version=2015-03-01-preview",
      "EncodedRequestUri": "L3N1YnNjcmlwdGlvbnMvOTY0YzEwYmItOGE2Yy00M2JjLTgzZDMtNmIzMThjNmM3MzA1L3Byb3ZpZGVycy9NaWNyb3NvZnQuSERJbnNpZ2h0L2xvY2F0aW9ucy9FYXN0JTIwVVMlMjAyL2F6dXJlYXN5bmNvcGVyYXRpb25zLzFjOGY3MmMzLThjZmYtNDkyYS1iMWQ4LWEzZTA5MDFmNzc2OS0wP2FwaS12ZXJzaW9uPTIwMTUtMDMtMDEtcHJldmlldw==",
      "RequestMethod": "GET",
      "RequestBody": "",
      "RequestHeaders": {
        "User-Agent": [
          "ARM",
          "SDK",
          "v1.0.12-preview"
        ],
        "x-ms-version": [
          "2015-03-01-preview"
        ]
      },
      "ResponseBody": "{\r\n  \"status\": \"InProgress\"\r\n}",
      "ResponseHeaders": {
        "Content-Length": [
          "23"
        ],
        "Content-Type": [
          "application/json; charset=utf-8"
        ],
        "Expires": [
          "-1"
        ],
        "Pragma": [
          "no-cache"
        ],
        "x-ms-request-id": [
          "b84973b8-b01d-46f8-ae66-1ed5f24d1388"
        ],
        "x-ms-ratelimit-remaining-subscription-reads": [
          "14972"
        ],
        "x-ms-correlation-request-id": [
          "4a344d6a-28e0-4877-99e1-eadc60a15a27"
        ],
        "x-ms-routing-request-id": [
          "WESTUS2:20160823T005936Z:4a344d6a-28e0-4877-99e1-eadc60a15a27"
        ],
        "Strict-Transport-Security": [
          "max-age=31536000; includeSubDomains"
        ],
        "Cache-Control": [
          "no-cache"
        ],
        "Date": [
          "Tue, 23 Aug 2016 00:59:35 GMT"
        ],
        "Server": [
          "Microsoft-IIS/8.5"
        ],
        "X-Powered-By": [
          "ASP.NET"
        ]
      },
      "StatusCode": 200
    },
    {
      "RequestUri": "/subscriptions/964c10bb-8a6c-43bc-83d3-6b318c6c7305/providers/Microsoft.HDInsight/locations/East%20US%202/azureasyncoperations/1c8f72c3-8cff-492a-b1d8-a3e0901f7769-0?api-version=2015-03-01-preview",
      "EncodedRequestUri": "L3N1YnNjcmlwdGlvbnMvOTY0YzEwYmItOGE2Yy00M2JjLTgzZDMtNmIzMThjNmM3MzA1L3Byb3ZpZGVycy9NaWNyb3NvZnQuSERJbnNpZ2h0L2xvY2F0aW9ucy9FYXN0JTIwVVMlMjAyL2F6dXJlYXN5bmNvcGVyYXRpb25zLzFjOGY3MmMzLThjZmYtNDkyYS1iMWQ4LWEzZTA5MDFmNzc2OS0wP2FwaS12ZXJzaW9uPTIwMTUtMDMtMDEtcHJldmlldw==",
      "RequestMethod": "GET",
      "RequestBody": "",
      "RequestHeaders": {
        "User-Agent": [
          "ARM",
          "SDK",
          "v1.0.12-preview"
        ],
        "x-ms-version": [
          "2015-03-01-preview"
        ]
      },
      "ResponseBody": "{\r\n  \"status\": \"InProgress\"\r\n}",
      "ResponseHeaders": {
        "Content-Length": [
          "23"
        ],
        "Content-Type": [
          "application/json; charset=utf-8"
        ],
        "Expires": [
          "-1"
        ],
        "Pragma": [
          "no-cache"
        ],
        "x-ms-request-id": [
          "2422d576-8f29-4088-9c7a-53ca5277e9f4"
        ],
        "x-ms-ratelimit-remaining-subscription-reads": [
          "14971"
        ],
        "x-ms-correlation-request-id": [
          "890d3d2c-d602-4603-9cee-1975fa8911e5"
        ],
        "x-ms-routing-request-id": [
          "WESTUS2:20160823T010036Z:890d3d2c-d602-4603-9cee-1975fa8911e5"
        ],
        "Strict-Transport-Security": [
          "max-age=31536000; includeSubDomains"
        ],
        "Cache-Control": [
          "no-cache"
        ],
        "Date": [
          "Tue, 23 Aug 2016 01:00:36 GMT"
        ],
        "Server": [
          "Microsoft-IIS/8.5"
        ],
        "X-Powered-By": [
          "ASP.NET"
        ]
      },
      "StatusCode": 200
    },
    {
      "RequestUri": "/subscriptions/964c10bb-8a6c-43bc-83d3-6b318c6c7305/providers/Microsoft.HDInsight/locations/East%20US%202/azureasyncoperations/1c8f72c3-8cff-492a-b1d8-a3e0901f7769-0?api-version=2015-03-01-preview",
      "EncodedRequestUri": "L3N1YnNjcmlwdGlvbnMvOTY0YzEwYmItOGE2Yy00M2JjLTgzZDMtNmIzMThjNmM3MzA1L3Byb3ZpZGVycy9NaWNyb3NvZnQuSERJbnNpZ2h0L2xvY2F0aW9ucy9FYXN0JTIwVVMlMjAyL2F6dXJlYXN5bmNvcGVyYXRpb25zLzFjOGY3MmMzLThjZmYtNDkyYS1iMWQ4LWEzZTA5MDFmNzc2OS0wP2FwaS12ZXJzaW9uPTIwMTUtMDMtMDEtcHJldmlldw==",
      "RequestMethod": "GET",
      "RequestBody": "",
      "RequestHeaders": {
        "User-Agent": [
          "ARM",
          "SDK",
          "v1.0.12-preview"
        ],
        "x-ms-version": [
          "2015-03-01-preview"
        ]
      },
      "ResponseBody": "{\r\n  \"status\": \"InProgress\"\r\n}",
      "ResponseHeaders": {
        "Content-Length": [
          "23"
        ],
        "Content-Type": [
          "application/json; charset=utf-8"
        ],
        "Expires": [
          "-1"
        ],
        "Pragma": [
          "no-cache"
        ],
        "x-ms-request-id": [
          "4e732f25-9081-4c3a-86e4-86a16361faf5"
        ],
        "x-ms-ratelimit-remaining-subscription-reads": [
          "14970"
        ],
        "x-ms-correlation-request-id": [
          "b8d128f9-d016-4317-8a82-21ef91b41459"
        ],
        "x-ms-routing-request-id": [
          "WESTUS2:20160823T010137Z:b8d128f9-d016-4317-8a82-21ef91b41459"
        ],
        "Strict-Transport-Security": [
          "max-age=31536000; includeSubDomains"
        ],
        "Cache-Control": [
          "no-cache"
        ],
        "Date": [
          "Tue, 23 Aug 2016 01:01:36 GMT"
        ],
        "Server": [
          "Microsoft-IIS/8.5"
        ],
        "X-Powered-By": [
          "ASP.NET"
        ]
      },
      "StatusCode": 200
    },
    {
      "RequestUri": "/subscriptions/964c10bb-8a6c-43bc-83d3-6b318c6c7305/providers/Microsoft.HDInsight/locations/East%20US%202/azureasyncoperations/1c8f72c3-8cff-492a-b1d8-a3e0901f7769-0?api-version=2015-03-01-preview",
      "EncodedRequestUri": "L3N1YnNjcmlwdGlvbnMvOTY0YzEwYmItOGE2Yy00M2JjLTgzZDMtNmIzMThjNmM3MzA1L3Byb3ZpZGVycy9NaWNyb3NvZnQuSERJbnNpZ2h0L2xvY2F0aW9ucy9FYXN0JTIwVVMlMjAyL2F6dXJlYXN5bmNvcGVyYXRpb25zLzFjOGY3MmMzLThjZmYtNDkyYS1iMWQ4LWEzZTA5MDFmNzc2OS0wP2FwaS12ZXJzaW9uPTIwMTUtMDMtMDEtcHJldmlldw==",
      "RequestMethod": "GET",
      "RequestBody": "",
      "RequestHeaders": {
        "User-Agent": [
          "ARM",
          "SDK",
          "v1.0.12-preview"
        ],
        "x-ms-version": [
          "2015-03-01-preview"
        ]
      },
      "ResponseBody": "{\r\n  \"status\": \"InProgress\"\r\n}",
      "ResponseHeaders": {
        "Content-Length": [
          "23"
        ],
        "Content-Type": [
          "application/json; charset=utf-8"
        ],
        "Expires": [
          "-1"
        ],
        "Pragma": [
          "no-cache"
        ],
        "x-ms-request-id": [
          "efef6f92-212f-47cb-b66d-0724e923b957"
        ],
        "x-ms-ratelimit-remaining-subscription-reads": [
          "14969"
        ],
        "x-ms-correlation-request-id": [
          "c5e92a7b-c654-44f2-9858-6a31f27dc161"
        ],
        "x-ms-routing-request-id": [
          "WESTUS2:20160823T010237Z:c5e92a7b-c654-44f2-9858-6a31f27dc161"
        ],
        "Strict-Transport-Security": [
          "max-age=31536000; includeSubDomains"
        ],
        "Cache-Control": [
          "no-cache"
        ],
        "Date": [
          "Tue, 23 Aug 2016 01:02:37 GMT"
        ],
        "Server": [
          "Microsoft-IIS/8.5"
        ],
        "X-Powered-By": [
          "ASP.NET"
        ]
      },
      "StatusCode": 200
    },
    {
      "RequestUri": "/subscriptions/964c10bb-8a6c-43bc-83d3-6b318c6c7305/providers/Microsoft.HDInsight/locations/East%20US%202/azureasyncoperations/1c8f72c3-8cff-492a-b1d8-a3e0901f7769-0?api-version=2015-03-01-preview",
      "EncodedRequestUri": "L3N1YnNjcmlwdGlvbnMvOTY0YzEwYmItOGE2Yy00M2JjLTgzZDMtNmIzMThjNmM3MzA1L3Byb3ZpZGVycy9NaWNyb3NvZnQuSERJbnNpZ2h0L2xvY2F0aW9ucy9FYXN0JTIwVVMlMjAyL2F6dXJlYXN5bmNvcGVyYXRpb25zLzFjOGY3MmMzLThjZmYtNDkyYS1iMWQ4LWEzZTA5MDFmNzc2OS0wP2FwaS12ZXJzaW9uPTIwMTUtMDMtMDEtcHJldmlldw==",
      "RequestMethod": "GET",
      "RequestBody": "",
      "RequestHeaders": {
        "User-Agent": [
          "ARM",
          "SDK",
          "v1.0.12-preview"
        ],
        "x-ms-version": [
          "2015-03-01-preview"
        ]
      },
      "ResponseBody": "{\r\n  \"status\": \"InProgress\"\r\n}",
      "ResponseHeaders": {
        "Content-Length": [
          "23"
        ],
        "Content-Type": [
          "application/json; charset=utf-8"
        ],
        "Expires": [
          "-1"
        ],
        "Pragma": [
          "no-cache"
        ],
        "x-ms-request-id": [
          "ae53cf8d-5ac1-45ce-afc6-ccd21effa10d"
        ],
        "x-ms-ratelimit-remaining-subscription-reads": [
          "14968"
        ],
        "x-ms-correlation-request-id": [
          "c34143ad-a359-465b-bc39-713ca4bec9e9"
        ],
        "x-ms-routing-request-id": [
          "WESTUS2:20160823T010338Z:c34143ad-a359-465b-bc39-713ca4bec9e9"
        ],
        "Strict-Transport-Security": [
          "max-age=31536000; includeSubDomains"
        ],
        "Cache-Control": [
          "no-cache"
        ],
        "Date": [
          "Tue, 23 Aug 2016 01:03:38 GMT"
        ],
        "Server": [
          "Microsoft-IIS/8.5"
        ],
        "X-Powered-By": [
          "ASP.NET"
        ]
      },
      "StatusCode": 200
    },
    {
      "RequestUri": "/subscriptions/964c10bb-8a6c-43bc-83d3-6b318c6c7305/providers/Microsoft.HDInsight/locations/East%20US%202/azureasyncoperations/1c8f72c3-8cff-492a-b1d8-a3e0901f7769-0?api-version=2015-03-01-preview",
      "EncodedRequestUri": "L3N1YnNjcmlwdGlvbnMvOTY0YzEwYmItOGE2Yy00M2JjLTgzZDMtNmIzMThjNmM3MzA1L3Byb3ZpZGVycy9NaWNyb3NvZnQuSERJbnNpZ2h0L2xvY2F0aW9ucy9FYXN0JTIwVVMlMjAyL2F6dXJlYXN5bmNvcGVyYXRpb25zLzFjOGY3MmMzLThjZmYtNDkyYS1iMWQ4LWEzZTA5MDFmNzc2OS0wP2FwaS12ZXJzaW9uPTIwMTUtMDMtMDEtcHJldmlldw==",
      "RequestMethod": "GET",
      "RequestBody": "",
      "RequestHeaders": {
        "User-Agent": [
          "ARM",
          "SDK",
          "v1.0.12-preview"
        ],
        "x-ms-version": [
          "2015-03-01-preview"
        ]
      },
      "ResponseBody": "{\r\n  \"status\": \"Succeeded\"\r\n}",
      "ResponseHeaders": {
        "Content-Length": [
          "22"
        ],
        "Content-Type": [
          "application/json; charset=utf-8"
        ],
        "Expires": [
          "-1"
        ],
        "Pragma": [
          "no-cache"
        ],
        "x-ms-request-id": [
          "749572af-e007-4703-b6f8-c085b4b49ca6"
        ],
        "x-ms-ratelimit-remaining-subscription-reads": [
          "14967"
        ],
        "x-ms-correlation-request-id": [
          "c774a25d-fbc7-4aa0-96fc-8aa45d8ee793"
        ],
        "x-ms-routing-request-id": [
          "WESTUS2:20160823T010438Z:c774a25d-fbc7-4aa0-96fc-8aa45d8ee793"
        ],
        "Strict-Transport-Security": [
          "max-age=31536000; includeSubDomains"
        ],
        "Cache-Control": [
          "no-cache"
        ],
        "Date": [
          "Tue, 23 Aug 2016 01:04:38 GMT"
        ],
        "Server": [
          "Microsoft-IIS/8.5"
        ],
        "X-Powered-By": [
          "ASP.NET"
        ]
      },
      "StatusCode": 200
    }
  ],
  "Names": {
    "CreateResourceGroup": [
      "hdi4402"
    ]
  },
  "Variables": {
    "SubscriptionId": "964c10bb-8a6c-43bc-83d3-6b318c6c7305"
  }
}