{
  "Entries": [
    {
      "RequestUri": "https://seanstagetest.blob.core.windows.net/test-container-d584de74-1d5d-8bdf-f471-2d72f2ec2d59?restype=container",
      "RequestMethod": "PUT",
      "RequestHeaders": {
        "Authorization": "Sanitized",
        "traceparent": "00-239c12715b4fc94e9b7a726eb59e4259-f15b71ce5f852548-00",
        "User-Agent": [
          "azsdk-net-Storage.Blobs/12.4.0-dev.20200305.1",
          "(.NET Core 4.6.28325.01; Microsoft Windows 10.0.18363 )"
        ],
        "x-ms-blob-public-access": "container",
        "x-ms-client-request-id": "35fe4cde-5913-06ad-b089-6ee2907b7d2a",
        "x-ms-date": "Thu, 05 Mar 2020 20:51:14 GMT",
        "x-ms-return-client-request-id": "true",
        "x-ms-version": "2019-10-10"
      },
      "RequestBody": null,
      "StatusCode": 201,
      "ResponseHeaders": {
        "Content-Length": "0",
        "Date": "Thu, 05 Mar 2020 20:51:13 GMT",
        "ETag": "\u00220x8D7C146F1F7A0B9\u0022",
        "Last-Modified": "Thu, 05 Mar 2020 20:51:14 GMT",
        "Server": [
          "Windows-Azure-Blob/1.0",
          "Microsoft-HTTPAPI/2.0"
        ],
        "x-ms-client-request-id": "35fe4cde-5913-06ad-b089-6ee2907b7d2a",
        "x-ms-request-id": "589afc4e-e01e-0021-242f-f3b640000000",
        "x-ms-version": "2019-10-10"
      },
      "ResponseBody": []
    },
    {
      "RequestUri": "https://seanstagetest.blob.core.windows.net/test-container-d584de74-1d5d-8bdf-f471-2d72f2ec2d59/test-blob-9fb4ab56-9805-28b5-84af-cd906853a524",
      "RequestMethod": "PUT",
      "RequestHeaders": {
        "Authorization": "Sanitized",
        "Content-Length": "0",
        "traceparent": "00-b147aa110e945f409dd9f5354c5ced1c-eb7d7d8d859fa14a-00",
        "User-Agent": [
          "azsdk-net-Storage.Blobs/12.4.0-dev.20200305.1",
          "(.NET Core 4.6.28325.01; Microsoft Windows 10.0.18363 )"
        ],
        "x-ms-blob-type": "AppendBlob",
        "x-ms-client-request-id": "39358a50-701b-452d-97d5-b1638b1d9e5d",
        "x-ms-date": "Thu, 05 Mar 2020 20:51:14 GMT",
        "x-ms-meta-Capital": "letter",
        "x-ms-meta-foo": "bar",
        "x-ms-meta-meta": "data",
        "x-ms-meta-UPPER": "case",
        "x-ms-return-client-request-id": "true",
        "x-ms-version": "2019-10-10"
      },
      "RequestBody": null,
      "StatusCode": 201,
      "ResponseHeaders": {
        "Content-Length": "0",
        "Date": "Thu, 05 Mar 2020 20:51:14 GMT",
        "ETag": "\u00220x8D7C146F2061557\u0022",
        "Last-Modified": "Thu, 05 Mar 2020 20:51:14 GMT",
        "Server": [
          "Windows-Azure-Blob/1.0",
          "Microsoft-HTTPAPI/2.0"
        ],
        "x-ms-client-request-id": "39358a50-701b-452d-97d5-b1638b1d9e5d",
        "x-ms-request-id": "589afc53-e01e-0021-272f-f3b640000000",
        "x-ms-request-server-encrypted": "true",
        "x-ms-version": "2019-10-10"
      },
      "ResponseBody": []
    },
    {
      "RequestUri": "https://seanstagetest.blob.core.windows.net/test-container-d584de74-1d5d-8bdf-f471-2d72f2ec2d59/test-blob-9fb4ab56-9805-28b5-84af-cd906853a524",
      "RequestMethod": "HEAD",
      "RequestHeaders": {
        "Authorization": "Sanitized",
        "traceparent": "00-f8a5b312dc139e469f72eff692e81556-df57074a97b82d42-00",
        "User-Agent": [
          "azsdk-net-Storage.Blobs/12.4.0-dev.20200305.1",
          "(.NET Core 4.6.28325.01; Microsoft Windows 10.0.18363 )"
        ],
        "x-ms-client-request-id": "dd3f416c-6c1e-f008-cc4f-0e1846e345db",
        "x-ms-date": "Thu, 05 Mar 2020 20:51:15 GMT",
        "x-ms-return-client-request-id": "true",
        "x-ms-version": "2019-10-10"
      },
      "RequestBody": null,
      "StatusCode": 200,
      "ResponseHeaders": {
        "Accept-Ranges": "bytes",
        "Content-Length": "0",
        "Content-Type": "application/octet-stream",
        "Date": "Thu, 05 Mar 2020 20:51:14 GMT",
        "ETag": "\u00220x8D7C146F2061557\u0022",
        "Last-Modified": "Thu, 05 Mar 2020 20:51:14 GMT",
        "Server": [
          "Windows-Azure-Blob/1.0",
          "Microsoft-HTTPAPI/2.0"
        ],
        "Vary": "Origin",
        "x-ms-blob-committed-block-count": "0",
        "x-ms-blob-type": "AppendBlob",
        "x-ms-client-request-id": "dd3f416c-6c1e-f008-cc4f-0e1846e345db",
        "x-ms-creation-time": "Thu, 05 Mar 2020 20:51:14 GMT",
        "x-ms-lease-state": "available",
        "x-ms-lease-status": "unlocked",
        "x-ms-meta-Capital": "letter",
        "x-ms-meta-foo": "bar",
        "x-ms-meta-meta": "data",
        "x-ms-meta-UPPER": "case",
        "x-ms-request-id": "589afc59-e01e-0021-2c2f-f3b640000000",
        "x-ms-server-encrypted": "true",
        "x-ms-version": "2019-10-10"
      },
      "ResponseBody": []
    },
    {
      "RequestUri": "https://seanstagetest.blob.core.windows.net/test-container-d584de74-1d5d-8bdf-f471-2d72f2ec2d59?restype=container",
      "RequestMethod": "DELETE",
      "RequestHeaders": {
        "Authorization": "Sanitized",
        "traceparent": "00-43ed2f18400cee46b0b9bb1aa655ee6c-d2ccabaed4947948-00",
        "User-Agent": [
          "azsdk-net-Storage.Blobs/12.4.0-dev.20200305.1",
          "(.NET Core 4.6.28325.01; Microsoft Windows 10.0.18363 )"
        ],
        "x-ms-client-request-id": "49f7a48a-c1de-773f-4191-c997c8231882",
        "x-ms-date": "Thu, 05 Mar 2020 20:51:15 GMT",
        "x-ms-return-client-request-id": "true",
        "x-ms-version": "2019-10-10"
      },
      "RequestBody": null,
      "StatusCode": 202,
      "ResponseHeaders": {
        "Content-Length": "0",
        "Date": "Thu, 05 Mar 2020 20:51:14 GMT",
        "Server": [
          "Windows-Azure-Blob/1.0",
          "Microsoft-HTTPAPI/2.0"
        ],
        "x-ms-client-request-id": "49f7a48a-c1de-773f-4191-c997c8231882",
        "x-ms-request-id": "589afc64-e01e-0021-362f-f3b640000000",
        "x-ms-version": "2019-10-10"
      },
      "ResponseBody": []
    }
  ],
  "Variables": {
    "RandomSeed": "466201633",
    "Storage_TestConfigDefault": "ProductionTenant\nseanstagetest\nU2FuaXRpemVk\nhttps://seanstagetest.blob.core.windows.net\nhttp://seanstagetest.file.core.windows.net\nhttp://seanstagetest.queue.core.windows.net\nhttp://seanstagetest.table.core.windows.net\n\n\n\n\nhttp://seanstagetest-secondary.blob.core.windows.net\nhttp://seanstagetest-secondary.file.core.windows.net\nhttp://seanstagetest-secondary.queue.core.windows.net\nhttp://seanstagetest-secondary.table.core.windows.net\n\nSanitized\n\n\nCloud\nBlobEndpoint=https://seanstagetest.blob.core.windows.net/;QueueEndpoint=http://seanstagetest.queue.core.windows.net/;FileEndpoint=http://seanstagetest.file.core.windows.net/;BlobSecondaryEndpoint=http://seanstagetest-secondary.blob.core.windows.net/;QueueSecondaryEndpoint=http://seanstagetest-secondary.queue.core.windows.net/;FileSecondaryEndpoint=http://seanstagetest-secondary.file.core.windows.net/;AccountName=seanstagetest;AccountKey=Sanitized\nseanscope1"
  }
}