{
  "Entries": [
    {
      "RequestUri": "https://seanstagetest.blob.core.windows.net/test-container-57a2153b-e17d-2454-8777-decb9ee5c770?restype=container",
      "RequestMethod": "PUT",
      "RequestHeaders": {
        "Authorization": "Sanitized",
        "traceparent": "00-d2135daaf4730a42b69d281050ea707d-a2cda4f2b080f94b-00",
        "User-Agent": [
          "azsdk-net-Storage.Blobs/12.4.0-dev.20200305.1",
          "(.NET Core 4.6.28325.01; Microsoft Windows 10.0.18363 )"
        ],
        "x-ms-blob-public-access": "container",
        "x-ms-client-request-id": "3297201e-2d96-9086-5efd-d7651a85c36a",
        "x-ms-date": "Thu, 05 Mar 2020 20:55:41 GMT",
        "x-ms-return-client-request-id": "true",
        "x-ms-version": "2019-10-10"
      },
      "RequestBody": null,
      "StatusCode": 201,
      "ResponseHeaders": {
        "Content-Length": "0",
        "Date": "Thu, 05 Mar 2020 20:55:41 GMT",
        "ETag": "\u00220x8D7C147913F5195\u0022",
        "Last-Modified": "Thu, 05 Mar 2020 20:55:41 GMT",
        "Server": [
          "Windows-Azure-Blob/1.0",
          "Microsoft-HTTPAPI/2.0"
        ],
        "x-ms-client-request-id": "3297201e-2d96-9086-5efd-d7651a85c36a",
        "x-ms-request-id": "c74d437b-a01e-000f-6b30-f3e457000000",
        "x-ms-version": "2019-10-10"
      },
      "ResponseBody": []
    },
    {
      "RequestUri": "https://seanstagetest.blob.core.windows.net/test-container-57a2153b-e17d-2454-8777-decb9ee5c770/test-blob-d4095f85-4ab3-3613-08b1-e4660ae3d1de",
      "RequestMethod": "DELETE",
      "RequestHeaders": {
        "Authorization": "Sanitized",
        "traceparent": "00-3fc6bb8c2718be4796ad29e682e02494-536374920aeafa49-00",
        "User-Agent": [
          "azsdk-net-Storage.Blobs/12.4.0-dev.20200305.1",
          "(.NET Core 4.6.28325.01; Microsoft Windows 10.0.18363 )"
        ],
        "x-ms-client-request-id": "f3eb6c53-a79f-d465-0d60-29e54920857a",
        "x-ms-date": "Thu, 05 Mar 2020 20:55:42 GMT",
        "x-ms-return-client-request-id": "true",
        "x-ms-version": "2019-10-10"
      },
      "RequestBody": null,
      "StatusCode": 404,
      "ResponseHeaders": {
        "Content-Length": "215",
        "Content-Type": "application/xml",
        "Date": "Thu, 05 Mar 2020 20:55:42 GMT",
        "Server": [
          "Windows-Azure-Blob/1.0",
          "Microsoft-HTTPAPI/2.0"
        ],
        "x-ms-client-request-id": "f3eb6c53-a79f-d465-0d60-29e54920857a",
        "x-ms-error-code": "BlobNotFound",
        "x-ms-request-id": "c74d437d-a01e-000f-6c30-f3e457000000",
        "x-ms-version": "2019-10-10"
      },
      "ResponseBody": [
        "\uFEFF\u003C?xml version=\u00221.0\u0022 encoding=\u0022utf-8\u0022?\u003E\u003CError\u003E\u003CCode\u003EBlobNotFound\u003C/Code\u003E\u003CMessage\u003EThe specified blob does not exist.\n",
        "RequestId:c74d437d-a01e-000f-6c30-f3e457000000\n",
        "Time:2020-03-05T20:55:42.2389286Z\u003C/Message\u003E\u003C/Error\u003E"
      ]
    },
    {
      "RequestUri": "https://seanstagetest.blob.core.windows.net/test-container-57a2153b-e17d-2454-8777-decb9ee5c770/test-blob-d4095f85-4ab3-3613-08b1-e4660ae3d1de",
      "RequestMethod": "HEAD",
      "RequestHeaders": {
        "Authorization": "Sanitized",
        "traceparent": "00-70afad067b1700438e72f23abc4f68d9-906a55a298991e44-00",
        "User-Agent": [
          "azsdk-net-Storage.Blobs/12.4.0-dev.20200305.1",
          "(.NET Core 4.6.28325.01; Microsoft Windows 10.0.18363 )"
        ],
        "x-ms-client-request-id": "9e13f7d9-def7-543f-61d8-71ed6bf588fc",
        "x-ms-date": "Thu, 05 Mar 2020 20:55:42 GMT",
        "x-ms-return-client-request-id": "true",
        "x-ms-version": "2019-10-10"
      },
      "RequestBody": null,
      "StatusCode": 404,
      "ResponseHeaders": {
        "Date": "Thu, 05 Mar 2020 20:55:42 GMT",
        "Server": [
          "Windows-Azure-Blob/1.0",
          "Microsoft-HTTPAPI/2.0"
        ],
        "Transfer-Encoding": "chunked",
        "Vary": "Origin",
        "x-ms-client-request-id": "9e13f7d9-def7-543f-61d8-71ed6bf588fc",
        "x-ms-error-code": "BlobNotFound",
        "x-ms-request-id": "c74d4382-a01e-000f-6f30-f3e457000000",
        "x-ms-version": "2019-10-10"
      },
      "ResponseBody": []
    },
    {
      "RequestUri": "https://seanstagetest.blob.core.windows.net/test-container-57a2153b-e17d-2454-8777-decb9ee5c770?restype=container",
      "RequestMethod": "DELETE",
      "RequestHeaders": {
        "Authorization": "Sanitized",
        "traceparent": "00-f733896b3986074ab94dbe78817d90d9-5be9569e83b93445-00",
        "User-Agent": [
          "azsdk-net-Storage.Blobs/12.4.0-dev.20200305.1",
          "(.NET Core 4.6.28325.01; Microsoft Windows 10.0.18363 )"
        ],
        "x-ms-client-request-id": "510bc857-e70c-4d83-b915-f2ffd32f858f",
        "x-ms-date": "Thu, 05 Mar 2020 20:55:42 GMT",
        "x-ms-return-client-request-id": "true",
        "x-ms-version": "2019-10-10"
      },
      "RequestBody": null,
      "StatusCode": 202,
      "ResponseHeaders": {
        "Content-Length": "0",
        "Date": "Thu, 05 Mar 2020 20:55:42 GMT",
        "Server": [
          "Windows-Azure-Blob/1.0",
          "Microsoft-HTTPAPI/2.0"
        ],
        "x-ms-client-request-id": "510bc857-e70c-4d83-b915-f2ffd32f858f",
        "x-ms-request-id": "c74d4383-a01e-000f-7030-f3e457000000",
        "x-ms-version": "2019-10-10"
      },
      "ResponseBody": []
    }
  ],
  "Variables": {
    "RandomSeed": "542523696",
    "Storage_TestConfigDefault": "ProductionTenant\nseanstagetest\nU2FuaXRpemVk\nhttps://seanstagetest.blob.core.windows.net\nhttp://seanstagetest.file.core.windows.net\nhttp://seanstagetest.queue.core.windows.net\nhttp://seanstagetest.table.core.windows.net\n\n\n\n\nhttp://seanstagetest-secondary.blob.core.windows.net\nhttp://seanstagetest-secondary.file.core.windows.net\nhttp://seanstagetest-secondary.queue.core.windows.net\nhttp://seanstagetest-secondary.table.core.windows.net\n\nSanitized\n\n\nCloud\nBlobEndpoint=https://seanstagetest.blob.core.windows.net/;QueueEndpoint=http://seanstagetest.queue.core.windows.net/;FileEndpoint=http://seanstagetest.file.core.windows.net/;BlobSecondaryEndpoint=http://seanstagetest-secondary.blob.core.windows.net/;QueueSecondaryEndpoint=http://seanstagetest-secondary.queue.core.windows.net/;FileSecondaryEndpoint=http://seanstagetest-secondary.file.core.windows.net/;AccountName=seanstagetest;AccountKey=Sanitized\nseanscope1"
  }
}