{
  "Entries": [
    {
      "RequestUri": "https://seanstagehierarchical.blob.core.windows.net/test-filesystem-b49a4bb5-9a00-7fba-fbcf-be6f6c1630bc?restype=container",
      "RequestMethod": "PUT",
      "RequestHeaders": {
        "Authorization": "Sanitized",
        "traceparent": "00-d7ba6862525f5b45a1001cfe99efdfad-ce4f88d20815ed4a-00",
        "User-Agent": [
          "azsdk-net-Storage.Files.DataLake/12.0.0-dev.20200305.1",
          "(.NET Core 4.6.28325.01; Microsoft Windows 10.0.18363 )"
        ],
        "x-ms-blob-public-access": "container",
        "x-ms-client-request-id": "f36d9da4-7063-44ef-0d9f-ab5e5da8c7a6",
        "x-ms-date": "Thu, 05 Mar 2020 22:20:01 GMT",
        "x-ms-return-client-request-id": "true",
        "x-ms-version": "2019-10-10"
      },
      "RequestBody": null,
      "StatusCode": 201,
      "ResponseHeaders": {
        "Content-Length": "0",
        "Date": "Thu, 05 Mar 2020 22:20:01 GMT",
        "ETag": "\u00220x8D7C1535928D0D6\u0022",
        "Last-Modified": "Thu, 05 Mar 2020 22:20:01 GMT",
        "Server": [
          "Windows-Azure-Blob/1.0",
          "Microsoft-HTTPAPI/2.0"
        ],
        "x-ms-client-request-id": "f36d9da4-7063-44ef-0d9f-ab5e5da8c7a6",
        "x-ms-request-id": "e0bded26-301e-000d-753c-f35aef000000",
        "x-ms-version": "2019-10-10"
      },
      "ResponseBody": []
    },
    {
      "RequestUri": "https://seanstagehierarchical.dfs.core.windows.net/test-filesystem-b49a4bb5-9a00-7fba-fbcf-be6f6c1630bc/test-directory-9936d2a2-dd69-9b66-9d2d-828df0b6446e?resource=directory",
      "RequestMethod": "PUT",
      "RequestHeaders": {
        "Authorization": "Sanitized",
        "traceparent": "00-5e067f0836bd284cab753a1596dcf00a-7b1a99ff879f764e-00",
        "User-Agent": [
          "azsdk-net-Storage.Files.DataLake/12.0.0-dev.20200305.1",
          "(.NET Core 4.6.28325.01; Microsoft Windows 10.0.18363 )"
        ],
        "x-ms-client-request-id": "686203ab-b956-c6ca-36d1-5636ed615457",
        "x-ms-date": "Thu, 05 Mar 2020 22:20:01 GMT",
        "x-ms-return-client-request-id": "true",
        "x-ms-version": "2019-10-10"
      },
      "RequestBody": null,
      "StatusCode": 201,
      "ResponseHeaders": {
        "Content-Length": "0",
        "Date": "Thu, 05 Mar 2020 22:20:01 GMT",
        "ETag": "\u00220x8D7C153595B5A34\u0022",
        "Last-Modified": "Thu, 05 Mar 2020 22:20:02 GMT",
        "Server": [
          "Windows-Azure-HDFS/1.0",
          "Microsoft-HTTPAPI/2.0"
        ],
        "x-ms-client-request-id": "686203ab-b956-c6ca-36d1-5636ed615457",
        "x-ms-request-id": "bc4e6e0d-801f-0018-1e3c-f34d5c000000",
        "x-ms-version": "2019-10-10"
      },
      "ResponseBody": []
    },
    {
      "RequestUri": "https://seanstagehierarchical.dfs.core.windows.net/test-filesystem-b49a4bb5-9a00-7fba-fbcf-be6f6c1630bc/test-directory-9936d2a2-dd69-9b66-9d2d-828df0b6446e/test-file-d2e13d5a-f8dd-65fc-7ac6-ad7c8a302c4d?resource=file",
      "RequestMethod": "PUT",
      "RequestHeaders": {
        "Authorization": "Sanitized",
        "traceparent": "00-c28e751f06fc0344a7d5cf670416f0bb-2126bb1da2953f4a-00",
        "User-Agent": [
          "azsdk-net-Storage.Files.DataLake/12.0.0-dev.20200305.1",
          "(.NET Core 4.6.28325.01; Microsoft Windows 10.0.18363 )"
        ],
        "x-ms-cache-control": "control",
        "x-ms-client-request-id": "31dbfb98-3c6e-b3ab-06fd-ee8f0b4e3c05",
        "x-ms-content-disposition": "disposition",
        "x-ms-content-encoding": "encoding",
        "x-ms-content-language": "language",
        "x-ms-content-type": "type",
        "x-ms-date": "Thu, 05 Mar 2020 22:20:02 GMT",
        "x-ms-return-client-request-id": "true",
        "x-ms-version": "2019-10-10"
      },
      "RequestBody": null,
      "StatusCode": 201,
      "ResponseHeaders": {
        "Content-Length": "0",
        "Date": "Thu, 05 Mar 2020 22:20:01 GMT",
        "ETag": "\u00220x8D7C153596A127E\u0022",
        "Last-Modified": "Thu, 05 Mar 2020 22:20:02 GMT",
        "Server": [
          "Windows-Azure-HDFS/1.0",
          "Microsoft-HTTPAPI/2.0"
        ],
        "x-ms-client-request-id": "31dbfb98-3c6e-b3ab-06fd-ee8f0b4e3c05",
        "x-ms-request-id": "bc4e6e0e-801f-0018-1f3c-f34d5c000000",
        "x-ms-version": "2019-10-10"
      },
      "ResponseBody": []
    },
    {
      "RequestUri": "https://seanstagehierarchical.blob.core.windows.net/test-filesystem-b49a4bb5-9a00-7fba-fbcf-be6f6c1630bc/test-directory-9936d2a2-dd69-9b66-9d2d-828df0b6446e/test-file-d2e13d5a-f8dd-65fc-7ac6-ad7c8a302c4d",
      "RequestMethod": "HEAD",
      "RequestHeaders": {
        "Authorization": "Sanitized",
        "traceparent": "00-ced682612b318e47bafaf678d3e32bed-fb87fddb6f1a234d-00",
        "User-Agent": [
          "azsdk-net-Storage.Files.DataLake/12.0.0-dev.20200305.1",
          "(.NET Core 4.6.28325.01; Microsoft Windows 10.0.18363 )"
        ],
        "x-ms-client-request-id": "8ee32443-fb55-e1df-4e2e-e656ee87b772",
        "x-ms-date": "Thu, 05 Mar 2020 22:20:02 GMT",
        "x-ms-return-client-request-id": "true",
        "x-ms-version": "2019-10-10"
      },
      "RequestBody": null,
      "StatusCode": 200,
      "ResponseHeaders": {
        "Accept-Ranges": "bytes",
        "Cache-Control": "control",
        "Content-Disposition": "disposition",
        "Content-Encoding": "encoding",
        "Content-Language": "language",
        "Content-Length": "0",
        "Content-Type": "type",
        "Date": "Thu, 05 Mar 2020 22:20:01 GMT",
        "ETag": "\u00220x8D7C153596A127E\u0022",
        "Last-Modified": "Thu, 05 Mar 2020 22:20:02 GMT",
        "Server": [
          "Windows-Azure-Blob/1.0",
          "Microsoft-HTTPAPI/2.0"
        ],
        "x-ms-access-tier": "Hot",
        "x-ms-access-tier-inferred": "true",
        "x-ms-blob-type": "BlockBlob",
        "x-ms-client-request-id": "8ee32443-fb55-e1df-4e2e-e656ee87b772",
        "x-ms-creation-time": "Thu, 05 Mar 2020 22:20:02 GMT",
        "x-ms-lease-state": "available",
        "x-ms-lease-status": "unlocked",
        "x-ms-request-id": "e0bded52-301e-000d-1b3c-f35aef000000",
        "x-ms-server-encrypted": "true",
        "x-ms-version": "2019-10-10"
      },
      "ResponseBody": []
    },
    {
      "RequestUri": "https://seanstagehierarchical.blob.core.windows.net/test-filesystem-b49a4bb5-9a00-7fba-fbcf-be6f6c1630bc?restype=container",
      "RequestMethod": "DELETE",
      "RequestHeaders": {
        "Authorization": "Sanitized",
        "traceparent": "00-6812fe3d6ce34a4b90aae8393b965cf3-bb2f9395fc08b744-00",
        "User-Agent": [
          "azsdk-net-Storage.Files.DataLake/12.0.0-dev.20200305.1",
          "(.NET Core 4.6.28325.01; Microsoft Windows 10.0.18363 )"
        ],
        "x-ms-client-request-id": "e74b967e-ae6a-a9b0-2937-a55180ad8f9d",
        "x-ms-date": "Thu, 05 Mar 2020 22:20:02 GMT",
        "x-ms-return-client-request-id": "true",
        "x-ms-version": "2019-10-10"
      },
      "RequestBody": null,
      "StatusCode": 202,
      "ResponseHeaders": {
        "Content-Length": "0",
        "Date": "Thu, 05 Mar 2020 22:20:01 GMT",
        "Server": [
          "Windows-Azure-Blob/1.0",
          "Microsoft-HTTPAPI/2.0"
        ],
        "x-ms-client-request-id": "e74b967e-ae6a-a9b0-2937-a55180ad8f9d",
        "x-ms-request-id": "e0bded58-301e-000d-203c-f35aef000000",
        "x-ms-version": "2019-10-10"
      },
      "ResponseBody": []
    }
  ],
  "Variables": {
    "RandomSeed": "441121791",
    "Storage_TestConfigHierarchicalNamespace": "NamespaceTenant\nseanstagehierarchical\nU2FuaXRpemVk\nhttps://seanstagehierarchical.blob.core.windows.net\nhttp://seanstagehierarchical.file.core.windows.net\nhttp://seanstagehierarchical.queue.core.windows.net\nhttp://seanstagehierarchical.table.core.windows.net\n\n\n\n\nhttp://seanstagehierarchical-secondary.blob.core.windows.net\nhttp://seanstagehierarchical-secondary.file.core.windows.net\nhttp://seanstagehierarchical-secondary.queue.core.windows.net\nhttp://seanstagehierarchical-secondary.table.core.windows.net\n68390a19-a643-458b-b726-408abf67b4fc\nSanitized\n72f988bf-86f1-41af-91ab-2d7cd011db47\nhttps://login.microsoftonline.com/\nCloud\nBlobEndpoint=https://seanstagehierarchical.blob.core.windows.net/;QueueEndpoint=http://seanstagehierarchical.queue.core.windows.net/;FileEndpoint=http://seanstagehierarchical.file.core.windows.net/;BlobSecondaryEndpoint=http://seanstagehierarchical-secondary.blob.core.windows.net/;QueueSecondaryEndpoint=http://seanstagehierarchical-secondary.queue.core.windows.net/;FileSecondaryEndpoint=http://seanstagehierarchical-secondary.file.core.windows.net/;AccountName=seanstagehierarchical;AccountKey=Sanitized\n"
  }
}