{
  "Entries": [
    {
      "RequestUri": "https://seanstagehierarchical.blob.core.windows.net/test-filesystem-a88f1cf2-afed-209e-087d-f645939fbc7b?restype=container",
      "RequestMethod": "PUT",
      "RequestHeaders": {
        "Authorization": "Sanitized",
        "traceparent": "00-11225023b5fee14f901371f1cb5eb157-b343c29488ac054a-00",
        "User-Agent": [
          "azsdk-net-Storage.Files.DataLake/12.0.0-dev.20200305.1",
          "(.NET Core 4.6.28325.01; Microsoft Windows 10.0.18363 )"
        ],
        "x-ms-blob-public-access": "container",
        "x-ms-client-request-id": "506cb35a-7c4c-21d7-060a-6a4353f6fb45",
        "x-ms-date": "Thu, 05 Mar 2020 22:20:04 GMT",
        "x-ms-return-client-request-id": "true",
        "x-ms-version": "2019-12-12"
      },
      "RequestBody": null,
      "StatusCode": 201,
      "ResponseHeaders": {
        "Content-Length": "0",
        "Date": "Thu, 05 Mar 2020 22:20:04 GMT",
        "ETag": "\u00220x8D7C1535B03EC42\u0022",
        "Last-Modified": "Thu, 05 Mar 2020 22:20:04 GMT",
        "Server": [
          "Windows-Azure-Blob/1.0",
          "Microsoft-HTTPAPI/2.0"
        ],
        "x-ms-client-request-id": "506cb35a-7c4c-21d7-060a-6a4353f6fb45",
        "x-ms-request-id": "1985d013-201e-0011-713c-f3088f000000",
        "x-ms-version": "2019-12-12"
      },
      "ResponseBody": []
    },
    {
      "RequestUri": "https://seanstagehierarchical.dfs.core.windows.net/test-filesystem-a88f1cf2-afed-209e-087d-f645939fbc7b/test-directory-9ad48b24-412d-21cc-db1c-e6d3ac207812?resource=directory",
      "RequestMethod": "PUT",
      "RequestHeaders": {
        "Authorization": "Sanitized",
        "traceparent": "00-5ba8a794f50f464a94fd7558726e27db-f381cb501482634b-00",
        "User-Agent": [
          "azsdk-net-Storage.Files.DataLake/12.0.0-dev.20200305.1",
          "(.NET Core 4.6.28325.01; Microsoft Windows 10.0.18363 )"
        ],
        "x-ms-client-request-id": "1c59bd1e-2921-19fb-e64a-7430950475e5",
        "x-ms-date": "Thu, 05 Mar 2020 22:20:05 GMT",
        "x-ms-return-client-request-id": "true",
        "x-ms-version": "2019-12-12"
      },
      "RequestBody": null,
      "StatusCode": 201,
      "ResponseHeaders": {
        "Content-Length": "0",
        "Date": "Thu, 05 Mar 2020 22:20:05 GMT",
        "ETag": "\u00220x8D7C1535B37282F\u0022",
        "Last-Modified": "Thu, 05 Mar 2020 22:20:05 GMT",
        "Server": [
          "Windows-Azure-HDFS/1.0",
          "Microsoft-HTTPAPI/2.0"
        ],
        "x-ms-client-request-id": "1c59bd1e-2921-19fb-e64a-7430950475e5",
        "x-ms-request-id": "8f93da04-c01f-0044-743c-f31804000000",
        "x-ms-version": "2019-12-12"
      },
      "ResponseBody": []
    },
    {
      "RequestUri": "https://seanstagehierarchical.dfs.core.windows.net/test-filesystem-a88f1cf2-afed-209e-087d-f645939fbc7b/test-directory-9ad48b24-412d-21cc-db1c-e6d3ac207812/test-file-85895791-1c0b-b812-5c94-d9c96955bade?resource=file",
      "RequestMethod": "PUT",
      "RequestHeaders": {
        "If-None-Match": "*",
        "traceparent": "00-19d2ecede595024683a39fe740aaf16f-ef436e7fc7d07343-00",
        "User-Agent": [
          "azsdk-net-Storage.Files.DataLake/12.0.0-dev.20200305.1",
          "(.NET Core 4.6.28325.01; Microsoft Windows 10.0.18363 )"
        ],
        "x-ms-client-request-id": "0fe5f3ee-9a73-02bf-aaa1-c08d4f32af90",
        "x-ms-return-client-request-id": "true",
        "x-ms-version": "2019-12-12"
      },
      "RequestBody": null,
      "StatusCode": 403,
      "ResponseHeaders": {
        "Content-Length": "268",
        "Content-Type": "application/json; charset=utf-8",
        "Date": "Thu, 05 Mar 2020 22:20:05 GMT",
        "Server": [
          "Windows-Azure-HDFS/1.0",
          "Microsoft-HTTPAPI/2.0"
        ],
        "x-ms-client-request-id": "0fe5f3ee-9a73-02bf-aaa1-c08d4f32af90",
        "x-ms-error-code": "AuthenticationFailed",
        "x-ms-request-id": "8c455904-d01f-0048-543c-f38f0c000000",
        "x-ms-version": "2019-12-12"
      },
      "ResponseBody": {
        "error": {
          "code": "AuthenticationFailed",
          "message": "Server failed to authenticate the request. Make sure the value of Authorization header is formed correctly including the signature.\nRequestId:8c455904-d01f-0048-543c-f38f0c000000\nTime:2020-03-05T22:20:05.6177072Z"
        }
      }
    },
    {
      "RequestUri": "https://seanstagehierarchical.blob.core.windows.net/test-filesystem-a88f1cf2-afed-209e-087d-f645939fbc7b?restype=container",
      "RequestMethod": "DELETE",
      "RequestHeaders": {
        "Authorization": "Sanitized",
        "traceparent": "00-688de0cfc0bcfc438362bdaf4f74e724-f20a10e8b4ae8b43-00",
        "User-Agent": [
          "azsdk-net-Storage.Files.DataLake/12.0.0-dev.20200305.1",
          "(.NET Core 4.6.28325.01; Microsoft Windows 10.0.18363 )"
        ],
        "x-ms-client-request-id": "76da1de9-ab70-626a-5cb2-44269b6341a1",
        "x-ms-date": "Thu, 05 Mar 2020 22:20:05 GMT",
        "x-ms-return-client-request-id": "true",
        "x-ms-version": "2019-12-12"
      },
      "RequestBody": null,
      "StatusCode": 202,
      "ResponseHeaders": {
        "Content-Length": "0",
        "Date": "Thu, 05 Mar 2020 22:20:05 GMT",
        "Server": [
          "Windows-Azure-Blob/1.0",
          "Microsoft-HTTPAPI/2.0"
        ],
        "x-ms-client-request-id": "76da1de9-ab70-626a-5cb2-44269b6341a1",
        "x-ms-request-id": "1985d04b-201e-0011-253c-f3088f000000",
        "x-ms-version": "2019-12-12"
      },
      "ResponseBody": []
    }
  ],
  "Variables": {
    "RandomSeed": "357784819",
    "Storage_TestConfigHierarchicalNamespace": "NamespaceTenant\nseanstagehierarchical\nU2FuaXRpemVk\nhttps://seanstagehierarchical.blob.core.windows.net\nhttp://seanstagehierarchical.file.core.windows.net\nhttp://seanstagehierarchical.queue.core.windows.net\nhttp://seanstagehierarchical.table.core.windows.net\n\n\n\n\nhttp://seanstagehierarchical-secondary.blob.core.windows.net\nhttp://seanstagehierarchical-secondary.file.core.windows.net\nhttp://seanstagehierarchical-secondary.queue.core.windows.net\nhttp://seanstagehierarchical-secondary.table.core.windows.net\n68390a19-a643-458b-b726-408abf67b4fc\nSanitized\n72f988bf-86f1-41af-91ab-2d7cd011db47\nhttps://login.microsoftonline.com/\nCloud\nBlobEndpoint=https://seanstagehierarchical.blob.core.windows.net/;QueueEndpoint=http://seanstagehierarchical.queue.core.windows.net/;FileEndpoint=http://seanstagehierarchical.file.core.windows.net/;BlobSecondaryEndpoint=http://seanstagehierarchical-secondary.blob.core.windows.net/;QueueSecondaryEndpoint=http://seanstagehierarchical-secondary.queue.core.windows.net/;FileSecondaryEndpoint=http://seanstagehierarchical-secondary.file.core.windows.net/;AccountName=seanstagehierarchical;AccountKey=Sanitized\n"
  }
}