{
  "Entries": [
    {
      "RequestUri": "https://seanstagehierarchical.blob.core.windows.net/test-filesystem-b3bb3236-8b5b-bb9d-c545-014644ad0113?restype=container",
      "RequestMethod": "PUT",
      "RequestHeaders": {
        "Authorization": "Sanitized",
        "traceparent": "00-d16dc22c30d7904797f409d5db9b1885-44a939eb4af9b643-00",
        "User-Agent": [
          "azsdk-net-Storage.Files.DataLake/12.0.0-dev.20200305.1",
          "(.NET Core 4.6.28325.01; Microsoft Windows 10.0.18363 )"
        ],
        "x-ms-blob-public-access": "container",
        "x-ms-client-request-id": "e1c7d003-2f65-66c6-87f1-0b68957ed809",
        "x-ms-date": "Thu, 05 Mar 2020 22:30:09 GMT",
        "x-ms-return-client-request-id": "true",
        "x-ms-version": "2019-12-12"
      },
      "RequestBody": null,
      "StatusCode": 201,
      "ResponseHeaders": {
        "Content-Length": "0",
        "Date": "Thu, 05 Mar 2020 22:30:09 GMT",
        "ETag": "\u00220x8D7C154C3905855\u0022",
        "Last-Modified": "Thu, 05 Mar 2020 22:30:09 GMT",
        "Server": [
          "Windows-Azure-Blob/1.0",
          "Microsoft-HTTPAPI/2.0"
        ],
        "x-ms-client-request-id": "e1c7d003-2f65-66c6-87f1-0b68957ed809",
        "x-ms-request-id": "c74f6368-a01e-000f-433d-f3e457000000",
        "x-ms-version": "2019-12-12"
      },
      "ResponseBody": []
    },
    {
      "RequestUri": "https://seanstagehierarchical.dfs.core.windows.net/test-filesystem-b3bb3236-8b5b-bb9d-c545-014644ad0113/test-directory-2053087e-147f-f456-aab8-7d49817c4131?resource=directory",
      "RequestMethod": "PUT",
      "RequestHeaders": {
        "Authorization": "Sanitized",
        "traceparent": "00-4e12cd4e56c1cd4183fec47271265f8f-768081449dc4cc41-00",
        "User-Agent": [
          "azsdk-net-Storage.Files.DataLake/12.0.0-dev.20200305.1",
          "(.NET Core 4.6.28325.01; Microsoft Windows 10.0.18363 )"
        ],
        "x-ms-client-request-id": "4bd436dc-cad8-aa37-3d43-9727686a8c5d",
        "x-ms-date": "Thu, 05 Mar 2020 22:30:09 GMT",
        "x-ms-return-client-request-id": "true",
        "x-ms-version": "2019-12-12"
      },
      "RequestBody": null,
      "StatusCode": 201,
      "ResponseHeaders": {
        "Content-Length": "0",
        "Date": "Thu, 05 Mar 2020 22:30:10 GMT",
        "ETag": "\u00220x8D7C154C3C4394A\u0022",
        "Last-Modified": "Thu, 05 Mar 2020 22:30:10 GMT",
        "Server": [
          "Windows-Azure-HDFS/1.0",
          "Microsoft-HTTPAPI/2.0"
        ],
        "x-ms-client-request-id": "4bd436dc-cad8-aa37-3d43-9727686a8c5d",
        "x-ms-request-id": "5d5861ee-101f-000a-493d-f3368c000000",
        "x-ms-version": "2019-12-12"
      },
      "ResponseBody": []
    },
    {
      "RequestUri": "https://seanstagehierarchical.dfs.core.windows.net/test-filesystem-b3bb3236-8b5b-bb9d-c545-014644ad0113/test-directory-2053087e-147f-f456-aab8-7d49817c4131/test-file-d248637f-174d-6280-1516-7fd71ba0ac9d?resource=file",
      "RequestMethod": "PUT",
      "RequestHeaders": {
        "Authorization": "Sanitized",
        "User-Agent": [
          "azsdk-net-Storage.Files.DataLake/12.0.0-dev.20200305.1",
          "(.NET Core 4.6.28325.01; Microsoft Windows 10.0.18363 )"
        ],
        "x-ms-client-request-id": "5f8c499c-8caa-4131-a9c6-418d8bf0a225",
        "x-ms-date": "Thu, 05 Mar 2020 22:30:10 GMT",
        "x-ms-return-client-request-id": "true",
        "x-ms-version": "2019-12-12"
      },
      "RequestBody": null,
      "StatusCode": 201,
      "ResponseHeaders": {
        "Content-Length": "0",
        "Date": "Thu, 05 Mar 2020 22:30:10 GMT",
        "ETag": "\u00220x8D7C154C3D26589\u0022",
        "Last-Modified": "Thu, 05 Mar 2020 22:30:10 GMT",
        "Server": [
          "Windows-Azure-HDFS/1.0",
          "Microsoft-HTTPAPI/2.0"
        ],
        "x-ms-client-request-id": "5f8c499c-8caa-4131-a9c6-418d8bf0a225",
        "x-ms-request-id": "5d5861ef-101f-000a-4a3d-f3368c000000",
        "x-ms-version": "2019-12-12"
      },
      "ResponseBody": []
    },
    {
      "RequestUri": "https://login.microsoftonline.com/72f988bf-86f1-41af-91ab-2d7cd011db47/oauth2/v2.0/token",
      "RequestMethod": "POST",
      "RequestHeaders": {
        "Content-Length": "169",
        "Content-Type": "application/x-www-form-urlencoded",
        "traceparent": "00-7c93c40ba6c1d54ea6111d8403041076-2872a37f84631f4b-00",
        "User-Agent": [
          "azsdk-net-Identity/1.1.1",
          "(.NET Core 4.6.28325.01; Microsoft Windows 10.0.18363 )"
        ],
        "x-ms-client-request-id": "a0a52c194aa974626a6ba0b6fa14c8b1",
        "x-ms-return-client-request-id": "true"
      },
      "RequestBody": "response_type=token\u0026grant_type=client_credentials\u0026client_id=68390a19-a643-458b-b726-408abf67b4fc\u0026client_secret=Sanitized\u0026scope=https%3A%2F%2Fstorage.azure.com%2F.default",
      "StatusCode": 200,
      "ResponseHeaders": {
        "Cache-Control": "no-store, no-cache",
        "Content-Length": "90",
        "Content-Type": "application/json; charset=utf-8",
        "Date": "Thu, 05 Mar 2020 22:30:09 GMT",
        "Expires": "-1",
        "P3P": "CP=\u0022DSP CUR OTPi IND OTRi ONL FIN\u0022",
        "Pragma": "no-cache",
        "Set-Cookie": [
          "fpc=ArTvBWey0ZZBqTYkNGGRkkXeSEc1AwAAAGx089UOAAAA; expires=Sat, 04-Apr-2020 22:30:10 GMT; path=/; secure; HttpOnly; SameSite=None",
          "x-ms-gateway-slice=corp; path=/; SameSite=None; secure; HttpOnly",
          "stsservicecookie=estscorp; path=/; secure; HttpOnly; SameSite=None"
        ],
        "Strict-Transport-Security": "max-age=31536000; includeSubDomains",
        "X-Content-Type-Options": "nosniff",
        "x-ms-ests-server": "2.1.10155.16 - WST ProdSlices",
        "x-ms-request-id": "0c60508f-0775-469d-a572-2906ff850900"
      },
      "ResponseBody": {
        "token_type": "Bearer",
        "expires_in": 3599,
        "ext_expires_in": 3599,
        "access_token": "Sanitized"
      }
    },
    {
      "RequestUri": "https://seanstagehierarchical.blob.core.windows.net/?restype=service\u0026comp=userdelegationkey",
      "RequestMethod": "POST",
      "RequestHeaders": {
        "Authorization": "Sanitized",
        "Content-Length": "56",
        "Content-Type": "application/xml",
        "traceparent": "00-7c93c40ba6c1d54ea6111d8403041076-48593a01484a094c-00",
        "User-Agent": [
          "azsdk-net-Storage.Files.DataLake/12.0.0-dev.20200305.1",
          "(.NET Core 4.6.28325.01; Microsoft Windows 10.0.18363 )"
        ],
        "x-ms-client-request-id": "1e8bedea-2dde-62b2-ce54-831c7ae954c8",
        "x-ms-return-client-request-id": "true",
        "x-ms-version": "2019-12-12"
      },
      "RequestBody": "\u003CKeyInfo\u003E\u003CExpiry\u003E2020-03-05T23:30:10Z\u003C/Expiry\u003E\u003C/KeyInfo\u003E",
      "StatusCode": 200,
      "ResponseHeaders": {
        "Content-Type": "application/xml",
        "Date": "Thu, 05 Mar 2020 22:30:10 GMT",
        "Server": [
          "Windows-Azure-Blob/1.0",
          "Microsoft-HTTPAPI/2.0"
        ],
        "Transfer-Encoding": "chunked",
        "x-ms-client-request-id": "1e8bedea-2dde-62b2-ce54-831c7ae954c8",
        "x-ms-request-id": "83089735-a01e-001f-243d-f3213f000000",
        "x-ms-version": "2019-12-12"
      },
      "ResponseBody": "\uFEFF\u003C?xml version=\u00221.0\u0022 encoding=\u0022utf-8\u0022?\u003E\u003CUserDelegationKey\u003E\u003CSignedOid\u003Ec4f48289-bb84-4086-b250-6f94a8f64cee\u003C/SignedOid\u003E\u003CSignedTid\u003E72f988bf-86f1-41af-91ab-2d7cd011db47\u003C/SignedTid\u003E\u003CSignedStart\u003E2020-03-05T22:30:10Z\u003C/SignedStart\u003E\u003CSignedExpiry\u003E2020-03-05T23:30:10Z\u003C/SignedExpiry\u003E\u003CSignedService\u003Eb\u003C/SignedService\u003E\u003CSignedVersion\u003E2019-12-12\u003C/SignedVersion\u003E\u003CValue\u003EtXPP8A79cJEw\u002BQBDz8MWr0hJPcd20AVa01vmcMhfSyE=\u003C/Value\u003E\u003C/UserDelegationKey\u003E"
    },
    {
      "RequestUri": "https://seanstagehierarchical.blob.core.windows.net/test-filesystem-b3bb3236-8b5b-bb9d-c545-014644ad0113/test-directory-2053087e-147f-f456-aab8-7d49817c4131/test-file-d248637f-174d-6280-1516-7fd71ba0ac9d?skoid=c4f48289-bb84-4086-b250-6f94a8f64cee\u0026sktid=72f988bf-86f1-41af-91ab-2d7cd011db47\u0026skt=2020-03-05T22%3A30%3A10Z\u0026ske=2020-03-05T23%3A30%3A10Z\u0026sks=b\u0026skv=2019-12-12\u0026sv=2019-12-12\u0026st=2020-03-05T21%3A30%3A10Z\u0026se=2020-03-05T23%3A30%3A10Z\u0026sr=c\u0026sp=racwdl\u0026sig=Sanitized",
      "RequestMethod": "HEAD",
      "RequestHeaders": {
        "traceparent": "00-4a6b2e0e120e3a46991c5c64c00eaa48-6f23db9339445b4c-00",
        "User-Agent": [
          "azsdk-net-Storage.Files.DataLake/12.0.0-dev.20200305.1",
          "(.NET Core 4.6.28325.01; Microsoft Windows 10.0.18363 )"
        ],
        "x-ms-client-request-id": "4b02ca9e-d052-9f53-8a16-b3738cfc67b9",
        "x-ms-return-client-request-id": "true",
        "x-ms-version": "2019-12-12"
      },
      "RequestBody": null,
      "StatusCode": 200,
      "ResponseHeaders": {
        "Accept-Ranges": "bytes",
        "Content-Length": "0",
        "Content-Type": "application/octet-stream",
        "Date": "Thu, 05 Mar 2020 22:30:10 GMT",
        "ETag": "\u00220x8D7C154C3D26589\u0022",
        "Last-Modified": "Thu, 05 Mar 2020 22:30:10 GMT",
        "Server": [
          "Windows-Azure-Blob/1.0",
          "Microsoft-HTTPAPI/2.0"
        ],
        "x-ms-access-tier": "Hot",
        "x-ms-access-tier-inferred": "true",
        "x-ms-blob-type": "BlockBlob",
        "x-ms-client-request-id": "4b02ca9e-d052-9f53-8a16-b3738cfc67b9",
        "x-ms-creation-time": "Thu, 05 Mar 2020 22:30:10 GMT",
        "x-ms-lease-state": "available",
        "x-ms-lease-status": "unlocked",
        "x-ms-request-id": "816102cb-d01e-002a-463d-f34d2b000000",
        "x-ms-server-encrypted": "true",
        "x-ms-version": "2019-12-12"
      },
      "ResponseBody": []
    },
    {
      "RequestUri": "https://seanstagehierarchical.blob.core.windows.net/test-filesystem-b3bb3236-8b5b-bb9d-c545-014644ad0113?restype=container",
      "RequestMethod": "DELETE",
      "RequestHeaders": {
        "Authorization": "Sanitized",
        "traceparent": "00-2e158cbd6bbd13498d971993341766b4-d9aa7eaface2134e-00",
        "User-Agent": [
          "azsdk-net-Storage.Files.DataLake/12.0.0-dev.20200305.1",
          "(.NET Core 4.6.28325.01; Microsoft Windows 10.0.18363 )"
        ],
        "x-ms-client-request-id": "2f17ccc4-7c12-845e-f002-144ed0d3e0ea",
        "x-ms-date": "Thu, 05 Mar 2020 22:30:11 GMT",
        "x-ms-return-client-request-id": "true",
        "x-ms-version": "2019-12-12"
      },
      "RequestBody": null,
      "StatusCode": 202,
      "ResponseHeaders": {
        "Content-Length": "0",
        "Date": "Thu, 05 Mar 2020 22:30:10 GMT",
        "Server": [
          "Windows-Azure-Blob/1.0",
          "Microsoft-HTTPAPI/2.0"
        ],
        "x-ms-client-request-id": "2f17ccc4-7c12-845e-f002-144ed0d3e0ea",
        "x-ms-request-id": "c74f639d-a01e-000f-733d-f3e457000000",
        "x-ms-version": "2019-12-12"
      },
      "ResponseBody": []
    }
  ],
  "Variables": {
    "DateTimeOffsetNow": "2020-03-05T14:30:10.4069872-08:00",
    "RandomSeed": "705456010",
    "Storage_TestConfigHierarchicalNamespace": "NamespaceTenant\nseanstagehierarchical\nU2FuaXRpemVk\nhttps://seanstagehierarchical.blob.core.windows.net\nhttp://seanstagehierarchical.file.core.windows.net\nhttp://seanstagehierarchical.queue.core.windows.net\nhttp://seanstagehierarchical.table.core.windows.net\n\n\n\n\nhttp://seanstagehierarchical-secondary.blob.core.windows.net\nhttp://seanstagehierarchical-secondary.file.core.windows.net\nhttp://seanstagehierarchical-secondary.queue.core.windows.net\nhttp://seanstagehierarchical-secondary.table.core.windows.net\n68390a19-a643-458b-b726-408abf67b4fc\nSanitized\n72f988bf-86f1-41af-91ab-2d7cd011db47\nhttps://login.microsoftonline.com/\nCloud\nBlobEndpoint=https://seanstagehierarchical.blob.core.windows.net/;QueueEndpoint=http://seanstagehierarchical.queue.core.windows.net/;FileEndpoint=http://seanstagehierarchical.file.core.windows.net/;BlobSecondaryEndpoint=http://seanstagehierarchical-secondary.blob.core.windows.net/;QueueSecondaryEndpoint=http://seanstagehierarchical-secondary.queue.core.windows.net/;FileSecondaryEndpoint=http://seanstagehierarchical-secondary.file.core.windows.net/;AccountName=seanstagehierarchical;AccountKey=Sanitized\n"
  }
}