{
  "Entries": [
    {
      "RequestUri": "https://seanstagehierarchical.blob.core.windows.net/test-filesystem-1d81ac7a-7ee9-bea7-f54a-7446dc9c85b7?restype=container",
      "RequestMethod": "PUT",
      "RequestHeaders": {
        "Authorization": "Sanitized",
        "traceparent": "00-7f1b57f855b73b49a224ea7224de928e-83923bf743d59042-00",
        "User-Agent": [
          "azsdk-net-Storage.Files.DataLake/12.0.0-dev.20200305.1",
          "(.NET Core 4.6.28325.01; Microsoft Windows 10.0.18363 )"
        ],
        "x-ms-blob-public-access": "container",
        "x-ms-client-request-id": "d1069d21-6ee9-d8ca-806d-7fe08aca1b95",
        "x-ms-date": "Thu, 05 Mar 2020 22:22:48 GMT",
        "x-ms-return-client-request-id": "true",
        "x-ms-version": "2019-12-12"
      },
      "RequestBody": null,
      "StatusCode": 201,
      "ResponseHeaders": {
        "Content-Length": "0",
        "Date": "Thu, 05 Mar 2020 22:22:48 GMT",
        "ETag": "\u00220x8D7C153BCD6972B\u0022",
        "Last-Modified": "Thu, 05 Mar 2020 22:22:49 GMT",
        "Server": [
          "Windows-Azure-Blob/1.0",
          "Microsoft-HTTPAPI/2.0"
        ],
        "x-ms-client-request-id": "d1069d21-6ee9-d8ca-806d-7fe08aca1b95",
        "x-ms-request-id": "09ae9aba-001e-0029-013c-f3ac4f000000",
        "x-ms-version": "2019-12-12"
      },
      "ResponseBody": []
    },
    {
      "RequestUri": "https://seanstagehierarchical.dfs.core.windows.net/test-filesystem-1d81ac7a-7ee9-bea7-f54a-7446dc9c85b7/test-file-08b588e4-7cb2-fadd-d90b-2f3653dcc54b?resource=file",
      "RequestMethod": "PUT",
      "RequestHeaders": {
        "Authorization": "Sanitized",
        "traceparent": "00-f1fd8d695a97684ebe6ee58df7d4ff6f-76f2ac49c355c844-00",
        "User-Agent": [
          "azsdk-net-Storage.Files.DataLake/12.0.0-dev.20200305.1",
          "(.NET Core 4.6.28325.01; Microsoft Windows 10.0.18363 )"
        ],
        "x-ms-client-request-id": "70e69497-2ff4-a521-bf0c-f8dd3e9484a3",
        "x-ms-date": "Thu, 05 Mar 2020 22:22:49 GMT",
        "x-ms-return-client-request-id": "true",
        "x-ms-version": "2019-12-12"
      },
      "RequestBody": null,
      "StatusCode": 201,
      "ResponseHeaders": {
        "Content-Length": "0",
        "Date": "Thu, 05 Mar 2020 22:22:48 GMT",
        "ETag": "\u00220x8D7C153BD090B70\u0022",
        "Last-Modified": "Thu, 05 Mar 2020 22:22:49 GMT",
        "Server": [
          "Windows-Azure-HDFS/1.0",
          "Microsoft-HTTPAPI/2.0"
        ],
        "x-ms-client-request-id": "70e69497-2ff4-a521-bf0c-f8dd3e9484a3",
        "x-ms-request-id": "92290ae6-a01f-000f-4e3c-f3e457000000",
        "x-ms-version": "2019-12-12"
      },
      "ResponseBody": []
    },
    {
      "RequestUri": "https://seanstagehierarchical.blob.core.windows.net/test-filesystem-1d81ac7a-7ee9-bea7-f54a-7446dc9c85b7/test-file-08b588e4-7cb2-fadd-d90b-2f3653dcc54b?comp=metadata",
      "RequestMethod": "PUT",
      "RequestHeaders": {
        "Authorization": "Sanitized",
        "User-Agent": [
          "azsdk-net-Storage.Files.DataLake/12.0.0-dev.20200305.1",
          "(.NET Core 4.6.28325.01; Microsoft Windows 10.0.18363 )"
        ],
        "x-ms-client-request-id": "bf9e0c20-54f5-e356-807f-7f8abaf031fc",
        "x-ms-date": "Thu, 05 Mar 2020 22:22:49 GMT",
        "x-ms-meta-Capital": "letter",
        "x-ms-meta-foo": "bar",
        "x-ms-meta-meta": "data",
        "x-ms-meta-UPPER": "case",
        "x-ms-return-client-request-id": "true",
        "x-ms-version": "2019-12-12"
      },
      "RequestBody": null,
      "StatusCode": 200,
      "ResponseHeaders": {
        "Content-Length": "0",
        "Date": "Thu, 05 Mar 2020 22:22:48 GMT",
        "ETag": "\u00220x8D7C153BD155A5D\u0022",
        "Last-Modified": "Thu, 05 Mar 2020 22:22:49 GMT",
        "Server": [
          "Windows-Azure-Blob/1.0",
          "Microsoft-HTTPAPI/2.0"
        ],
        "x-ms-client-request-id": "bf9e0c20-54f5-e356-807f-7f8abaf031fc",
        "x-ms-request-id": "09ae9abe-001e-0029-023c-f3ac4f000000",
        "x-ms-request-server-encrypted": "true",
        "x-ms-version": "2019-12-12"
      },
      "ResponseBody": []
    },
    {
      "RequestUri": "https://seanstagehierarchical.blob.core.windows.net/test-filesystem-1d81ac7a-7ee9-bea7-f54a-7446dc9c85b7?restype=container",
      "RequestMethod": "DELETE",
      "RequestHeaders": {
        "Authorization": "Sanitized",
        "traceparent": "00-a472f4cd42a5364a9c3bfa564a355d4e-64bf1a273a2e5b41-00",
        "User-Agent": [
          "azsdk-net-Storage.Files.DataLake/12.0.0-dev.20200305.1",
          "(.NET Core 4.6.28325.01; Microsoft Windows 10.0.18363 )"
        ],
        "x-ms-client-request-id": "32bd1212-c4f5-53ae-ddea-68265d7576ca",
        "x-ms-date": "Thu, 05 Mar 2020 22:22:49 GMT",
        "x-ms-return-client-request-id": "true",
        "x-ms-version": "2019-12-12"
      },
      "RequestBody": null,
      "StatusCode": 202,
      "ResponseHeaders": {
        "Content-Length": "0",
        "Date": "Thu, 05 Mar 2020 22:22:49 GMT",
        "Server": [
          "Windows-Azure-Blob/1.0",
          "Microsoft-HTTPAPI/2.0"
        ],
        "x-ms-client-request-id": "32bd1212-c4f5-53ae-ddea-68265d7576ca",
        "x-ms-request-id": "09ae9abf-001e-0029-033c-f3ac4f000000",
        "x-ms-version": "2019-12-12"
      },
      "ResponseBody": []
    },
    {
      "RequestUri": "https://seanstagehierarchical.blob.core.windows.net/test-filesystem-a2db7a13-2c54-1dc0-8de3-2a409fa72ae3?restype=container",
      "RequestMethod": "PUT",
      "RequestHeaders": {
        "Authorization": "Sanitized",
        "traceparent": "00-13485a0acdcbe1429d16817d59be2433-b75798e1df53c740-00",
        "User-Agent": [
          "azsdk-net-Storage.Files.DataLake/12.0.0-dev.20200305.1",
          "(.NET Core 4.6.28325.01; Microsoft Windows 10.0.18363 )"
        ],
        "x-ms-blob-public-access": "container",
        "x-ms-client-request-id": "3e9bea3e-44c0-e626-52a0-a4129a6db335",
        "x-ms-date": "Thu, 05 Mar 2020 22:22:49 GMT",
        "x-ms-return-client-request-id": "true",
        "x-ms-version": "2019-12-12"
      },
      "RequestBody": null,
      "StatusCode": 201,
      "ResponseHeaders": {
        "Content-Length": "0",
        "Date": "Thu, 05 Mar 2020 22:22:49 GMT",
        "ETag": "\u00220x8D7C153BD64CB94\u0022",
        "Last-Modified": "Thu, 05 Mar 2020 22:22:50 GMT",
        "Server": [
          "Windows-Azure-Blob/1.0",
          "Microsoft-HTTPAPI/2.0"
        ],
        "x-ms-client-request-id": "3e9bea3e-44c0-e626-52a0-a4129a6db335",
        "x-ms-request-id": "b9eb9e81-001e-0016-023c-f364ec000000",
        "x-ms-version": "2019-12-12"
      },
      "ResponseBody": []
    },
    {
      "RequestUri": "https://seanstagehierarchical.dfs.core.windows.net/test-filesystem-a2db7a13-2c54-1dc0-8de3-2a409fa72ae3/test-file-588e84c0-cdfd-1598-72f7-36b73c848435?resource=file",
      "RequestMethod": "PUT",
      "RequestHeaders": {
        "Authorization": "Sanitized",
        "traceparent": "00-c8f9c3da85e8a24e82d9a39b64075883-c14827399df48d4a-00",
        "User-Agent": [
          "azsdk-net-Storage.Files.DataLake/12.0.0-dev.20200305.1",
          "(.NET Core 4.6.28325.01; Microsoft Windows 10.0.18363 )"
        ],
        "x-ms-client-request-id": "147bb9e9-04c9-7122-5286-cbc80e6fa9cd",
        "x-ms-date": "Thu, 05 Mar 2020 22:22:50 GMT",
        "x-ms-return-client-request-id": "true",
        "x-ms-version": "2019-12-12"
      },
      "RequestBody": null,
      "StatusCode": 201,
      "ResponseHeaders": {
        "Content-Length": "0",
        "Date": "Thu, 05 Mar 2020 22:22:50 GMT",
        "ETag": "\u00220x8D7C153BD9BEE32\u0022",
        "Last-Modified": "Thu, 05 Mar 2020 22:22:50 GMT",
        "Server": [
          "Windows-Azure-HDFS/1.0",
          "Microsoft-HTTPAPI/2.0"
        ],
        "x-ms-client-request-id": "147bb9e9-04c9-7122-5286-cbc80e6fa9cd",
        "x-ms-request-id": "6c7e856f-101f-0047-743c-f3f960000000",
        "x-ms-version": "2019-12-12"
      },
      "ResponseBody": []
    },
    {
      "RequestUri": "https://seanstagehierarchical.blob.core.windows.net/test-filesystem-a2db7a13-2c54-1dc0-8de3-2a409fa72ae3/test-file-588e84c0-cdfd-1598-72f7-36b73c848435?comp=metadata",
      "RequestMethod": "PUT",
      "RequestHeaders": {
        "Authorization": "Sanitized",
        "If-Modified-Since": "Wed, 04 Mar 2020 22:22:48 GMT",
        "User-Agent": [
          "azsdk-net-Storage.Files.DataLake/12.0.0-dev.20200305.1",
          "(.NET Core 4.6.28325.01; Microsoft Windows 10.0.18363 )"
        ],
        "x-ms-client-request-id": "83cd37ae-6f09-806b-e790-61861f5a436f",
        "x-ms-date": "Thu, 05 Mar 2020 22:22:50 GMT",
        "x-ms-meta-Capital": "letter",
        "x-ms-meta-foo": "bar",
        "x-ms-meta-meta": "data",
        "x-ms-meta-UPPER": "case",
        "x-ms-return-client-request-id": "true",
        "x-ms-version": "2019-12-12"
      },
      "RequestBody": null,
      "StatusCode": 200,
      "ResponseHeaders": {
        "Content-Length": "0",
        "Date": "Thu, 05 Mar 2020 22:22:50 GMT",
        "ETag": "\u00220x8D7C153BDA8ACDF\u0022",
        "Last-Modified": "Thu, 05 Mar 2020 22:22:50 GMT",
        "Server": [
          "Windows-Azure-Blob/1.0",
          "Microsoft-HTTPAPI/2.0"
        ],
        "x-ms-client-request-id": "83cd37ae-6f09-806b-e790-61861f5a436f",
        "x-ms-request-id": "b9eb9e9a-001e-0016-163c-f364ec000000",
        "x-ms-request-server-encrypted": "true",
        "x-ms-version": "2019-12-12"
      },
      "ResponseBody": []
    },
    {
      "RequestUri": "https://seanstagehierarchical.blob.core.windows.net/test-filesystem-a2db7a13-2c54-1dc0-8de3-2a409fa72ae3?restype=container",
      "RequestMethod": "DELETE",
      "RequestHeaders": {
        "Authorization": "Sanitized",
        "traceparent": "00-bedd8fe5848174409d8f2f0893ae1ba1-53fcac029cbdb240-00",
        "User-Agent": [
          "azsdk-net-Storage.Files.DataLake/12.0.0-dev.20200305.1",
          "(.NET Core 4.6.28325.01; Microsoft Windows 10.0.18363 )"
        ],
        "x-ms-client-request-id": "d71a4dcb-26a1-acc4-030b-a8db9da3b406",
        "x-ms-date": "Thu, 05 Mar 2020 22:22:50 GMT",
        "x-ms-return-client-request-id": "true",
        "x-ms-version": "2019-12-12"
      },
      "RequestBody": null,
      "StatusCode": 202,
      "ResponseHeaders": {
        "Content-Length": "0",
        "Date": "Thu, 05 Mar 2020 22:22:50 GMT",
        "Server": [
          "Windows-Azure-Blob/1.0",
          "Microsoft-HTTPAPI/2.0"
        ],
        "x-ms-client-request-id": "d71a4dcb-26a1-acc4-030b-a8db9da3b406",
        "x-ms-request-id": "b9eb9eb0-001e-0016-2b3c-f364ec000000",
        "x-ms-version": "2019-12-12"
      },
      "ResponseBody": []
    },
    {
      "RequestUri": "https://seanstagehierarchical.blob.core.windows.net/test-filesystem-ef840af7-d08f-f515-a5e3-f262bcddf631?restype=container",
      "RequestMethod": "PUT",
      "RequestHeaders": {
        "Authorization": "Sanitized",
        "traceparent": "00-00b8e72fefa8c94b88bc638e5102643b-4023c66a32945d41-00",
        "User-Agent": [
          "azsdk-net-Storage.Files.DataLake/12.0.0-dev.20200305.1",
          "(.NET Core 4.6.28325.01; Microsoft Windows 10.0.18363 )"
        ],
        "x-ms-blob-public-access": "container",
        "x-ms-client-request-id": "7f96acf2-0932-fbbd-3825-32bd3361ef26",
        "x-ms-date": "Thu, 05 Mar 2020 22:22:50 GMT",
        "x-ms-return-client-request-id": "true",
        "x-ms-version": "2019-12-12"
      },
      "RequestBody": null,
      "StatusCode": 201,
      "ResponseHeaders": {
        "Content-Length": "0",
        "Date": "Thu, 05 Mar 2020 22:22:50 GMT",
        "ETag": "\u00220x8D7C153BDE60FB4\u0022",
        "Last-Modified": "Thu, 05 Mar 2020 22:22:50 GMT",
        "Server": [
          "Windows-Azure-Blob/1.0",
          "Microsoft-HTTPAPI/2.0"
        ],
        "x-ms-client-request-id": "7f96acf2-0932-fbbd-3825-32bd3361ef26",
        "x-ms-request-id": "9d99e3c4-f01e-0002-073c-f32c83000000",
        "x-ms-version": "2019-12-12"
      },
      "ResponseBody": []
    },
    {
      "RequestUri": "https://seanstagehierarchical.dfs.core.windows.net/test-filesystem-ef840af7-d08f-f515-a5e3-f262bcddf631/test-file-89447615-e3e8-8bc6-3dc2-2bc5e8b8e4ee?resource=file",
      "RequestMethod": "PUT",
      "RequestHeaders": {
        "Authorization": "Sanitized",
        "traceparent": "00-a49163baf287ee46bc619f7ca2c80efd-864651f73c20ed4f-00",
        "User-Agent": [
          "azsdk-net-Storage.Files.DataLake/12.0.0-dev.20200305.1",
          "(.NET Core 4.6.28325.01; Microsoft Windows 10.0.18363 )"
        ],
        "x-ms-client-request-id": "9947c1da-c271-0e04-e60b-4270def8127f",
        "x-ms-date": "Thu, 05 Mar 2020 22:22:50 GMT",
        "x-ms-return-client-request-id": "true",
        "x-ms-version": "2019-12-12"
      },
      "RequestBody": null,
      "StatusCode": 201,
      "ResponseHeaders": {
        "Content-Length": "0",
        "Date": "Thu, 05 Mar 2020 22:22:50 GMT",
        "ETag": "\u00220x8D7C153BE19E0B2\u0022",
        "Last-Modified": "Thu, 05 Mar 2020 22:22:51 GMT",
        "Server": [
          "Windows-Azure-HDFS/1.0",
          "Microsoft-HTTPAPI/2.0"
        ],
        "x-ms-client-request-id": "9947c1da-c271-0e04-e60b-4270def8127f",
        "x-ms-request-id": "3ab45e4b-601f-002f-443c-f39ff0000000",
        "x-ms-version": "2019-12-12"
      },
      "ResponseBody": []
    },
    {
      "RequestUri": "https://seanstagehierarchical.blob.core.windows.net/test-filesystem-ef840af7-d08f-f515-a5e3-f262bcddf631/test-file-89447615-e3e8-8bc6-3dc2-2bc5e8b8e4ee?comp=metadata",
      "RequestMethod": "PUT",
      "RequestHeaders": {
        "Authorization": "Sanitized",
        "If-Unmodified-Since": "Fri, 06 Mar 2020 22:22:48 GMT",
        "User-Agent": [
          "azsdk-net-Storage.Files.DataLake/12.0.0-dev.20200305.1",
          "(.NET Core 4.6.28325.01; Microsoft Windows 10.0.18363 )"
        ],
        "x-ms-client-request-id": "27ebc933-4a71-d47c-0161-283a348faf5f",
        "x-ms-date": "Thu, 05 Mar 2020 22:22:51 GMT",
        "x-ms-meta-Capital": "letter",
        "x-ms-meta-foo": "bar",
        "x-ms-meta-meta": "data",
        "x-ms-meta-UPPER": "case",
        "x-ms-return-client-request-id": "true",
        "x-ms-version": "2019-12-12"
      },
      "RequestBody": null,
      "StatusCode": 200,
      "ResponseHeaders": {
        "Content-Length": "0",
        "Date": "Thu, 05 Mar 2020 22:22:50 GMT",
        "ETag": "\u00220x8D7C153BE2C0158\u0022",
        "Last-Modified": "Thu, 05 Mar 2020 22:22:51 GMT",
        "Server": [
          "Windows-Azure-Blob/1.0",
          "Microsoft-HTTPAPI/2.0"
        ],
        "x-ms-client-request-id": "27ebc933-4a71-d47c-0161-283a348faf5f",
        "x-ms-request-id": "9d99e3db-f01e-0002-173c-f32c83000000",
        "x-ms-request-server-encrypted": "true",
        "x-ms-version": "2019-12-12"
      },
      "ResponseBody": []
    },
    {
      "RequestUri": "https://seanstagehierarchical.blob.core.windows.net/test-filesystem-ef840af7-d08f-f515-a5e3-f262bcddf631?restype=container",
      "RequestMethod": "DELETE",
      "RequestHeaders": {
        "Authorization": "Sanitized",
        "traceparent": "00-1924643e455391458d4f31c4d9f290ad-100fd25ba49d6740-00",
        "User-Agent": [
          "azsdk-net-Storage.Files.DataLake/12.0.0-dev.20200305.1",
          "(.NET Core 4.6.28325.01; Microsoft Windows 10.0.18363 )"
        ],
        "x-ms-client-request-id": "143c15ba-eb0d-f60d-c751-2c8fb7a46ae7",
        "x-ms-date": "Thu, 05 Mar 2020 22:22:51 GMT",
        "x-ms-return-client-request-id": "true",
        "x-ms-version": "2019-12-12"
      },
      "RequestBody": null,
      "StatusCode": 202,
      "ResponseHeaders": {
        "Content-Length": "0",
        "Date": "Thu, 05 Mar 2020 22:22:50 GMT",
        "Server": [
          "Windows-Azure-Blob/1.0",
          "Microsoft-HTTPAPI/2.0"
        ],
        "x-ms-client-request-id": "143c15ba-eb0d-f60d-c751-2c8fb7a46ae7",
        "x-ms-request-id": "9d99e3e0-f01e-0002-1c3c-f32c83000000",
        "x-ms-version": "2019-12-12"
      },
      "ResponseBody": []
    },
    {
      "RequestUri": "https://seanstagehierarchical.blob.core.windows.net/test-filesystem-2f7cd106-5ad2-d243-57f1-45c828c14326?restype=container",
      "RequestMethod": "PUT",
      "RequestHeaders": {
        "Authorization": "Sanitized",
        "traceparent": "00-c06efe4e5c90304a9546fc7a0c5dbaa2-ce5f7b151b05e647-00",
        "User-Agent": [
          "azsdk-net-Storage.Files.DataLake/12.0.0-dev.20200305.1",
          "(.NET Core 4.6.28325.01; Microsoft Windows 10.0.18363 )"
        ],
        "x-ms-blob-public-access": "container",
        "x-ms-client-request-id": "bfb43b3e-955f-6068-d169-bd1ba645ce05",
        "x-ms-date": "Thu, 05 Mar 2020 22:22:51 GMT",
        "x-ms-return-client-request-id": "true",
        "x-ms-version": "2019-12-12"
      },
      "RequestBody": null,
      "StatusCode": 201,
      "ResponseHeaders": {
        "Content-Length": "0",
        "Date": "Thu, 05 Mar 2020 22:22:51 GMT",
        "ETag": "\u00220x8D7C153BE6A1D10\u0022",
        "Last-Modified": "Thu, 05 Mar 2020 22:22:51 GMT",
        "Server": [
          "Windows-Azure-Blob/1.0",
          "Microsoft-HTTPAPI/2.0"
        ],
        "x-ms-client-request-id": "bfb43b3e-955f-6068-d169-bd1ba645ce05",
        "x-ms-request-id": "8d52e9b3-d01e-0048-7c3c-f38f0c000000",
        "x-ms-version": "2019-12-12"
      },
      "ResponseBody": []
    },
    {
      "RequestUri": "https://seanstagehierarchical.dfs.core.windows.net/test-filesystem-2f7cd106-5ad2-d243-57f1-45c828c14326/test-file-c9f3060e-4b24-6c94-7fba-23ef2bac9e76?resource=file",
      "RequestMethod": "PUT",
      "RequestHeaders": {
        "Authorization": "Sanitized",
        "traceparent": "00-d7822ea6f7ac7540ac810c8bec67cd98-5ca6c3d1faaf3743-00",
        "User-Agent": [
          "azsdk-net-Storage.Files.DataLake/12.0.0-dev.20200305.1",
          "(.NET Core 4.6.28325.01; Microsoft Windows 10.0.18363 )"
        ],
        "x-ms-client-request-id": "2e892914-78ee-f318-a748-3fa472793525",
        "x-ms-date": "Thu, 05 Mar 2020 22:22:51 GMT",
        "x-ms-return-client-request-id": "true",
        "x-ms-version": "2019-12-12"
      },
      "RequestBody": null,
      "StatusCode": 201,
      "ResponseHeaders": {
        "Content-Length": "0",
        "Date": "Thu, 05 Mar 2020 22:22:51 GMT",
        "ETag": "\u00220x8D7C153BEA12CEC\u0022",
        "Last-Modified": "Thu, 05 Mar 2020 22:22:52 GMT",
        "Server": [
          "Windows-Azure-HDFS/1.0",
          "Microsoft-HTTPAPI/2.0"
        ],
        "x-ms-client-request-id": "2e892914-78ee-f318-a748-3fa472793525",
        "x-ms-request-id": "22528e75-001f-0006-253c-f3a184000000",
        "x-ms-version": "2019-12-12"
      },
      "ResponseBody": []
    },
    {
      "RequestUri": "https://seanstagehierarchical.blob.core.windows.net/test-filesystem-2f7cd106-5ad2-d243-57f1-45c828c14326/test-file-c9f3060e-4b24-6c94-7fba-23ef2bac9e76",
      "RequestMethod": "HEAD",
      "RequestHeaders": {
        "Authorization": "Sanitized",
        "User-Agent": [
          "azsdk-net-Storage.Files.DataLake/12.0.0-dev.20200305.1",
          "(.NET Core 4.6.28325.01; Microsoft Windows 10.0.18363 )"
        ],
        "x-ms-client-request-id": "01da5ca0-7023-3688-ef95-45c44322930b",
        "x-ms-date": "Thu, 05 Mar 2020 22:22:52 GMT",
        "x-ms-return-client-request-id": "true",
        "x-ms-version": "2019-12-12"
      },
      "RequestBody": null,
      "StatusCode": 200,
      "ResponseHeaders": {
        "Accept-Ranges": "bytes",
        "Content-Length": "0",
        "Content-Type": "application/octet-stream",
        "Date": "Thu, 05 Mar 2020 22:22:51 GMT",
        "ETag": "\u00220x8D7C153BEA12CEC\u0022",
        "Last-Modified": "Thu, 05 Mar 2020 22:22:52 GMT",
        "Server": [
          "Windows-Azure-Blob/1.0",
          "Microsoft-HTTPAPI/2.0"
        ],
        "x-ms-access-tier": "Hot",
        "x-ms-access-tier-inferred": "true",
        "x-ms-blob-type": "BlockBlob",
        "x-ms-client-request-id": "01da5ca0-7023-3688-ef95-45c44322930b",
        "x-ms-creation-time": "Thu, 05 Mar 2020 22:22:52 GMT",
        "x-ms-lease-state": "available",
        "x-ms-lease-status": "unlocked",
        "x-ms-request-id": "8d52e9b9-d01e-0048-7e3c-f38f0c000000",
        "x-ms-server-encrypted": "true",
        "x-ms-version": "2019-12-12"
      },
      "ResponseBody": []
    },
    {
      "RequestUri": "https://seanstagehierarchical.blob.core.windows.net/test-filesystem-2f7cd106-5ad2-d243-57f1-45c828c14326/test-file-c9f3060e-4b24-6c94-7fba-23ef2bac9e76?comp=metadata",
      "RequestMethod": "PUT",
      "RequestHeaders": {
        "Authorization": "Sanitized",
        "If-Match": "\u00220x8D7C153BEA12CEC\u0022",
        "User-Agent": [
          "azsdk-net-Storage.Files.DataLake/12.0.0-dev.20200305.1",
          "(.NET Core 4.6.28325.01; Microsoft Windows 10.0.18363 )"
        ],
        "x-ms-client-request-id": "1604f7ba-339f-5a02-be36-ae269c34471c",
        "x-ms-date": "Thu, 05 Mar 2020 22:22:52 GMT",
        "x-ms-meta-Capital": "letter",
        "x-ms-meta-foo": "bar",
        "x-ms-meta-meta": "data",
        "x-ms-meta-UPPER": "case",
        "x-ms-return-client-request-id": "true",
        "x-ms-version": "2019-12-12"
      },
      "RequestBody": null,
      "StatusCode": 200,
      "ResponseHeaders": {
        "Content-Length": "0",
        "Date": "Thu, 05 Mar 2020 22:22:51 GMT",
        "ETag": "\u00220x8D7C153BEC66F40\u0022",
        "Last-Modified": "Thu, 05 Mar 2020 22:22:52 GMT",
        "Server": [
          "Windows-Azure-Blob/1.0",
          "Microsoft-HTTPAPI/2.0"
        ],
        "x-ms-client-request-id": "1604f7ba-339f-5a02-be36-ae269c34471c",
        "x-ms-request-id": "8d52e9ba-d01e-0048-7f3c-f38f0c000000",
        "x-ms-request-server-encrypted": "true",
        "x-ms-version": "2019-12-12"
      },
      "ResponseBody": []
    },
    {
      "RequestUri": "https://seanstagehierarchical.blob.core.windows.net/test-filesystem-2f7cd106-5ad2-d243-57f1-45c828c14326?restype=container",
      "RequestMethod": "DELETE",
      "RequestHeaders": {
        "Authorization": "Sanitized",
        "traceparent": "00-0e536ee97188e446a1da4f2d1434c53d-35c5c8a8c90e934d-00",
        "User-Agent": [
          "azsdk-net-Storage.Files.DataLake/12.0.0-dev.20200305.1",
          "(.NET Core 4.6.28325.01; Microsoft Windows 10.0.18363 )"
        ],
        "x-ms-client-request-id": "4c09489f-7d1e-b66c-26c3-d993cde496fb",
        "x-ms-date": "Thu, 05 Mar 2020 22:22:52 GMT",
        "x-ms-return-client-request-id": "true",
        "x-ms-version": "2019-12-12"
      },
      "RequestBody": null,
      "StatusCode": 202,
      "ResponseHeaders": {
        "Content-Length": "0",
        "Date": "Thu, 05 Mar 2020 22:22:51 GMT",
        "Server": [
          "Windows-Azure-Blob/1.0",
          "Microsoft-HTTPAPI/2.0"
        ],
        "x-ms-client-request-id": "4c09489f-7d1e-b66c-26c3-d993cde496fb",
        "x-ms-request-id": "8d52e9bb-d01e-0048-803c-f38f0c000000",
        "x-ms-version": "2019-12-12"
      },
      "ResponseBody": []
    },
    {
      "RequestUri": "https://seanstagehierarchical.blob.core.windows.net/test-filesystem-faa8d2b6-21f7-c370-78e0-c4f762ddd936?restype=container",
      "RequestMethod": "PUT",
      "RequestHeaders": {
        "Authorization": "Sanitized",
        "traceparent": "00-cde0d9bcfb542f4b8cbd8cfa785c750f-4b623179f6e99f46-00",
        "User-Agent": [
          "azsdk-net-Storage.Files.DataLake/12.0.0-dev.20200305.1",
          "(.NET Core 4.6.28325.01; Microsoft Windows 10.0.18363 )"
        ],
        "x-ms-blob-public-access": "container",
        "x-ms-client-request-id": "ae6ed611-07df-7de5-d846-d43db9755448",
        "x-ms-date": "Thu, 05 Mar 2020 22:22:52 GMT",
        "x-ms-return-client-request-id": "true",
        "x-ms-version": "2019-12-12"
      },
      "RequestBody": null,
      "StatusCode": 201,
      "ResponseHeaders": {
        "Content-Length": "0",
        "Date": "Thu, 05 Mar 2020 22:22:52 GMT",
        "ETag": "\u00220x8D7C153BF092C1E\u0022",
        "Last-Modified": "Thu, 05 Mar 2020 22:22:52 GMT",
        "Server": [
          "Windows-Azure-Blob/1.0",
          "Microsoft-HTTPAPI/2.0"
        ],
        "x-ms-client-request-id": "ae6ed611-07df-7de5-d846-d43db9755448",
        "x-ms-request-id": "17959011-101e-0025-3a3c-f33b47000000",
        "x-ms-version": "2019-12-12"
      },
      "ResponseBody": []
    },
    {
      "RequestUri": "https://seanstagehierarchical.dfs.core.windows.net/test-filesystem-faa8d2b6-21f7-c370-78e0-c4f762ddd936/test-file-fb5fa2e9-435d-bbd0-d4cc-2e9273a7a58d?resource=file",
      "RequestMethod": "PUT",
      "RequestHeaders": {
        "Authorization": "Sanitized",
        "traceparent": "00-950483785302c54b95fbb61fc0e544f7-ee0386880781834e-00",
        "User-Agent": [
          "azsdk-net-Storage.Files.DataLake/12.0.0-dev.20200305.1",
          "(.NET Core 4.6.28325.01; Microsoft Windows 10.0.18363 )"
        ],
        "x-ms-client-request-id": "7bde6510-5a8b-cd0e-05b3-da12d9520a30",
        "x-ms-date": "Thu, 05 Mar 2020 22:22:52 GMT",
        "x-ms-return-client-request-id": "true",
        "x-ms-version": "2019-12-12"
      },
      "RequestBody": null,
      "StatusCode": 201,
      "ResponseHeaders": {
        "Content-Length": "0",
        "Date": "Thu, 05 Mar 2020 22:22:52 GMT",
        "ETag": "\u00220x8D7C153BF3B6B38\u0022",
        "Last-Modified": "Thu, 05 Mar 2020 22:22:53 GMT",
        "Server": [
          "Windows-Azure-HDFS/1.0",
          "Microsoft-HTTPAPI/2.0"
        ],
        "x-ms-client-request-id": "7bde6510-5a8b-cd0e-05b3-da12d9520a30",
        "x-ms-request-id": "24a7b360-e01f-0021-653c-f3b640000000",
        "x-ms-version": "2019-12-12"
      },
      "ResponseBody": []
    },
    {
      "RequestUri": "https://seanstagehierarchical.blob.core.windows.net/test-filesystem-faa8d2b6-21f7-c370-78e0-c4f762ddd936/test-file-fb5fa2e9-435d-bbd0-d4cc-2e9273a7a58d?comp=metadata",
      "RequestMethod": "PUT",
      "RequestHeaders": {
        "Authorization": "Sanitized",
        "If-None-Match": "\u0022garbage\u0022",
        "User-Agent": [
          "azsdk-net-Storage.Files.DataLake/12.0.0-dev.20200305.1",
          "(.NET Core 4.6.28325.01; Microsoft Windows 10.0.18363 )"
        ],
        "x-ms-client-request-id": "0d81d6aa-2ac8-3001-4818-86ba5045539a",
        "x-ms-date": "Thu, 05 Mar 2020 22:22:53 GMT",
        "x-ms-meta-Capital": "letter",
        "x-ms-meta-foo": "bar",
        "x-ms-meta-meta": "data",
        "x-ms-meta-UPPER": "case",
        "x-ms-return-client-request-id": "true",
        "x-ms-version": "2019-12-12"
      },
      "RequestBody": null,
      "StatusCode": 200,
      "ResponseHeaders": {
        "Content-Length": "0",
        "Date": "Thu, 05 Mar 2020 22:22:52 GMT",
        "ETag": "\u00220x8D7C153BF5B2FB8\u0022",
        "Last-Modified": "Thu, 05 Mar 2020 22:22:53 GMT",
        "Server": [
          "Windows-Azure-Blob/1.0",
          "Microsoft-HTTPAPI/2.0"
        ],
        "x-ms-client-request-id": "0d81d6aa-2ac8-3001-4818-86ba5045539a",
        "x-ms-request-id": "17959028-101e-0025-4c3c-f33b47000000",
        "x-ms-request-server-encrypted": "true",
        "x-ms-version": "2019-12-12"
      },
      "ResponseBody": []
    },
    {
      "RequestUri": "https://seanstagehierarchical.blob.core.windows.net/test-filesystem-faa8d2b6-21f7-c370-78e0-c4f762ddd936?restype=container",
      "RequestMethod": "DELETE",
      "RequestHeaders": {
        "Authorization": "Sanitized",
        "traceparent": "00-21955140d7f8374abbb49aa5e7d9a5a9-240ddc222ea6c545-00",
        "User-Agent": [
          "azsdk-net-Storage.Files.DataLake/12.0.0-dev.20200305.1",
          "(.NET Core 4.6.28325.01; Microsoft Windows 10.0.18363 )"
        ],
        "x-ms-client-request-id": "0368c61f-fdd0-7667-4582-187741206e05",
        "x-ms-date": "Thu, 05 Mar 2020 22:22:53 GMT",
        "x-ms-return-client-request-id": "true",
        "x-ms-version": "2019-12-12"
      },
      "RequestBody": null,
      "StatusCode": 202,
      "ResponseHeaders": {
        "Content-Length": "0",
        "Date": "Thu, 05 Mar 2020 22:22:53 GMT",
        "Server": [
          "Windows-Azure-Blob/1.0",
          "Microsoft-HTTPAPI/2.0"
        ],
        "x-ms-client-request-id": "0368c61f-fdd0-7667-4582-187741206e05",
        "x-ms-request-id": "17959037-101e-0025-5b3c-f33b47000000",
        "x-ms-version": "2019-12-12"
      },
      "ResponseBody": []
    },
    {
      "RequestUri": "https://seanstagehierarchical.blob.core.windows.net/test-filesystem-7f5574e0-b4a8-e907-0e38-82a8f9a8e58e?restype=container",
      "RequestMethod": "PUT",
      "RequestHeaders": {
        "Authorization": "Sanitized",
        "traceparent": "00-a1aff1d9c1baee42938e1638188d9e3a-c577bf75ce2aa34f-00",
        "User-Agent": [
          "azsdk-net-Storage.Files.DataLake/12.0.0-dev.20200305.1",
          "(.NET Core 4.6.28325.01; Microsoft Windows 10.0.18363 )"
        ],
        "x-ms-blob-public-access": "container",
        "x-ms-client-request-id": "d6782bb1-8564-6b71-be7e-f4987bbf7d9c",
        "x-ms-date": "Thu, 05 Mar 2020 22:22:53 GMT",
        "x-ms-return-client-request-id": "true",
        "x-ms-version": "2019-12-12"
      },
      "RequestBody": null,
      "StatusCode": 201,
      "ResponseHeaders": {
        "Content-Length": "0",
        "Date": "Thu, 05 Mar 2020 22:22:53 GMT",
        "ETag": "\u00220x8D7C153BFA0023A\u0022",
        "Last-Modified": "Thu, 05 Mar 2020 22:22:53 GMT",
        "Server": [
          "Windows-Azure-Blob/1.0",
          "Microsoft-HTTPAPI/2.0"
        ],
        "x-ms-client-request-id": "d6782bb1-8564-6b71-be7e-f4987bbf7d9c",
        "x-ms-request-id": "9626b4d6-f01e-002d-603c-f32148000000",
        "x-ms-version": "2019-12-12"
      },
      "ResponseBody": []
    },
    {
      "RequestUri": "https://seanstagehierarchical.dfs.core.windows.net/test-filesystem-7f5574e0-b4a8-e907-0e38-82a8f9a8e58e/test-file-d4638a9d-e385-9027-ab53-9cda197c41bd?resource=file",
      "RequestMethod": "PUT",
      "RequestHeaders": {
        "Authorization": "Sanitized",
        "traceparent": "00-5e3c53ca94198644bce361a98116579b-25cd6021d06c434c-00",
        "User-Agent": [
          "azsdk-net-Storage.Files.DataLake/12.0.0-dev.20200305.1",
          "(.NET Core 4.6.28325.01; Microsoft Windows 10.0.18363 )"
        ],
        "x-ms-client-request-id": "1decfd50-33ed-cde5-03e8-2b11e8965141",
        "x-ms-date": "Thu, 05 Mar 2020 22:22:53 GMT",
        "x-ms-return-client-request-id": "true",
        "x-ms-version": "2019-12-12"
      },
      "RequestBody": null,
      "StatusCode": 201,
      "ResponseHeaders": {
        "Content-Length": "0",
        "Date": "Thu, 05 Mar 2020 22:22:53 GMT",
        "ETag": "\u00220x8D7C153BFD4B91B\u0022",
        "Last-Modified": "Thu, 05 Mar 2020 22:22:54 GMT",
        "Server": [
          "Windows-Azure-HDFS/1.0",
          "Microsoft-HTTPAPI/2.0"
        ],
        "x-ms-client-request-id": "1decfd50-33ed-cde5-03e8-2b11e8965141",
        "x-ms-request-id": "b8ff4af6-d01f-0015-1a3c-f38588000000",
        "x-ms-version": "2019-12-12"
      },
      "ResponseBody": []
    },
    {
      "RequestUri": "https://seanstagehierarchical.blob.core.windows.net/test-filesystem-7f5574e0-b4a8-e907-0e38-82a8f9a8e58e/test-file-d4638a9d-e385-9027-ab53-9cda197c41bd?comp=lease",
      "RequestMethod": "PUT",
      "RequestHeaders": {
        "Authorization": "Sanitized",
        "traceparent": "00-36593fb6eaaba1448c3f6eab97b83dc8-763c38c11cf9ae4f-00",
        "User-Agent": [
          "azsdk-net-Storage.Files.DataLake/12.0.0-dev.20200305.1",
          "(.NET Core 4.6.28325.01; Microsoft Windows 10.0.18363 )"
        ],
        "x-ms-client-request-id": "232289dd-22c9-a05a-915d-bc175b8eb53a",
        "x-ms-date": "Thu, 05 Mar 2020 22:22:54 GMT",
        "x-ms-lease-action": "acquire",
        "x-ms-lease-duration": "-1",
        "x-ms-proposed-lease-id": "6467373c-afc8-8f6c-60d6-d85618c9357a",
        "x-ms-return-client-request-id": "true",
        "x-ms-version": "2019-12-12"
      },
      "RequestBody": null,
      "StatusCode": 201,
      "ResponseHeaders": {
        "Content-Length": "0",
        "Date": "Thu, 05 Mar 2020 22:22:53 GMT",
        "ETag": "\u00220x8D7C153BFD4B91B\u0022",
        "Last-Modified": "Thu, 05 Mar 2020 22:22:54 GMT",
        "Server": [
          "Windows-Azure-Blob/1.0",
          "Microsoft-HTTPAPI/2.0"
        ],
        "x-ms-client-request-id": "232289dd-22c9-a05a-915d-bc175b8eb53a",
        "x-ms-lease-id": "6467373c-afc8-8f6c-60d6-d85618c9357a",
        "x-ms-request-id": "9626b4da-f01e-002d-613c-f32148000000",
        "x-ms-version": "2019-12-12"
      },
      "ResponseBody": []
    },
    {
      "RequestUri": "https://seanstagehierarchical.blob.core.windows.net/test-filesystem-7f5574e0-b4a8-e907-0e38-82a8f9a8e58e/test-file-d4638a9d-e385-9027-ab53-9cda197c41bd?comp=metadata",
      "RequestMethod": "PUT",
      "RequestHeaders": {
        "Authorization": "Sanitized",
        "User-Agent": [
          "azsdk-net-Storage.Files.DataLake/12.0.0-dev.20200305.1",
          "(.NET Core 4.6.28325.01; Microsoft Windows 10.0.18363 )"
        ],
        "x-ms-client-request-id": "8e797331-11a7-aab1-1fea-8b3266b8a1a3",
        "x-ms-date": "Thu, 05 Mar 2020 22:22:54 GMT",
        "x-ms-lease-id": "6467373c-afc8-8f6c-60d6-d85618c9357a",
        "x-ms-meta-Capital": "letter",
        "x-ms-meta-foo": "bar",
        "x-ms-meta-meta": "data",
        "x-ms-meta-UPPER": "case",
        "x-ms-return-client-request-id": "true",
        "x-ms-version": "2019-12-12"
      },
      "RequestBody": null,
      "StatusCode": 200,
      "ResponseHeaders": {
        "Content-Length": "0",
        "Date": "Thu, 05 Mar 2020 22:22:53 GMT",
        "ETag": "\u00220x8D7C153BFED5565\u0022",
        "Last-Modified": "Thu, 05 Mar 2020 22:22:54 GMT",
        "Server": [
          "Windows-Azure-Blob/1.0",
          "Microsoft-HTTPAPI/2.0"
        ],
        "x-ms-client-request-id": "8e797331-11a7-aab1-1fea-8b3266b8a1a3",
        "x-ms-request-id": "9626b4dd-f01e-002d-643c-f32148000000",
        "x-ms-request-server-encrypted": "true",
        "x-ms-version": "2019-12-12"
      },
      "ResponseBody": []
    },
    {
      "RequestUri": "https://seanstagehierarchical.blob.core.windows.net/test-filesystem-7f5574e0-b4a8-e907-0e38-82a8f9a8e58e?restype=container",
      "RequestMethod": "DELETE",
      "RequestHeaders": {
        "Authorization": "Sanitized",
        "traceparent": "00-29344cdc0122154389d92a4b6ff30c66-09fda3491f07b64c-00",
        "User-Agent": [
          "azsdk-net-Storage.Files.DataLake/12.0.0-dev.20200305.1",
          "(.NET Core 4.6.28325.01; Microsoft Windows 10.0.18363 )"
        ],
        "x-ms-client-request-id": "e7e674b1-2615-a193-ff99-4f20a980b1af",
        "x-ms-date": "Thu, 05 Mar 2020 22:22:54 GMT",
        "x-ms-return-client-request-id": "true",
        "x-ms-version": "2019-12-12"
      },
      "RequestBody": null,
      "StatusCode": 202,
      "ResponseHeaders": {
        "Content-Length": "0",
        "Date": "Thu, 05 Mar 2020 22:22:53 GMT",
        "Server": [
          "Windows-Azure-Blob/1.0",
          "Microsoft-HTTPAPI/2.0"
        ],
        "x-ms-client-request-id": "e7e674b1-2615-a193-ff99-4f20a980b1af",
        "x-ms-request-id": "9626b4de-f01e-002d-653c-f32148000000",
        "x-ms-version": "2019-12-12"
      },
      "ResponseBody": []
    }
  ],
  "Variables": {
    "DateTimeOffsetNow": "2020-03-05T14:22:48.8754310-08:00",
    "RandomSeed": "1728375940",
    "Storage_TestConfigHierarchicalNamespace": "NamespaceTenant\nseanstagehierarchical\nU2FuaXRpemVk\nhttps://seanstagehierarchical.blob.core.windows.net\nhttp://seanstagehierarchical.file.core.windows.net\nhttp://seanstagehierarchical.queue.core.windows.net\nhttp://seanstagehierarchical.table.core.windows.net\n\n\n\n\nhttp://seanstagehierarchical-secondary.blob.core.windows.net\nhttp://seanstagehierarchical-secondary.file.core.windows.net\nhttp://seanstagehierarchical-secondary.queue.core.windows.net\nhttp://seanstagehierarchical-secondary.table.core.windows.net\n68390a19-a643-458b-b726-408abf67b4fc\nSanitized\n72f988bf-86f1-41af-91ab-2d7cd011db47\nhttps://login.microsoftonline.com/\nCloud\nBlobEndpoint=https://seanstagehierarchical.blob.core.windows.net/;QueueEndpoint=http://seanstagehierarchical.queue.core.windows.net/;FileEndpoint=http://seanstagehierarchical.file.core.windows.net/;BlobSecondaryEndpoint=http://seanstagehierarchical-secondary.blob.core.windows.net/;QueueSecondaryEndpoint=http://seanstagehierarchical-secondary.queue.core.windows.net/;FileSecondaryEndpoint=http://seanstagehierarchical-secondary.file.core.windows.net/;AccountName=seanstagehierarchical;AccountKey=Sanitized\n"
  }
}