{
  "Entries": [
    {
      "RequestUri": "/e80a6e61-8b40-4a0b-9c90-fdc4db897423/groups?api-version=1.42-previewInternal",
      "EncodedRequestUri": "L2U4MGE2ZTYxLThiNDAtNGEwYi05YzkwLWZkYzRkYjg5NzQyMy9ncm91cHM/YXBpLXZlcnNpb249MS40Mi1wcmV2aWV3SW50ZXJuYWw=",
      "RequestMethod": "POST",
      "RequestBody": "{\r\n  \"displayName\": \"testGroup0\",\r\n  \"mailNickname\": \"testGroup0\",\r\n  \"mailEnabled\": false,\r\n  \"securityEnabled\": true\r\n}",
      "RequestHeaders": {
        "Content-Type": [
          "application/json"
        ],
        "Content-Length": [
          "117"
        ],
        "x-ms-version": [
          "1.42-previewInternal"
        ],
        "Accept": [
          "application/json; odata=minimalmetadata"
        ],
        "User-Agent": [
          "Authorization.Tests.GraphManagementClient/0.0.0.0"
        ]
      },
      "ResponseBody": "{\r\n  \"odata.metadata\": \"https://graph.ppe.windows.net/e80a6e61-8b40-4a0b-9c90-fdc4db897423/$metadata#directoryObjects/Microsoft.WindowsAzure.ActiveDirectory.Group/@Element\",\r\n  \"odata.type\": \"Microsoft.WindowsAzure.ActiveDirectory.Group\",\r\n  \"objectType\": \"Group\",\r\n  \"objectId\": \"911a0a58-ad63-471a-839c-8929e23cd704\",\r\n  \"softDeletionTimestamp\": null,\r\n  \"appMetadata\": null,\r\n  \"exchangeResources\": [],\r\n  \"description\": null,\r\n  \"dirSyncEnabled\": null,\r\n  \"displayName\": \"testGroup0\",\r\n  \"groupType\": null,\r\n  \"isPublic\": null,\r\n  \"lastDirSyncTime\": null,\r\n  \"licenseAssignment\": [],\r\n  \"mail\": null,\r\n  \"mailNickname\": \"testGroup0\",\r\n  \"mailEnabled\": false,\r\n  \"onPremiseSecurityIdentifier\": null,\r\n  \"provisioningErrors\": [],\r\n  \"proxyAddresses\": [],\r\n  \"securityEnabled\": true,\r\n  \"sharepointResources\": []\r\n}",
      "ResponseHeaders": {
        "Content-Length": [
          "704"
        ],
        "Content-Type": [
          "application/json; odata=minimalmetadata; streaming=true; charset=utf-8"
        ],
        "Expires": [
          "-1"
        ],
        "Pragma": [
          "no-cache"
        ],
        "ocp-aad-diagnostics-server-name": [
          "vhYgA4yOUvjGnawHsDLVJznXNq0HF1intYYZGiD8RqA="
        ],
        "request-id": [
          "fe03f85f-2f13-44f1-835d-0fd61aaee5ec"
        ],
        "client-request-id": [
          "1f3cb90a-63ee-4ee8-8423-ff5f8c31a860"
        ],
        "x-ms-gateway-rewrite": [
          "false"
        ],
        "x-ms-dirapi-data-contract-version": [
          "1.42-previewInternal"
        ],
        "ocp-aad-session-key": [
          "aWhrv1qUQhSU2lDwgwpR8eY2M3sSvzLDPk01rCBDNbos1AftxbHXJXVsCcQH8jKJvlQFMosZ_7eRbhlBRtAiCvQqKuNtQb38I-gmj-P2TpCE2XrWZgpw-1y8DsNxjC1JFt5jKRJFGqhn5fbpF_-TxQ.qPhg6V9GhzWO95FRpgWfVjbRAuW-hPXPRmcbVUGCISQ"
        ],
        "X-Content-Type-Options": [
          "nosniff"
        ],
        "DataServiceVersion": [
          "3.0;"
        ],
        "Strict-Transport-Security": [
          "max-age=31536000; includeSubDomains"
        ],
        "Access-Control-Allow-Origin": [
          "*"
        ],
        "Cache-Control": [
          "no-cache"
        ],
        "Location": [
          "https://graph.ppe.windows.net/e80a6e61-8b40-4a0b-9c90-fdc4db897423/directoryObjects/911a0a58-ad63-471a-839c-8929e23cd704/Microsoft.WindowsAzure.ActiveDirectory.Group"
        ],
        "Server": [
          "Microsoft-IIS/8.5"
        ],
        "X-AspNet-Version": [
          "4.0.30319"
        ],
        "X-Powered-By": [
          "ASP.NET",
          "ASP.NET"
        ],
        "Date": [
          "Wed, 03 Jun 2015 23:12:07 GMT"
        ]
      },
      "StatusCode": 201
    },
    {
      "RequestUri": "/e80a6e61-8b40-4a0b-9c90-fdc4db897423/groups?api-version=1.42-previewInternal",
      "EncodedRequestUri": "L2U4MGE2ZTYxLThiNDAtNGEwYi05YzkwLWZkYzRkYjg5NzQyMy9ncm91cHM/YXBpLXZlcnNpb249MS40Mi1wcmV2aWV3SW50ZXJuYWw=",
      "RequestMethod": "POST",
      "RequestBody": "{\r\n  \"displayName\": \"testGroup1\",\r\n  \"mailNickname\": \"testGroup1\",\r\n  \"mailEnabled\": false,\r\n  \"securityEnabled\": true\r\n}",
      "RequestHeaders": {
        "Content-Type": [
          "application/json"
        ],
        "Content-Length": [
          "117"
        ],
        "x-ms-version": [
          "1.42-previewInternal"
        ],
        "Accept": [
          "application/json; odata=minimalmetadata"
        ],
        "User-Agent": [
          "Authorization.Tests.GraphManagementClient/0.0.0.0"
        ]
      },
      "ResponseBody": "{\r\n  \"odata.metadata\": \"https://graph.ppe.windows.net/e80a6e61-8b40-4a0b-9c90-fdc4db897423/$metadata#directoryObjects/Microsoft.WindowsAzure.ActiveDirectory.Group/@Element\",\r\n  \"odata.type\": \"Microsoft.WindowsAzure.ActiveDirectory.Group\",\r\n  \"objectType\": \"Group\",\r\n  \"objectId\": \"c3e60fcc-783e-4aeb-b0a3-11037f5816a7\",\r\n  \"softDeletionTimestamp\": null,\r\n  \"appMetadata\": null,\r\n  \"exchangeResources\": [],\r\n  \"description\": null,\r\n  \"dirSyncEnabled\": null,\r\n  \"displayName\": \"testGroup1\",\r\n  \"groupType\": null,\r\n  \"isPublic\": null,\r\n  \"lastDirSyncTime\": null,\r\n  \"licenseAssignment\": [],\r\n  \"mail\": null,\r\n  \"mailNickname\": \"testGroup1\",\r\n  \"mailEnabled\": false,\r\n  \"onPremiseSecurityIdentifier\": null,\r\n  \"provisioningErrors\": [],\r\n  \"proxyAddresses\": [],\r\n  \"securityEnabled\": true,\r\n  \"sharepointResources\": []\r\n}",
      "ResponseHeaders": {
        "Content-Length": [
          "704"
        ],
        "Content-Type": [
          "application/json; odata=minimalmetadata; streaming=true; charset=utf-8"
        ],
        "Expires": [
          "-1"
        ],
        "Pragma": [
          "no-cache"
        ],
        "ocp-aad-diagnostics-server-name": [
          "IO94mNZNhBZJ3rIUznuqNE6HojbeROusjKv8xncDPiY="
        ],
        "request-id": [
          "c7e8052d-bbc1-483e-a9be-c028069ba653"
        ],
        "client-request-id": [
          "d3bb8085-eae9-4dbe-b643-1201051c9bf2"
        ],
        "x-ms-gateway-rewrite": [
          "false"
        ],
        "x-ms-dirapi-data-contract-version": [
          "1.42-previewInternal"
        ],
        "ocp-aad-session-key": [
          "0HgE7NU6EEpI6Z45gsAFVKMsSPPDrTbml_9DuMITtajlYsah3-iN-xBZ4NIgGO66g1v4EHXKvAiBu0WJHD4Ty4CGly1jQjDZes0kICAjO3GFomNVeutrtOoB9jluRSYtMUXBe6cnYBPjnuJrhIxRoQ.b5WELZJg9DRr6mS3MeascR_zvwrW4esfeiY6mTyCR8A"
        ],
        "X-Content-Type-Options": [
          "nosniff"
        ],
        "DataServiceVersion": [
          "3.0;"
        ],
        "Strict-Transport-Security": [
          "max-age=31536000; includeSubDomains"
        ],
        "Access-Control-Allow-Origin": [
          "*"
        ],
        "Cache-Control": [
          "no-cache"
        ],
        "Location": [
          "https://graph.ppe.windows.net/e80a6e61-8b40-4a0b-9c90-fdc4db897423/directoryObjects/c3e60fcc-783e-4aeb-b0a3-11037f5816a7/Microsoft.WindowsAzure.ActiveDirectory.Group"
        ],
        "Server": [
          "Microsoft-IIS/8.5"
        ],
        "X-AspNet-Version": [
          "4.0.30319"
        ],
        "X-Powered-By": [
          "ASP.NET",
          "ASP.NET"
        ],
        "Date": [
          "Wed, 03 Jun 2015 23:12:08 GMT"
        ]
      },
      "StatusCode": 201
    },
    {
      "RequestUri": "/e80a6e61-8b40-4a0b-9c90-fdc4db897423/groups?api-version=1.42-previewInternal",
      "EncodedRequestUri": "L2U4MGE2ZTYxLThiNDAtNGEwYi05YzkwLWZkYzRkYjg5NzQyMy9ncm91cHM/YXBpLXZlcnNpb249MS40Mi1wcmV2aWV3SW50ZXJuYWw=",
      "RequestMethod": "POST",
      "RequestBody": "{\r\n  \"displayName\": \"testGroup2\",\r\n  \"mailNickname\": \"testGroup2\",\r\n  \"mailEnabled\": false,\r\n  \"securityEnabled\": true\r\n}",
      "RequestHeaders": {
        "Content-Type": [
          "application/json"
        ],
        "Content-Length": [
          "117"
        ],
        "x-ms-version": [
          "1.42-previewInternal"
        ],
        "Accept": [
          "application/json; odata=minimalmetadata"
        ],
        "User-Agent": [
          "Authorization.Tests.GraphManagementClient/0.0.0.0"
        ]
      },
      "ResponseBody": "{\r\n  \"odata.metadata\": \"https://graph.ppe.windows.net/e80a6e61-8b40-4a0b-9c90-fdc4db897423/$metadata#directoryObjects/Microsoft.WindowsAzure.ActiveDirectory.Group/@Element\",\r\n  \"odata.type\": \"Microsoft.WindowsAzure.ActiveDirectory.Group\",\r\n  \"objectType\": \"Group\",\r\n  \"objectId\": \"804331ad-87bd-42fd-9b30-7acf42843935\",\r\n  \"softDeletionTimestamp\": null,\r\n  \"appMetadata\": null,\r\n  \"exchangeResources\": [],\r\n  \"description\": null,\r\n  \"dirSyncEnabled\": null,\r\n  \"displayName\": \"testGroup2\",\r\n  \"groupType\": null,\r\n  \"isPublic\": null,\r\n  \"lastDirSyncTime\": null,\r\n  \"licenseAssignment\": [],\r\n  \"mail\": null,\r\n  \"mailNickname\": \"testGroup2\",\r\n  \"mailEnabled\": false,\r\n  \"onPremiseSecurityIdentifier\": null,\r\n  \"provisioningErrors\": [],\r\n  \"proxyAddresses\": [],\r\n  \"securityEnabled\": true,\r\n  \"sharepointResources\": []\r\n}",
      "ResponseHeaders": {
        "Content-Length": [
          "704"
        ],
        "Content-Type": [
          "application/json; odata=minimalmetadata; streaming=true; charset=utf-8"
        ],
        "Expires": [
          "-1"
        ],
        "Pragma": [
          "no-cache"
        ],
        "ocp-aad-diagnostics-server-name": [
          "vhYgA4yOUvjGnawHsDLVJznXNq0HF1intYYZGiD8RqA="
        ],
        "request-id": [
          "2a1ff773-6113-497a-a717-f68c719a3308"
        ],
        "client-request-id": [
          "5cd7940a-42e3-4138-807c-7af1ca516551"
        ],
        "x-ms-gateway-rewrite": [
          "false"
        ],
        "x-ms-dirapi-data-contract-version": [
          "1.42-previewInternal"
        ],
        "ocp-aad-session-key": [
          "gTzeMaPuSQ_FlKHRmuZrusQbWAMyUstP2WXSfoZUrsL9h7RFmSRLX6elfabWT-Nzs6vlNABd7AmQjyBsd0rDCQiISEdgCp_aWZ6reJKLibQUhT9ro0DOWSJez5Izd5P5J1djUFUGSPierZr4YCfLHg.bhWWzbb8yj_F_eRakaAW8EtxEAEpJFAfGgZWWGXA42w"
        ],
        "X-Content-Type-Options": [
          "nosniff"
        ],
        "DataServiceVersion": [
          "3.0;"
        ],
        "Strict-Transport-Security": [
          "max-age=31536000; includeSubDomains"
        ],
        "Access-Control-Allow-Origin": [
          "*"
        ],
        "Cache-Control": [
          "no-cache"
        ],
        "Location": [
          "https://graph.ppe.windows.net/e80a6e61-8b40-4a0b-9c90-fdc4db897423/directoryObjects/804331ad-87bd-42fd-9b30-7acf42843935/Microsoft.WindowsAzure.ActiveDirectory.Group"
        ],
        "Server": [
          "Microsoft-IIS/8.5"
        ],
        "X-AspNet-Version": [
          "4.0.30319"
        ],
        "X-Powered-By": [
          "ASP.NET",
          "ASP.NET"
        ],
        "Date": [
          "Wed, 03 Jun 2015 23:12:08 GMT"
        ]
      },
      "StatusCode": 201
    },
    {
      "RequestUri": "/e80a6e61-8b40-4a0b-9c90-fdc4db897423/groups?api-version=1.42-previewInternal",
      "EncodedRequestUri": "L2U4MGE2ZTYxLThiNDAtNGEwYi05YzkwLWZkYzRkYjg5NzQyMy9ncm91cHM/YXBpLXZlcnNpb249MS40Mi1wcmV2aWV3SW50ZXJuYWw=",
      "RequestMethod": "POST",
      "RequestBody": "{\r\n  \"displayName\": \"testGroup3\",\r\n  \"mailNickname\": \"testGroup3\",\r\n  \"mailEnabled\": false,\r\n  \"securityEnabled\": true\r\n}",
      "RequestHeaders": {
        "Content-Type": [
          "application/json"
        ],
        "Content-Length": [
          "117"
        ],
        "x-ms-version": [
          "1.42-previewInternal"
        ],
        "Accept": [
          "application/json; odata=minimalmetadata"
        ],
        "User-Agent": [
          "Authorization.Tests.GraphManagementClient/0.0.0.0"
        ]
      },
      "ResponseBody": "{\r\n  \"odata.metadata\": \"https://graph.ppe.windows.net/e80a6e61-8b40-4a0b-9c90-fdc4db897423/$metadata#directoryObjects/Microsoft.WindowsAzure.ActiveDirectory.Group/@Element\",\r\n  \"odata.type\": \"Microsoft.WindowsAzure.ActiveDirectory.Group\",\r\n  \"objectType\": \"Group\",\r\n  \"objectId\": \"b232f87b-8251-4865-810a-75b1420ffd97\",\r\n  \"softDeletionTimestamp\": null,\r\n  \"appMetadata\": null,\r\n  \"exchangeResources\": [],\r\n  \"description\": null,\r\n  \"dirSyncEnabled\": null,\r\n  \"displayName\": \"testGroup3\",\r\n  \"groupType\": null,\r\n  \"isPublic\": null,\r\n  \"lastDirSyncTime\": null,\r\n  \"licenseAssignment\": [],\r\n  \"mail\": null,\r\n  \"mailNickname\": \"testGroup3\",\r\n  \"mailEnabled\": false,\r\n  \"onPremiseSecurityIdentifier\": null,\r\n  \"provisioningErrors\": [],\r\n  \"proxyAddresses\": [],\r\n  \"securityEnabled\": true,\r\n  \"sharepointResources\": []\r\n}",
      "ResponseHeaders": {
        "Content-Length": [
          "704"
        ],
        "Content-Type": [
          "application/json; odata=minimalmetadata; streaming=true; charset=utf-8"
        ],
        "Expires": [
          "-1"
        ],
        "Pragma": [
          "no-cache"
        ],
        "ocp-aad-diagnostics-server-name": [
          "IO94mNZNhBZJ3rIUznuqNE6HojbeROusjKv8xncDPiY="
        ],
        "request-id": [
          "d9a7d00b-f0ca-466d-b2dc-fe4066df1219"
        ],
        "client-request-id": [
          "c224e6be-1474-411d-b1be-b5585dee4eb8"
        ],
        "x-ms-gateway-rewrite": [
          "false"
        ],
        "x-ms-dirapi-data-contract-version": [
          "1.42-previewInternal"
        ],
        "ocp-aad-session-key": [
          "2fvn4nYbBOG6bMCb--KcryabatAXiP9eBCk6zDM8GTKf_E9QggKXmZIbkzBKpKKDL6Terroj6xP1SDSO_K83nrkeKcF5efs6NI4wJNP2MBp-f8i-KhszuhqdL2KFL23EVSW6-JvUcWet4ndkqSJYfw.khDhRX6B-ZdvXbo0-2PxJs0dAw_palS_oo1s7mb_se0"
        ],
        "X-Content-Type-Options": [
          "nosniff"
        ],
        "DataServiceVersion": [
          "3.0;"
        ],
        "Strict-Transport-Security": [
          "max-age=31536000; includeSubDomains"
        ],
        "Access-Control-Allow-Origin": [
          "*"
        ],
        "Cache-Control": [
          "no-cache"
        ],
        "Location": [
          "https://graph.ppe.windows.net/e80a6e61-8b40-4a0b-9c90-fdc4db897423/directoryObjects/b232f87b-8251-4865-810a-75b1420ffd97/Microsoft.WindowsAzure.ActiveDirectory.Group"
        ],
        "Server": [
          "Microsoft-IIS/8.5"
        ],
        "X-AspNet-Version": [
          "4.0.30319"
        ],
        "X-Powered-By": [
          "ASP.NET",
          "ASP.NET"
        ],
        "Date": [
          "Wed, 03 Jun 2015 23:12:08 GMT"
        ]
      },
      "StatusCode": 201
    },
    {
      "RequestUri": "/e80a6e61-8b40-4a0b-9c90-fdc4db897423/groups?api-version=1.42-previewInternal",
      "EncodedRequestUri": "L2U4MGE2ZTYxLThiNDAtNGEwYi05YzkwLWZkYzRkYjg5NzQyMy9ncm91cHM/YXBpLXZlcnNpb249MS40Mi1wcmV2aWV3SW50ZXJuYWw=",
      "RequestMethod": "POST",
      "RequestBody": "{\r\n  \"displayName\": \"testGroup4\",\r\n  \"mailNickname\": \"testGroup4\",\r\n  \"mailEnabled\": false,\r\n  \"securityEnabled\": true\r\n}",
      "RequestHeaders": {
        "Content-Type": [
          "application/json"
        ],
        "Content-Length": [
          "117"
        ],
        "x-ms-version": [
          "1.42-previewInternal"
        ],
        "Accept": [
          "application/json; odata=minimalmetadata"
        ],
        "User-Agent": [
          "Authorization.Tests.GraphManagementClient/0.0.0.0"
        ]
      },
      "ResponseBody": "{\r\n  \"odata.metadata\": \"https://graph.ppe.windows.net/e80a6e61-8b40-4a0b-9c90-fdc4db897423/$metadata#directoryObjects/Microsoft.WindowsAzure.ActiveDirectory.Group/@Element\",\r\n  \"odata.type\": \"Microsoft.WindowsAzure.ActiveDirectory.Group\",\r\n  \"objectType\": \"Group\",\r\n  \"objectId\": \"08666002-cccc-44a0-b671-c34839708a1b\",\r\n  \"softDeletionTimestamp\": null,\r\n  \"appMetadata\": null,\r\n  \"exchangeResources\": [],\r\n  \"description\": null,\r\n  \"dirSyncEnabled\": null,\r\n  \"displayName\": \"testGroup4\",\r\n  \"groupType\": null,\r\n  \"isPublic\": null,\r\n  \"lastDirSyncTime\": null,\r\n  \"licenseAssignment\": [],\r\n  \"mail\": null,\r\n  \"mailNickname\": \"testGroup4\",\r\n  \"mailEnabled\": false,\r\n  \"onPremiseSecurityIdentifier\": null,\r\n  \"provisioningErrors\": [],\r\n  \"proxyAddresses\": [],\r\n  \"securityEnabled\": true,\r\n  \"sharepointResources\": []\r\n}",
      "ResponseHeaders": {
        "Content-Length": [
          "704"
        ],
        "Content-Type": [
          "application/json; odata=minimalmetadata; streaming=true; charset=utf-8"
        ],
        "Expires": [
          "-1"
        ],
        "Pragma": [
          "no-cache"
        ],
        "ocp-aad-diagnostics-server-name": [
          "IO94mNZNhBZJ3rIUznuqNE6HojbeROusjKv8xncDPiY="
        ],
        "request-id": [
          "cea510db-70b4-4494-b580-d0468284f066"
        ],
        "client-request-id": [
          "728ba12f-f535-41ce-813b-29f52e90513c"
        ],
        "x-ms-gateway-rewrite": [
          "false"
        ],
        "x-ms-dirapi-data-contract-version": [
          "1.42-previewInternal"
        ],
        "ocp-aad-session-key": [
          "FbBZdKgZV7WcRgJZ6ejdbipd1IrkbOshb0eZBrai87xmpQ6_IE_6zbga2A6h8-j5qs-AnSOnQoCbd_d4uyQaoIKsCIYRNv3HeAP-c4XTq1hDfkvsMArHdVH829aVE3BGmgf8bQNZ2coj51-ERThCmA.AFoNV1g3iMvoYHPJU3pnd9awLQ9d_FxdMmQDS0Y5jNA"
        ],
        "X-Content-Type-Options": [
          "nosniff"
        ],
        "DataServiceVersion": [
          "3.0;"
        ],
        "Strict-Transport-Security": [
          "max-age=31536000; includeSubDomains"
        ],
        "Access-Control-Allow-Origin": [
          "*"
        ],
        "Cache-Control": [
          "no-cache"
        ],
        "Location": [
          "https://graph.ppe.windows.net/e80a6e61-8b40-4a0b-9c90-fdc4db897423/directoryObjects/08666002-cccc-44a0-b671-c34839708a1b/Microsoft.WindowsAzure.ActiveDirectory.Group"
        ],
        "Server": [
          "Microsoft-IIS/8.5"
        ],
        "X-AspNet-Version": [
          "4.0.30319"
        ],
        "X-Powered-By": [
          "ASP.NET",
          "ASP.NET"
        ],
        "Date": [
          "Wed, 03 Jun 2015 23:12:09 GMT"
        ]
      },
      "StatusCode": 201
    },
    {
      "RequestUri": "/e80a6e61-8b40-4a0b-9c90-fdc4db897423/groups?api-version=1.42-previewInternal",
      "EncodedRequestUri": "L2U4MGE2ZTYxLThiNDAtNGEwYi05YzkwLWZkYzRkYjg5NzQyMy9ncm91cHM/YXBpLXZlcnNpb249MS40Mi1wcmV2aWV3SW50ZXJuYWw=",
      "RequestMethod": "POST",
      "RequestBody": "{\r\n  \"displayName\": \"testGroup5\",\r\n  \"mailNickname\": \"testGroup5\",\r\n  \"mailEnabled\": false,\r\n  \"securityEnabled\": true\r\n}",
      "RequestHeaders": {
        "Content-Type": [
          "application/json"
        ],
        "Content-Length": [
          "117"
        ],
        "x-ms-version": [
          "1.42-previewInternal"
        ],
        "Accept": [
          "application/json; odata=minimalmetadata"
        ],
        "User-Agent": [
          "Authorization.Tests.GraphManagementClient/0.0.0.0"
        ]
      },
      "ResponseBody": "{\r\n  \"odata.metadata\": \"https://graph.ppe.windows.net/e80a6e61-8b40-4a0b-9c90-fdc4db897423/$metadata#directoryObjects/Microsoft.WindowsAzure.ActiveDirectory.Group/@Element\",\r\n  \"odata.type\": \"Microsoft.WindowsAzure.ActiveDirectory.Group\",\r\n  \"objectType\": \"Group\",\r\n  \"objectId\": \"81633e10-7194-474f-a966-34423aaec662\",\r\n  \"softDeletionTimestamp\": null,\r\n  \"appMetadata\": null,\r\n  \"exchangeResources\": [],\r\n  \"description\": null,\r\n  \"dirSyncEnabled\": null,\r\n  \"displayName\": \"testGroup5\",\r\n  \"groupType\": null,\r\n  \"isPublic\": null,\r\n  \"lastDirSyncTime\": null,\r\n  \"licenseAssignment\": [],\r\n  \"mail\": null,\r\n  \"mailNickname\": \"testGroup5\",\r\n  \"mailEnabled\": false,\r\n  \"onPremiseSecurityIdentifier\": null,\r\n  \"provisioningErrors\": [],\r\n  \"proxyAddresses\": [],\r\n  \"securityEnabled\": true,\r\n  \"sharepointResources\": []\r\n}",
      "ResponseHeaders": {
        "Content-Length": [
          "704"
        ],
        "Content-Type": [
          "application/json; odata=minimalmetadata; streaming=true; charset=utf-8"
        ],
        "Expires": [
          "-1"
        ],
        "Pragma": [
          "no-cache"
        ],
        "ocp-aad-diagnostics-server-name": [
          "IO94mNZNhBZJ3rIUznuqNE6HojbeROusjKv8xncDPiY="
        ],
        "request-id": [
          "34367f31-ced5-4f7c-83c7-bdf0c38330c9"
        ],
        "client-request-id": [
          "9320a72e-bc7c-4762-9aea-a9807b50da9a"
        ],
        "x-ms-gateway-rewrite": [
          "false"
        ],
        "x-ms-dirapi-data-contract-version": [
          "1.42-previewInternal"
        ],
        "ocp-aad-session-key": [
          "5wh-5KbMI_Cn138F0Fulkq1UTZTZNzMlFPF4XwEGevunEjEo1ry2SB2fhTGEA0fx3j1Zci-o6Z17lgbS5Dsaqpwm_RUzmk79NNYPE7qMGSqpVdfcn6rdPV8ykB7c1tHnY-O3HYlzlUnfUh-Po3qzDg.M6meTavcl8EB2QVvHkdEBqI76oPutEpH0tCFV5gxtOg"
        ],
        "X-Content-Type-Options": [
          "nosniff"
        ],
        "DataServiceVersion": [
          "3.0;"
        ],
        "Strict-Transport-Security": [
          "max-age=31536000; includeSubDomains"
        ],
        "Access-Control-Allow-Origin": [
          "*"
        ],
        "Cache-Control": [
          "no-cache"
        ],
        "Location": [
          "https://graph.ppe.windows.net/e80a6e61-8b40-4a0b-9c90-fdc4db897423/directoryObjects/81633e10-7194-474f-a966-34423aaec662/Microsoft.WindowsAzure.ActiveDirectory.Group"
        ],
        "Server": [
          "Microsoft-IIS/8.5"
        ],
        "X-AspNet-Version": [
          "4.0.30319"
        ],
        "X-Powered-By": [
          "ASP.NET",
          "ASP.NET"
        ],
        "Date": [
          "Wed, 03 Jun 2015 23:12:09 GMT"
        ]
      },
      "StatusCode": 201
    },
    {
      "RequestUri": "/e80a6e61-8b40-4a0b-9c90-fdc4db897423/groups?api-version=1.42-previewInternal",
      "EncodedRequestUri": "L2U4MGE2ZTYxLThiNDAtNGEwYi05YzkwLWZkYzRkYjg5NzQyMy9ncm91cHM/YXBpLXZlcnNpb249MS40Mi1wcmV2aWV3SW50ZXJuYWw=",
      "RequestMethod": "POST",
      "RequestBody": "{\r\n  \"displayName\": \"testGroup6\",\r\n  \"mailNickname\": \"testGroup6\",\r\n  \"mailEnabled\": false,\r\n  \"securityEnabled\": true\r\n}",
      "RequestHeaders": {
        "Content-Type": [
          "application/json"
        ],
        "Content-Length": [
          "117"
        ],
        "x-ms-version": [
          "1.42-previewInternal"
        ],
        "Accept": [
          "application/json; odata=minimalmetadata"
        ],
        "User-Agent": [
          "Authorization.Tests.GraphManagementClient/0.0.0.0"
        ]
      },
      "ResponseBody": "{\r\n  \"odata.metadata\": \"https://graph.ppe.windows.net/e80a6e61-8b40-4a0b-9c90-fdc4db897423/$metadata#directoryObjects/Microsoft.WindowsAzure.ActiveDirectory.Group/@Element\",\r\n  \"odata.type\": \"Microsoft.WindowsAzure.ActiveDirectory.Group\",\r\n  \"objectType\": \"Group\",\r\n  \"objectId\": \"bf2b7623-8ee3-4b94-82b2-310fb0512665\",\r\n  \"softDeletionTimestamp\": null,\r\n  \"appMetadata\": null,\r\n  \"exchangeResources\": [],\r\n  \"description\": null,\r\n  \"dirSyncEnabled\": null,\r\n  \"displayName\": \"testGroup6\",\r\n  \"groupType\": null,\r\n  \"isPublic\": null,\r\n  \"lastDirSyncTime\": null,\r\n  \"licenseAssignment\": [],\r\n  \"mail\": null,\r\n  \"mailNickname\": \"testGroup6\",\r\n  \"mailEnabled\": false,\r\n  \"onPremiseSecurityIdentifier\": null,\r\n  \"provisioningErrors\": [],\r\n  \"proxyAddresses\": [],\r\n  \"securityEnabled\": true,\r\n  \"sharepointResources\": []\r\n}",
      "ResponseHeaders": {
        "Content-Length": [
          "704"
        ],
        "Content-Type": [
          "application/json; odata=minimalmetadata; streaming=true; charset=utf-8"
        ],
        "Expires": [
          "-1"
        ],
        "Pragma": [
          "no-cache"
        ],
        "ocp-aad-diagnostics-server-name": [
          "IO94mNZNhBZJ3rIUznuqNE6HojbeROusjKv8xncDPiY="
        ],
        "request-id": [
          "901cbf88-7146-4b67-b3ab-c44af02ef83a"
        ],
        "client-request-id": [
          "4d2a6521-7dac-49f6-8648-f6d9e39232af"
        ],
        "x-ms-gateway-rewrite": [
          "false"
        ],
        "x-ms-dirapi-data-contract-version": [
          "1.42-previewInternal"
        ],
        "ocp-aad-session-key": [
          "j5jLRWKgRzuKp1HaegKAroYgOgTZb19ERgVjxu95-2ryXgS9149mfZvhOj-j4fQAV7sNmbmi3F4LRW-0gX5vsYxRHr1Ucxcx0K7PEIbUxTmzbeIpyQWMif6-oDQrNGn6_bcliwQlPagS0C-16ceIZg.tZcvt6ugNjk7AHfZYJfg3RloIDc3roXRO2-97r1hpJg"
        ],
        "X-Content-Type-Options": [
          "nosniff"
        ],
        "DataServiceVersion": [
          "3.0;"
        ],
        "Strict-Transport-Security": [
          "max-age=31536000; includeSubDomains"
        ],
        "Access-Control-Allow-Origin": [
          "*"
        ],
        "Cache-Control": [
          "no-cache"
        ],
        "Location": [
          "https://graph.ppe.windows.net/e80a6e61-8b40-4a0b-9c90-fdc4db897423/directoryObjects/bf2b7623-8ee3-4b94-82b2-310fb0512665/Microsoft.WindowsAzure.ActiveDirectory.Group"
        ],
        "Server": [
          "Microsoft-IIS/8.5"
        ],
        "X-AspNet-Version": [
          "4.0.30319"
        ],
        "X-Powered-By": [
          "ASP.NET",
          "ASP.NET"
        ],
        "Date": [
          "Wed, 03 Jun 2015 23:12:09 GMT"
        ]
      },
      "StatusCode": 201
    },
    {
      "RequestUri": "/e80a6e61-8b40-4a0b-9c90-fdc4db897423/groups?api-version=1.42-previewInternal",
      "EncodedRequestUri": "L2U4MGE2ZTYxLThiNDAtNGEwYi05YzkwLWZkYzRkYjg5NzQyMy9ncm91cHM/YXBpLXZlcnNpb249MS40Mi1wcmV2aWV3SW50ZXJuYWw=",
      "RequestMethod": "POST",
      "RequestBody": "{\r\n  \"displayName\": \"testGroup7\",\r\n  \"mailNickname\": \"testGroup7\",\r\n  \"mailEnabled\": false,\r\n  \"securityEnabled\": true\r\n}",
      "RequestHeaders": {
        "Content-Type": [
          "application/json"
        ],
        "Content-Length": [
          "117"
        ],
        "x-ms-version": [
          "1.42-previewInternal"
        ],
        "Accept": [
          "application/json; odata=minimalmetadata"
        ],
        "User-Agent": [
          "Authorization.Tests.GraphManagementClient/0.0.0.0"
        ]
      },
      "ResponseBody": "{\r\n  \"odata.metadata\": \"https://graph.ppe.windows.net/e80a6e61-8b40-4a0b-9c90-fdc4db897423/$metadata#directoryObjects/Microsoft.WindowsAzure.ActiveDirectory.Group/@Element\",\r\n  \"odata.type\": \"Microsoft.WindowsAzure.ActiveDirectory.Group\",\r\n  \"objectType\": \"Group\",\r\n  \"objectId\": \"a05d6007-5fc5-4ef8-8e95-12ea54bccc9a\",\r\n  \"softDeletionTimestamp\": null,\r\n  \"appMetadata\": null,\r\n  \"exchangeResources\": [],\r\n  \"description\": null,\r\n  \"dirSyncEnabled\": null,\r\n  \"displayName\": \"testGroup7\",\r\n  \"groupType\": null,\r\n  \"isPublic\": null,\r\n  \"lastDirSyncTime\": null,\r\n  \"licenseAssignment\": [],\r\n  \"mail\": null,\r\n  \"mailNickname\": \"testGroup7\",\r\n  \"mailEnabled\": false,\r\n  \"onPremiseSecurityIdentifier\": null,\r\n  \"provisioningErrors\": [],\r\n  \"proxyAddresses\": [],\r\n  \"securityEnabled\": true,\r\n  \"sharepointResources\": []\r\n}",
      "ResponseHeaders": {
        "Content-Length": [
          "704"
        ],
        "Content-Type": [
          "application/json; odata=minimalmetadata; streaming=true; charset=utf-8"
        ],
        "Expires": [
          "-1"
        ],
        "Pragma": [
          "no-cache"
        ],
        "ocp-aad-diagnostics-server-name": [
          "IO94mNZNhBZJ3rIUznuqNE6HojbeROusjKv8xncDPiY="
        ],
        "request-id": [
          "72e2879d-5f54-4c90-8548-f648bcf90365"
        ],
        "client-request-id": [
          "17af0d0e-87dc-49c2-b7bc-775ddcabc9f7"
        ],
        "x-ms-gateway-rewrite": [
          "false"
        ],
        "x-ms-dirapi-data-contract-version": [
          "1.42-previewInternal"
        ],
        "ocp-aad-session-key": [
          "N3d9o5hGR-ePFFBIHZMJbEe0EhCG7v4ZlRKFu5PW1-a09ifggGFr2wiMpFBUrQFpV9eb2DVqra5hjn2uxDHV7PRmUAzyC3oiH6KnBFnnbXojoc-_z5cVm0CrkuG61gK5uvcIEUF-7TeD1KeTsK3q2g.uuGsYqpo1b6VNOqyZdUReMuOj_RclRfMOqyAUrvcof4"
        ],
        "X-Content-Type-Options": [
          "nosniff"
        ],
        "DataServiceVersion": [
          "3.0;"
        ],
        "Strict-Transport-Security": [
          "max-age=31536000; includeSubDomains"
        ],
        "Access-Control-Allow-Origin": [
          "*"
        ],
        "Cache-Control": [
          "no-cache"
        ],
        "Location": [
          "https://graph.ppe.windows.net/e80a6e61-8b40-4a0b-9c90-fdc4db897423/directoryObjects/a05d6007-5fc5-4ef8-8e95-12ea54bccc9a/Microsoft.WindowsAzure.ActiveDirectory.Group"
        ],
        "Server": [
          "Microsoft-IIS/8.5"
        ],
        "X-AspNet-Version": [
          "4.0.30319"
        ],
        "X-Powered-By": [
          "ASP.NET",
          "ASP.NET"
        ],
        "Date": [
          "Wed, 03 Jun 2015 23:12:10 GMT"
        ]
      },
      "StatusCode": 201
    },
    {
      "RequestUri": "/e80a6e61-8b40-4a0b-9c90-fdc4db897423/groups?api-version=1.42-previewInternal",
      "EncodedRequestUri": "L2U4MGE2ZTYxLThiNDAtNGEwYi05YzkwLWZkYzRkYjg5NzQyMy9ncm91cHM/YXBpLXZlcnNpb249MS40Mi1wcmV2aWV3SW50ZXJuYWw=",
      "RequestMethod": "POST",
      "RequestBody": "{\r\n  \"displayName\": \"testGroup8\",\r\n  \"mailNickname\": \"testGroup8\",\r\n  \"mailEnabled\": false,\r\n  \"securityEnabled\": true\r\n}",
      "RequestHeaders": {
        "Content-Type": [
          "application/json"
        ],
        "Content-Length": [
          "117"
        ],
        "x-ms-version": [
          "1.42-previewInternal"
        ],
        "Accept": [
          "application/json; odata=minimalmetadata"
        ],
        "User-Agent": [
          "Authorization.Tests.GraphManagementClient/0.0.0.0"
        ]
      },
      "ResponseBody": "{\r\n  \"odata.metadata\": \"https://graph.ppe.windows.net/e80a6e61-8b40-4a0b-9c90-fdc4db897423/$metadata#directoryObjects/Microsoft.WindowsAzure.ActiveDirectory.Group/@Element\",\r\n  \"odata.type\": \"Microsoft.WindowsAzure.ActiveDirectory.Group\",\r\n  \"objectType\": \"Group\",\r\n  \"objectId\": \"8ca764e3-c6dd-444e-a3da-467302e40d98\",\r\n  \"softDeletionTimestamp\": null,\r\n  \"appMetadata\": null,\r\n  \"exchangeResources\": [],\r\n  \"description\": null,\r\n  \"dirSyncEnabled\": null,\r\n  \"displayName\": \"testGroup8\",\r\n  \"groupType\": null,\r\n  \"isPublic\": null,\r\n  \"lastDirSyncTime\": null,\r\n  \"licenseAssignment\": [],\r\n  \"mail\": null,\r\n  \"mailNickname\": \"testGroup8\",\r\n  \"mailEnabled\": false,\r\n  \"onPremiseSecurityIdentifier\": null,\r\n  \"provisioningErrors\": [],\r\n  \"proxyAddresses\": [],\r\n  \"securityEnabled\": true,\r\n  \"sharepointResources\": []\r\n}",
      "ResponseHeaders": {
        "Content-Length": [
          "704"
        ],
        "Content-Type": [
          "application/json; odata=minimalmetadata; streaming=true; charset=utf-8"
        ],
        "Expires": [
          "-1"
        ],
        "Pragma": [
          "no-cache"
        ],
        "ocp-aad-diagnostics-server-name": [
          "vhYgA4yOUvjGnawHsDLVJznXNq0HF1intYYZGiD8RqA="
        ],
        "request-id": [
          "d3e6672f-ddff-4679-8a6e-a8d3099b4bca"
        ],
        "client-request-id": [
          "a802ea0b-0b95-48af-9cac-fc660f327d13"
        ],
        "x-ms-gateway-rewrite": [
          "false"
        ],
        "x-ms-dirapi-data-contract-version": [
          "1.42-previewInternal"
        ],
        "ocp-aad-session-key": [
          "44Yln93Zfo0sLXWhsxuH85kFZClbAFQ5VOi0lZ4OFsnzziILpwZu--50nt9aeLiGIK4u7DfvspeEXzhJn_G5oW7RMnGab3y_PkWUvU36vdktop4bXpIys0xLAzm9XRqiJh0AIxpcIgN_X0CroAOsGw.btga-x1HRHy_A7NURLMel1ZyqkaB1ZhT9jAkBfP74TU"
        ],
        "X-Content-Type-Options": [
          "nosniff"
        ],
        "DataServiceVersion": [
          "3.0;"
        ],
        "Strict-Transport-Security": [
          "max-age=31536000; includeSubDomains"
        ],
        "Access-Control-Allow-Origin": [
          "*"
        ],
        "Cache-Control": [
          "no-cache"
        ],
        "Location": [
          "https://graph.ppe.windows.net/e80a6e61-8b40-4a0b-9c90-fdc4db897423/directoryObjects/8ca764e3-c6dd-444e-a3da-467302e40d98/Microsoft.WindowsAzure.ActiveDirectory.Group"
        ],
        "Server": [
          "Microsoft-IIS/8.5"
        ],
        "X-AspNet-Version": [
          "4.0.30319"
        ],
        "X-Powered-By": [
          "ASP.NET",
          "ASP.NET"
        ],
        "Date": [
          "Wed, 03 Jun 2015 23:12:10 GMT"
        ]
      },
      "StatusCode": 201
    },
    {
      "RequestUri": "/e80a6e61-8b40-4a0b-9c90-fdc4db897423/groups?api-version=1.42-previewInternal",
      "EncodedRequestUri": "L2U4MGE2ZTYxLThiNDAtNGEwYi05YzkwLWZkYzRkYjg5NzQyMy9ncm91cHM/YXBpLXZlcnNpb249MS40Mi1wcmV2aWV3SW50ZXJuYWw=",
      "RequestMethod": "POST",
      "RequestBody": "{\r\n  \"displayName\": \"testGroup9\",\r\n  \"mailNickname\": \"testGroup9\",\r\n  \"mailEnabled\": false,\r\n  \"securityEnabled\": true\r\n}",
      "RequestHeaders": {
        "Content-Type": [
          "application/json"
        ],
        "Content-Length": [
          "117"
        ],
        "x-ms-version": [
          "1.42-previewInternal"
        ],
        "Accept": [
          "application/json; odata=minimalmetadata"
        ],
        "User-Agent": [
          "Authorization.Tests.GraphManagementClient/0.0.0.0"
        ]
      },
      "ResponseBody": "{\r\n  \"odata.metadata\": \"https://graph.ppe.windows.net/e80a6e61-8b40-4a0b-9c90-fdc4db897423/$metadata#directoryObjects/Microsoft.WindowsAzure.ActiveDirectory.Group/@Element\",\r\n  \"odata.type\": \"Microsoft.WindowsAzure.ActiveDirectory.Group\",\r\n  \"objectType\": \"Group\",\r\n  \"objectId\": \"96e2efe1-3d7f-4de4-addb-fc0f4e8a6499\",\r\n  \"softDeletionTimestamp\": null,\r\n  \"appMetadata\": null,\r\n  \"exchangeResources\": [],\r\n  \"description\": null,\r\n  \"dirSyncEnabled\": null,\r\n  \"displayName\": \"testGroup9\",\r\n  \"groupType\": null,\r\n  \"isPublic\": null,\r\n  \"lastDirSyncTime\": null,\r\n  \"licenseAssignment\": [],\r\n  \"mail\": null,\r\n  \"mailNickname\": \"testGroup9\",\r\n  \"mailEnabled\": false,\r\n  \"onPremiseSecurityIdentifier\": null,\r\n  \"provisioningErrors\": [],\r\n  \"proxyAddresses\": [],\r\n  \"securityEnabled\": true,\r\n  \"sharepointResources\": []\r\n}",
      "ResponseHeaders": {
        "Content-Length": [
          "704"
        ],
        "Content-Type": [
          "application/json; odata=minimalmetadata; streaming=true; charset=utf-8"
        ],
        "Expires": [
          "-1"
        ],
        "Pragma": [
          "no-cache"
        ],
        "ocp-aad-diagnostics-server-name": [
          "IO94mNZNhBZJ3rIUznuqNE6HojbeROusjKv8xncDPiY="
        ],
        "request-id": [
          "1376d1dc-4f8b-4091-ad25-bb2c02ffc57e"
        ],
        "client-request-id": [
          "7f6ce442-66e4-4a54-b3d0-6d883da49ec5"
        ],
        "x-ms-gateway-rewrite": [
          "false"
        ],
        "x-ms-dirapi-data-contract-version": [
          "1.42-previewInternal"
        ],
        "ocp-aad-session-key": [
          "RuvhF3yWx2JfT4u8nOyR8_KyyU_yT8CsG6cWOkOWk2sQMtXdtbBuYHsIzUFFFVDKjmCbrko2IicTazsdtfkNpt_WwHvYZOO-rnKAz_lZSKzMc9HvXn_dH7-EKdR2RD41PRk2WV9RUwhRHA_fpFP2sw.-cbuzppCtFAADcM1T3tHqUxpNhysEO9Vb4xHZ2yAGC0"
        ],
        "X-Content-Type-Options": [
          "nosniff"
        ],
        "DataServiceVersion": [
          "3.0;"
        ],
        "Strict-Transport-Security": [
          "max-age=31536000; includeSubDomains"
        ],
        "Access-Control-Allow-Origin": [
          "*"
        ],
        "Cache-Control": [
          "no-cache"
        ],
        "Location": [
          "https://graph.ppe.windows.net/e80a6e61-8b40-4a0b-9c90-fdc4db897423/directoryObjects/96e2efe1-3d7f-4de4-addb-fc0f4e8a6499/Microsoft.WindowsAzure.ActiveDirectory.Group"
        ],
        "Server": [
          "Microsoft-IIS/8.5"
        ],
        "X-AspNet-Version": [
          "4.0.30319"
        ],
        "X-Powered-By": [
          "ASP.NET",
          "ASP.NET"
        ],
        "Date": [
          "Wed, 03 Jun 2015 23:12:10 GMT"
        ]
      },
      "StatusCode": 201
    },
    {
      "RequestUri": "/e80a6e61-8b40-4a0b-9c90-fdc4db897423/users?api-version=1.42-previewInternal",
      "EncodedRequestUri": "L2U4MGE2ZTYxLThiNDAtNGEwYi05YzkwLWZkYzRkYjg5NzQyMy91c2Vycz9hcGktdmVyc2lvbj0xLjQyLXByZXZpZXdJbnRlcm5hbA==",
      "RequestMethod": "POST",
      "RequestBody": "{\r\n  \"accountEnabled\": true,\r\n  \"displayName\": \"testUser0\",\r\n  \"mailNickname\": \"testUser0\",\r\n  \"passwordProfile\": {\r\n    \"password\": \"Test1234\",\r\n    \"forceChangePasswordNextLogin\": false\r\n  },\r\n  \"userPrincipalName\": \"testUser0@aad319.ccsctp.net\"\r\n}",
      "RequestHeaders": {
        "Content-Type": [
          "application/json"
        ],
        "Content-Length": [
          "248"
        ],
        "x-ms-version": [
          "1.42-previewInternal"
        ],
        "Accept": [
          "application/json; odata=minimalmetadata"
        ],
        "User-Agent": [
          "Authorization.Tests.GraphManagementClient/0.0.0.0"
        ]
      },
      "ResponseBody": "{\r\n  \"odata.metadata\": \"https://graph.ppe.windows.net/e80a6e61-8b40-4a0b-9c90-fdc4db897423/$metadata#directoryObjects/Microsoft.WindowsAzure.ActiveDirectory.User/@Element\",\r\n  \"odata.type\": \"Microsoft.WindowsAzure.ActiveDirectory.User\",\r\n  \"objectType\": \"User\",\r\n  \"objectId\": \"07830bd9-791c-4fbb-9ec4-a968a5e6deb0\",\r\n  \"softDeletionTimestamp\": null,\r\n  \"acceptedAs\": null,\r\n  \"acceptedOn\": null,\r\n  \"accountEnabled\": true,\r\n  \"alternativeSecurityIds\": [],\r\n  \"appMetadata\": null,\r\n  \"assignedLicenses\": [],\r\n  \"assignedPlans\": [],\r\n  \"city\": null,\r\n  \"country\": null,\r\n  \"creationType\": null,\r\n  \"department\": null,\r\n  \"dirSyncEnabled\": null,\r\n  \"displayName\": \"testUser0\",\r\n  \"extensionAttribute1\": null,\r\n  \"extensionAttribute2\": null,\r\n  \"extensionAttribute3\": null,\r\n  \"extensionAttribute4\": null,\r\n  \"extensionAttribute5\": null,\r\n  \"extensionAttribute6\": null,\r\n  \"extensionAttribute7\": null,\r\n  \"extensionAttribute8\": null,\r\n  \"extensionAttribute9\": null,\r\n  \"extensionAttribute10\": null,\r\n  \"extensionAttribute11\": null,\r\n  \"extensionAttribute12\": null,\r\n  \"extensionAttribute13\": null,\r\n  \"extensionAttribute14\": null,\r\n  \"extensionAttribute15\": null,\r\n  \"facsimileTelephoneNumber\": null,\r\n  \"givenName\": null,\r\n  \"immutableId\": null,\r\n  \"invitedOn\": null,\r\n  \"inviteReplyUrl\": [],\r\n  \"inviteResources\": [],\r\n  \"inviteTicket\": [],\r\n  \"isCompromised\": null,\r\n  \"jobTitle\": null,\r\n  \"jrnlAddress\": null,\r\n  \"lastDirSyncTime\": null,\r\n  \"logonIdentifiers\": [],\r\n  \"mail\": null,\r\n  \"mailNickname\": \"testUser0\",\r\n  \"mobile\": null,\r\n  \"netId\": \"10033FFF90EA40B3\",\r\n  \"onPremiseSecurityIdentifier\": null,\r\n  \"otherMails\": [],\r\n  \"passwordPolicies\": null,\r\n  \"passwordProfile\": null,\r\n  \"physicalDeliveryOfficeName\": null,\r\n  \"postalCode\": null,\r\n  \"preferredLanguage\": null,\r\n  \"primarySMTPAddress\": null,\r\n  \"provisionedPlans\": [],\r\n  \"provisioningErrors\": [],\r\n  \"proxyAddresses\": [],\r\n  \"searchableDeviceKey\": [],\r\n  \"selfServePasswordResetData\": null,\r\n  \"signInName\": \"testUser0@aad319.ccsctp.net\",\r\n  \"sipProxyAddress\": null,\r\n  \"smtpAddresses\": [],\r\n  \"state\": null,\r\n  \"streetAddress\": null,\r\n  \"surname\": null,\r\n  \"telephoneNumber\": null,\r\n  \"usageLocation\": null,\r\n  \"userPrincipalName\": \"testUser0@aad319.ccsctp.net\",\r\n  \"userState\": null,\r\n  \"userStateChangedOn\": null,\r\n  \"userType\": \"Member\"\r\n}",
      "ResponseHeaders": {
        "Content-Length": [
          "1937"
        ],
        "Content-Type": [
          "application/json; odata=minimalmetadata; streaming=true; charset=utf-8"
        ],
        "Expires": [
          "-1"
        ],
        "Pragma": [
          "no-cache"
        ],
        "ocp-aad-diagnostics-server-name": [
          "IO94mNZNhBZJ3rIUznuqNE6HojbeROusjKv8xncDPiY="
        ],
        "request-id": [
          "d80b5c9b-abf0-43b0-9fa3-3f03723d934c"
        ],
        "client-request-id": [
          "a5e4e648-ab40-462f-82ca-d98eafd4e0f9"
        ],
        "x-ms-gateway-rewrite": [
          "false"
        ],
        "x-ms-dirapi-data-contract-version": [
          "1.42-previewInternal"
        ],
        "ocp-aad-session-key": [
          "0aavVwelZjmfLFxQK1B79YySIfuC8seMDs-JzbWRNcKX-zmWhjtCyJ4-Sqxfvltc8gcLpbGbKVtYbJ8z2a9pfIqSCGvMRbYIPrPb1lRREtfaJc2kQrvlsmwWC9WYNx62GjfYw3gtzdrXzseFdLr-fw.eml4WqpLc-QIAHAaU91q-rwgtWxU1WUmnjHoPs6rT_Q"
        ],
        "X-Content-Type-Options": [
          "nosniff"
        ],
        "DataServiceVersion": [
          "3.0;"
        ],
        "Strict-Transport-Security": [
          "max-age=31536000; includeSubDomains"
        ],
        "Access-Control-Allow-Origin": [
          "*"
        ],
        "Cache-Control": [
          "no-cache"
        ],
        "Location": [
          "https://graph.ppe.windows.net/e80a6e61-8b40-4a0b-9c90-fdc4db897423/directoryObjects/07830bd9-791c-4fbb-9ec4-a968a5e6deb0/Microsoft.WindowsAzure.ActiveDirectory.User"
        ],
        "Server": [
          "Microsoft-IIS/8.5"
        ],
        "X-AspNet-Version": [
          "4.0.30319"
        ],
        "X-Powered-By": [
          "ASP.NET",
          "ASP.NET"
        ],
        "Date": [
          "Wed, 03 Jun 2015 23:12:11 GMT"
        ]
      },
      "StatusCode": 201
    },
    {
      "RequestUri": "/e80a6e61-8b40-4a0b-9c90-fdc4db897423/users?api-version=1.42-previewInternal",
      "EncodedRequestUri": "L2U4MGE2ZTYxLThiNDAtNGEwYi05YzkwLWZkYzRkYjg5NzQyMy91c2Vycz9hcGktdmVyc2lvbj0xLjQyLXByZXZpZXdJbnRlcm5hbA==",
      "RequestMethod": "POST",
      "RequestBody": "{\r\n  \"accountEnabled\": true,\r\n  \"displayName\": \"testUser1\",\r\n  \"mailNickname\": \"testUser1\",\r\n  \"passwordProfile\": {\r\n    \"password\": \"Test1234\",\r\n    \"forceChangePasswordNextLogin\": false\r\n  },\r\n  \"userPrincipalName\": \"testUser1@aad319.ccsctp.net\"\r\n}",
      "RequestHeaders": {
        "Content-Type": [
          "application/json"
        ],
        "Content-Length": [
          "248"
        ],
        "x-ms-version": [
          "1.42-previewInternal"
        ],
        "Accept": [
          "application/json; odata=minimalmetadata"
        ],
        "User-Agent": [
          "Authorization.Tests.GraphManagementClient/0.0.0.0"
        ]
      },
      "ResponseBody": "{\r\n  \"odata.metadata\": \"https://graph.ppe.windows.net/e80a6e61-8b40-4a0b-9c90-fdc4db897423/$metadata#directoryObjects/Microsoft.WindowsAzure.ActiveDirectory.User/@Element\",\r\n  \"odata.type\": \"Microsoft.WindowsAzure.ActiveDirectory.User\",\r\n  \"objectType\": \"User\",\r\n  \"objectId\": \"2bc6b9a9-5290-4b97-bbd7-f215aea9e658\",\r\n  \"softDeletionTimestamp\": null,\r\n  \"acceptedAs\": null,\r\n  \"acceptedOn\": null,\r\n  \"accountEnabled\": true,\r\n  \"alternativeSecurityIds\": [],\r\n  \"appMetadata\": null,\r\n  \"assignedLicenses\": [],\r\n  \"assignedPlans\": [],\r\n  \"city\": null,\r\n  \"country\": null,\r\n  \"creationType\": null,\r\n  \"department\": null,\r\n  \"dirSyncEnabled\": null,\r\n  \"displayName\": \"testUser1\",\r\n  \"extensionAttribute1\": null,\r\n  \"extensionAttribute2\": null,\r\n  \"extensionAttribute3\": null,\r\n  \"extensionAttribute4\": null,\r\n  \"extensionAttribute5\": null,\r\n  \"extensionAttribute6\": null,\r\n  \"extensionAttribute7\": null,\r\n  \"extensionAttribute8\": null,\r\n  \"extensionAttribute9\": null,\r\n  \"extensionAttribute10\": null,\r\n  \"extensionAttribute11\": null,\r\n  \"extensionAttribute12\": null,\r\n  \"extensionAttribute13\": null,\r\n  \"extensionAttribute14\": null,\r\n  \"extensionAttribute15\": null,\r\n  \"facsimileTelephoneNumber\": null,\r\n  \"givenName\": null,\r\n  \"immutableId\": null,\r\n  \"invitedOn\": null,\r\n  \"inviteReplyUrl\": [],\r\n  \"inviteResources\": [],\r\n  \"inviteTicket\": [],\r\n  \"isCompromised\": null,\r\n  \"jobTitle\": null,\r\n  \"jrnlAddress\": null,\r\n  \"lastDirSyncTime\": null,\r\n  \"logonIdentifiers\": [],\r\n  \"mail\": null,\r\n  \"mailNickname\": \"testUser1\",\r\n  \"mobile\": null,\r\n  \"netId\": \"10033FFF90EA40B4\",\r\n  \"onPremiseSecurityIdentifier\": null,\r\n  \"otherMails\": [],\r\n  \"passwordPolicies\": null,\r\n  \"passwordProfile\": null,\r\n  \"physicalDeliveryOfficeName\": null,\r\n  \"postalCode\": null,\r\n  \"preferredLanguage\": null,\r\n  \"primarySMTPAddress\": null,\r\n  \"provisionedPlans\": [],\r\n  \"provisioningErrors\": [],\r\n  \"proxyAddresses\": [],\r\n  \"searchableDeviceKey\": [],\r\n  \"selfServePasswordResetData\": null,\r\n  \"signInName\": \"testUser1@aad319.ccsctp.net\",\r\n  \"sipProxyAddress\": null,\r\n  \"smtpAddresses\": [],\r\n  \"state\": null,\r\n  \"streetAddress\": null,\r\n  \"surname\": null,\r\n  \"telephoneNumber\": null,\r\n  \"usageLocation\": null,\r\n  \"userPrincipalName\": \"testUser1@aad319.ccsctp.net\",\r\n  \"userState\": null,\r\n  \"userStateChangedOn\": null,\r\n  \"userType\": \"Member\"\r\n}",
      "ResponseHeaders": {
        "Content-Length": [
          "1937"
        ],
        "Content-Type": [
          "application/json; odata=minimalmetadata; streaming=true; charset=utf-8"
        ],
        "Expires": [
          "-1"
        ],
        "Pragma": [
          "no-cache"
        ],
        "ocp-aad-diagnostics-server-name": [
          "IO94mNZNhBZJ3rIUznuqNE6HojbeROusjKv8xncDPiY="
        ],
        "request-id": [
          "130ee2d1-40be-44ea-87f3-d32e58e55334"
        ],
        "client-request-id": [
          "1515316c-dff6-4d62-b177-7f49350bc5fe"
        ],
        "x-ms-gateway-rewrite": [
          "false"
        ],
        "x-ms-dirapi-data-contract-version": [
          "1.42-previewInternal"
        ],
        "ocp-aad-session-key": [
          "-ZXpjCGK-mRDIs2bRdUgWucDvoAnZmwwXpys8waxWRX6TP7PrS6JatAm1G7hrtRpbByy_uBSm6EjNGYhUVxPicF5lsdqo108lhbn2jKCn6lZZU0c3Vqj-YjfBMRU24fcijKWHooIlzeeKZ-fXf_QAg._7cKCgJHHWEziUCS2dAOMuAOrWC3aFteCUlL3smy5yU"
        ],
        "X-Content-Type-Options": [
          "nosniff"
        ],
        "DataServiceVersion": [
          "3.0;"
        ],
        "Strict-Transport-Security": [
          "max-age=31536000; includeSubDomains"
        ],
        "Access-Control-Allow-Origin": [
          "*"
        ],
        "Cache-Control": [
          "no-cache"
        ],
        "Location": [
          "https://graph.ppe.windows.net/e80a6e61-8b40-4a0b-9c90-fdc4db897423/directoryObjects/2bc6b9a9-5290-4b97-bbd7-f215aea9e658/Microsoft.WindowsAzure.ActiveDirectory.User"
        ],
        "Server": [
          "Microsoft-IIS/8.5"
        ],
        "X-AspNet-Version": [
          "4.0.30319"
        ],
        "X-Powered-By": [
          "ASP.NET",
          "ASP.NET"
        ],
        "Date": [
          "Wed, 03 Jun 2015 23:12:12 GMT"
        ]
      },
      "StatusCode": 201
    },
    {
      "RequestUri": "/e80a6e61-8b40-4a0b-9c90-fdc4db897423/users?api-version=1.42-previewInternal",
      "EncodedRequestUri": "L2U4MGE2ZTYxLThiNDAtNGEwYi05YzkwLWZkYzRkYjg5NzQyMy91c2Vycz9hcGktdmVyc2lvbj0xLjQyLXByZXZpZXdJbnRlcm5hbA==",
      "RequestMethod": "POST",
      "RequestBody": "{\r\n  \"accountEnabled\": true,\r\n  \"displayName\": \"testUser2\",\r\n  \"mailNickname\": \"testUser2\",\r\n  \"passwordProfile\": {\r\n    \"password\": \"Test1234\",\r\n    \"forceChangePasswordNextLogin\": false\r\n  },\r\n  \"userPrincipalName\": \"testUser2@aad319.ccsctp.net\"\r\n}",
      "RequestHeaders": {
        "Content-Type": [
          "application/json"
        ],
        "Content-Length": [
          "248"
        ],
        "x-ms-version": [
          "1.42-previewInternal"
        ],
        "Accept": [
          "application/json; odata=minimalmetadata"
        ],
        "User-Agent": [
          "Authorization.Tests.GraphManagementClient/0.0.0.0"
        ]
      },
      "ResponseBody": "{\r\n  \"odata.metadata\": \"https://graph.ppe.windows.net/e80a6e61-8b40-4a0b-9c90-fdc4db897423/$metadata#directoryObjects/Microsoft.WindowsAzure.ActiveDirectory.User/@Element\",\r\n  \"odata.type\": \"Microsoft.WindowsAzure.ActiveDirectory.User\",\r\n  \"objectType\": \"User\",\r\n  \"objectId\": \"311cd1f4-6695-4260-94cc-af7c749c4319\",\r\n  \"softDeletionTimestamp\": null,\r\n  \"acceptedAs\": null,\r\n  \"acceptedOn\": null,\r\n  \"accountEnabled\": true,\r\n  \"alternativeSecurityIds\": [],\r\n  \"appMetadata\": null,\r\n  \"assignedLicenses\": [],\r\n  \"assignedPlans\": [],\r\n  \"city\": null,\r\n  \"country\": null,\r\n  \"creationType\": null,\r\n  \"department\": null,\r\n  \"dirSyncEnabled\": null,\r\n  \"displayName\": \"testUser2\",\r\n  \"extensionAttribute1\": null,\r\n  \"extensionAttribute2\": null,\r\n  \"extensionAttribute3\": null,\r\n  \"extensionAttribute4\": null,\r\n  \"extensionAttribute5\": null,\r\n  \"extensionAttribute6\": null,\r\n  \"extensionAttribute7\": null,\r\n  \"extensionAttribute8\": null,\r\n  \"extensionAttribute9\": null,\r\n  \"extensionAttribute10\": null,\r\n  \"extensionAttribute11\": null,\r\n  \"extensionAttribute12\": null,\r\n  \"extensionAttribute13\": null,\r\n  \"extensionAttribute14\": null,\r\n  \"extensionAttribute15\": null,\r\n  \"facsimileTelephoneNumber\": null,\r\n  \"givenName\": null,\r\n  \"immutableId\": null,\r\n  \"invitedOn\": null,\r\n  \"inviteReplyUrl\": [],\r\n  \"inviteResources\": [],\r\n  \"inviteTicket\": [],\r\n  \"isCompromised\": null,\r\n  \"jobTitle\": null,\r\n  \"jrnlAddress\": null,\r\n  \"lastDirSyncTime\": null,\r\n  \"logonIdentifiers\": [],\r\n  \"mail\": null,\r\n  \"mailNickname\": \"testUser2\",\r\n  \"mobile\": null,\r\n  \"netId\": \"10033FFF90EA40B5\",\r\n  \"onPremiseSecurityIdentifier\": null,\r\n  \"otherMails\": [],\r\n  \"passwordPolicies\": null,\r\n  \"passwordProfile\": null,\r\n  \"physicalDeliveryOfficeName\": null,\r\n  \"postalCode\": null,\r\n  \"preferredLanguage\": null,\r\n  \"primarySMTPAddress\": null,\r\n  \"provisionedPlans\": [],\r\n  \"provisioningErrors\": [],\r\n  \"proxyAddresses\": [],\r\n  \"searchableDeviceKey\": [],\r\n  \"selfServePasswordResetData\": null,\r\n  \"signInName\": \"testUser2@aad319.ccsctp.net\",\r\n  \"sipProxyAddress\": null,\r\n  \"smtpAddresses\": [],\r\n  \"state\": null,\r\n  \"streetAddress\": null,\r\n  \"surname\": null,\r\n  \"telephoneNumber\": null,\r\n  \"usageLocation\": null,\r\n  \"userPrincipalName\": \"testUser2@aad319.ccsctp.net\",\r\n  \"userState\": null,\r\n  \"userStateChangedOn\": null,\r\n  \"userType\": \"Member\"\r\n}",
      "ResponseHeaders": {
        "Content-Length": [
          "1937"
        ],
        "Content-Type": [
          "application/json; odata=minimalmetadata; streaming=true; charset=utf-8"
        ],
        "Expires": [
          "-1"
        ],
        "Pragma": [
          "no-cache"
        ],
        "ocp-aad-diagnostics-server-name": [
          "IO94mNZNhBZJ3rIUznuqNE6HojbeROusjKv8xncDPiY="
        ],
        "request-id": [
          "09f7e52a-b614-497e-a4e1-d874b2da6e72"
        ],
        "client-request-id": [
          "c974f873-5fc1-4edb-ac87-1cf9180798ce"
        ],
        "x-ms-gateway-rewrite": [
          "false"
        ],
        "x-ms-dirapi-data-contract-version": [
          "1.42-previewInternal"
        ],
        "ocp-aad-session-key": [
          "7utCiFrUzzRza2Sc3RUXmtBgLlChVyE9i_vpAzkWPcOVupokYdkOC0SN1fvHREI9YdEB2Dm210ukC_XiTVF-t-GGLZjYeThL7E4fuKEtvrD7tY_QV9T6b5UeW12R3RRtsAIeW9lh1ISwIC0d2GSAQQ.EK6iB8DEUelfzmLVfBWAK6fveYeBP4b5sXwG335-AN4"
        ],
        "X-Content-Type-Options": [
          "nosniff"
        ],
        "DataServiceVersion": [
          "3.0;"
        ],
        "Strict-Transport-Security": [
          "max-age=31536000; includeSubDomains"
        ],
        "Access-Control-Allow-Origin": [
          "*"
        ],
        "Cache-Control": [
          "no-cache"
        ],
        "Location": [
          "https://graph.ppe.windows.net/e80a6e61-8b40-4a0b-9c90-fdc4db897423/directoryObjects/311cd1f4-6695-4260-94cc-af7c749c4319/Microsoft.WindowsAzure.ActiveDirectory.User"
        ],
        "Server": [
          "Microsoft-IIS/8.5"
        ],
        "X-AspNet-Version": [
          "4.0.30319"
        ],
        "X-Powered-By": [
          "ASP.NET",
          "ASP.NET"
        ],
        "Date": [
          "Wed, 03 Jun 2015 23:12:12 GMT"
        ]
      },
      "StatusCode": 201
    },
    {
      "RequestUri": "/e80a6e61-8b40-4a0b-9c90-fdc4db897423/users?api-version=1.42-previewInternal",
      "EncodedRequestUri": "L2U4MGE2ZTYxLThiNDAtNGEwYi05YzkwLWZkYzRkYjg5NzQyMy91c2Vycz9hcGktdmVyc2lvbj0xLjQyLXByZXZpZXdJbnRlcm5hbA==",
      "RequestMethod": "POST",
      "RequestBody": "{\r\n  \"accountEnabled\": true,\r\n  \"displayName\": \"testUser3\",\r\n  \"mailNickname\": \"testUser3\",\r\n  \"passwordProfile\": {\r\n    \"password\": \"Test1234\",\r\n    \"forceChangePasswordNextLogin\": false\r\n  },\r\n  \"userPrincipalName\": \"testUser3@aad319.ccsctp.net\"\r\n}",
      "RequestHeaders": {
        "Content-Type": [
          "application/json"
        ],
        "Content-Length": [
          "248"
        ],
        "x-ms-version": [
          "1.42-previewInternal"
        ],
        "Accept": [
          "application/json; odata=minimalmetadata"
        ],
        "User-Agent": [
          "Authorization.Tests.GraphManagementClient/0.0.0.0"
        ]
      },
      "ResponseBody": "{\r\n  \"odata.metadata\": \"https://graph.ppe.windows.net/e80a6e61-8b40-4a0b-9c90-fdc4db897423/$metadata#directoryObjects/Microsoft.WindowsAzure.ActiveDirectory.User/@Element\",\r\n  \"odata.type\": \"Microsoft.WindowsAzure.ActiveDirectory.User\",\r\n  \"objectType\": \"User\",\r\n  \"objectId\": \"6bd62550-52ac-4225-9a54-23149fc49efd\",\r\n  \"softDeletionTimestamp\": null,\r\n  \"acceptedAs\": null,\r\n  \"acceptedOn\": null,\r\n  \"accountEnabled\": true,\r\n  \"alternativeSecurityIds\": [],\r\n  \"appMetadata\": null,\r\n  \"assignedLicenses\": [],\r\n  \"assignedPlans\": [],\r\n  \"city\": null,\r\n  \"country\": null,\r\n  \"creationType\": null,\r\n  \"department\": null,\r\n  \"dirSyncEnabled\": null,\r\n  \"displayName\": \"testUser3\",\r\n  \"extensionAttribute1\": null,\r\n  \"extensionAttribute2\": null,\r\n  \"extensionAttribute3\": null,\r\n  \"extensionAttribute4\": null,\r\n  \"extensionAttribute5\": null,\r\n  \"extensionAttribute6\": null,\r\n  \"extensionAttribute7\": null,\r\n  \"extensionAttribute8\": null,\r\n  \"extensionAttribute9\": null,\r\n  \"extensionAttribute10\": null,\r\n  \"extensionAttribute11\": null,\r\n  \"extensionAttribute12\": null,\r\n  \"extensionAttribute13\": null,\r\n  \"extensionAttribute14\": null,\r\n  \"extensionAttribute15\": null,\r\n  \"facsimileTelephoneNumber\": null,\r\n  \"givenName\": null,\r\n  \"immutableId\": null,\r\n  \"invitedOn\": null,\r\n  \"inviteReplyUrl\": [],\r\n  \"inviteResources\": [],\r\n  \"inviteTicket\": [],\r\n  \"isCompromised\": null,\r\n  \"jobTitle\": null,\r\n  \"jrnlAddress\": null,\r\n  \"lastDirSyncTime\": null,\r\n  \"logonIdentifiers\": [],\r\n  \"mail\": null,\r\n  \"mailNickname\": \"testUser3\",\r\n  \"mobile\": null,\r\n  \"netId\": \"10033FFF90EA40B6\",\r\n  \"onPremiseSecurityIdentifier\": null,\r\n  \"otherMails\": [],\r\n  \"passwordPolicies\": null,\r\n  \"passwordProfile\": null,\r\n  \"physicalDeliveryOfficeName\": null,\r\n  \"postalCode\": null,\r\n  \"preferredLanguage\": null,\r\n  \"primarySMTPAddress\": null,\r\n  \"provisionedPlans\": [],\r\n  \"provisioningErrors\": [],\r\n  \"proxyAddresses\": [],\r\n  \"searchableDeviceKey\": [],\r\n  \"selfServePasswordResetData\": null,\r\n  \"signInName\": \"testUser3@aad319.ccsctp.net\",\r\n  \"sipProxyAddress\": null,\r\n  \"smtpAddresses\": [],\r\n  \"state\": null,\r\n  \"streetAddress\": null,\r\n  \"surname\": null,\r\n  \"telephoneNumber\": null,\r\n  \"usageLocation\": null,\r\n  \"userPrincipalName\": \"testUser3@aad319.ccsctp.net\",\r\n  \"userState\": null,\r\n  \"userStateChangedOn\": null,\r\n  \"userType\": \"Member\"\r\n}",
      "ResponseHeaders": {
        "Content-Length": [
          "1937"
        ],
        "Content-Type": [
          "application/json; odata=minimalmetadata; streaming=true; charset=utf-8"
        ],
        "Expires": [
          "-1"
        ],
        "Pragma": [
          "no-cache"
        ],
        "ocp-aad-diagnostics-server-name": [
          "IO94mNZNhBZJ3rIUznuqNE6HojbeROusjKv8xncDPiY="
        ],
        "request-id": [
          "ed9e0c4d-0cf4-4370-90ee-94f238dcd824"
        ],
        "client-request-id": [
          "cd3ae1d7-67ba-4595-a0d0-95d37828b0a5"
        ],
        "x-ms-gateway-rewrite": [
          "false"
        ],
        "x-ms-dirapi-data-contract-version": [
          "1.42-previewInternal"
        ],
        "ocp-aad-session-key": [
          "76Z7_OWqhz9ebYcLrQBzHlfzWWyrOb2ShsN0-sLuzbP-Gx4K0-J9BQ-a2qUTfvrNy7utwhDlht9gNSQEw_fwPxo0uyT69njV5bP6CRGgXdamElrb23nai_vxDpVgyZsz9U3vxqV2KjEu-BsZQjldOg.KxLbrQCRFS-SILs9x0yisMrCe4oe6pMtPS89SgU6PaY"
        ],
        "X-Content-Type-Options": [
          "nosniff"
        ],
        "DataServiceVersion": [
          "3.0;"
        ],
        "Strict-Transport-Security": [
          "max-age=31536000; includeSubDomains"
        ],
        "Access-Control-Allow-Origin": [
          "*"
        ],
        "Cache-Control": [
          "no-cache"
        ],
        "Location": [
          "https://graph.ppe.windows.net/e80a6e61-8b40-4a0b-9c90-fdc4db897423/directoryObjects/6bd62550-52ac-4225-9a54-23149fc49efd/Microsoft.WindowsAzure.ActiveDirectory.User"
        ],
        "Server": [
          "Microsoft-IIS/8.5"
        ],
        "X-AspNet-Version": [
          "4.0.30319"
        ],
        "X-Powered-By": [
          "ASP.NET",
          "ASP.NET"
        ],
        "Date": [
          "Wed, 03 Jun 2015 23:12:14 GMT"
        ]
      },
      "StatusCode": 201
    },
    {
      "RequestUri": "/e80a6e61-8b40-4a0b-9c90-fdc4db897423/users?api-version=1.42-previewInternal",
      "EncodedRequestUri": "L2U4MGE2ZTYxLThiNDAtNGEwYi05YzkwLWZkYzRkYjg5NzQyMy91c2Vycz9hcGktdmVyc2lvbj0xLjQyLXByZXZpZXdJbnRlcm5hbA==",
      "RequestMethod": "POST",
      "RequestBody": "{\r\n  \"accountEnabled\": true,\r\n  \"displayName\": \"testUser4\",\r\n  \"mailNickname\": \"testUser4\",\r\n  \"passwordProfile\": {\r\n    \"password\": \"Test1234\",\r\n    \"forceChangePasswordNextLogin\": false\r\n  },\r\n  \"userPrincipalName\": \"testUser4@aad319.ccsctp.net\"\r\n}",
      "RequestHeaders": {
        "Content-Type": [
          "application/json"
        ],
        "Content-Length": [
          "248"
        ],
        "x-ms-version": [
          "1.42-previewInternal"
        ],
        "Accept": [
          "application/json; odata=minimalmetadata"
        ],
        "User-Agent": [
          "Authorization.Tests.GraphManagementClient/0.0.0.0"
        ]
      },
      "ResponseBody": "{\r\n  \"odata.metadata\": \"https://graph.ppe.windows.net/e80a6e61-8b40-4a0b-9c90-fdc4db897423/$metadata#directoryObjects/Microsoft.WindowsAzure.ActiveDirectory.User/@Element\",\r\n  \"odata.type\": \"Microsoft.WindowsAzure.ActiveDirectory.User\",\r\n  \"objectType\": \"User\",\r\n  \"objectId\": \"bdb4466b-c059-4847-8691-5e1f3739048e\",\r\n  \"softDeletionTimestamp\": null,\r\n  \"acceptedAs\": null,\r\n  \"acceptedOn\": null,\r\n  \"accountEnabled\": true,\r\n  \"alternativeSecurityIds\": [],\r\n  \"appMetadata\": null,\r\n  \"assignedLicenses\": [],\r\n  \"assignedPlans\": [],\r\n  \"city\": null,\r\n  \"country\": null,\r\n  \"creationType\": null,\r\n  \"department\": null,\r\n  \"dirSyncEnabled\": null,\r\n  \"displayName\": \"testUser4\",\r\n  \"extensionAttribute1\": null,\r\n  \"extensionAttribute2\": null,\r\n  \"extensionAttribute3\": null,\r\n  \"extensionAttribute4\": null,\r\n  \"extensionAttribute5\": null,\r\n  \"extensionAttribute6\": null,\r\n  \"extensionAttribute7\": null,\r\n  \"extensionAttribute8\": null,\r\n  \"extensionAttribute9\": null,\r\n  \"extensionAttribute10\": null,\r\n  \"extensionAttribute11\": null,\r\n  \"extensionAttribute12\": null,\r\n  \"extensionAttribute13\": null,\r\n  \"extensionAttribute14\": null,\r\n  \"extensionAttribute15\": null,\r\n  \"facsimileTelephoneNumber\": null,\r\n  \"givenName\": null,\r\n  \"immutableId\": null,\r\n  \"invitedOn\": null,\r\n  \"inviteReplyUrl\": [],\r\n  \"inviteResources\": [],\r\n  \"inviteTicket\": [],\r\n  \"isCompromised\": null,\r\n  \"jobTitle\": null,\r\n  \"jrnlAddress\": null,\r\n  \"lastDirSyncTime\": null,\r\n  \"logonIdentifiers\": [],\r\n  \"mail\": null,\r\n  \"mailNickname\": \"testUser4\",\r\n  \"mobile\": null,\r\n  \"netId\": \"10033FFF90EA40B7\",\r\n  \"onPremiseSecurityIdentifier\": null,\r\n  \"otherMails\": [],\r\n  \"passwordPolicies\": null,\r\n  \"passwordProfile\": null,\r\n  \"physicalDeliveryOfficeName\": null,\r\n  \"postalCode\": null,\r\n  \"preferredLanguage\": null,\r\n  \"primarySMTPAddress\": null,\r\n  \"provisionedPlans\": [],\r\n  \"provisioningErrors\": [],\r\n  \"proxyAddresses\": [],\r\n  \"searchableDeviceKey\": [],\r\n  \"selfServePasswordResetData\": null,\r\n  \"signInName\": \"testUser4@aad319.ccsctp.net\",\r\n  \"sipProxyAddress\": null,\r\n  \"smtpAddresses\": [],\r\n  \"state\": null,\r\n  \"streetAddress\": null,\r\n  \"surname\": null,\r\n  \"telephoneNumber\": null,\r\n  \"usageLocation\": null,\r\n  \"userPrincipalName\": \"testUser4@aad319.ccsctp.net\",\r\n  \"userState\": null,\r\n  \"userStateChangedOn\": null,\r\n  \"userType\": \"Member\"\r\n}",
      "ResponseHeaders": {
        "Content-Length": [
          "1937"
        ],
        "Content-Type": [
          "application/json; odata=minimalmetadata; streaming=true; charset=utf-8"
        ],
        "Expires": [
          "-1"
        ],
        "Pragma": [
          "no-cache"
        ],
        "ocp-aad-diagnostics-server-name": [
          "IO94mNZNhBZJ3rIUznuqNE6HojbeROusjKv8xncDPiY="
        ],
        "request-id": [
          "e2d72f9d-18b2-4f69-84dc-4ee49d89c12c"
        ],
        "client-request-id": [
          "280672e5-390c-4628-9eed-e4c3f77db71e"
        ],
        "x-ms-gateway-rewrite": [
          "false"
        ],
        "x-ms-dirapi-data-contract-version": [
          "1.42-previewInternal"
        ],
        "ocp-aad-session-key": [
          "kqDKENwTNQyMg9pNSmqj3Hrw-mq78VtUBsXKqwe2rEGES5719E80KRS9BveFldtEIVDZYs0q3yTts3DdeTeOz-BpiPgMJLwPDYhmMPwLjeddoPH7-8dBRy2FoQfJ4AwUjVzJBcXOA7v8TyZRTL4EAA.-dqIbq0Mdag9gbrr_qmKIDzigAdyF2foKhn2ETKrywY"
        ],
        "X-Content-Type-Options": [
          "nosniff"
        ],
        "DataServiceVersion": [
          "3.0;"
        ],
        "Strict-Transport-Security": [
          "max-age=31536000; includeSubDomains"
        ],
        "Access-Control-Allow-Origin": [
          "*"
        ],
        "Cache-Control": [
          "no-cache"
        ],
        "Location": [
          "https://graph.ppe.windows.net/e80a6e61-8b40-4a0b-9c90-fdc4db897423/directoryObjects/bdb4466b-c059-4847-8691-5e1f3739048e/Microsoft.WindowsAzure.ActiveDirectory.User"
        ],
        "Server": [
          "Microsoft-IIS/8.5"
        ],
        "X-AspNet-Version": [
          "4.0.30319"
        ],
        "X-Powered-By": [
          "ASP.NET",
          "ASP.NET"
        ],
        "Date": [
          "Wed, 03 Jun 2015 23:12:14 GMT"
        ]
      },
      "StatusCode": 201
    },
    {
      "RequestUri": "/e80a6e61-8b40-4a0b-9c90-fdc4db897423/users?api-version=1.42-previewInternal",
      "EncodedRequestUri": "L2U4MGE2ZTYxLThiNDAtNGEwYi05YzkwLWZkYzRkYjg5NzQyMy91c2Vycz9hcGktdmVyc2lvbj0xLjQyLXByZXZpZXdJbnRlcm5hbA==",
      "RequestMethod": "POST",
      "RequestBody": "{\r\n  \"accountEnabled\": true,\r\n  \"displayName\": \"testUser5\",\r\n  \"mailNickname\": \"testUser5\",\r\n  \"passwordProfile\": {\r\n    \"password\": \"Test1234\",\r\n    \"forceChangePasswordNextLogin\": false\r\n  },\r\n  \"userPrincipalName\": \"testUser5@aad319.ccsctp.net\"\r\n}",
      "RequestHeaders": {
        "Content-Type": [
          "application/json"
        ],
        "Content-Length": [
          "248"
        ],
        "x-ms-version": [
          "1.42-previewInternal"
        ],
        "Accept": [
          "application/json; odata=minimalmetadata"
        ],
        "User-Agent": [
          "Authorization.Tests.GraphManagementClient/0.0.0.0"
        ]
      },
      "ResponseBody": "{\r\n  \"odata.metadata\": \"https://graph.ppe.windows.net/e80a6e61-8b40-4a0b-9c90-fdc4db897423/$metadata#directoryObjects/Microsoft.WindowsAzure.ActiveDirectory.User/@Element\",\r\n  \"odata.type\": \"Microsoft.WindowsAzure.ActiveDirectory.User\",\r\n  \"objectType\": \"User\",\r\n  \"objectId\": \"7ecec9d6-2793-4061-aaeb-a93c7246f3f7\",\r\n  \"softDeletionTimestamp\": null,\r\n  \"acceptedAs\": null,\r\n  \"acceptedOn\": null,\r\n  \"accountEnabled\": true,\r\n  \"alternativeSecurityIds\": [],\r\n  \"appMetadata\": null,\r\n  \"assignedLicenses\": [],\r\n  \"assignedPlans\": [],\r\n  \"city\": null,\r\n  \"country\": null,\r\n  \"creationType\": null,\r\n  \"department\": null,\r\n  \"dirSyncEnabled\": null,\r\n  \"displayName\": \"testUser5\",\r\n  \"extensionAttribute1\": null,\r\n  \"extensionAttribute2\": null,\r\n  \"extensionAttribute3\": null,\r\n  \"extensionAttribute4\": null,\r\n  \"extensionAttribute5\": null,\r\n  \"extensionAttribute6\": null,\r\n  \"extensionAttribute7\": null,\r\n  \"extensionAttribute8\": null,\r\n  \"extensionAttribute9\": null,\r\n  \"extensionAttribute10\": null,\r\n  \"extensionAttribute11\": null,\r\n  \"extensionAttribute12\": null,\r\n  \"extensionAttribute13\": null,\r\n  \"extensionAttribute14\": null,\r\n  \"extensionAttribute15\": null,\r\n  \"facsimileTelephoneNumber\": null,\r\n  \"givenName\": null,\r\n  \"immutableId\": null,\r\n  \"invitedOn\": null,\r\n  \"inviteReplyUrl\": [],\r\n  \"inviteResources\": [],\r\n  \"inviteTicket\": [],\r\n  \"isCompromised\": null,\r\n  \"jobTitle\": null,\r\n  \"jrnlAddress\": null,\r\n  \"lastDirSyncTime\": null,\r\n  \"logonIdentifiers\": [],\r\n  \"mail\": null,\r\n  \"mailNickname\": \"testUser5\",\r\n  \"mobile\": null,\r\n  \"netId\": \"10033FFF90EA40B9\",\r\n  \"onPremiseSecurityIdentifier\": null,\r\n  \"otherMails\": [],\r\n  \"passwordPolicies\": null,\r\n  \"passwordProfile\": null,\r\n  \"physicalDeliveryOfficeName\": null,\r\n  \"postalCode\": null,\r\n  \"preferredLanguage\": null,\r\n  \"primarySMTPAddress\": null,\r\n  \"provisionedPlans\": [],\r\n  \"provisioningErrors\": [],\r\n  \"proxyAddresses\": [],\r\n  \"searchableDeviceKey\": [],\r\n  \"selfServePasswordResetData\": null,\r\n  \"signInName\": \"testUser5@aad319.ccsctp.net\",\r\n  \"sipProxyAddress\": null,\r\n  \"smtpAddresses\": [],\r\n  \"state\": null,\r\n  \"streetAddress\": null,\r\n  \"surname\": null,\r\n  \"telephoneNumber\": null,\r\n  \"usageLocation\": null,\r\n  \"userPrincipalName\": \"testUser5@aad319.ccsctp.net\",\r\n  \"userState\": null,\r\n  \"userStateChangedOn\": null,\r\n  \"userType\": \"Member\"\r\n}",
      "ResponseHeaders": {
        "Content-Length": [
          "1937"
        ],
        "Content-Type": [
          "application/json; odata=minimalmetadata; streaming=true; charset=utf-8"
        ],
        "Expires": [
          "-1"
        ],
        "Pragma": [
          "no-cache"
        ],
        "ocp-aad-diagnostics-server-name": [
          "IO94mNZNhBZJ3rIUznuqNE6HojbeROusjKv8xncDPiY="
        ],
        "request-id": [
          "c6cd09f5-22a3-456e-83b1-5776e608fc29"
        ],
        "client-request-id": [
          "7af67d7b-f21b-433a-a837-18cb5dc98ccb"
        ],
        "x-ms-gateway-rewrite": [
          "false"
        ],
        "x-ms-dirapi-data-contract-version": [
          "1.42-previewInternal"
        ],
        "ocp-aad-session-key": [
          "rHc39FHsfWRp-3AHTYME2tacWxc6nWEcp0p03hwWWqmX48BF_qU_ekDQshtlk-gryboKvqr4rWeNVS2WmJnc7VgLqIKyCRPCbyOPUO9T-GFI4tVEBVY2tkrHngHJeqzHFGgb9KnbC0V6xUzK6uXSMg.PZlxoLIrqwIcWjVZ5Rp7I6tJq8PNPjhlbLQCURNmkiw"
        ],
        "X-Content-Type-Options": [
          "nosniff"
        ],
        "DataServiceVersion": [
          "3.0;"
        ],
        "Strict-Transport-Security": [
          "max-age=31536000; includeSubDomains"
        ],
        "Access-Control-Allow-Origin": [
          "*"
        ],
        "Cache-Control": [
          "no-cache"
        ],
        "Location": [
          "https://graph.ppe.windows.net/e80a6e61-8b40-4a0b-9c90-fdc4db897423/directoryObjects/7ecec9d6-2793-4061-aaeb-a93c7246f3f7/Microsoft.WindowsAzure.ActiveDirectory.User"
        ],
        "Server": [
          "Microsoft-IIS/8.5"
        ],
        "X-AspNet-Version": [
          "4.0.30319"
        ],
        "X-Powered-By": [
          "ASP.NET",
          "ASP.NET"
        ],
        "Date": [
          "Wed, 03 Jun 2015 23:12:15 GMT"
        ]
      },
      "StatusCode": 201
    },
    {
      "RequestUri": "/e80a6e61-8b40-4a0b-9c90-fdc4db897423/users?api-version=1.42-previewInternal",
      "EncodedRequestUri": "L2U4MGE2ZTYxLThiNDAtNGEwYi05YzkwLWZkYzRkYjg5NzQyMy91c2Vycz9hcGktdmVyc2lvbj0xLjQyLXByZXZpZXdJbnRlcm5hbA==",
      "RequestMethod": "POST",
      "RequestBody": "{\r\n  \"accountEnabled\": true,\r\n  \"displayName\": \"testUser6\",\r\n  \"mailNickname\": \"testUser6\",\r\n  \"passwordProfile\": {\r\n    \"password\": \"Test1234\",\r\n    \"forceChangePasswordNextLogin\": false\r\n  },\r\n  \"userPrincipalName\": \"testUser6@aad319.ccsctp.net\"\r\n}",
      "RequestHeaders": {
        "Content-Type": [
          "application/json"
        ],
        "Content-Length": [
          "248"
        ],
        "x-ms-version": [
          "1.42-previewInternal"
        ],
        "Accept": [
          "application/json; odata=minimalmetadata"
        ],
        "User-Agent": [
          "Authorization.Tests.GraphManagementClient/0.0.0.0"
        ]
      },
      "ResponseBody": "{\r\n  \"odata.metadata\": \"https://graph.ppe.windows.net/e80a6e61-8b40-4a0b-9c90-fdc4db897423/$metadata#directoryObjects/Microsoft.WindowsAzure.ActiveDirectory.User/@Element\",\r\n  \"odata.type\": \"Microsoft.WindowsAzure.ActiveDirectory.User\",\r\n  \"objectType\": \"User\",\r\n  \"objectId\": \"b85bf73f-8eb3-4b5b-b56b-43396757cd46\",\r\n  \"softDeletionTimestamp\": null,\r\n  \"acceptedAs\": null,\r\n  \"acceptedOn\": null,\r\n  \"accountEnabled\": true,\r\n  \"alternativeSecurityIds\": [],\r\n  \"appMetadata\": null,\r\n  \"assignedLicenses\": [],\r\n  \"assignedPlans\": [],\r\n  \"city\": null,\r\n  \"country\": null,\r\n  \"creationType\": null,\r\n  \"department\": null,\r\n  \"dirSyncEnabled\": null,\r\n  \"displayName\": \"testUser6\",\r\n  \"extensionAttribute1\": null,\r\n  \"extensionAttribute2\": null,\r\n  \"extensionAttribute3\": null,\r\n  \"extensionAttribute4\": null,\r\n  \"extensionAttribute5\": null,\r\n  \"extensionAttribute6\": null,\r\n  \"extensionAttribute7\": null,\r\n  \"extensionAttribute8\": null,\r\n  \"extensionAttribute9\": null,\r\n  \"extensionAttribute10\": null,\r\n  \"extensionAttribute11\": null,\r\n  \"extensionAttribute12\": null,\r\n  \"extensionAttribute13\": null,\r\n  \"extensionAttribute14\": null,\r\n  \"extensionAttribute15\": null,\r\n  \"facsimileTelephoneNumber\": null,\r\n  \"givenName\": null,\r\n  \"immutableId\": null,\r\n  \"invitedOn\": null,\r\n  \"inviteReplyUrl\": [],\r\n  \"inviteResources\": [],\r\n  \"inviteTicket\": [],\r\n  \"isCompromised\": null,\r\n  \"jobTitle\": null,\r\n  \"jrnlAddress\": null,\r\n  \"lastDirSyncTime\": null,\r\n  \"logonIdentifiers\": [],\r\n  \"mail\": null,\r\n  \"mailNickname\": \"testUser6\",\r\n  \"mobile\": null,\r\n  \"netId\": \"10033FFF90EA40BA\",\r\n  \"onPremiseSecurityIdentifier\": null,\r\n  \"otherMails\": [],\r\n  \"passwordPolicies\": null,\r\n  \"passwordProfile\": null,\r\n  \"physicalDeliveryOfficeName\": null,\r\n  \"postalCode\": null,\r\n  \"preferredLanguage\": null,\r\n  \"primarySMTPAddress\": null,\r\n  \"provisionedPlans\": [],\r\n  \"provisioningErrors\": [],\r\n  \"proxyAddresses\": [],\r\n  \"searchableDeviceKey\": [],\r\n  \"selfServePasswordResetData\": null,\r\n  \"signInName\": \"testUser6@aad319.ccsctp.net\",\r\n  \"sipProxyAddress\": null,\r\n  \"smtpAddresses\": [],\r\n  \"state\": null,\r\n  \"streetAddress\": null,\r\n  \"surname\": null,\r\n  \"telephoneNumber\": null,\r\n  \"usageLocation\": null,\r\n  \"userPrincipalName\": \"testUser6@aad319.ccsctp.net\",\r\n  \"userState\": null,\r\n  \"userStateChangedOn\": null,\r\n  \"userType\": \"Member\"\r\n}",
      "ResponseHeaders": {
        "Content-Length": [
          "1937"
        ],
        "Content-Type": [
          "application/json; odata=minimalmetadata; streaming=true; charset=utf-8"
        ],
        "Expires": [
          "-1"
        ],
        "Pragma": [
          "no-cache"
        ],
        "ocp-aad-diagnostics-server-name": [
          "IO94mNZNhBZJ3rIUznuqNE6HojbeROusjKv8xncDPiY="
        ],
        "request-id": [
          "6d9ed170-b48c-4c8b-b7b6-abc48385dfbc"
        ],
        "client-request-id": [
          "0345d32c-3d1f-4392-8660-1545b753bc42"
        ],
        "x-ms-gateway-rewrite": [
          "false"
        ],
        "x-ms-dirapi-data-contract-version": [
          "1.42-previewInternal"
        ],
        "ocp-aad-session-key": [
          "lM3BdOq7KmCGEUoo5DsZJq3eeFPS75GifGMsQFMdC4hdDOprs3xhvGHT4-1AyjlUhrMjaaOd9ACC1tKxJvYJNSnQ8mxBB69XmI-1cDhCnaPR4w4RnWDxWfrJMgMmKUxm3vpe_q6RPfkS2RlUr-g7og.jGnYdaIPpjecaqdzFunwaIkV-G9ao0NfRl72R5vqihY"
        ],
        "X-Content-Type-Options": [
          "nosniff"
        ],
        "DataServiceVersion": [
          "3.0;"
        ],
        "Strict-Transport-Security": [
          "max-age=31536000; includeSubDomains"
        ],
        "Access-Control-Allow-Origin": [
          "*"
        ],
        "Cache-Control": [
          "no-cache"
        ],
        "Location": [
          "https://graph.ppe.windows.net/e80a6e61-8b40-4a0b-9c90-fdc4db897423/directoryObjects/b85bf73f-8eb3-4b5b-b56b-43396757cd46/Microsoft.WindowsAzure.ActiveDirectory.User"
        ],
        "Server": [
          "Microsoft-IIS/8.5"
        ],
        "X-AspNet-Version": [
          "4.0.30319"
        ],
        "X-Powered-By": [
          "ASP.NET",
          "ASP.NET"
        ],
        "Date": [
          "Wed, 03 Jun 2015 23:12:15 GMT"
        ]
      },
      "StatusCode": 201
    },
    {
      "RequestUri": "/e80a6e61-8b40-4a0b-9c90-fdc4db897423/users?api-version=1.42-previewInternal",
      "EncodedRequestUri": "L2U4MGE2ZTYxLThiNDAtNGEwYi05YzkwLWZkYzRkYjg5NzQyMy91c2Vycz9hcGktdmVyc2lvbj0xLjQyLXByZXZpZXdJbnRlcm5hbA==",
      "RequestMethod": "POST",
      "RequestBody": "{\r\n  \"accountEnabled\": true,\r\n  \"displayName\": \"testUser7\",\r\n  \"mailNickname\": \"testUser7\",\r\n  \"passwordProfile\": {\r\n    \"password\": \"Test1234\",\r\n    \"forceChangePasswordNextLogin\": false\r\n  },\r\n  \"userPrincipalName\": \"testUser7@aad319.ccsctp.net\"\r\n}",
      "RequestHeaders": {
        "Content-Type": [
          "application/json"
        ],
        "Content-Length": [
          "248"
        ],
        "x-ms-version": [
          "1.42-previewInternal"
        ],
        "Accept": [
          "application/json; odata=minimalmetadata"
        ],
        "User-Agent": [
          "Authorization.Tests.GraphManagementClient/0.0.0.0"
        ]
      },
      "ResponseBody": "{\r\n  \"odata.metadata\": \"https://graph.ppe.windows.net/e80a6e61-8b40-4a0b-9c90-fdc4db897423/$metadata#directoryObjects/Microsoft.WindowsAzure.ActiveDirectory.User/@Element\",\r\n  \"odata.type\": \"Microsoft.WindowsAzure.ActiveDirectory.User\",\r\n  \"objectType\": \"User\",\r\n  \"objectId\": \"2349831d-92cb-45ef-978d-b5c8b716904f\",\r\n  \"softDeletionTimestamp\": null,\r\n  \"acceptedAs\": null,\r\n  \"acceptedOn\": null,\r\n  \"accountEnabled\": true,\r\n  \"alternativeSecurityIds\": [],\r\n  \"appMetadata\": null,\r\n  \"assignedLicenses\": [],\r\n  \"assignedPlans\": [],\r\n  \"city\": null,\r\n  \"country\": null,\r\n  \"creationType\": null,\r\n  \"department\": null,\r\n  \"dirSyncEnabled\": null,\r\n  \"displayName\": \"testUser7\",\r\n  \"extensionAttribute1\": null,\r\n  \"extensionAttribute2\": null,\r\n  \"extensionAttribute3\": null,\r\n  \"extensionAttribute4\": null,\r\n  \"extensionAttribute5\": null,\r\n  \"extensionAttribute6\": null,\r\n  \"extensionAttribute7\": null,\r\n  \"extensionAttribute8\": null,\r\n  \"extensionAttribute9\": null,\r\n  \"extensionAttribute10\": null,\r\n  \"extensionAttribute11\": null,\r\n  \"extensionAttribute12\": null,\r\n  \"extensionAttribute13\": null,\r\n  \"extensionAttribute14\": null,\r\n  \"extensionAttribute15\": null,\r\n  \"facsimileTelephoneNumber\": null,\r\n  \"givenName\": null,\r\n  \"immutableId\": null,\r\n  \"invitedOn\": null,\r\n  \"inviteReplyUrl\": [],\r\n  \"inviteResources\": [],\r\n  \"inviteTicket\": [],\r\n  \"isCompromised\": null,\r\n  \"jobTitle\": null,\r\n  \"jrnlAddress\": null,\r\n  \"lastDirSyncTime\": null,\r\n  \"logonIdentifiers\": [],\r\n  \"mail\": null,\r\n  \"mailNickname\": \"testUser7\",\r\n  \"mobile\": null,\r\n  \"netId\": \"10033FFF90EA40BB\",\r\n  \"onPremiseSecurityIdentifier\": null,\r\n  \"otherMails\": [],\r\n  \"passwordPolicies\": null,\r\n  \"passwordProfile\": null,\r\n  \"physicalDeliveryOfficeName\": null,\r\n  \"postalCode\": null,\r\n  \"preferredLanguage\": null,\r\n  \"primarySMTPAddress\": null,\r\n  \"provisionedPlans\": [],\r\n  \"provisioningErrors\": [],\r\n  \"proxyAddresses\": [],\r\n  \"searchableDeviceKey\": [],\r\n  \"selfServePasswordResetData\": null,\r\n  \"signInName\": \"testUser7@aad319.ccsctp.net\",\r\n  \"sipProxyAddress\": null,\r\n  \"smtpAddresses\": [],\r\n  \"state\": null,\r\n  \"streetAddress\": null,\r\n  \"surname\": null,\r\n  \"telephoneNumber\": null,\r\n  \"usageLocation\": null,\r\n  \"userPrincipalName\": \"testUser7@aad319.ccsctp.net\",\r\n  \"userState\": null,\r\n  \"userStateChangedOn\": null,\r\n  \"userType\": \"Member\"\r\n}",
      "ResponseHeaders": {
        "Content-Length": [
          "1937"
        ],
        "Content-Type": [
          "application/json; odata=minimalmetadata; streaming=true; charset=utf-8"
        ],
        "Expires": [
          "-1"
        ],
        "Pragma": [
          "no-cache"
        ],
        "ocp-aad-diagnostics-server-name": [
          "IO94mNZNhBZJ3rIUznuqNE6HojbeROusjKv8xncDPiY="
        ],
        "request-id": [
          "9f0a5eb7-8fb6-4f27-ab20-1b75dabf3881"
        ],
        "client-request-id": [
          "a48b0b72-83dd-4fed-a8ec-628cb42223b1"
        ],
        "x-ms-gateway-rewrite": [
          "false"
        ],
        "x-ms-dirapi-data-contract-version": [
          "1.42-previewInternal"
        ],
        "ocp-aad-session-key": [
          "xQrMX5rvlFqJirkPXHU6NA4DuLxrWekEz8PCHYTXjCPkj4ZlWkrEVVcC4IH3PlZYFnVdba1gi_jFBAZ4KQwgkZeT68Qr9kYNaaUGmZqgaWejNTOdvMayEUdbj2WShHRPH4Ahz-KEAlTNImK7hGMYzA.Y_JnxHoWCebGSinfUVNdga1v9xFYQrmNbe5Psp4TeOQ"
        ],
        "X-Content-Type-Options": [
          "nosniff"
        ],
        "DataServiceVersion": [
          "3.0;"
        ],
        "Strict-Transport-Security": [
          "max-age=31536000; includeSubDomains"
        ],
        "Access-Control-Allow-Origin": [
          "*"
        ],
        "Cache-Control": [
          "no-cache"
        ],
        "Location": [
          "https://graph.ppe.windows.net/e80a6e61-8b40-4a0b-9c90-fdc4db897423/directoryObjects/2349831d-92cb-45ef-978d-b5c8b716904f/Microsoft.WindowsAzure.ActiveDirectory.User"
        ],
        "Server": [
          "Microsoft-IIS/8.5"
        ],
        "X-AspNet-Version": [
          "4.0.30319"
        ],
        "X-Powered-By": [
          "ASP.NET",
          "ASP.NET"
        ],
        "Date": [
          "Wed, 03 Jun 2015 23:12:17 GMT"
        ]
      },
      "StatusCode": 201
    },
    {
      "RequestUri": "/e80a6e61-8b40-4a0b-9c90-fdc4db897423/users?api-version=1.42-previewInternal",
      "EncodedRequestUri": "L2U4MGE2ZTYxLThiNDAtNGEwYi05YzkwLWZkYzRkYjg5NzQyMy91c2Vycz9hcGktdmVyc2lvbj0xLjQyLXByZXZpZXdJbnRlcm5hbA==",
      "RequestMethod": "POST",
      "RequestBody": "{\r\n  \"accountEnabled\": true,\r\n  \"displayName\": \"testUser8\",\r\n  \"mailNickname\": \"testUser8\",\r\n  \"passwordProfile\": {\r\n    \"password\": \"Test1234\",\r\n    \"forceChangePasswordNextLogin\": false\r\n  },\r\n  \"userPrincipalName\": \"testUser8@aad319.ccsctp.net\"\r\n}",
      "RequestHeaders": {
        "Content-Type": [
          "application/json"
        ],
        "Content-Length": [
          "248"
        ],
        "x-ms-version": [
          "1.42-previewInternal"
        ],
        "Accept": [
          "application/json; odata=minimalmetadata"
        ],
        "User-Agent": [
          "Authorization.Tests.GraphManagementClient/0.0.0.0"
        ]
      },
      "ResponseBody": "{\r\n  \"odata.metadata\": \"https://graph.ppe.windows.net/e80a6e61-8b40-4a0b-9c90-fdc4db897423/$metadata#directoryObjects/Microsoft.WindowsAzure.ActiveDirectory.User/@Element\",\r\n  \"odata.type\": \"Microsoft.WindowsAzure.ActiveDirectory.User\",\r\n  \"objectType\": \"User\",\r\n  \"objectId\": \"e4259ba5-2d24-441d-8f31-f160ee96fc07\",\r\n  \"softDeletionTimestamp\": null,\r\n  \"acceptedAs\": null,\r\n  \"acceptedOn\": null,\r\n  \"accountEnabled\": true,\r\n  \"alternativeSecurityIds\": [],\r\n  \"appMetadata\": null,\r\n  \"assignedLicenses\": [],\r\n  \"assignedPlans\": [],\r\n  \"city\": null,\r\n  \"country\": null,\r\n  \"creationType\": null,\r\n  \"department\": null,\r\n  \"dirSyncEnabled\": null,\r\n  \"displayName\": \"testUser8\",\r\n  \"extensionAttribute1\": null,\r\n  \"extensionAttribute2\": null,\r\n  \"extensionAttribute3\": null,\r\n  \"extensionAttribute4\": null,\r\n  \"extensionAttribute5\": null,\r\n  \"extensionAttribute6\": null,\r\n  \"extensionAttribute7\": null,\r\n  \"extensionAttribute8\": null,\r\n  \"extensionAttribute9\": null,\r\n  \"extensionAttribute10\": null,\r\n  \"extensionAttribute11\": null,\r\n  \"extensionAttribute12\": null,\r\n  \"extensionAttribute13\": null,\r\n  \"extensionAttribute14\": null,\r\n  \"extensionAttribute15\": null,\r\n  \"facsimileTelephoneNumber\": null,\r\n  \"givenName\": null,\r\n  \"immutableId\": null,\r\n  \"invitedOn\": null,\r\n  \"inviteReplyUrl\": [],\r\n  \"inviteResources\": [],\r\n  \"inviteTicket\": [],\r\n  \"isCompromised\": null,\r\n  \"jobTitle\": null,\r\n  \"jrnlAddress\": null,\r\n  \"lastDirSyncTime\": null,\r\n  \"logonIdentifiers\": [],\r\n  \"mail\": null,\r\n  \"mailNickname\": \"testUser8\",\r\n  \"mobile\": null,\r\n  \"netId\": \"10033FFF90EA40BC\",\r\n  \"onPremiseSecurityIdentifier\": null,\r\n  \"otherMails\": [],\r\n  \"passwordPolicies\": null,\r\n  \"passwordProfile\": null,\r\n  \"physicalDeliveryOfficeName\": null,\r\n  \"postalCode\": null,\r\n  \"preferredLanguage\": null,\r\n  \"primarySMTPAddress\": null,\r\n  \"provisionedPlans\": [],\r\n  \"provisioningErrors\": [],\r\n  \"proxyAddresses\": [],\r\n  \"searchableDeviceKey\": [],\r\n  \"selfServePasswordResetData\": null,\r\n  \"signInName\": \"testUser8@aad319.ccsctp.net\",\r\n  \"sipProxyAddress\": null,\r\n  \"smtpAddresses\": [],\r\n  \"state\": null,\r\n  \"streetAddress\": null,\r\n  \"surname\": null,\r\n  \"telephoneNumber\": null,\r\n  \"usageLocation\": null,\r\n  \"userPrincipalName\": \"testUser8@aad319.ccsctp.net\",\r\n  \"userState\": null,\r\n  \"userStateChangedOn\": null,\r\n  \"userType\": \"Member\"\r\n}",
      "ResponseHeaders": {
        "Content-Length": [
          "1937"
        ],
        "Content-Type": [
          "application/json; odata=minimalmetadata; streaming=true; charset=utf-8"
        ],
        "Expires": [
          "-1"
        ],
        "Pragma": [
          "no-cache"
        ],
        "ocp-aad-diagnostics-server-name": [
          "IO94mNZNhBZJ3rIUznuqNE6HojbeROusjKv8xncDPiY="
        ],
        "request-id": [
          "5b507960-f301-4ed4-9858-291d9961fccd"
        ],
        "client-request-id": [
          "57cbd624-7642-45ef-910d-05955bb26a50"
        ],
        "x-ms-gateway-rewrite": [
          "false"
        ],
        "x-ms-dirapi-data-contract-version": [
          "1.42-previewInternal"
        ],
        "ocp-aad-session-key": [
          "fIQRXkZfVPdu17eQG8NEt-NgDecNPIuZCfNAHl1T07T-ggCiZ3k_U3YAvhvi96LdSPiff1F85wc12Qm3Px9e1NMZpB1PUwxO6PK-Nuvm2M0hIY5CMZ54ITnXcvvoZOhkP5mjpNzZM6whOJgntCI3AA.ac4tBHVy_pTWuKtVh8dIb0UX3ZcsUuTaVVKGxi4DzOY"
        ],
        "X-Content-Type-Options": [
          "nosniff"
        ],
        "DataServiceVersion": [
          "3.0;"
        ],
        "Strict-Transport-Security": [
          "max-age=31536000; includeSubDomains"
        ],
        "Access-Control-Allow-Origin": [
          "*"
        ],
        "Cache-Control": [
          "no-cache"
        ],
        "Location": [
          "https://graph.ppe.windows.net/e80a6e61-8b40-4a0b-9c90-fdc4db897423/directoryObjects/e4259ba5-2d24-441d-8f31-f160ee96fc07/Microsoft.WindowsAzure.ActiveDirectory.User"
        ],
        "Server": [
          "Microsoft-IIS/8.5"
        ],
        "X-AspNet-Version": [
          "4.0.30319"
        ],
        "X-Powered-By": [
          "ASP.NET",
          "ASP.NET"
        ],
        "Date": [
          "Wed, 03 Jun 2015 23:12:17 GMT"
        ]
      },
      "StatusCode": 201
    },
    {
      "RequestUri": "/e80a6e61-8b40-4a0b-9c90-fdc4db897423/users?api-version=1.42-previewInternal",
      "EncodedRequestUri": "L2U4MGE2ZTYxLThiNDAtNGEwYi05YzkwLWZkYzRkYjg5NzQyMy91c2Vycz9hcGktdmVyc2lvbj0xLjQyLXByZXZpZXdJbnRlcm5hbA==",
      "RequestMethod": "POST",
      "RequestBody": "{\r\n  \"accountEnabled\": true,\r\n  \"displayName\": \"testUser9\",\r\n  \"mailNickname\": \"testUser9\",\r\n  \"passwordProfile\": {\r\n    \"password\": \"Test1234\",\r\n    \"forceChangePasswordNextLogin\": false\r\n  },\r\n  \"userPrincipalName\": \"testUser9@aad319.ccsctp.net\"\r\n}",
      "RequestHeaders": {
        "Content-Type": [
          "application/json"
        ],
        "Content-Length": [
          "248"
        ],
        "x-ms-version": [
          "1.42-previewInternal"
        ],
        "Accept": [
          "application/json; odata=minimalmetadata"
        ],
        "User-Agent": [
          "Authorization.Tests.GraphManagementClient/0.0.0.0"
        ]
      },
      "ResponseBody": "{\r\n  \"odata.metadata\": \"https://graph.ppe.windows.net/e80a6e61-8b40-4a0b-9c90-fdc4db897423/$metadata#directoryObjects/Microsoft.WindowsAzure.ActiveDirectory.User/@Element\",\r\n  \"odata.type\": \"Microsoft.WindowsAzure.ActiveDirectory.User\",\r\n  \"objectType\": \"User\",\r\n  \"objectId\": \"90e16842-8e52-4529-a545-051ab8e817d0\",\r\n  \"softDeletionTimestamp\": null,\r\n  \"acceptedAs\": null,\r\n  \"acceptedOn\": null,\r\n  \"accountEnabled\": true,\r\n  \"alternativeSecurityIds\": [],\r\n  \"appMetadata\": null,\r\n  \"assignedLicenses\": [],\r\n  \"assignedPlans\": [],\r\n  \"city\": null,\r\n  \"country\": null,\r\n  \"creationType\": null,\r\n  \"department\": null,\r\n  \"dirSyncEnabled\": null,\r\n  \"displayName\": \"testUser9\",\r\n  \"extensionAttribute1\": null,\r\n  \"extensionAttribute2\": null,\r\n  \"extensionAttribute3\": null,\r\n  \"extensionAttribute4\": null,\r\n  \"extensionAttribute5\": null,\r\n  \"extensionAttribute6\": null,\r\n  \"extensionAttribute7\": null,\r\n  \"extensionAttribute8\": null,\r\n  \"extensionAttribute9\": null,\r\n  \"extensionAttribute10\": null,\r\n  \"extensionAttribute11\": null,\r\n  \"extensionAttribute12\": null,\r\n  \"extensionAttribute13\": null,\r\n  \"extensionAttribute14\": null,\r\n  \"extensionAttribute15\": null,\r\n  \"facsimileTelephoneNumber\": null,\r\n  \"givenName\": null,\r\n  \"immutableId\": null,\r\n  \"invitedOn\": null,\r\n  \"inviteReplyUrl\": [],\r\n  \"inviteResources\": [],\r\n  \"inviteTicket\": [],\r\n  \"isCompromised\": null,\r\n  \"jobTitle\": null,\r\n  \"jrnlAddress\": null,\r\n  \"lastDirSyncTime\": null,\r\n  \"logonIdentifiers\": [],\r\n  \"mail\": null,\r\n  \"mailNickname\": \"testUser9\",\r\n  \"mobile\": null,\r\n  \"netId\": \"1003BFFD90EBBE84\",\r\n  \"onPremiseSecurityIdentifier\": null,\r\n  \"otherMails\": [],\r\n  \"passwordPolicies\": null,\r\n  \"passwordProfile\": null,\r\n  \"physicalDeliveryOfficeName\": null,\r\n  \"postalCode\": null,\r\n  \"preferredLanguage\": null,\r\n  \"primarySMTPAddress\": null,\r\n  \"provisionedPlans\": [],\r\n  \"provisioningErrors\": [],\r\n  \"proxyAddresses\": [],\r\n  \"searchableDeviceKey\": [],\r\n  \"selfServePasswordResetData\": null,\r\n  \"signInName\": \"testUser9@aad319.ccsctp.net\",\r\n  \"sipProxyAddress\": null,\r\n  \"smtpAddresses\": [],\r\n  \"state\": null,\r\n  \"streetAddress\": null,\r\n  \"surname\": null,\r\n  \"telephoneNumber\": null,\r\n  \"usageLocation\": null,\r\n  \"userPrincipalName\": \"testUser9@aad319.ccsctp.net\",\r\n  \"userState\": null,\r\n  \"userStateChangedOn\": null,\r\n  \"userType\": \"Member\"\r\n}",
      "ResponseHeaders": {
        "Content-Length": [
          "1937"
        ],
        "Content-Type": [
          "application/json; odata=minimalmetadata; streaming=true; charset=utf-8"
        ],
        "Expires": [
          "-1"
        ],
        "Pragma": [
          "no-cache"
        ],
        "ocp-aad-diagnostics-server-name": [
          "vhYgA4yOUvjGnawHsDLVJznXNq0HF1intYYZGiD8RqA="
        ],
        "request-id": [
          "38b1b281-c45c-480c-8d1b-2c17efbc0b7d"
        ],
        "client-request-id": [
          "2af93642-afa6-4a74-be3e-79f46f37381b"
        ],
        "x-ms-gateway-rewrite": [
          "false"
        ],
        "x-ms-dirapi-data-contract-version": [
          "1.42-previewInternal"
        ],
        "ocp-aad-session-key": [
          "Es2rxWYh9VEq1hnlwkH30fNJ9QFAXh-p-yooakpL-Lgap2VLUR9t-tcGbZOEkghqw0q41mF_evBCB7ZTxKR7XQnLVzRtOHonEQRlv62aygDM8OePpNz8KIDZR0-KEs7UcG34R7A7Ec2LCKNOMjpsHQ.tkwRKRAH40KzWQJcj_EVykbVz-N2zuwDKCXKt1Yxfmg"
        ],
        "X-Content-Type-Options": [
          "nosniff"
        ],
        "DataServiceVersion": [
          "3.0;"
        ],
        "Strict-Transport-Security": [
          "max-age=31536000; includeSubDomains"
        ],
        "Access-Control-Allow-Origin": [
          "*"
        ],
        "Cache-Control": [
          "no-cache"
        ],
        "Location": [
          "https://graph.ppe.windows.net/e80a6e61-8b40-4a0b-9c90-fdc4db897423/directoryObjects/90e16842-8e52-4529-a545-051ab8e817d0/Microsoft.WindowsAzure.ActiveDirectory.User"
        ],
        "Server": [
          "Microsoft-IIS/8.5"
        ],
        "X-AspNet-Version": [
          "4.0.30319"
        ],
        "X-Powered-By": [
          "ASP.NET",
          "ASP.NET"
        ],
        "Date": [
          "Wed, 03 Jun 2015 23:12:19 GMT"
        ]
      },
      "StatusCode": 201
    }
  ],
  "Names": {},
  "Variables": {
    "SubscriptionId": "e7fc6eb8-cb1d-469b-9203-449a8214a3e0"
  }
}