{
  "Entries": [
    {
      "RequestUri": "/subscriptions/3312c132-fc40-493f-9c97-82d80256a313/providers/Microsoft.Web?api-version=2014-04-01-preview",
      "EncodedRequestUri": "L3N1YnNjcmlwdGlvbnMvMzMxMmMxMzItZmM0MC00OTNmLTljOTctODJkODAyNTZhMzEzL3Byb3ZpZGVycy9NaWNyb3NvZnQuV2ViP2FwaS12ZXJzaW9uPTIwMTQtMDQtMDEtcHJldmlldw==",
      "RequestMethod": "GET",
      "RequestBody": "",
      "RequestHeaders": {
        "x-ms-client-request-id": [
          "99bf5377-efe2-4087-94ab-ee162e85299a"
        ],
        "accept-language": [
          "en-US"
        ],
        "User-Agent": [
          "Microsoft.Azure.Management.Resources.ResourceManagementClient/3.0.0.0"
        ]
      },
      "ResponseBody": "{\r\n  \"id\": \"/subscriptions/3312c132-fc40-493f-9c97-82d80256a313/providers/Microsoft.Web\",\r\n  \"namespace\": \"Microsoft.Web\",\r\n  \"authorization\": {\r\n    \"applicationId\": \"abfa0a7c-a6b6-4736-8310-5855508787cd\",\r\n    \"roleDefinitionId\": \"f47ed98b-b063-4a5b-9e10-4b9b44fa7735\"\r\n  },\r\n  \"resourceTypes\": [\r\n    {\r\n      \"resourceType\": \"sites/extensions\",\r\n      \"locations\": [\r\n        \"West US\",\r\n        \"East US\",\r\n        \"East US 2\"\r\n      ],\r\n      \"apiVersions\": [\r\n        \"2015-08-01\",\r\n        \"2015-06-01\",\r\n        \"2015-05-01\",\r\n        \"2015-04-01-privatepreview\",\r\n        \"2015-04-01\",\r\n        \"2015-02-01-privatepreview\",\r\n        \"2015-02-01\",\r\n        \"2014-11-01-privatepreview\",\r\n        \"2014-11-01\",\r\n        \"2014-06-01\",\r\n        \"2014-04-01\"\r\n      ]\r\n    },\r\n    {\r\n      \"resourceType\": \"sites/slots/extensions\",\r\n      \"locations\": [\r\n        \"West US\",\r\n        \"East US\",\r\n        \"East US 2\"\r\n      ],\r\n      \"apiVersions\": [\r\n        \"2015-08-01\",\r\n        \"2015-06-01\",\r\n        \"2015-05-01\",\r\n        \"2015-04-01-privatepreview\",\r\n        \"2015-04-01\",\r\n        \"2015-02-01-privatepreview\",\r\n        \"2015-02-01\",\r\n        \"2014-11-01-privatepreview\",\r\n        \"2014-11-01\",\r\n        \"2014-06-01\",\r\n        \"2014-04-01\"\r\n      ]\r\n    },\r\n    {\r\n      \"resourceType\": \"sites/instances\",\r\n      \"locations\": [\r\n        \"West US\",\r\n        \"East US\",\r\n        \"East US 2\"\r\n      ],\r\n      \"apiVersions\": [\r\n        \"2015-08-01\",\r\n        \"2015-06-01\",\r\n        \"2015-05-01\",\r\n        \"2015-04-01-privatepreview\",\r\n        \"2015-04-01\",\r\n        \"2015-02-01-privatepreview\",\r\n        \"2015-02-01\",\r\n        \"2014-11-01-privatepreview\",\r\n        \"2014-11-01\",\r\n        \"2014-06-01\",\r\n        \"2014-04-01\"\r\n      ]\r\n    },\r\n    {\r\n      \"resourceType\": \"sites/slots/instances\",\r\n      \"locations\": [\r\n        \"West US\",\r\n        \"East US\",\r\n        \"East US 2\"\r\n      ],\r\n      \"apiVersions\": [\r\n        \"2015-08-01\",\r\n        \"2015-06-01\",\r\n        \"2015-05-01\",\r\n        \"2015-04-01-privatepreview\",\r\n        \"2015-04-01\",\r\n        \"2015-02-01-privatepreview\",\r\n        \"2015-02-01\",\r\n        \"2014-11-01-privatepreview\",\r\n        \"2014-11-01\",\r\n        \"2014-06-01\",\r\n        \"2014-04-01\"\r\n      ]\r\n    },\r\n    {\r\n      \"resourceType\": \"sites/instances/extensions\",\r\n      \"locations\": [\r\n        \"West US\",\r\n        \"East US\",\r\n        \"East US 2\"\r\n      ],\r\n      \"apiVersions\": [\r\n        \"2015-08-01\",\r\n        \"2015-06-01\",\r\n        \"2015-05-01\",\r\n        \"2015-04-01-privatepreview\",\r\n        \"2015-04-01\",\r\n        \"2015-02-01-privatepreview\",\r\n        \"2015-02-01\",\r\n        \"2014-11-01-privatepreview\",\r\n        \"2014-11-01\",\r\n        \"2014-06-01\",\r\n        \"2014-04-01\"\r\n      ]\r\n    },\r\n    {\r\n      \"resourceType\": \"sites/slots/instances/extensions\",\r\n      \"locations\": [\r\n        \"West US\",\r\n        \"East US\",\r\n        \"East US 2\"\r\n      ],\r\n      \"apiVersions\": [\r\n        \"2015-08-01-privatepreview\",\r\n        \"2015-08-01\",\r\n        \"2015-06-01\",\r\n        \"2015-05-01\",\r\n        \"2015-04-01-privatepreview\",\r\n        \"2015-04-01\",\r\n        \"2015-02-01-privatepreview\",\r\n        \"2015-02-01\",\r\n        \"2014-11-01-privatepreview\",\r\n        \"2014-11-01\",\r\n        \"2014-06-01\",\r\n        \"2014-04-01\"\r\n      ]\r\n    },\r\n    {\r\n      \"resourceType\": \"publishingUsers\",\r\n      \"locations\": [\r\n        \"West US\",\r\n        \"East US\",\r\n        \"East US 2\"\r\n      ],\r\n      \"apiVersions\": [\r\n        \"2015-08-01-privatepreview\",\r\n        \"2015-08-01\",\r\n        \"2015-06-01\",\r\n        \"2015-05-01\",\r\n        \"2015-04-01-privatepreview\",\r\n        \"2015-04-01\",\r\n        \"2015-02-01-privatepreview\",\r\n        \"2015-02-01\",\r\n        \"2014-11-01-privatepreview\",\r\n        \"2014-11-01\",\r\n        \"2014-06-01\",\r\n        \"2014-04-01-privatepreview\",\r\n        \"2014-04-01\"\r\n      ]\r\n    },\r\n    {\r\n      \"resourceType\": \"ishostnameavailable\",\r\n      \"locations\": [\r\n        \"West US\",\r\n        \"East US\",\r\n        \"East US 2\"\r\n      ],\r\n      \"apiVersions\": [\r\n        \"2015-08-01-privatepreview\",\r\n        \"2015-08-01\",\r\n        \"2015-06-01\",\r\n        \"2015-05-01\",\r\n        \"2015-04-01-privatepreview\",\r\n        \"2015-04-01\",\r\n        \"2015-02-01-privatepreview\",\r\n        \"2015-02-01\",\r\n        \"2014-11-01-privatepreview\",\r\n        \"2014-11-01\",\r\n        \"2014-06-01\",\r\n        \"2014-04-01-privatepreview\",\r\n        \"2014-04-01\"\r\n      ]\r\n    },\r\n    {\r\n      \"resourceType\": \"sourceControls\",\r\n      \"locations\": [\r\n        \"West US\",\r\n        \"East US\",\r\n        \"East US 2\"\r\n      ],\r\n      \"apiVersions\": [\r\n        \"2015-08-01\",\r\n        \"2015-06-01\",\r\n        \"2015-05-01\",\r\n        \"2015-04-01-privatepreview\",\r\n        \"2015-04-01\",\r\n        \"2015-02-01-privatepreview\",\r\n        \"2015-02-01\",\r\n        \"2014-11-01-privatepreview\",\r\n        \"2014-11-01\",\r\n        \"2014-06-01\",\r\n        \"2014-04-01-privatepreview\",\r\n        \"2014-04-01\"\r\n      ]\r\n    },\r\n    {\r\n      \"resourceType\": \"operations\",\r\n      \"locations\": [\r\n        \"West US\",\r\n        \"East US\",\r\n        \"East US 2\"\r\n      ],\r\n      \"apiVersions\": [\r\n        \"2015-08-01-privatepreview\",\r\n        \"2015-08-01\",\r\n        \"2015-06-01\",\r\n        \"2015-05-01\",\r\n        \"2015-04-01-privatepreview\",\r\n        \"2015-04-01\",\r\n        \"2015-02-01-privatepreview\",\r\n        \"2015-02-01\",\r\n        \"2014-11-01-privatepreview\",\r\n        \"2014-11-01\",\r\n        \"2014-06-01\",\r\n        \"2014-04-01-privatepreview\",\r\n        \"2014-04-01\"\r\n      ]\r\n    },\r\n    {\r\n      \"resourceType\": \"listSitesAssignedToHostName\",\r\n      \"locations\": [\r\n        \"West US\",\r\n        \"East US\",\r\n        \"East US 2\"\r\n      ],\r\n      \"apiVersions\": [\r\n        \"2015-08-01\",\r\n        \"2015-04-01-privatepreview\",\r\n        \"2015-04-01\",\r\n        \"2015-02-01-privatepreview\",\r\n        \"2015-02-01\",\r\n        \"2014-11-01-privatepreview\",\r\n        \"2014-11-01\"\r\n      ]\r\n    },\r\n    {\r\n      \"resourceType\": \"sites/hostNameBindings\",\r\n      \"locations\": [\r\n        \"West US\",\r\n        \"East US\",\r\n        \"East US 2\"\r\n      ],\r\n      \"apiVersions\": [\r\n        \"2015-08-01-privatepreview\",\r\n        \"2015-08-01-alpha\",\r\n        \"2015-08-01\",\r\n        \"2015-04-01-privatepreview\",\r\n        \"2015-04-01\",\r\n        \"2015-02-01-privatepreview\",\r\n        \"2015-02-01\",\r\n        \"2014-11-01-privatepreview\",\r\n        \"2014-11-01\"\r\n      ]\r\n    },\r\n    {\r\n      \"resourceType\": \"sites/slots/hostNameBindings\",\r\n      \"locations\": [\r\n        \"West US\",\r\n        \"East US\",\r\n        \"East US 2\"\r\n      ],\r\n      \"apiVersions\": [\r\n        \"2015-08-01-privatepreview\",\r\n        \"2015-08-01\",\r\n        \"2015-04-01-privatepreview\",\r\n        \"2015-04-01\",\r\n        \"2015-02-01-privatepreview\",\r\n        \"2015-02-01\",\r\n        \"2014-11-01-privatepreview\",\r\n        \"2014-11-01\"\r\n      ]\r\n    },\r\n    {\r\n      \"resourceType\": \"certificates\",\r\n      \"locations\": [\r\n        \"West US\",\r\n        \"East US\",\r\n        \"East US 2\"\r\n      ],\r\n      \"apiVersions\": [\r\n        \"2015-08-01-privatepreview\",\r\n        \"2015-08-01-alpha\",\r\n        \"2015-08-01\",\r\n        \"2015-06-01\",\r\n        \"2015-05-01\",\r\n        \"2015-04-01-privatepreview\",\r\n        \"2015-04-01\",\r\n        \"2015-02-02\",\r\n        \"2015-02-01-privatepreview\",\r\n        \"2015-02-01\",\r\n        \"2014-11-01-privatepreview\",\r\n        \"2014-11-01\",\r\n        \"2014-06-01\",\r\n        \"2014-04-01-privatepreview\",\r\n        \"2014-04-01\"\r\n      ]\r\n    },\r\n    {\r\n      \"resourceType\": \"serverFarms\",\r\n      \"locations\": [\r\n        \"West US\",\r\n        \"East US\",\r\n        \"East US 2\"\r\n      ],\r\n      \"apiVersions\": [\r\n        \"2015-08-01-privatepreview\",\r\n        \"2015-08-01\",\r\n        \"2015-06-01-privatepreview\",\r\n        \"2015-06-01\",\r\n        \"2015-05-01\",\r\n        \"2015-04-01-privatepreview\",\r\n        \"2015-04-01\",\r\n        \"2015-02-02\",\r\n        \"2015-02-01-privatepreview\",\r\n        \"2015-02-01\",\r\n        \"2014-11-01-privatepreview\",\r\n        \"2014-11-01\",\r\n        \"2014-06-01\",\r\n        \"2014-04-01-privatepreview\",\r\n        \"2014-04-01\"\r\n      ]\r\n    },\r\n    {\r\n      \"resourceType\": \"sites\",\r\n      \"locations\": [\r\n        \"West US\",\r\n        \"East US\",\r\n        \"East US 2\"\r\n      ],\r\n      \"apiVersions\": [\r\n        \"2015-08-01-privatepreview\",\r\n        \"2015-08-01-alpha\",\r\n        \"2015-08-01\",\r\n        \"2015-06-01\",\r\n        \"2015-05-01\",\r\n        \"2015-04-01-privatepreview\",\r\n        \"2015-04-01\",\r\n        \"2015-02-01-privatepreview\",\r\n        \"2015-02-01\",\r\n        \"2014-11-01-privatepreview\",\r\n        \"2014-11-01\",\r\n        \"2014-06-01\",\r\n        \"2014-04-01\"\r\n      ]\r\n    },\r\n    {\r\n      \"resourceType\": \"runtimes\",\r\n      \"locations\": [],\r\n      \"apiVersions\": [\r\n        \"2015-08-01\",\r\n        \"2015-06-01\",\r\n        \"2015-05-01\",\r\n        \"2015-04-01-privatepreview\",\r\n        \"2015-04-01\",\r\n        \"2015-02-01-privatepreview\",\r\n        \"2015-02-01\",\r\n        \"2014-11-01-privatepreview\",\r\n        \"2014-11-01\",\r\n        \"2014-06-01\",\r\n        \"2014-04-01-privatepreview\",\r\n        \"2014-04-01\"\r\n      ]\r\n    },\r\n    {\r\n      \"resourceType\": \"sites/slots\",\r\n      \"locations\": [\r\n        \"West US\",\r\n        \"East US\",\r\n        \"East US 2\"\r\n      ],\r\n      \"apiVersions\": [\r\n        \"2015-08-01-privatepreview\",\r\n        \"2015-08-01\",\r\n        \"2015-06-01\",\r\n        \"2015-05-01\",\r\n        \"2015-04-01-privatepreview\",\r\n        \"2015-04-01\",\r\n        \"2015-02-02\",\r\n        \"2015-02-01-privatepreview\",\r\n        \"2015-02-01\",\r\n        \"2014-11-01-privatepreview\",\r\n        \"2014-11-01\",\r\n        \"2014-06-01\",\r\n        \"2014-04-01-privatepreview\",\r\n        \"2014-04-01\"\r\n      ]\r\n    },\r\n    {\r\n      \"resourceType\": \"sites/metrics\",\r\n      \"locations\": [],\r\n      \"apiVersions\": [\r\n        \"2015-06-01\",\r\n        \"2015-05-01\",\r\n        \"2015-04-01\",\r\n        \"2015-02-01\",\r\n        \"2014-11-01\",\r\n        \"2014-06-01\",\r\n        \"2014-04-01-privatepreview\",\r\n        \"2014-04-01\"\r\n      ]\r\n    },\r\n    {\r\n      \"resourceType\": \"sites/metricDefinitions\",\r\n      \"locations\": [],\r\n      \"apiVersions\": [\r\n        \"2015-06-01\",\r\n        \"2015-05-01\",\r\n        \"2015-04-01\",\r\n        \"2015-02-01\",\r\n        \"2014-11-01\",\r\n        \"2014-06-01\",\r\n        \"2014-04-01-privatepreview\",\r\n        \"2014-04-01\"\r\n      ]\r\n    },\r\n    {\r\n      \"resourceType\": \"serverFarms/metrics\",\r\n      \"locations\": [],\r\n      \"apiVersions\": [\r\n        \"2015-06-01\",\r\n        \"2015-05-01\",\r\n        \"2015-04-01-privatepreview\",\r\n        \"2015-04-01\",\r\n        \"2015-02-01-privatepreview\",\r\n        \"2015-02-01\",\r\n        \"2014-11-01-privatepreview\",\r\n        \"2014-11-01\",\r\n        \"2014-06-01\",\r\n        \"2014-04-01-privatepreview\",\r\n        \"2014-04-01\"\r\n      ]\r\n    },\r\n    {\r\n      \"resourceType\": \"serverFarms/metricDefinitions\",\r\n      \"locations\": [],\r\n      \"apiVersions\": [\r\n        \"2015-06-01\",\r\n        \"2015-05-01\",\r\n        \"2015-04-01\",\r\n        \"2015-02-01\",\r\n        \"2014-11-01\",\r\n        \"2014-06-01\",\r\n        \"2014-04-01-privatepreview\",\r\n        \"2014-04-01\"\r\n      ]\r\n    },\r\n    {\r\n      \"resourceType\": \"georegions\",\r\n      \"locations\": [],\r\n      \"apiVersions\": [\r\n        \"2015-08-01\",\r\n        \"2015-06-01\",\r\n        \"2015-05-01\",\r\n        \"2015-04-01-privatepreview\",\r\n        \"2015-04-01\",\r\n        \"2015-02-01-privatepreview\",\r\n        \"2015-02-01\",\r\n        \"2014-11-01-privatepreview\",\r\n        \"2014-11-01\",\r\n        \"2014-06-01\",\r\n        \"2014-04-01-privatepreview\",\r\n        \"2014-04-01\"\r\n      ]\r\n    },\r\n    {\r\n      \"resourceType\": \"webquotas\",\r\n      \"locations\": [],\r\n      \"apiVersions\": [\r\n        \"2015-08-01\",\r\n        \"2015-06-01\",\r\n        \"2015-05-01\",\r\n        \"2015-04-01-privatepreview\",\r\n        \"2015-04-01\",\r\n        \"2015-02-01-privatepreview\",\r\n        \"2015-02-01\",\r\n        \"2014-11-01-privatepreview\",\r\n        \"2014-11-01\",\r\n        \"2014-06-01\",\r\n        \"2014-04-01-privatepreview\",\r\n        \"2014-04-01\"\r\n      ]\r\n    },\r\n    {\r\n      \"resourceType\": \"sites/premierAddOns\",\r\n      \"locations\": [],\r\n      \"apiVersions\": [\r\n        \"2015-08-01-privatepreview\",\r\n        \"2015-08-01\",\r\n        \"2015-06-01\",\r\n        \"2015-05-01\",\r\n        \"2015-04-01-privatepreview\",\r\n        \"2015-04-01\",\r\n        \"2015-02-01-privatepreview\",\r\n        \"2015-02-01\",\r\n        \"2014-11-01-privatepreview\",\r\n        \"2014-11-01\",\r\n        \"2014-06-01\",\r\n        \"2014-04-01\"\r\n      ]\r\n    },\r\n    {\r\n      \"resourceType\": \"hostingEnvironments\",\r\n      \"locations\": [\r\n        \"West US\",\r\n        \"East US\",\r\n        \"East US 2\"\r\n      ],\r\n      \"apiVersions\": [\r\n        \"2015-08-01\",\r\n        \"2015-06-01\",\r\n        \"2015-05-01\",\r\n        \"2015-04-01-privatepreview\",\r\n        \"2015-04-01\",\r\n        \"2015-02-01-privatepreview\",\r\n        \"2015-02-01\",\r\n        \"2014-11-01-privatepreview\",\r\n        \"2014-11-01\",\r\n        \"2014-06-01\",\r\n        \"2014-04-01-privatepreview\",\r\n        \"2014-04-01\"\r\n      ]\r\n    }\r\n  ],\r\n  \"registrationState\": \"Registered\"\r\n}",
      "ResponseHeaders": {
        "Content-Type": [
          "application/json; charset=utf-8"
        ],
        "Expires": [
          "-1"
        ],
        "Cache-Control": [
          "no-cache"
        ],
        "Date": [
          "Thu, 10 Dec 2015 02:04:14 GMT"
        ],
        "Pragma": [
          "no-cache"
        ],
        "Vary": [
          "Accept-Encoding"
        ],
        "x-ms-ratelimit-remaining-subscription-reads": [
          "14611"
        ],
        "x-ms-request-id": [
          "b3279569-33cd-4239-b3a8-5da7dadfa5e9"
        ],
        "x-ms-correlation-request-id": [
          "b3279569-33cd-4239-b3a8-5da7dadfa5e9"
        ],
        "x-ms-routing-request-id": [
          "CENTRALUS:20151210T020414Z:b3279569-33cd-4239-b3a8-5da7dadfa5e9"
        ],
        "Strict-Transport-Security": [
          "max-age=31536000; includeSubDomains"
        ]
      },
      "StatusCode": 200
    },
    {
      "RequestUri": "/subscriptions/3312c132-fc40-493f-9c97-82d80256a313/resourcegroups/csmrg346?api-version=2014-04-01-preview",
      "EncodedRequestUri": "L3N1YnNjcmlwdGlvbnMvMzMxMmMxMzItZmM0MC00OTNmLTljOTctODJkODAyNTZhMzEzL3Jlc291cmNlZ3JvdXBzL2NzbXJnMzQ2P2FwaS12ZXJzaW9uPTIwMTQtMDQtMDEtcHJldmlldw==",
      "RequestMethod": "PUT",
      "RequestBody": "{\r\n  \"location\": \"West US\"\r\n}",
      "RequestHeaders": {
        "Content-Type": [
          "application/json; charset=utf-8"
        ],
        "Content-Length": [
          "29"
        ],
        "x-ms-client-request-id": [
          "59c2699b-7999-417f-8f55-50bf3b1d034e"
        ],
        "accept-language": [
          "en-US"
        ],
        "User-Agent": [
          "Microsoft.Azure.Management.Resources.ResourceManagementClient/3.0.0.0"
        ]
      },
      "ResponseBody": "{\r\n  \"id\": \"/subscriptions/3312c132-fc40-493f-9c97-82d80256a313/resourceGroups/csmrg346\",\r\n  \"name\": \"csmrg346\",\r\n  \"location\": \"westus\",\r\n  \"properties\": {\r\n    \"provisioningState\": \"Succeeded\"\r\n  }\r\n}",
      "ResponseHeaders": {
        "Content-Length": [
          "169"
        ],
        "Content-Type": [
          "application/json; charset=utf-8"
        ],
        "Expires": [
          "-1"
        ],
        "Cache-Control": [
          "no-cache"
        ],
        "Date": [
          "Thu, 10 Dec 2015 02:04:14 GMT"
        ],
        "Pragma": [
          "no-cache"
        ],
        "x-ms-ratelimit-remaining-subscription-writes": [
          "936"
        ],
        "x-ms-request-id": [
          "8239e97c-8947-431a-aa33-c58ed4572e1c"
        ],
        "x-ms-correlation-request-id": [
          "8239e97c-8947-431a-aa33-c58ed4572e1c"
        ],
        "x-ms-routing-request-id": [
          "CENTRALUS:20151210T020415Z:8239e97c-8947-431a-aa33-c58ed4572e1c"
        ],
        "Strict-Transport-Security": [
          "max-age=31536000; includeSubDomains"
        ]
      },
      "StatusCode": 201
    },
    {
      "RequestUri": "/subscriptions/3312c132-fc40-493f-9c97-82d80256a313/resourceGroups/csmrg346/providers/Microsoft.Web/serverfarms/cswhp4381?api-version=2015-08-01",
      "EncodedRequestUri": "L3N1YnNjcmlwdGlvbnMvMzMxMmMxMzItZmM0MC00OTNmLTljOTctODJkODAyNTZhMzEzL3Jlc291cmNlR3JvdXBzL2NzbXJnMzQ2L3Byb3ZpZGVycy9NaWNyb3NvZnQuV2ViL3NlcnZlcmZhcm1zL2Nzd2hwNDM4MT9hcGktdmVyc2lvbj0yMDE1LTA4LTAx",
      "RequestMethod": "PUT",
      "RequestBody": "{\r\n  \"sku\": {\r\n    \"name\": \"D1\",\r\n    \"tier\": \"Shared\",\r\n    \"capacity\": 1\r\n  },\r\n  \"location\": \"West US\",\r\n  \"properties\": {\r\n    \"name\": \"cswhp4381\"\r\n  }\r\n}",
      "RequestHeaders": {
        "Content-Type": [
          "application/json; charset=utf-8"
        ],
        "Content-Length": [
          "158"
        ],
        "x-ms-client-request-id": [
          "0a4ee948-ceb1-496d-b505-04672d8d4f28"
        ],
        "accept-language": [
          "en-US"
        ],
        "User-Agent": [
          "Microsoft.Azure.Management.WebSites.WebSiteManagementClient/1.0.0.1"
        ]
      },
      "ResponseBody": "{\r\n  \"id\": \"/subscriptions/3312c132-fc40-493f-9c97-82d80256a313/resourceGroups/csmrg346/providers/Microsoft.Web/serverfarms/cswhp4381\",\r\n  \"name\": \"cswhp4381\",\r\n  \"type\": \"Microsoft.Web/serverfarms\",\r\n  \"location\": \"West US\",\r\n  \"tags\": null,\r\n  \"properties\": {\r\n    \"serverFarmId\": 0,\r\n    \"name\": \"cswhp4381\",\r\n    \"workerSize\": 0,\r\n    \"workerSizeId\": 0,\r\n    \"numberOfWorkers\": 0,\r\n    \"currentWorkerSize\": 0,\r\n    \"currentWorkerSizeId\": 0,\r\n    \"currentNumberOfWorkers\": 0,\r\n    \"status\": 0,\r\n    \"webSpace\": \"csmrg346-WestUSwebspace\",\r\n    \"subscription\": \"3312c132-fc40-493f-9c97-82d80256a313\",\r\n    \"adminSiteName\": null,\r\n    \"hostingEnvironment\": null,\r\n    \"hostingEnvironmentProfile\": null,\r\n    \"maximumNumberOfWorkers\": 1,\r\n    \"planName\": \"VirtualDedicatedPlan\",\r\n    \"adminRuntimeSiteName\": null,\r\n    \"computeMode\": 0,\r\n    \"siteMode\": null,\r\n    \"geoRegion\": \"West US\",\r\n    \"perSiteScaling\": false,\r\n    \"numberOfSites\": 0,\r\n    \"hostingEnvironmentId\": null,\r\n    \"tags\": null,\r\n    \"kind\": null,\r\n    \"resourceGroup\": \"csmrg346\"\r\n  },\r\n  \"sku\": {\r\n    \"name\": \"D1\",\r\n    \"tier\": \"Shared\",\r\n    \"size\": \"D1\",\r\n    \"family\": \"D\",\r\n    \"capacity\": 0\r\n  }\r\n}",
      "ResponseHeaders": {
        "Content-Type": [
          "application/json"
        ],
        "Expires": [
          "-1"
        ],
        "Cache-Control": [
          "no-cache"
        ],
        "Date": [
          "Thu, 10 Dec 2015 02:04:21 GMT"
        ],
        "Pragma": [
          "no-cache"
        ],
        "Transfer-Encoding": [
          "chunked"
        ],
        "Server": [
          "Microsoft-IIS/8.0"
        ],
        "Vary": [
          "Accept-Encoding"
        ],
        "Strict-Transport-Security": [
          "max-age=31536000; includeSubDomains"
        ],
        "x-ms-request-id": [
          "7e0643b0-ff5b-4fc6-85e9-21df5631b7e9"
        ],
        "X-AspNet-Version": [
          "4.0.30319"
        ],
        "X-Powered-By": [
          "ASP.NET"
        ],
        "x-ms-ratelimit-remaining-subscription-writes": [
          "1150"
        ],
        "x-ms-correlation-request-id": [
          "45849b0f-c2c1-40a5-bbd9-a18043c068b6"
        ],
        "x-ms-routing-request-id": [
          "CENTRALUS:20151210T020422Z:45849b0f-c2c1-40a5-bbd9-a18043c068b6"
        ]
      },
      "StatusCode": 200
    },
    {
      "RequestUri": "/subscriptions/3312c132-fc40-493f-9c97-82d80256a313/resourceGroups/csmrg346/providers/Microsoft.Web/sites/csmws538?api-version=2015-08-01",
      "EncodedRequestUri": "L3N1YnNjcmlwdGlvbnMvMzMxMmMxMzItZmM0MC00OTNmLTljOTctODJkODAyNTZhMzEzL3Jlc291cmNlR3JvdXBzL2NzbXJnMzQ2L3Byb3ZpZGVycy9NaWNyb3NvZnQuV2ViL3NpdGVzL2NzbXdzNTM4P2FwaS12ZXJzaW9uPTIwMTUtMDgtMDE=",
      "RequestMethod": "PUT",
      "RequestBody": "{\r\n  \"location\": \"West US\",\r\n  \"properties\": {\r\n    \"name\": \"csmws538\",\r\n    \"serverFarmId\": \"/subscriptions/3312c132-fc40-493f-9c97-82d80256a313/resourcegroups/csmrg346/providers/Microsoft.Web/serverfarms/cswhp4381\"\r\n  }\r\n}",
      "RequestHeaders": {
        "Content-Type": [
          "application/json; charset=utf-8"
        ],
        "Content-Length": [
          "224"
        ],
        "x-ms-client-request-id": [
          "21a6ca7f-b9cb-4bb3-968e-cf9e32c5b8ca"
        ],
        "accept-language": [
          "en-US"
        ],
        "User-Agent": [
          "Microsoft.Azure.Management.WebSites.WebSiteManagementClient/1.0.0.1"
        ]
      },
      "ResponseBody": "{\r\n  \"id\": \"/subscriptions/3312c132-fc40-493f-9c97-82d80256a313/resourceGroups/csmrg346/providers/Microsoft.Web/sites/csmws538\",\r\n  \"name\": \"csmws538\",\r\n  \"type\": \"Microsoft.Web/sites\",\r\n  \"location\": \"West US\",\r\n  \"tags\": null,\r\n  \"properties\": {\r\n    \"name\": \"csmws538\",\r\n    \"state\": \"Running\",\r\n    \"hostNames\": [\r\n      \"csmws538.waws-ppedf.windows-int.net\"\r\n    ],\r\n    \"webSpace\": \"csmrg346-WestUSwebspace\",\r\n    \"selfLink\": \"https://waws-ppedf-bay-001.api.admin-waws-ppedf.windows-int.net:454/subscriptions/3312c132-fc40-493f-9c97-82d80256a313/webspaces/csmrg346-WestUSwebspace/sites/csmws538\",\r\n    \"repositorySiteName\": \"csmws538\",\r\n    \"owner\": null,\r\n    \"usageState\": 0,\r\n    \"enabled\": true,\r\n    \"adminEnabled\": true,\r\n    \"enabledHostNames\": [\r\n      \"csmws538.scm.waws-ppedf.windows-int.net\",\r\n      \"csmws538.waws-ppedf.windows-int.net\"\r\n    ],\r\n    \"siteProperties\": {\r\n      \"metadata\": null,\r\n      \"properties\": [],\r\n      \"appSettings\": null\r\n    },\r\n    \"availabilityState\": 0,\r\n    \"sslCertificates\": null,\r\n    \"csrs\": [],\r\n    \"cers\": null,\r\n    \"siteMode\": null,\r\n    \"hostNameSslStates\": [\r\n      {\r\n        \"name\": \"csmws538.scm.waws-ppedf.windows-int.net\",\r\n        \"sslState\": 0,\r\n        \"ipBasedSslResult\": null,\r\n        \"virtualIP\": null,\r\n        \"thumbprint\": null,\r\n        \"toUpdate\": null,\r\n        \"toUpdateIpBasedSsl\": null,\r\n        \"ipBasedSslState\": 0,\r\n        \"hostType\": 1\r\n      },\r\n      {\r\n        \"name\": \"csmws538.waws-ppedf.windows-int.net\",\r\n        \"sslState\": 0,\r\n        \"ipBasedSslResult\": null,\r\n        \"virtualIP\": null,\r\n        \"thumbprint\": null,\r\n        \"toUpdate\": null,\r\n        \"toUpdateIpBasedSsl\": null,\r\n        \"ipBasedSslState\": 0,\r\n        \"hostType\": 0\r\n      }\r\n    ],\r\n    \"computeMode\": null,\r\n    \"serverFarm\": null,\r\n    \"serverFarmId\": \"/subscriptions/3312c132-fc40-493f-9c97-82d80256a313/resourceGroups/csmrg346/providers/Microsoft.Web/serverfarms/cswhp4381\",\r\n    \"lastModifiedTimeUtc\": \"2015-12-10T02:04:26.483\",\r\n    \"storageRecoveryDefaultState\": \"Running\",\r\n    \"contentAvailabilityState\": 0,\r\n    \"runtimeAvailabilityState\": 0,\r\n    \"siteConfig\": null,\r\n    \"deploymentId\": \"csmws538\",\r\n    \"trafficManagerHostNames\": null,\r\n    \"sku\": \"Shared\",\r\n    \"premiumAppDeployed\": null,\r\n    \"scmSiteAlsoStopped\": false,\r\n    \"targetSwapSlot\": null,\r\n    \"hostingEnvironment\": null,\r\n    \"hostingEnvironmentProfile\": null,\r\n    \"microService\": \"WebSites\",\r\n    \"gatewaySiteName\": null,\r\n    \"clientAffinityEnabled\": true,\r\n    \"clientCertEnabled\": false,\r\n    \"hostNamesDisabled\": false,\r\n    \"domainVerificationIdentifiers\": null,\r\n    \"kind\": null,\r\n    \"outboundIpAddresses\": \"104.40.21.237,104.40.20.76,104.40.19.34,104.40.22.12\",\r\n    \"cloningInfo\": null,\r\n    \"hostingEnvironmentId\": null,\r\n    \"tags\": null\r\n  }\r\n}",
      "ResponseHeaders": {
        "Content-Type": [
          "application/json"
        ],
        "Expires": [
          "-1"
        ],
        "Cache-Control": [
          "no-cache"
        ],
        "Date": [
          "Thu, 10 Dec 2015 02:04:25 GMT"
        ],
        "Pragma": [
          "no-cache"
        ],
        "Transfer-Encoding": [
          "chunked"
        ],
        "Server": [
          "Microsoft-IIS/8.0"
        ],
        "Vary": [
          "Accept-Encoding"
        ],
        "Strict-Transport-Security": [
          "max-age=31536000; includeSubDomains"
        ],
        "x-ms-request-id": [
          "5e27d172-0895-434c-a950-c64075aa082a"
        ],
        "X-AspNet-Version": [
          "4.0.30319"
        ],
        "X-Powered-By": [
          "ASP.NET"
        ],
        "x-ms-ratelimit-remaining-subscription-writes": [
          "1149"
        ],
        "x-ms-correlation-request-id": [
          "1b12b7e6-0d4b-4ad9-8c90-cd8eca879564"
        ],
        "x-ms-routing-request-id": [
          "CENTRALUS:20151210T020426Z:1b12b7e6-0d4b-4ad9-8c90-cd8eca879564"
        ]
      },
      "StatusCode": 200
    },
    {
      "RequestUri": "/subscriptions/3312c132-fc40-493f-9c97-82d80256a313/resourceGroups/csmrg346/providers/Microsoft.Web/sites/csmws538/config/web?api-version=2015-08-01",
      "EncodedRequestUri": "L3N1YnNjcmlwdGlvbnMvMzMxMmMxMzItZmM0MC00OTNmLTljOTctODJkODAyNTZhMzEzL3Jlc291cmNlR3JvdXBzL2NzbXJnMzQ2L3Byb3ZpZGVycy9NaWNyb3NvZnQuV2ViL3NpdGVzL2NzbXdzNTM4L2NvbmZpZy93ZWI/YXBpLXZlcnNpb249MjAxNS0wOC0wMQ==",
      "RequestMethod": "PATCH",
      "RequestBody": "{\r\n  \"location\": \"West US\",\r\n  \"properties\": {\r\n    \"limits\": {\r\n      \"maxPercentageCpu\": 70.5,\r\n      \"maxMemoryInMb\": 1024,\r\n      \"maxDiskSizeInMb\": 512\r\n    }\r\n  }\r\n}",
      "RequestHeaders": {
        "Content-Type": [
          "application/json; charset=utf-8"
        ],
        "Content-Length": [
          "171"
        ],
        "x-ms-client-request-id": [
          "d4f89d38-13db-4095-9196-802e6a848240"
        ],
        "accept-language": [
          "en-US"
        ],
        "User-Agent": [
          "Microsoft.Azure.Management.WebSites.WebSiteManagementClient/1.0.0.1"
        ]
      },
      "ResponseBody": "{\r\n  \"id\": \"/subscriptions/3312c132-fc40-493f-9c97-82d80256a313/resourceGroups/csmrg346/providers/Microsoft.Web/sites/csmws538\",\r\n  \"name\": \"csmws538\",\r\n  \"type\": \"Microsoft.Web/sites\",\r\n  \"location\": \"West US\",\r\n  \"tags\": null,\r\n  \"properties\": {\r\n    \"numberOfWorkers\": 1,\r\n    \"defaultDocuments\": [\r\n      \"Default.htm\",\r\n      \"Default.html\",\r\n      \"Default.asp\",\r\n      \"index.htm\",\r\n      \"index.html\",\r\n      \"iisstart.htm\",\r\n      \"default.aspx\",\r\n      \"index.php\",\r\n      \"hostingstart.html\"\r\n    ],\r\n    \"netFrameworkVersion\": \"v4.0\",\r\n    \"phpVersion\": \"5.4\",\r\n    \"pythonVersion\": \"\",\r\n    \"requestTracingEnabled\": false,\r\n    \"requestTracingExpirationTime\": null,\r\n    \"remoteDebuggingEnabled\": false,\r\n    \"remoteDebuggingVersion\": null,\r\n    \"httpLoggingEnabled\": false,\r\n    \"logsDirectorySizeLimit\": 35,\r\n    \"detailedErrorLoggingEnabled\": false,\r\n    \"publishingUsername\": \"$csmws538\",\r\n    \"publishingPassword\": null,\r\n    \"appSettings\": null,\r\n    \"metadata\": null,\r\n    \"connectionStrings\": null,\r\n    \"handlerMappings\": null,\r\n    \"documentRoot\": null,\r\n    \"scmType\": \"None\",\r\n    \"use32BitWorkerProcess\": true,\r\n    \"webSocketsEnabled\": false,\r\n    \"alwaysOn\": false,\r\n    \"javaVersion\": null,\r\n    \"javaContainer\": null,\r\n    \"javaContainerVersion\": null,\r\n    \"managedPipelineMode\": 0,\r\n    \"virtualApplications\": [\r\n      {\r\n        \"virtualPath\": \"/\",\r\n        \"physicalPath\": \"site\\\\wwwroot\",\r\n        \"preloadEnabled\": false,\r\n        \"virtualDirectories\": null\r\n      }\r\n    ],\r\n    \"winAuthAdminState\": 0,\r\n    \"winAuthTenantState\": 0,\r\n    \"customAppPoolIdentityAdminState\": false,\r\n    \"customAppPoolIdentityTenantState\": false,\r\n    \"runtimeADUser\": null,\r\n    \"runtimeADUserPassword\": null,\r\n    \"loadBalancing\": 1,\r\n    \"routingRules\": [],\r\n    \"experiments\": {\r\n      \"rampUpRules\": []\r\n    },\r\n    \"limits\": {\r\n      \"maxPercentageCpu\": 70.5,\r\n      \"maxMemoryInMb\": 1024,\r\n      \"maxDiskSizeInMb\": 512\r\n    },\r\n    \"autoHealEnabled\": false,\r\n    \"autoHealRules\": {\r\n      \"triggers\": null,\r\n      \"actions\": null\r\n    },\r\n    \"tracingOptions\": null,\r\n    \"vnetName\": \"\",\r\n    \"siteAuthEnabled\": false,\r\n    \"siteAuthSettings\": {\r\n      \"enabled\": null,\r\n      \"httpApiPrefixPath\": null,\r\n      \"unauthenticatedClientAction\": null,\r\n      \"tokenStoreEnabled\": null,\r\n      \"allowedExternalRedirectUrls\": null,\r\n      \"defaultProvider\": null,\r\n      \"clientId\": null,\r\n      \"clientSecret\": null,\r\n      \"issuer\": null,\r\n      \"allowedAudiences\": null,\r\n      \"isAadAutoProvisioned\": false,\r\n      \"googleClientId\": null,\r\n      \"googleClientSecret\": null,\r\n      \"googleOAuthScopes\": null,\r\n      \"facebookAppId\": null,\r\n      \"facebookAppSecret\": null,\r\n      \"facebookOAuthScopes\": null,\r\n      \"twitterConsumerKey\": null,\r\n      \"twitterConsumerSecret\": null,\r\n      \"microsoftAccountClientId\": null,\r\n      \"microsoftAccountClientSecret\": null,\r\n      \"microsoftAccountOAuthScopes\": null\r\n    },\r\n    \"cors\": null,\r\n    \"apiDefinition\": null,\r\n    \"autoSwapSlotName\": null\r\n  }\r\n}",
      "ResponseHeaders": {
        "Content-Type": [
          "application/json"
        ],
        "Expires": [
          "-1"
        ],
        "Cache-Control": [
          "no-cache"
        ],
        "Date": [
          "Thu, 10 Dec 2015 02:04:28 GMT"
        ],
        "Pragma": [
          "no-cache"
        ],
        "Transfer-Encoding": [
          "chunked"
        ],
        "Server": [
          "Microsoft-IIS/8.0"
        ],
        "Vary": [
          "Accept-Encoding"
        ],
        "Strict-Transport-Security": [
          "max-age=31536000; includeSubDomains"
        ],
        "x-ms-request-id": [
          "23184981-9bf0-4a93-8262-d4a00ac1020f"
        ],
        "X-AspNet-Version": [
          "4.0.30319"
        ],
        "X-Powered-By": [
          "ASP.NET"
        ],
        "x-ms-ratelimit-remaining-subscription-writes": [
          "1148"
        ],
        "x-ms-correlation-request-id": [
          "c9665be3-94c7-42bf-945c-07c3eea5fb8f"
        ],
        "x-ms-routing-request-id": [
          "CENTRALUS:20151210T020428Z:c9665be3-94c7-42bf-945c-07c3eea5fb8f"
        ]
      },
      "StatusCode": 200
    },
    {
      "RequestUri": "/subscriptions/3312c132-fc40-493f-9c97-82d80256a313/resourceGroups/csmrg346/providers/Microsoft.Web/sites/csmws538/config/web?api-version=2015-08-01",
      "EncodedRequestUri": "L3N1YnNjcmlwdGlvbnMvMzMxMmMxMzItZmM0MC00OTNmLTljOTctODJkODAyNTZhMzEzL3Jlc291cmNlR3JvdXBzL2NzbXJnMzQ2L3Byb3ZpZGVycy9NaWNyb3NvZnQuV2ViL3NpdGVzL2NzbXdzNTM4L2NvbmZpZy93ZWI/YXBpLXZlcnNpb249MjAxNS0wOC0wMQ==",
      "RequestMethod": "GET",
      "RequestBody": "",
      "RequestHeaders": {
        "x-ms-client-request-id": [
          "870bec68-8ba4-46ba-9821-6f4c9acb4b38"
        ],
        "accept-language": [
          "en-US"
        ],
        "User-Agent": [
          "Microsoft.Azure.Management.WebSites.WebSiteManagementClient/1.0.0.1"
        ]
      },
      "ResponseBody": "{\r\n  \"id\": \"/subscriptions/3312c132-fc40-493f-9c97-82d80256a313/resourceGroups/csmrg346/providers/Microsoft.Web/sites/csmws538/config/web\",\r\n  \"name\": \"csmws538\",\r\n  \"type\": \"Microsoft.Web/sites/config\",\r\n  \"location\": \"West US\",\r\n  \"tags\": null,\r\n  \"properties\": {\r\n    \"numberOfWorkers\": 1,\r\n    \"defaultDocuments\": [\r\n      \"Default.htm\",\r\n      \"Default.html\",\r\n      \"Default.asp\",\r\n      \"index.htm\",\r\n      \"index.html\",\r\n      \"iisstart.htm\",\r\n      \"default.aspx\",\r\n      \"index.php\",\r\n      \"hostingstart.html\"\r\n    ],\r\n    \"netFrameworkVersion\": \"v4.0\",\r\n    \"phpVersion\": \"5.4\",\r\n    \"pythonVersion\": \"\",\r\n    \"requestTracingEnabled\": false,\r\n    \"requestTracingExpirationTime\": null,\r\n    \"remoteDebuggingEnabled\": false,\r\n    \"remoteDebuggingVersion\": null,\r\n    \"httpLoggingEnabled\": false,\r\n    \"logsDirectorySizeLimit\": 35,\r\n    \"detailedErrorLoggingEnabled\": false,\r\n    \"publishingUsername\": \"$csmws538\",\r\n    \"publishingPassword\": null,\r\n    \"appSettings\": null,\r\n    \"metadata\": null,\r\n    \"connectionStrings\": null,\r\n    \"handlerMappings\": null,\r\n    \"documentRoot\": null,\r\n    \"scmType\": \"None\",\r\n    \"use32BitWorkerProcess\": true,\r\n    \"webSocketsEnabled\": false,\r\n    \"alwaysOn\": false,\r\n    \"javaVersion\": null,\r\n    \"javaContainer\": null,\r\n    \"javaContainerVersion\": null,\r\n    \"managedPipelineMode\": 0,\r\n    \"virtualApplications\": [\r\n      {\r\n        \"virtualPath\": \"/\",\r\n        \"physicalPath\": \"site\\\\wwwroot\",\r\n        \"preloadEnabled\": false,\r\n        \"virtualDirectories\": null\r\n      }\r\n    ],\r\n    \"winAuthAdminState\": 0,\r\n    \"winAuthTenantState\": 0,\r\n    \"customAppPoolIdentityAdminState\": false,\r\n    \"customAppPoolIdentityTenantState\": false,\r\n    \"runtimeADUser\": null,\r\n    \"runtimeADUserPassword\": null,\r\n    \"loadBalancing\": 1,\r\n    \"routingRules\": [],\r\n    \"experiments\": {\r\n      \"rampUpRules\": []\r\n    },\r\n    \"limits\": {\r\n      \"maxPercentageCpu\": 70.5,\r\n      \"maxMemoryInMb\": 1024,\r\n      \"maxDiskSizeInMb\": 512\r\n    },\r\n    \"autoHealEnabled\": false,\r\n    \"autoHealRules\": {\r\n      \"triggers\": null,\r\n      \"actions\": null\r\n    },\r\n    \"tracingOptions\": null,\r\n    \"vnetName\": \"\",\r\n    \"siteAuthEnabled\": false,\r\n    \"siteAuthSettings\": {\r\n      \"enabled\": null,\r\n      \"httpApiPrefixPath\": null,\r\n      \"unauthenticatedClientAction\": null,\r\n      \"tokenStoreEnabled\": null,\r\n      \"allowedExternalRedirectUrls\": null,\r\n      \"defaultProvider\": null,\r\n      \"clientId\": null,\r\n      \"clientSecret\": null,\r\n      \"issuer\": null,\r\n      \"allowedAudiences\": null,\r\n      \"isAadAutoProvisioned\": false,\r\n      \"googleClientId\": null,\r\n      \"googleClientSecret\": null,\r\n      \"googleOAuthScopes\": null,\r\n      \"facebookAppId\": null,\r\n      \"facebookAppSecret\": null,\r\n      \"facebookOAuthScopes\": null,\r\n      \"twitterConsumerKey\": null,\r\n      \"twitterConsumerSecret\": null,\r\n      \"microsoftAccountClientId\": null,\r\n      \"microsoftAccountClientSecret\": null,\r\n      \"microsoftAccountOAuthScopes\": null\r\n    },\r\n    \"cors\": null,\r\n    \"apiDefinition\": null,\r\n    \"autoSwapSlotName\": null\r\n  }\r\n}",
      "ResponseHeaders": {
        "Content-Type": [
          "application/json"
        ],
        "Expires": [
          "-1"
        ],
        "Cache-Control": [
          "no-cache"
        ],
        "Date": [
          "Thu, 10 Dec 2015 02:04:28 GMT"
        ],
        "Pragma": [
          "no-cache"
        ],
        "Transfer-Encoding": [
          "chunked"
        ],
        "Server": [
          "Microsoft-IIS/8.0"
        ],
        "Vary": [
          "Accept-Encoding"
        ],
        "Strict-Transport-Security": [
          "max-age=31536000; includeSubDomains"
        ],
        "x-ms-request-id": [
          "bbdac0e6-5a6b-45c0-8ba4-d7e3007fbd69"
        ],
        "X-AspNet-Version": [
          "4.0.30319"
        ],
        "X-Powered-By": [
          "ASP.NET"
        ],
        "x-ms-ratelimit-remaining-subscription-reads": [
          "14859"
        ],
        "x-ms-correlation-request-id": [
          "099a26cc-2799-4cf1-82bd-a4cee2febed4"
        ],
        "x-ms-routing-request-id": [
          "CENTRALUS:20151210T020429Z:099a26cc-2799-4cf1-82bd-a4cee2febed4"
        ]
      },
      "StatusCode": 200
    },
    {
      "RequestUri": "/subscriptions/3312c132-fc40-493f-9c97-82d80256a313/resourceGroups/csmrg346/providers/Microsoft.Web/sites/csmws538?deleteMetrics=True&deleteAllSlots=True&api-version=2015-08-01",
      "EncodedRequestUri": "L3N1YnNjcmlwdGlvbnMvMzMxMmMxMzItZmM0MC00OTNmLTljOTctODJkODAyNTZhMzEzL3Jlc291cmNlR3JvdXBzL2NzbXJnMzQ2L3Byb3ZpZGVycy9NaWNyb3NvZnQuV2ViL3NpdGVzL2NzbXdzNTM4P2RlbGV0ZU1ldHJpY3M9VHJ1ZSZkZWxldGVBbGxTbG90cz1UcnVlJmFwaS12ZXJzaW9uPTIwMTUtMDgtMDE=",
      "RequestMethod": "DELETE",
      "RequestBody": "",
      "RequestHeaders": {
        "x-ms-client-request-id": [
          "a59030b6-9419-42bd-8908-07e22a8c42e5"
        ],
        "accept-language": [
          "en-US"
        ],
        "User-Agent": [
          "Microsoft.Azure.Management.WebSites.WebSiteManagementClient/1.0.0.1"
        ]
      },
      "ResponseBody": "",
      "ResponseHeaders": {
        "Content-Length": [
          "0"
        ],
        "Expires": [
          "-1"
        ],
        "Cache-Control": [
          "no-cache"
        ],
        "Date": [
          "Thu, 10 Dec 2015 02:04:30 GMT"
        ],
        "Pragma": [
          "no-cache"
        ],
        "ETag": [
          "\"1D132EF1A2D3D40\""
        ],
        "Server": [
          "Microsoft-IIS/8.0"
        ],
        "Strict-Transport-Security": [
          "max-age=31536000; includeSubDomains"
        ],
        "x-ms-request-id": [
          "34c55ad4-aed1-4c30-b119-5026e193999d"
        ],
        "X-AspNet-Version": [
          "4.0.30319"
        ],
        "X-Powered-By": [
          "ASP.NET"
        ],
        "x-ms-ratelimit-remaining-subscription-writes": [
          "1147"
        ],
        "x-ms-correlation-request-id": [
          "5703ce19-0042-4c41-825c-ba1258aefe82"
        ],
        "x-ms-routing-request-id": [
          "CENTRALUS:20151210T020430Z:5703ce19-0042-4c41-825c-ba1258aefe82"
        ]
      },
      "StatusCode": 200
    },
    {
      "RequestUri": "/subscriptions/3312c132-fc40-493f-9c97-82d80256a313/resourceGroups/csmrg346/providers/Microsoft.Web/serverfarms/cswhp4381?api-version=2015-08-01",
      "EncodedRequestUri": "L3N1YnNjcmlwdGlvbnMvMzMxMmMxMzItZmM0MC00OTNmLTljOTctODJkODAyNTZhMzEzL3Jlc291cmNlR3JvdXBzL2NzbXJnMzQ2L3Byb3ZpZGVycy9NaWNyb3NvZnQuV2ViL3NlcnZlcmZhcm1zL2Nzd2hwNDM4MT9hcGktdmVyc2lvbj0yMDE1LTA4LTAx",
      "RequestMethod": "DELETE",
      "RequestBody": "",
      "RequestHeaders": {
        "x-ms-client-request-id": [
          "7255bec3-ab32-4774-afc4-1faacf9a6a31"
        ],
        "accept-language": [
          "en-US"
        ],
        "User-Agent": [
          "Microsoft.Azure.Management.WebSites.WebSiteManagementClient/1.0.0.1"
        ]
      },
      "ResponseBody": "",
      "ResponseHeaders": {
        "Content-Length": [
          "0"
        ],
        "Expires": [
          "-1"
        ],
        "Cache-Control": [
          "no-cache"
        ],
        "Date": [
          "Thu, 10 Dec 2015 02:04:31 GMT"
        ],
        "Pragma": [
          "no-cache"
        ],
        "Server": [
          "Microsoft-IIS/8.0"
        ],
        "Strict-Transport-Security": [
          "max-age=31536000; includeSubDomains"
        ],
        "x-ms-request-id": [
          "e279cf45-c8bd-4025-a267-5534541da453"
        ],
        "X-AspNet-Version": [
          "4.0.30319"
        ],
        "X-Powered-By": [
          "ASP.NET"
        ],
        "x-ms-ratelimit-remaining-subscription-writes": [
          "1146"
        ],
        "x-ms-correlation-request-id": [
          "d7008c84-e139-44c3-b0c9-ae860920cc54"
        ],
        "x-ms-routing-request-id": [
          "CENTRALUS:20151210T020432Z:d7008c84-e139-44c3-b0c9-ae860920cc54"
        ]
      },
      "StatusCode": 200
    }
  ],
  "Names": {
    "GetAndSetSiteLimits": [
      "cswhp4381",
      "csmrg346",
      "csmws538"
    ]
  },
  "Variables": {
    "SubscriptionId": "3312c132-fc40-493f-9c97-82d80256a313"
  }
}