{
  "Entries": [
    {
      "RequestUri": "/subscriptions/61953354-5115-4340-bf80-f4ccd1cb213e/providers/Microsoft.Network?api-version=2014-04-01-preview",
      "EncodedRequestUri": "L3N1YnNjcmlwdGlvbnMvNjE5NTMzNTQtNTExNS00MzQwLWJmODAtZjRjY2QxY2IyMTNlL3Byb3ZpZGVycy9NaWNyb3NvZnQuTmV0d29yaz9hcGktdmVyc2lvbj0yMDE0LTA0LTAxLXByZXZpZXc=",
      "RequestMethod": "GET",
      "RequestBody": "",
      "RequestHeaders": {
        "User-Agent": [
          "Microsoft.Azure.Management.Resources.ResourceManagementClient/2.0.0.0"
        ]
      },
      "ResponseBody": "{\r\n  \"id\": \"/subscriptions/61953354-5115-4340-bf80-f4ccd1cb213e/providers/Microsoft.Network\",\r\n  \"namespace\": \"Microsoft.Network\",\r\n  \"authorization\": {\r\n    \"applicationId\": \"2cf9eb86-36b5-49dc-86ae-9a63135dfa8c\",\r\n    \"roleDefinitionId\": \"13ba9ab4-19f0-4804-adc4-14ece36cc7a1\"\r\n  },\r\n  \"resourceTypes\": [\r\n    {\r\n      \"resourceType\": \"dnszones\",\r\n      \"locations\": [\r\n        \"global\"\r\n      ],\r\n      \"apiVersions\": [\r\n        \"2015-05-04-preview\"\r\n      ]\r\n    },\r\n    {\r\n      \"resourceType\": \"dnszones/A\",\r\n      \"locations\": [\r\n        \"global\"\r\n      ],\r\n      \"apiVersions\": [\r\n        \"2015-05-04-preview\"\r\n      ]\r\n    },\r\n    {\r\n      \"resourceType\": \"dnszones/AAAA\",\r\n      \"locations\": [\r\n        \"global\"\r\n      ],\r\n      \"apiVersions\": [\r\n        \"2015-05-04-preview\"\r\n      ]\r\n    },\r\n    {\r\n      \"resourceType\": \"dnszones/CNAME\",\r\n      \"locations\": [\r\n        \"global\"\r\n      ],\r\n      \"apiVersions\": [\r\n        \"2015-05-04-preview\"\r\n      ]\r\n    },\r\n    {\r\n      \"resourceType\": \"dnszones/PTR\",\r\n      \"locations\": [\r\n        \"global\"\r\n      ],\r\n      \"apiVersions\": [\r\n        \"2015-05-04-preview\"\r\n      ]\r\n    },\r\n    {\r\n      \"resourceType\": \"dnszones/MX\",\r\n      \"locations\": [\r\n        \"global\"\r\n      ],\r\n      \"apiVersions\": [\r\n        \"2015-05-04-preview\"\r\n      ]\r\n    },\r\n    {\r\n      \"resourceType\": \"dnszones/TXT\",\r\n      \"locations\": [\r\n        \"global\"\r\n      ],\r\n      \"apiVersions\": [\r\n        \"2015-05-04-preview\"\r\n      ]\r\n    },\r\n    {\r\n      \"resourceType\": \"dnszones/SRV\",\r\n      \"locations\": [\r\n        \"global\"\r\n      ],\r\n      \"apiVersions\": [\r\n        \"2015-05-04-preview\"\r\n      ]\r\n    },\r\n    {\r\n      \"resourceType\": \"trafficmanagerprofiles\",\r\n      \"locations\": [\r\n        \"global\"\r\n      ],\r\n      \"apiVersions\": [\r\n        \"2015-04-28-preview\"\r\n      ]\r\n    },\r\n    {\r\n      \"resourceType\": \"virtualNetworks\",\r\n      \"locations\": [\r\n        \"West Europe\",\r\n        \"Central US\",\r\n        \"West US\"\r\n      ],\r\n      \"apiVersions\": [\r\n        \"2015-06-15\",\r\n        \"2015-05-01-preview\",\r\n        \"2014-12-01-preview\"\r\n      ]\r\n    },\r\n    {\r\n      \"resourceType\": \"publicIPAddresses\",\r\n      \"locations\": [\r\n        \"West Europe\",\r\n        \"Central US\",\r\n        \"West US\"\r\n      ],\r\n      \"apiVersions\": [\r\n        \"2015-06-15\",\r\n        \"2015-05-01-preview\",\r\n        \"2014-12-01-preview\"\r\n      ]\r\n    },\r\n    {\r\n      \"resourceType\": \"networkInterfaces\",\r\n      \"locations\": [\r\n        \"West Europe\",\r\n        \"Central US\",\r\n        \"West US\"\r\n      ],\r\n      \"apiVersions\": [\r\n        \"2015-06-15\",\r\n        \"2015-05-01-preview\",\r\n        \"2014-12-01-preview\"\r\n      ]\r\n    },\r\n    {\r\n      \"resourceType\": \"loadBalancers\",\r\n      \"locations\": [\r\n        \"West Europe\",\r\n        \"Central US\",\r\n        \"West US\"\r\n      ],\r\n      \"apiVersions\": [\r\n        \"2015-06-15\",\r\n        \"2015-05-01-preview\",\r\n        \"2014-12-01-preview\"\r\n      ]\r\n    },\r\n    {\r\n      \"resourceType\": \"networkSecurityGroups\",\r\n      \"locations\": [\r\n        \"West Europe\",\r\n        \"Central US\",\r\n        \"West US\"\r\n      ],\r\n      \"apiVersions\": [\r\n        \"2015-06-15\",\r\n        \"2015-05-01-preview\",\r\n        \"2014-12-01-preview\"\r\n      ]\r\n    },\r\n    {\r\n      \"resourceType\": \"locations\",\r\n      \"locations\": [],\r\n      \"apiVersions\": [\r\n        \"2015-06-15\",\r\n        \"2015-05-01-preview\",\r\n        \"2014-12-01-preview\"\r\n      ]\r\n    },\r\n    {\r\n      \"resourceType\": \"locations/operations\",\r\n      \"locations\": [],\r\n      \"apiVersions\": [\r\n        \"2015-06-15\",\r\n        \"2015-05-01-preview\",\r\n        \"2014-12-01-preview\"\r\n      ]\r\n    },\r\n    {\r\n      \"resourceType\": \"locations/operationResults\",\r\n      \"locations\": [],\r\n      \"apiVersions\": [\r\n        \"2015-06-15\",\r\n        \"2015-05-01-preview\",\r\n        \"2014-12-01-preview\"\r\n      ]\r\n    },\r\n    {\r\n      \"resourceType\": \"locations/CheckDnsNameAvailability\",\r\n      \"locations\": [],\r\n      \"apiVersions\": [\r\n        \"2015-06-15\",\r\n        \"2015-05-01-preview\",\r\n        \"2014-12-01-preview\"\r\n      ]\r\n    },\r\n    {\r\n      \"resourceType\": \"locations/usages\",\r\n      \"locations\": [],\r\n      \"apiVersions\": [\r\n        \"2015-06-15\",\r\n        \"2015-05-01-preview\",\r\n        \"2014-12-01-preview\"\r\n      ]\r\n    },\r\n    {\r\n      \"resourceType\": \"operations\",\r\n      \"locations\": [],\r\n      \"apiVersions\": [\r\n        \"2015-06-15\",\r\n        \"2015-05-01-preview\",\r\n        \"2014-12-01-preview\"\r\n      ]\r\n    },\r\n    {\r\n      \"resourceType\": \"virtualNetworkGateways\",\r\n      \"locations\": [\r\n        \"West Europe\",\r\n        \"Central US\",\r\n        \"West US\"\r\n      ],\r\n      \"apiVersions\": [\r\n        \"2015-06-15\",\r\n        \"2015-05-01-preview\",\r\n        \"2014-12-01-preview\"\r\n      ]\r\n    },\r\n    {\r\n      \"resourceType\": \"localNetworkGateways\",\r\n      \"locations\": [\r\n        \"West Europe\",\r\n        \"Central US\",\r\n        \"West US\"\r\n      ],\r\n      \"apiVersions\": [\r\n        \"2015-06-15\",\r\n        \"2015-05-01-preview\",\r\n        \"2014-12-01-preview\"\r\n      ]\r\n    },\r\n    {\r\n      \"resourceType\": \"connections\",\r\n      \"locations\": [\r\n        \"West Europe\",\r\n        \"Central US\",\r\n        \"West US\"\r\n      ],\r\n      \"apiVersions\": [\r\n        \"2015-06-15\",\r\n        \"2015-05-01-preview\",\r\n        \"2014-12-01-preview\"\r\n      ]\r\n    },\r\n    {\r\n      \"resourceType\": \"applicationGateways\",\r\n      \"locations\": [\r\n        \"West Europe\",\r\n        \"Central US\",\r\n        \"West US\"\r\n      ],\r\n      \"apiVersions\": [\r\n        \"2015-06-15\",\r\n        \"2015-05-01-preview\",\r\n        \"2014-12-01-preview\"\r\n      ]\r\n    }\r\n  ],\r\n  \"registrationState\": \"Registering\"\r\n}",
      "ResponseHeaders": {
        "Content-Length": [
          "3321"
        ],
        "Content-Type": [
          "application/json; charset=utf-8"
        ],
        "Expires": [
          "-1"
        ],
        "Pragma": [
          "no-cache"
        ],
        "x-ms-ratelimit-remaining-subscription-reads": [
          "14999"
        ],
        "x-ms-request-id": [
          "00863de0-a1ec-40de-8cc2-fceca55bf6ad"
        ],
        "x-ms-correlation-request-id": [
          "00863de0-a1ec-40de-8cc2-fceca55bf6ad"
        ],
        "x-ms-routing-request-id": [
          "CENTRALUS:20150626T223550Z:00863de0-a1ec-40de-8cc2-fceca55bf6ad"
        ],
        "Strict-Transport-Security": [
          "max-age=31536000; includeSubDomains"
        ],
        "Cache-Control": [
          "no-cache"
        ],
        "Date": [
          "Fri, 26 Jun 2015 22:35:49 GMT"
        ]
      },
      "StatusCode": 200
    },
    {
      "RequestUri": "/subscriptions/61953354-5115-4340-bf80-f4ccd1cb213e/providers/Microsoft.Network?api-version=2014-04-01-preview",
      "EncodedRequestUri": "L3N1YnNjcmlwdGlvbnMvNjE5NTMzNTQtNTExNS00MzQwLWJmODAtZjRjY2QxY2IyMTNlL3Byb3ZpZGVycy9NaWNyb3NvZnQuTmV0d29yaz9hcGktdmVyc2lvbj0yMDE0LTA0LTAxLXByZXZpZXc=",
      "RequestMethod": "GET",
      "RequestBody": "",
      "RequestHeaders": {
        "User-Agent": [
          "Microsoft.Azure.Management.Resources.ResourceManagementClient/2.0.0.0"
        ]
      },
      "ResponseBody": "{\r\n  \"id\": \"/subscriptions/61953354-5115-4340-bf80-f4ccd1cb213e/providers/Microsoft.Network\",\r\n  \"namespace\": \"Microsoft.Network\",\r\n  \"authorization\": {\r\n    \"applicationId\": \"2cf9eb86-36b5-49dc-86ae-9a63135dfa8c\",\r\n    \"roleDefinitionId\": \"13ba9ab4-19f0-4804-adc4-14ece36cc7a1\"\r\n  },\r\n  \"resourceTypes\": [\r\n    {\r\n      \"resourceType\": \"dnszones\",\r\n      \"locations\": [\r\n        \"global\"\r\n      ],\r\n      \"apiVersions\": [\r\n        \"2015-05-04-preview\"\r\n      ]\r\n    },\r\n    {\r\n      \"resourceType\": \"dnszones/A\",\r\n      \"locations\": [\r\n        \"global\"\r\n      ],\r\n      \"apiVersions\": [\r\n        \"2015-05-04-preview\"\r\n      ]\r\n    },\r\n    {\r\n      \"resourceType\": \"dnszones/AAAA\",\r\n      \"locations\": [\r\n        \"global\"\r\n      ],\r\n      \"apiVersions\": [\r\n        \"2015-05-04-preview\"\r\n      ]\r\n    },\r\n    {\r\n      \"resourceType\": \"dnszones/CNAME\",\r\n      \"locations\": [\r\n        \"global\"\r\n      ],\r\n      \"apiVersions\": [\r\n        \"2015-05-04-preview\"\r\n      ]\r\n    },\r\n    {\r\n      \"resourceType\": \"dnszones/PTR\",\r\n      \"locations\": [\r\n        \"global\"\r\n      ],\r\n      \"apiVersions\": [\r\n        \"2015-05-04-preview\"\r\n      ]\r\n    },\r\n    {\r\n      \"resourceType\": \"dnszones/MX\",\r\n      \"locations\": [\r\n        \"global\"\r\n      ],\r\n      \"apiVersions\": [\r\n        \"2015-05-04-preview\"\r\n      ]\r\n    },\r\n    {\r\n      \"resourceType\": \"dnszones/TXT\",\r\n      \"locations\": [\r\n        \"global\"\r\n      ],\r\n      \"apiVersions\": [\r\n        \"2015-05-04-preview\"\r\n      ]\r\n    },\r\n    {\r\n      \"resourceType\": \"dnszones/SRV\",\r\n      \"locations\": [\r\n        \"global\"\r\n      ],\r\n      \"apiVersions\": [\r\n        \"2015-05-04-preview\"\r\n      ]\r\n    },\r\n    {\r\n      \"resourceType\": \"trafficmanagerprofiles\",\r\n      \"locations\": [\r\n        \"global\"\r\n      ],\r\n      \"apiVersions\": [\r\n        \"2015-04-28-preview\"\r\n      ]\r\n    },\r\n    {\r\n      \"resourceType\": \"virtualNetworks\",\r\n      \"locations\": [\r\n        \"West Europe\",\r\n        \"Central US\",\r\n        \"West US\"\r\n      ],\r\n      \"apiVersions\": [\r\n        \"2015-06-15\",\r\n        \"2015-05-01-preview\",\r\n        \"2014-12-01-preview\"\r\n      ]\r\n    },\r\n    {\r\n      \"resourceType\": \"publicIPAddresses\",\r\n      \"locations\": [\r\n        \"West Europe\",\r\n        \"Central US\",\r\n        \"West US\"\r\n      ],\r\n      \"apiVersions\": [\r\n        \"2015-06-15\",\r\n        \"2015-05-01-preview\",\r\n        \"2014-12-01-preview\"\r\n      ]\r\n    },\r\n    {\r\n      \"resourceType\": \"networkInterfaces\",\r\n      \"locations\": [\r\n        \"West Europe\",\r\n        \"Central US\",\r\n        \"West US\"\r\n      ],\r\n      \"apiVersions\": [\r\n        \"2015-06-15\",\r\n        \"2015-05-01-preview\",\r\n        \"2014-12-01-preview\"\r\n      ]\r\n    },\r\n    {\r\n      \"resourceType\": \"loadBalancers\",\r\n      \"locations\": [\r\n        \"West Europe\",\r\n        \"Central US\",\r\n        \"West US\"\r\n      ],\r\n      \"apiVersions\": [\r\n        \"2015-06-15\",\r\n        \"2015-05-01-preview\",\r\n        \"2014-12-01-preview\"\r\n      ]\r\n    },\r\n    {\r\n      \"resourceType\": \"networkSecurityGroups\",\r\n      \"locations\": [\r\n        \"West Europe\",\r\n        \"Central US\",\r\n        \"West US\"\r\n      ],\r\n      \"apiVersions\": [\r\n        \"2015-06-15\",\r\n        \"2015-05-01-preview\",\r\n        \"2014-12-01-preview\"\r\n      ]\r\n    },\r\n    {\r\n      \"resourceType\": \"locations\",\r\n      \"locations\": [],\r\n      \"apiVersions\": [\r\n        \"2015-06-15\",\r\n        \"2015-05-01-preview\",\r\n        \"2014-12-01-preview\"\r\n      ]\r\n    },\r\n    {\r\n      \"resourceType\": \"locations/operations\",\r\n      \"locations\": [],\r\n      \"apiVersions\": [\r\n        \"2015-06-15\",\r\n        \"2015-05-01-preview\",\r\n        \"2014-12-01-preview\"\r\n      ]\r\n    },\r\n    {\r\n      \"resourceType\": \"locations/operationResults\",\r\n      \"locations\": [],\r\n      \"apiVersions\": [\r\n        \"2015-06-15\",\r\n        \"2015-05-01-preview\",\r\n        \"2014-12-01-preview\"\r\n      ]\r\n    },\r\n    {\r\n      \"resourceType\": \"locations/CheckDnsNameAvailability\",\r\n      \"locations\": [],\r\n      \"apiVersions\": [\r\n        \"2015-06-15\",\r\n        \"2015-05-01-preview\",\r\n        \"2014-12-01-preview\"\r\n      ]\r\n    },\r\n    {\r\n      \"resourceType\": \"locations/usages\",\r\n      \"locations\": [],\r\n      \"apiVersions\": [\r\n        \"2015-06-15\",\r\n        \"2015-05-01-preview\",\r\n        \"2014-12-01-preview\"\r\n      ]\r\n    },\r\n    {\r\n      \"resourceType\": \"operations\",\r\n      \"locations\": [],\r\n      \"apiVersions\": [\r\n        \"2015-06-15\",\r\n        \"2015-05-01-preview\",\r\n        \"2014-12-01-preview\"\r\n      ]\r\n    },\r\n    {\r\n      \"resourceType\": \"virtualNetworkGateways\",\r\n      \"locations\": [\r\n        \"West Europe\",\r\n        \"Central US\",\r\n        \"West US\"\r\n      ],\r\n      \"apiVersions\": [\r\n        \"2015-06-15\",\r\n        \"2015-05-01-preview\",\r\n        \"2014-12-01-preview\"\r\n      ]\r\n    },\r\n    {\r\n      \"resourceType\": \"localNetworkGateways\",\r\n      \"locations\": [\r\n        \"West Europe\",\r\n        \"Central US\",\r\n        \"West US\"\r\n      ],\r\n      \"apiVersions\": [\r\n        \"2015-06-15\",\r\n        \"2015-05-01-preview\",\r\n        \"2014-12-01-preview\"\r\n      ]\r\n    },\r\n    {\r\n      \"resourceType\": \"connections\",\r\n      \"locations\": [\r\n        \"West Europe\",\r\n        \"Central US\",\r\n        \"West US\"\r\n      ],\r\n      \"apiVersions\": [\r\n        \"2015-06-15\",\r\n        \"2015-05-01-preview\",\r\n        \"2014-12-01-preview\"\r\n      ]\r\n    },\r\n    {\r\n      \"resourceType\": \"applicationGateways\",\r\n      \"locations\": [\r\n        \"West Europe\",\r\n        \"Central US\",\r\n        \"West US\"\r\n      ],\r\n      \"apiVersions\": [\r\n        \"2015-06-15\",\r\n        \"2015-05-01-preview\",\r\n        \"2014-12-01-preview\"\r\n      ]\r\n    }\r\n  ],\r\n  \"registrationState\": \"Registering\"\r\n}",
      "ResponseHeaders": {
        "Content-Length": [
          "3321"
        ],
        "Content-Type": [
          "application/json; charset=utf-8"
        ],
        "Expires": [
          "-1"
        ],
        "Pragma": [
          "no-cache"
        ],
        "x-ms-ratelimit-remaining-subscription-reads": [
          "14999"
        ],
        "x-ms-request-id": [
          "00863de0-a1ec-40de-8cc2-fceca55bf6ad"
        ],
        "x-ms-correlation-request-id": [
          "00863de0-a1ec-40de-8cc2-fceca55bf6ad"
        ],
        "x-ms-routing-request-id": [
          "CENTRALUS:20150626T223550Z:00863de0-a1ec-40de-8cc2-fceca55bf6ad"
        ],
        "Strict-Transport-Security": [
          "max-age=31536000; includeSubDomains"
        ],
        "Cache-Control": [
          "no-cache"
        ],
        "Date": [
          "Fri, 26 Jun 2015 22:35:49 GMT"
        ]
      },
      "StatusCode": 200
    },
    {
      "RequestUri": "/subscriptions/61953354-5115-4340-bf80-f4ccd1cb213e/resourcegroups/csmrg9322?api-version=2014-04-01-preview",
      "EncodedRequestUri": "L3N1YnNjcmlwdGlvbnMvNjE5NTMzNTQtNTExNS00MzQwLWJmODAtZjRjY2QxY2IyMTNlL3Jlc291cmNlZ3JvdXBzL2NzbXJnOTMyMj9hcGktdmVyc2lvbj0yMDE0LTA0LTAxLXByZXZpZXc=",
      "RequestMethod": "PUT",
      "RequestBody": "{\r\n  \"location\": \"West Europe\"\r\n}",
      "RequestHeaders": {
        "Content-Type": [
          "application/json; charset=utf-8"
        ],
        "Content-Length": [
          "33"
        ],
        "User-Agent": [
          "Microsoft.Azure.Management.Resources.ResourceManagementClient/2.0.0.0"
        ]
      },
      "ResponseBody": "{\r\n  \"id\": \"/subscriptions/61953354-5115-4340-bf80-f4ccd1cb213e/resourceGroups/csmrg9322\",\r\n  \"name\": \"csmrg9322\",\r\n  \"location\": \"westeurope\",\r\n  \"properties\": {\r\n    \"provisioningState\": \"Succeeded\"\r\n  }\r\n}",
      "ResponseHeaders": {
        "Content-Length": [
          "175"
        ],
        "Content-Type": [
          "application/json; charset=utf-8"
        ],
        "Expires": [
          "-1"
        ],
        "Pragma": [
          "no-cache"
        ],
        "x-ms-ratelimit-remaining-subscription-writes": [
          "1199"
        ],
        "x-ms-request-id": [
          "1dd5188a-71da-4cc6-8270-362d4bd8e0f9"
        ],
        "x-ms-correlation-request-id": [
          "1dd5188a-71da-4cc6-8270-362d4bd8e0f9"
        ],
        "x-ms-routing-request-id": [
          "CENTRALUS:20150626T223552Z:1dd5188a-71da-4cc6-8270-362d4bd8e0f9"
        ],
        "Strict-Transport-Security": [
          "max-age=31536000; includeSubDomains"
        ],
        "Cache-Control": [
          "no-cache"
        ],
        "Date": [
          "Fri, 26 Jun 2015 22:35:52 GMT"
        ]
      },
      "StatusCode": 201
    },
    {
      "RequestUri": "/subscriptions/61953354-5115-4340-bf80-f4ccd1cb213e/resourcegroups/csmrg9322?api-version=2014-04-01-preview",
      "EncodedRequestUri": "L3N1YnNjcmlwdGlvbnMvNjE5NTMzNTQtNTExNS00MzQwLWJmODAtZjRjY2QxY2IyMTNlL3Jlc291cmNlZ3JvdXBzL2NzbXJnOTMyMj9hcGktdmVyc2lvbj0yMDE0LTA0LTAxLXByZXZpZXc=",
      "RequestMethod": "PUT",
      "RequestBody": "{\r\n  \"location\": \"West Europe\"\r\n}",
      "RequestHeaders": {
        "Content-Type": [
          "application/json; charset=utf-8"
        ],
        "Content-Length": [
          "33"
        ],
        "User-Agent": [
          "Microsoft.Azure.Management.Resources.ResourceManagementClient/2.0.0.0"
        ]
      },
      "ResponseBody": "{\r\n  \"id\": \"/subscriptions/61953354-5115-4340-bf80-f4ccd1cb213e/resourceGroups/csmrg9322\",\r\n  \"name\": \"csmrg9322\",\r\n  \"location\": \"westeurope\",\r\n  \"properties\": {\r\n    \"provisioningState\": \"Succeeded\"\r\n  }\r\n}",
      "ResponseHeaders": {
        "Content-Length": [
          "175"
        ],
        "Content-Type": [
          "application/json; charset=utf-8"
        ],
        "Expires": [
          "-1"
        ],
        "Pragma": [
          "no-cache"
        ],
        "x-ms-ratelimit-remaining-subscription-writes": [
          "1199"
        ],
        "x-ms-request-id": [
          "1dd5188a-71da-4cc6-8270-362d4bd8e0f9"
        ],
        "x-ms-correlation-request-id": [
          "1dd5188a-71da-4cc6-8270-362d4bd8e0f9"
        ],
        "x-ms-routing-request-id": [
          "CENTRALUS:20150626T223552Z:1dd5188a-71da-4cc6-8270-362d4bd8e0f9"
        ],
        "Strict-Transport-Security": [
          "max-age=31536000; includeSubDomains"
        ],
        "Cache-Control": [
          "no-cache"
        ],
        "Date": [
          "Fri, 26 Jun 2015 22:35:52 GMT"
        ]
      },
      "StatusCode": 201
    },
    {
      "RequestUri": "/subscriptions/61953354-5115-4340-bf80-f4ccd1cb213e/resourceGroups/csmrg9322/providers/Microsoft.Network/publicIPAddresses/azsmnet6219/?api-version=2015-05-01-preview",
      "EncodedRequestUri": "L3N1YnNjcmlwdGlvbnMvNjE5NTMzNTQtNTExNS00MzQwLWJmODAtZjRjY2QxY2IyMTNlL3Jlc291cmNlR3JvdXBzL2NzbXJnOTMyMi9wcm92aWRlcnMvTWljcm9zb2Z0Lk5ldHdvcmsvcHVibGljSVBBZGRyZXNzZXMvYXpzbW5ldDYyMTkvP2FwaS12ZXJzaW9uPTIwMTUtMDUtMDEtcHJldmlldw==",
      "RequestMethod": "PUT",
      "RequestBody": "{\r\n  \"location\": \"West Europe\",\r\n  \"tags\": {\r\n    \"key\": \"value\"\r\n  },\r\n  \"properties\": {\r\n    \"publicIPAllocationMethod\": \"Dynamic\",\r\n    \"dnsSettings\": {\r\n      \"domainNameLabel\": \"azsmnet2670\"\r\n    }\r\n  }\r\n}",
      "RequestHeaders": {
        "Content-Type": [
          "application/json; charset=utf-8"
        ],
        "Content-Length": [
          "210"
        ],
        "User-Agent": [
          "Microsoft.Azure.Management.Network.NetworkManagementClient/2.0.0.0"
        ]
      },
      "ResponseBody": "{\r\n  \"name\": \"azsmnet6219\",\r\n  \"id\": \"/subscriptions/61953354-5115-4340-bf80-f4ccd1cb213e/resourceGroups/csmrg9322/providers/Microsoft.Network/publicIPAddresses/azsmnet6219\",\r\n  \"etag\": \"W/\\\"f5a29450-bae6-45c6-b722-6477ffff3d08\\\"\",\r\n  \"properties\": {\r\n    \"provisioningState\": \"Updating\",\r\n    \"publicIPAllocationMethod\": \"Dynamic\",\r\n    \"idleTimeoutInMinutes\": 4,\r\n    \"dnsSettings\": {\r\n      \"domainNameLabel\": \"azsmnet2670\",\r\n      \"fqdn\": \"azsmnet2670.azure-bvt.com\"\r\n    }\r\n  },\r\n  \"location\": \"westeurope\",\r\n  \"tags\": {\r\n    \"key\": \"value\"\r\n  }\r\n}",
      "ResponseHeaders": {
        "Content-Length": [
          "553"
        ],
        "Content-Type": [
          "application/json; charset=utf-8"
        ],
        "Expires": [
          "-1"
        ],
        "Pragma": [
          "no-cache"
        ],
        "Retry-After": [
          "10"
        ],
        "x-ms-request-id": [
          "32cdae57-3bd1-4b61-82de-2da15f7996fc"
        ],
        "Azure-AsyncOperation": [
          "https://api-dogfood.resources.windows-int.net/subscriptions/61953354-5115-4340-bf80-f4ccd1cb213e/providers/Microsoft.Network/locations/nrp7/operations/32cdae57-3bd1-4b61-82de-2da15f7996fc?api-version=2015-05-01-preview"
        ],
        "Strict-Transport-Security": [
          "max-age=31536000; includeSubDomains"
        ],
        "Cache-Control": [
          "no-cache"
        ],
        "Server": [
          "Microsoft-HTTPAPI/2.0",
          "Microsoft-HTTPAPI/2.0"
        ],
        "x-ms-ratelimit-remaining-subscription-writes": [
          "1198"
        ],
        "x-ms-correlation-request-id": [
          "c18e9ed7-889b-42e6-966e-b4e7a7af2bf9"
        ],
        "x-ms-routing-request-id": [
          "CENTRALUS:20150626T223555Z:c18e9ed7-889b-42e6-966e-b4e7a7af2bf9"
        ],
        "Date": [
          "Fri, 26 Jun 2015 22:35:55 GMT"
        ]
      },
      "StatusCode": 201
    },
    {
      "RequestUri": "/subscriptions/61953354-5115-4340-bf80-f4ccd1cb213e/resourceGroups/csmrg9322/providers/Microsoft.Network/publicIPAddresses/azsmnet6219/?api-version=2015-05-01-preview",
      "EncodedRequestUri": "L3N1YnNjcmlwdGlvbnMvNjE5NTMzNTQtNTExNS00MzQwLWJmODAtZjRjY2QxY2IyMTNlL3Jlc291cmNlR3JvdXBzL2NzbXJnOTMyMi9wcm92aWRlcnMvTWljcm9zb2Z0Lk5ldHdvcmsvcHVibGljSVBBZGRyZXNzZXMvYXpzbW5ldDYyMTkvP2FwaS12ZXJzaW9uPTIwMTUtMDUtMDEtcHJldmlldw==",
      "RequestMethod": "PUT",
      "RequestBody": "{\r\n  \"location\": \"West Europe\",\r\n  \"tags\": {\r\n    \"key\": \"value\"\r\n  },\r\n  \"properties\": {\r\n    \"publicIPAllocationMethod\": \"Dynamic\",\r\n    \"dnsSettings\": {\r\n      \"domainNameLabel\": \"azsmnet2670\"\r\n    }\r\n  }\r\n}",
      "RequestHeaders": {
        "Content-Type": [
          "application/json; charset=utf-8"
        ],
        "Content-Length": [
          "210"
        ],
        "User-Agent": [
          "Microsoft.Azure.Management.Network.NetworkManagementClient/2.0.0.0"
        ]
      },
      "ResponseBody": "{\r\n  \"name\": \"azsmnet6219\",\r\n  \"id\": \"/subscriptions/61953354-5115-4340-bf80-f4ccd1cb213e/resourceGroups/csmrg9322/providers/Microsoft.Network/publicIPAddresses/azsmnet6219\",\r\n  \"etag\": \"W/\\\"f5a29450-bae6-45c6-b722-6477ffff3d08\\\"\",\r\n  \"properties\": {\r\n    \"provisioningState\": \"Updating\",\r\n    \"publicIPAllocationMethod\": \"Dynamic\",\r\n    \"idleTimeoutInMinutes\": 4,\r\n    \"dnsSettings\": {\r\n      \"domainNameLabel\": \"azsmnet2670\",\r\n      \"fqdn\": \"azsmnet2670.azure-bvt.com\"\r\n    }\r\n  },\r\n  \"location\": \"westeurope\",\r\n  \"tags\": {\r\n    \"key\": \"value\"\r\n  }\r\n}",
      "ResponseHeaders": {
        "Content-Length": [
          "553"
        ],
        "Content-Type": [
          "application/json; charset=utf-8"
        ],
        "Expires": [
          "-1"
        ],
        "Pragma": [
          "no-cache"
        ],
        "Retry-After": [
          "10"
        ],
        "x-ms-request-id": [
          "32cdae57-3bd1-4b61-82de-2da15f7996fc"
        ],
        "Azure-AsyncOperation": [
          "https://api-dogfood.resources.windows-int.net/subscriptions/61953354-5115-4340-bf80-f4ccd1cb213e/providers/Microsoft.Network/locations/nrp7/operations/32cdae57-3bd1-4b61-82de-2da15f7996fc?api-version=2015-05-01-preview"
        ],
        "Strict-Transport-Security": [
          "max-age=31536000; includeSubDomains"
        ],
        "Cache-Control": [
          "no-cache"
        ],
        "Server": [
          "Microsoft-HTTPAPI/2.0",
          "Microsoft-HTTPAPI/2.0"
        ],
        "x-ms-ratelimit-remaining-subscription-writes": [
          "1198"
        ],
        "x-ms-correlation-request-id": [
          "c18e9ed7-889b-42e6-966e-b4e7a7af2bf9"
        ],
        "x-ms-routing-request-id": [
          "CENTRALUS:20150626T223555Z:c18e9ed7-889b-42e6-966e-b4e7a7af2bf9"
        ],
        "Date": [
          "Fri, 26 Jun 2015 22:35:55 GMT"
        ]
      },
      "StatusCode": 201
    },
    {
      "RequestUri": "/subscriptions/61953354-5115-4340-bf80-f4ccd1cb213e/providers/Microsoft.Network/locations/nrp7/operations/32cdae57-3bd1-4b61-82de-2da15f7996fc?api-version=2015-05-01-preview",
      "EncodedRequestUri": "L3N1YnNjcmlwdGlvbnMvNjE5NTMzNTQtNTExNS00MzQwLWJmODAtZjRjY2QxY2IyMTNlL3Byb3ZpZGVycy9NaWNyb3NvZnQuTmV0d29yay9sb2NhdGlvbnMvbnJwNy9vcGVyYXRpb25zLzMyY2RhZTU3LTNiZDEtNGI2MS04MmRlLTJkYTE1Zjc5OTZmYz9hcGktdmVyc2lvbj0yMDE1LTA1LTAxLXByZXZpZXc=",
      "RequestMethod": "GET",
      "RequestBody": "",
      "RequestHeaders": {
        "User-Agent": [
          "Microsoft.Azure.Management.Network.NetworkManagementClient/2.0.0.0"
        ]
      },
      "ResponseBody": "{\r\n  \"status\": \"Succeeded\"\r\n}",
      "ResponseHeaders": {
        "Content-Length": [
          "29"
        ],
        "Content-Type": [
          "application/json; charset=utf-8"
        ],
        "Expires": [
          "-1"
        ],
        "Pragma": [
          "no-cache"
        ],
        "x-ms-request-id": [
          "ac96325d-7ca8-46a0-82e7-261bc251a5c8"
        ],
        "Strict-Transport-Security": [
          "max-age=31536000; includeSubDomains"
        ],
        "Cache-Control": [
          "no-cache"
        ],
        "Server": [
          "Microsoft-HTTPAPI/2.0",
          "Microsoft-HTTPAPI/2.0"
        ],
        "x-ms-ratelimit-remaining-subscription-reads": [
          "14998"
        ],
        "x-ms-correlation-request-id": [
          "d6e37b09-ee45-4cbd-bea9-b25daaed2a9a"
        ],
        "x-ms-routing-request-id": [
          "CENTRALUS:20150626T223555Z:d6e37b09-ee45-4cbd-bea9-b25daaed2a9a"
        ],
        "Date": [
          "Fri, 26 Jun 2015 22:35:55 GMT"
        ]
      },
      "StatusCode": 200
    },
    {
      "RequestUri": "/subscriptions/61953354-5115-4340-bf80-f4ccd1cb213e/providers/Microsoft.Network/locations/nrp7/operations/32cdae57-3bd1-4b61-82de-2da15f7996fc?api-version=2015-05-01-preview",
      "EncodedRequestUri": "L3N1YnNjcmlwdGlvbnMvNjE5NTMzNTQtNTExNS00MzQwLWJmODAtZjRjY2QxY2IyMTNlL3Byb3ZpZGVycy9NaWNyb3NvZnQuTmV0d29yay9sb2NhdGlvbnMvbnJwNy9vcGVyYXRpb25zLzMyY2RhZTU3LTNiZDEtNGI2MS04MmRlLTJkYTE1Zjc5OTZmYz9hcGktdmVyc2lvbj0yMDE1LTA1LTAxLXByZXZpZXc=",
      "RequestMethod": "GET",
      "RequestBody": "",
      "RequestHeaders": {
        "User-Agent": [
          "Microsoft.Azure.Management.Network.NetworkManagementClient/2.0.0.0"
        ]
      },
      "ResponseBody": "{\r\n  \"status\": \"Succeeded\"\r\n}",
      "ResponseHeaders": {
        "Content-Length": [
          "29"
        ],
        "Content-Type": [
          "application/json; charset=utf-8"
        ],
        "Expires": [
          "-1"
        ],
        "Pragma": [
          "no-cache"
        ],
        "x-ms-request-id": [
          "ac96325d-7ca8-46a0-82e7-261bc251a5c8"
        ],
        "Strict-Transport-Security": [
          "max-age=31536000; includeSubDomains"
        ],
        "Cache-Control": [
          "no-cache"
        ],
        "Server": [
          "Microsoft-HTTPAPI/2.0",
          "Microsoft-HTTPAPI/2.0"
        ],
        "x-ms-ratelimit-remaining-subscription-reads": [
          "14998"
        ],
        "x-ms-correlation-request-id": [
          "d6e37b09-ee45-4cbd-bea9-b25daaed2a9a"
        ],
        "x-ms-routing-request-id": [
          "CENTRALUS:20150626T223555Z:d6e37b09-ee45-4cbd-bea9-b25daaed2a9a"
        ],
        "Date": [
          "Fri, 26 Jun 2015 22:35:55 GMT"
        ]
      },
      "StatusCode": 200
    },
    {
      "RequestUri": "/subscriptions/61953354-5115-4340-bf80-f4ccd1cb213e/resourceGroups/csmrg9322/providers/Microsoft.Network/publicIPAddresses/azsmnet6219/?api-version=2015-05-01-preview",
      "EncodedRequestUri": "L3N1YnNjcmlwdGlvbnMvNjE5NTMzNTQtNTExNS00MzQwLWJmODAtZjRjY2QxY2IyMTNlL3Jlc291cmNlR3JvdXBzL2NzbXJnOTMyMi9wcm92aWRlcnMvTWljcm9zb2Z0Lk5ldHdvcmsvcHVibGljSVBBZGRyZXNzZXMvYXpzbW5ldDYyMTkvP2FwaS12ZXJzaW9uPTIwMTUtMDUtMDEtcHJldmlldw==",
      "RequestMethod": "GET",
      "RequestBody": "",
      "RequestHeaders": {
        "User-Agent": [
          "Microsoft.Azure.Management.Network.NetworkManagementClient/2.0.0.0"
        ]
      },
      "ResponseBody": "{\r\n  \"name\": \"azsmnet6219\",\r\n  \"id\": \"/subscriptions/61953354-5115-4340-bf80-f4ccd1cb213e/resourceGroups/csmrg9322/providers/Microsoft.Network/publicIPAddresses/azsmnet6219\",\r\n  \"etag\": \"W/\\\"f946ff5e-26e2-4337-9523-3b077f7c0d8b\\\"\",\r\n  \"properties\": {\r\n    \"provisioningState\": \"Succeeded\",\r\n    \"publicIPAllocationMethod\": \"Dynamic\",\r\n    \"idleTimeoutInMinutes\": 4,\r\n    \"dnsSettings\": {\r\n      \"domainNameLabel\": \"azsmnet2670\",\r\n      \"fqdn\": \"azsmnet2670.azure-bvt.com\"\r\n    }\r\n  },\r\n  \"location\": \"westeurope\",\r\n  \"tags\": {\r\n    \"key\": \"value\"\r\n  }\r\n}",
      "ResponseHeaders": {
        "Content-Length": [
          "554"
        ],
        "Content-Type": [
          "application/json; charset=utf-8"
        ],
        "Expires": [
          "-1"
        ],
        "Pragma": [
          "no-cache"
        ],
        "x-ms-request-id": [
          "20f29b2e-c29b-436d-bc89-7fd8d4983d32"
        ],
        "Strict-Transport-Security": [
          "max-age=31536000; includeSubDomains"
        ],
        "Cache-Control": [
          "no-cache"
        ],
        "ETag": [
          "W/\"f946ff5e-26e2-4337-9523-3b077f7c0d8b\""
        ],
        "Server": [
          "Microsoft-HTTPAPI/2.0",
          "Microsoft-HTTPAPI/2.0"
        ],
        "x-ms-ratelimit-remaining-subscription-reads": [
          "14997"
        ],
        "x-ms-correlation-request-id": [
          "19bfefe7-5c4e-46de-af07-2bac4e7e6ec4"
        ],
        "x-ms-routing-request-id": [
          "CENTRALUS:20150626T223556Z:19bfefe7-5c4e-46de-af07-2bac4e7e6ec4"
        ],
        "Date": [
          "Fri, 26 Jun 2015 22:35:55 GMT"
        ]
      },
      "StatusCode": 200
    },
    {
      "RequestUri": "/subscriptions/61953354-5115-4340-bf80-f4ccd1cb213e/resourceGroups/csmrg9322/providers/Microsoft.Network/publicIPAddresses/azsmnet6219/?api-version=2015-05-01-preview",
      "EncodedRequestUri": "L3N1YnNjcmlwdGlvbnMvNjE5NTMzNTQtNTExNS00MzQwLWJmODAtZjRjY2QxY2IyMTNlL3Jlc291cmNlR3JvdXBzL2NzbXJnOTMyMi9wcm92aWRlcnMvTWljcm9zb2Z0Lk5ldHdvcmsvcHVibGljSVBBZGRyZXNzZXMvYXpzbW5ldDYyMTkvP2FwaS12ZXJzaW9uPTIwMTUtMDUtMDEtcHJldmlldw==",
      "RequestMethod": "GET",
      "RequestBody": "",
      "RequestHeaders": {
        "User-Agent": [
          "Microsoft.Azure.Management.Network.NetworkManagementClient/2.0.0.0"
        ]
      },
      "ResponseBody": "{\r\n  \"name\": \"azsmnet6219\",\r\n  \"id\": \"/subscriptions/61953354-5115-4340-bf80-f4ccd1cb213e/resourceGroups/csmrg9322/providers/Microsoft.Network/publicIPAddresses/azsmnet6219\",\r\n  \"etag\": \"W/\\\"f946ff5e-26e2-4337-9523-3b077f7c0d8b\\\"\",\r\n  \"properties\": {\r\n    \"provisioningState\": \"Succeeded\",\r\n    \"publicIPAllocationMethod\": \"Dynamic\",\r\n    \"idleTimeoutInMinutes\": 4,\r\n    \"dnsSettings\": {\r\n      \"domainNameLabel\": \"azsmnet2670\",\r\n      \"fqdn\": \"azsmnet2670.azure-bvt.com\"\r\n    }\r\n  },\r\n  \"location\": \"westeurope\",\r\n  \"tags\": {\r\n    \"key\": \"value\"\r\n  }\r\n}",
      "ResponseHeaders": {
        "Content-Length": [
          "554"
        ],
        "Content-Type": [
          "application/json; charset=utf-8"
        ],
        "Expires": [
          "-1"
        ],
        "Pragma": [
          "no-cache"
        ],
        "x-ms-request-id": [
          "20f29b2e-c29b-436d-bc89-7fd8d4983d32"
        ],
        "Strict-Transport-Security": [
          "max-age=31536000; includeSubDomains"
        ],
        "Cache-Control": [
          "no-cache"
        ],
        "ETag": [
          "W/\"f946ff5e-26e2-4337-9523-3b077f7c0d8b\""
        ],
        "Server": [
          "Microsoft-HTTPAPI/2.0",
          "Microsoft-HTTPAPI/2.0"
        ],
        "x-ms-ratelimit-remaining-subscription-reads": [
          "14997"
        ],
        "x-ms-correlation-request-id": [
          "19bfefe7-5c4e-46de-af07-2bac4e7e6ec4"
        ],
        "x-ms-routing-request-id": [
          "CENTRALUS:20150626T223556Z:19bfefe7-5c4e-46de-af07-2bac4e7e6ec4"
        ],
        "Date": [
          "Fri, 26 Jun 2015 22:35:55 GMT"
        ]
      },
      "StatusCode": 200
    },
    {
      "RequestUri": "/subscriptions/61953354-5115-4340-bf80-f4ccd1cb213e/resourceGroups/csmrg9322/providers/Microsoft.Network/publicIPAddresses/azsmnet6219/?api-version=2015-05-01-preview",
      "EncodedRequestUri": "L3N1YnNjcmlwdGlvbnMvNjE5NTMzNTQtNTExNS00MzQwLWJmODAtZjRjY2QxY2IyMTNlL3Jlc291cmNlR3JvdXBzL2NzbXJnOTMyMi9wcm92aWRlcnMvTWljcm9zb2Z0Lk5ldHdvcmsvcHVibGljSVBBZGRyZXNzZXMvYXpzbW5ldDYyMTkvP2FwaS12ZXJzaW9uPTIwMTUtMDUtMDEtcHJldmlldw==",
      "RequestMethod": "GET",
      "RequestBody": "",
      "RequestHeaders": {
        "User-Agent": [
          "Microsoft.Azure.Management.Network.NetworkManagementClient/2.0.0.0"
        ]
      },
      "ResponseBody": "{\r\n  \"name\": \"azsmnet6219\",\r\n  \"id\": \"/subscriptions/61953354-5115-4340-bf80-f4ccd1cb213e/resourceGroups/csmrg9322/providers/Microsoft.Network/publicIPAddresses/azsmnet6219\",\r\n  \"etag\": \"W/\\\"f946ff5e-26e2-4337-9523-3b077f7c0d8b\\\"\",\r\n  \"properties\": {\r\n    \"provisioningState\": \"Succeeded\",\r\n    \"publicIPAllocationMethod\": \"Dynamic\",\r\n    \"idleTimeoutInMinutes\": 4,\r\n    \"dnsSettings\": {\r\n      \"domainNameLabel\": \"azsmnet2670\",\r\n      \"fqdn\": \"azsmnet2670.azure-bvt.com\"\r\n    }\r\n  },\r\n  \"location\": \"westeurope\",\r\n  \"tags\": {\r\n    \"key\": \"value\"\r\n  }\r\n}",
      "ResponseHeaders": {
        "Content-Length": [
          "554"
        ],
        "Content-Type": [
          "application/json; charset=utf-8"
        ],
        "Expires": [
          "-1"
        ],
        "Pragma": [
          "no-cache"
        ],
        "x-ms-request-id": [
          "bf5afef0-279b-48ce-8914-06e624ea2f2a"
        ],
        "Strict-Transport-Security": [
          "max-age=31536000; includeSubDomains"
        ],
        "Cache-Control": [
          "no-cache"
        ],
        "ETag": [
          "W/\"f946ff5e-26e2-4337-9523-3b077f7c0d8b\""
        ],
        "Server": [
          "Microsoft-HTTPAPI/2.0",
          "Microsoft-HTTPAPI/2.0"
        ],
        "x-ms-ratelimit-remaining-subscription-reads": [
          "14996"
        ],
        "x-ms-correlation-request-id": [
          "d1027dc9-f276-40b3-84e4-ec979bfd3e47"
        ],
        "x-ms-routing-request-id": [
          "CENTRALUS:20150626T223556Z:d1027dc9-f276-40b3-84e4-ec979bfd3e47"
        ],
        "Date": [
          "Fri, 26 Jun 2015 22:35:55 GMT"
        ]
      },
      "StatusCode": 200
    },
    {
      "RequestUri": "/subscriptions/61953354-5115-4340-bf80-f4ccd1cb213e/resourceGroups/csmrg9322/providers/Microsoft.Network/publicIPAddresses/azsmnet6219/?api-version=2015-05-01-preview",
      "EncodedRequestUri": "L3N1YnNjcmlwdGlvbnMvNjE5NTMzNTQtNTExNS00MzQwLWJmODAtZjRjY2QxY2IyMTNlL3Jlc291cmNlR3JvdXBzL2NzbXJnOTMyMi9wcm92aWRlcnMvTWljcm9zb2Z0Lk5ldHdvcmsvcHVibGljSVBBZGRyZXNzZXMvYXpzbW5ldDYyMTkvP2FwaS12ZXJzaW9uPTIwMTUtMDUtMDEtcHJldmlldw==",
      "RequestMethod": "GET",
      "RequestBody": "",
      "RequestHeaders": {
        "User-Agent": [
          "Microsoft.Azure.Management.Network.NetworkManagementClient/2.0.0.0"
        ]
      },
      "ResponseBody": "{\r\n  \"name\": \"azsmnet6219\",\r\n  \"id\": \"/subscriptions/61953354-5115-4340-bf80-f4ccd1cb213e/resourceGroups/csmrg9322/providers/Microsoft.Network/publicIPAddresses/azsmnet6219\",\r\n  \"etag\": \"W/\\\"f946ff5e-26e2-4337-9523-3b077f7c0d8b\\\"\",\r\n  \"properties\": {\r\n    \"provisioningState\": \"Succeeded\",\r\n    \"publicIPAllocationMethod\": \"Dynamic\",\r\n    \"idleTimeoutInMinutes\": 4,\r\n    \"dnsSettings\": {\r\n      \"domainNameLabel\": \"azsmnet2670\",\r\n      \"fqdn\": \"azsmnet2670.azure-bvt.com\"\r\n    }\r\n  },\r\n  \"location\": \"westeurope\",\r\n  \"tags\": {\r\n    \"key\": \"value\"\r\n  }\r\n}",
      "ResponseHeaders": {
        "Content-Length": [
          "554"
        ],
        "Content-Type": [
          "application/json; charset=utf-8"
        ],
        "Expires": [
          "-1"
        ],
        "Pragma": [
          "no-cache"
        ],
        "x-ms-request-id": [
          "bf5afef0-279b-48ce-8914-06e624ea2f2a"
        ],
        "Strict-Transport-Security": [
          "max-age=31536000; includeSubDomains"
        ],
        "Cache-Control": [
          "no-cache"
        ],
        "ETag": [
          "W/\"f946ff5e-26e2-4337-9523-3b077f7c0d8b\""
        ],
        "Server": [
          "Microsoft-HTTPAPI/2.0",
          "Microsoft-HTTPAPI/2.0"
        ],
        "x-ms-ratelimit-remaining-subscription-reads": [
          "14996"
        ],
        "x-ms-correlation-request-id": [
          "d1027dc9-f276-40b3-84e4-ec979bfd3e47"
        ],
        "x-ms-routing-request-id": [
          "CENTRALUS:20150626T223556Z:d1027dc9-f276-40b3-84e4-ec979bfd3e47"
        ],
        "Date": [
          "Fri, 26 Jun 2015 22:35:55 GMT"
        ]
      },
      "StatusCode": 200
    },
    {
      "RequestUri": "/subscriptions/61953354-5115-4340-bf80-f4ccd1cb213e/resourceGroups/csmrg9322/providers/Microsoft.Network/virtualnetworks/azsmnet1417?api-version=2015-05-01-preview",
      "EncodedRequestUri": "L3N1YnNjcmlwdGlvbnMvNjE5NTMzNTQtNTExNS00MzQwLWJmODAtZjRjY2QxY2IyMTNlL3Jlc291cmNlR3JvdXBzL2NzbXJnOTMyMi9wcm92aWRlcnMvTWljcm9zb2Z0Lk5ldHdvcmsvdmlydHVhbG5ldHdvcmtzL2F6c21uZXQxNDE3P2FwaS12ZXJzaW9uPTIwMTUtMDUtMDEtcHJldmlldw==",
      "RequestMethod": "PUT",
      "RequestBody": "{\r\n  \"location\": \"West Europe\",\r\n  \"properties\": {\r\n    \"addressSpace\": {\r\n      \"addressPrefixes\": [\r\n        \"10.0.0.0/16\"\r\n      ]\r\n    },\r\n    \"dhcpOptions\": {\r\n      \"dnsServers\": [\r\n        \"10.1.1.1\",\r\n        \"10.1.2.4\"\r\n      ]\r\n    },\r\n    \"subnets\": [\r\n      {\r\n        \"name\": \"GatewaySubnet\",\r\n        \"properties\": {\r\n          \"addressPrefix\": \"10.0.0.0/24\"\r\n        }\r\n      }\r\n    ]\r\n  }\r\n}",
      "RequestHeaders": {
        "Content-Type": [
          "application/json; charset=utf-8"
        ],
        "Content-Length": [
          "407"
        ],
        "User-Agent": [
          "Microsoft.Azure.Management.Network.NetworkManagementClient/2.0.0.0"
        ]
      },
      "ResponseBody": "{\r\n  \"name\": \"azsmnet1417\",\r\n  \"id\": \"/subscriptions/61953354-5115-4340-bf80-f4ccd1cb213e/resourceGroups/csmrg9322/providers/Microsoft.Network/virtualNetworks/azsmnet1417\",\r\n  \"etag\": \"W/\\\"1b88b2ca-a556-4c90-8d43-8cef67f18f82\\\"\",\r\n  \"properties\": {\r\n    \"provisioningState\": \"Updating\",\r\n    \"addressSpace\": {\r\n      \"addressPrefixes\": [\r\n        \"10.0.0.0/16\"\r\n      ]\r\n    },\r\n    \"dhcpOptions\": {\r\n      \"dnsServers\": [\r\n        \"10.1.1.1\",\r\n        \"10.1.2.4\"\r\n      ]\r\n    },\r\n    \"subnets\": [\r\n      {\r\n        \"name\": \"GatewaySubnet\",\r\n        \"id\": \"/subscriptions/61953354-5115-4340-bf80-f4ccd1cb213e/resourceGroups/csmrg9322/providers/Microsoft.Network/virtualNetworks/azsmnet1417/subnets/GatewaySubnet\",\r\n        \"etag\": \"W/\\\"1b88b2ca-a556-4c90-8d43-8cef67f18f82\\\"\",\r\n        \"properties\": {\r\n          \"provisioningState\": \"Updating\",\r\n          \"addressPrefix\": \"10.0.0.0/24\"\r\n        }\r\n      }\r\n    ]\r\n  },\r\n  \"location\": \"westeurope\"\r\n}",
      "ResponseHeaders": {
        "Content-Length": [
          "952"
        ],
        "Content-Type": [
          "application/json; charset=utf-8"
        ],
        "Expires": [
          "-1"
        ],
        "Pragma": [
          "no-cache"
        ],
        "Retry-After": [
          "10"
        ],
        "x-ms-request-id": [
          "d3ebe449-9469-4655-9b25-595b07259242"
        ],
        "Azure-AsyncOperation": [
          "https://api-dogfood.resources.windows-int.net/subscriptions/61953354-5115-4340-bf80-f4ccd1cb213e/providers/Microsoft.Network/locations/nrp7/operations/d3ebe449-9469-4655-9b25-595b07259242?api-version=2015-05-01-preview"
        ],
        "Strict-Transport-Security": [
          "max-age=31536000; includeSubDomains"
        ],
        "Cache-Control": [
          "no-cache"
        ],
        "Server": [
          "Microsoft-HTTPAPI/2.0",
          "Microsoft-HTTPAPI/2.0"
        ],
        "x-ms-ratelimit-remaining-subscription-writes": [
          "1197"
        ],
        "x-ms-correlation-request-id": [
          "aae8b36f-2d9d-4209-aae1-6d9593cc80c0"
        ],
        "x-ms-routing-request-id": [
          "CENTRALUS:20150626T223558Z:aae8b36f-2d9d-4209-aae1-6d9593cc80c0"
        ],
        "Date": [
          "Fri, 26 Jun 2015 22:35:58 GMT"
        ]
      },
      "StatusCode": 201
    },
    {
      "RequestUri": "/subscriptions/61953354-5115-4340-bf80-f4ccd1cb213e/resourceGroups/csmrg9322/providers/Microsoft.Network/virtualnetworks/azsmnet1417?api-version=2015-05-01-preview",
      "EncodedRequestUri": "L3N1YnNjcmlwdGlvbnMvNjE5NTMzNTQtNTExNS00MzQwLWJmODAtZjRjY2QxY2IyMTNlL3Jlc291cmNlR3JvdXBzL2NzbXJnOTMyMi9wcm92aWRlcnMvTWljcm9zb2Z0Lk5ldHdvcmsvdmlydHVhbG5ldHdvcmtzL2F6c21uZXQxNDE3P2FwaS12ZXJzaW9uPTIwMTUtMDUtMDEtcHJldmlldw==",
      "RequestMethod": "PUT",
      "RequestBody": "{\r\n  \"location\": \"West Europe\",\r\n  \"properties\": {\r\n    \"addressSpace\": {\r\n      \"addressPrefixes\": [\r\n        \"10.0.0.0/16\"\r\n      ]\r\n    },\r\n    \"dhcpOptions\": {\r\n      \"dnsServers\": [\r\n        \"10.1.1.1\",\r\n        \"10.1.2.4\"\r\n      ]\r\n    },\r\n    \"subnets\": [\r\n      {\r\n        \"name\": \"GatewaySubnet\",\r\n        \"properties\": {\r\n          \"addressPrefix\": \"10.0.0.0/24\"\r\n        }\r\n      }\r\n    ]\r\n  }\r\n}",
      "RequestHeaders": {
        "Content-Type": [
          "application/json; charset=utf-8"
        ],
        "Content-Length": [
          "407"
        ],
        "User-Agent": [
          "Microsoft.Azure.Management.Network.NetworkManagementClient/2.0.0.0"
        ]
      },
      "ResponseBody": "{\r\n  \"name\": \"azsmnet1417\",\r\n  \"id\": \"/subscriptions/61953354-5115-4340-bf80-f4ccd1cb213e/resourceGroups/csmrg9322/providers/Microsoft.Network/virtualNetworks/azsmnet1417\",\r\n  \"etag\": \"W/\\\"1b88b2ca-a556-4c90-8d43-8cef67f18f82\\\"\",\r\n  \"properties\": {\r\n    \"provisioningState\": \"Updating\",\r\n    \"addressSpace\": {\r\n      \"addressPrefixes\": [\r\n        \"10.0.0.0/16\"\r\n      ]\r\n    },\r\n    \"dhcpOptions\": {\r\n      \"dnsServers\": [\r\n        \"10.1.1.1\",\r\n        \"10.1.2.4\"\r\n      ]\r\n    },\r\n    \"subnets\": [\r\n      {\r\n        \"name\": \"GatewaySubnet\",\r\n        \"id\": \"/subscriptions/61953354-5115-4340-bf80-f4ccd1cb213e/resourceGroups/csmrg9322/providers/Microsoft.Network/virtualNetworks/azsmnet1417/subnets/GatewaySubnet\",\r\n        \"etag\": \"W/\\\"1b88b2ca-a556-4c90-8d43-8cef67f18f82\\\"\",\r\n        \"properties\": {\r\n          \"provisioningState\": \"Updating\",\r\n          \"addressPrefix\": \"10.0.0.0/24\"\r\n        }\r\n      }\r\n    ]\r\n  },\r\n  \"location\": \"westeurope\"\r\n}",
      "ResponseHeaders": {
        "Content-Length": [
          "952"
        ],
        "Content-Type": [
          "application/json; charset=utf-8"
        ],
        "Expires": [
          "-1"
        ],
        "Pragma": [
          "no-cache"
        ],
        "Retry-After": [
          "10"
        ],
        "x-ms-request-id": [
          "d3ebe449-9469-4655-9b25-595b07259242"
        ],
        "Azure-AsyncOperation": [
          "https://api-dogfood.resources.windows-int.net/subscriptions/61953354-5115-4340-bf80-f4ccd1cb213e/providers/Microsoft.Network/locations/nrp7/operations/d3ebe449-9469-4655-9b25-595b07259242?api-version=2015-05-01-preview"
        ],
        "Strict-Transport-Security": [
          "max-age=31536000; includeSubDomains"
        ],
        "Cache-Control": [
          "no-cache"
        ],
        "Server": [
          "Microsoft-HTTPAPI/2.0",
          "Microsoft-HTTPAPI/2.0"
        ],
        "x-ms-ratelimit-remaining-subscription-writes": [
          "1197"
        ],
        "x-ms-correlation-request-id": [
          "aae8b36f-2d9d-4209-aae1-6d9593cc80c0"
        ],
        "x-ms-routing-request-id": [
          "CENTRALUS:20150626T223558Z:aae8b36f-2d9d-4209-aae1-6d9593cc80c0"
        ],
        "Date": [
          "Fri, 26 Jun 2015 22:35:58 GMT"
        ]
      },
      "StatusCode": 201
    },
    {
      "RequestUri": "/subscriptions/61953354-5115-4340-bf80-f4ccd1cb213e/providers/Microsoft.Network/locations/nrp7/operations/d3ebe449-9469-4655-9b25-595b07259242?api-version=2015-05-01-preview",
      "EncodedRequestUri": "L3N1YnNjcmlwdGlvbnMvNjE5NTMzNTQtNTExNS00MzQwLWJmODAtZjRjY2QxY2IyMTNlL3Byb3ZpZGVycy9NaWNyb3NvZnQuTmV0d29yay9sb2NhdGlvbnMvbnJwNy9vcGVyYXRpb25zL2QzZWJlNDQ5LTk0NjktNDY1NS05YjI1LTU5NWIwNzI1OTI0Mj9hcGktdmVyc2lvbj0yMDE1LTA1LTAxLXByZXZpZXc=",
      "RequestMethod": "GET",
      "RequestBody": "",
      "RequestHeaders": {
        "User-Agent": [
          "Microsoft.Azure.Management.Network.NetworkManagementClient/2.0.0.0"
        ]
      },
      "ResponseBody": "{\r\n  \"status\": \"Succeeded\"\r\n}",
      "ResponseHeaders": {
        "Content-Length": [
          "29"
        ],
        "Content-Type": [
          "application/json; charset=utf-8"
        ],
        "Expires": [
          "-1"
        ],
        "Pragma": [
          "no-cache"
        ],
        "x-ms-request-id": [
          "b05e4853-14d9-4a72-acc9-3502bfb6d17f"
        ],
        "Strict-Transport-Security": [
          "max-age=31536000; includeSubDomains"
        ],
        "Cache-Control": [
          "no-cache"
        ],
        "Server": [
          "Microsoft-HTTPAPI/2.0",
          "Microsoft-HTTPAPI/2.0"
        ],
        "x-ms-ratelimit-remaining-subscription-reads": [
          "14995"
        ],
        "x-ms-correlation-request-id": [
          "d930df76-1f8f-4c76-95a6-4e1cd920633c"
        ],
        "x-ms-routing-request-id": [
          "CENTRALUS:20150626T223558Z:d930df76-1f8f-4c76-95a6-4e1cd920633c"
        ],
        "Date": [
          "Fri, 26 Jun 2015 22:35:58 GMT"
        ]
      },
      "StatusCode": 200
    },
    {
      "RequestUri": "/subscriptions/61953354-5115-4340-bf80-f4ccd1cb213e/providers/Microsoft.Network/locations/nrp7/operations/d3ebe449-9469-4655-9b25-595b07259242?api-version=2015-05-01-preview",
      "EncodedRequestUri": "L3N1YnNjcmlwdGlvbnMvNjE5NTMzNTQtNTExNS00MzQwLWJmODAtZjRjY2QxY2IyMTNlL3Byb3ZpZGVycy9NaWNyb3NvZnQuTmV0d29yay9sb2NhdGlvbnMvbnJwNy9vcGVyYXRpb25zL2QzZWJlNDQ5LTk0NjktNDY1NS05YjI1LTU5NWIwNzI1OTI0Mj9hcGktdmVyc2lvbj0yMDE1LTA1LTAxLXByZXZpZXc=",
      "RequestMethod": "GET",
      "RequestBody": "",
      "RequestHeaders": {
        "User-Agent": [
          "Microsoft.Azure.Management.Network.NetworkManagementClient/2.0.0.0"
        ]
      },
      "ResponseBody": "{\r\n  \"status\": \"Succeeded\"\r\n}",
      "ResponseHeaders": {
        "Content-Length": [
          "29"
        ],
        "Content-Type": [
          "application/json; charset=utf-8"
        ],
        "Expires": [
          "-1"
        ],
        "Pragma": [
          "no-cache"
        ],
        "x-ms-request-id": [
          "b05e4853-14d9-4a72-acc9-3502bfb6d17f"
        ],
        "Strict-Transport-Security": [
          "max-age=31536000; includeSubDomains"
        ],
        "Cache-Control": [
          "no-cache"
        ],
        "Server": [
          "Microsoft-HTTPAPI/2.0",
          "Microsoft-HTTPAPI/2.0"
        ],
        "x-ms-ratelimit-remaining-subscription-reads": [
          "14995"
        ],
        "x-ms-correlation-request-id": [
          "d930df76-1f8f-4c76-95a6-4e1cd920633c"
        ],
        "x-ms-routing-request-id": [
          "CENTRALUS:20150626T223558Z:d930df76-1f8f-4c76-95a6-4e1cd920633c"
        ],
        "Date": [
          "Fri, 26 Jun 2015 22:35:58 GMT"
        ]
      },
      "StatusCode": 200
    },
    {
      "RequestUri": "/subscriptions/61953354-5115-4340-bf80-f4ccd1cb213e/resourceGroups/csmrg9322/providers/Microsoft.Network/virtualnetworks/azsmnet1417?api-version=2015-05-01-preview",
      "EncodedRequestUri": "L3N1YnNjcmlwdGlvbnMvNjE5NTMzNTQtNTExNS00MzQwLWJmODAtZjRjY2QxY2IyMTNlL3Jlc291cmNlR3JvdXBzL2NzbXJnOTMyMi9wcm92aWRlcnMvTWljcm9zb2Z0Lk5ldHdvcmsvdmlydHVhbG5ldHdvcmtzL2F6c21uZXQxNDE3P2FwaS12ZXJzaW9uPTIwMTUtMDUtMDEtcHJldmlldw==",
      "RequestMethod": "GET",
      "RequestBody": "",
      "RequestHeaders": {
        "User-Agent": [
          "Microsoft.Azure.Management.Network.NetworkManagementClient/2.0.0.0"
        ]
      },
      "ResponseBody": "{\r\n  \"name\": \"azsmnet1417\",\r\n  \"id\": \"/subscriptions/61953354-5115-4340-bf80-f4ccd1cb213e/resourceGroups/csmrg9322/providers/Microsoft.Network/virtualNetworks/azsmnet1417\",\r\n  \"etag\": \"W/\\\"882f5e02-ca98-4776-b2f4-edae1396c4af\\\"\",\r\n  \"properties\": {\r\n    \"provisioningState\": \"Succeeded\",\r\n    \"addressSpace\": {\r\n      \"addressPrefixes\": [\r\n        \"10.0.0.0/16\"\r\n      ]\r\n    },\r\n    \"dhcpOptions\": {\r\n      \"dnsServers\": [\r\n        \"10.1.1.1\",\r\n        \"10.1.2.4\"\r\n      ]\r\n    },\r\n    \"subnets\": [\r\n      {\r\n        \"name\": \"GatewaySubnet\",\r\n        \"id\": \"/subscriptions/61953354-5115-4340-bf80-f4ccd1cb213e/resourceGroups/csmrg9322/providers/Microsoft.Network/virtualNetworks/azsmnet1417/subnets/GatewaySubnet\",\r\n        \"etag\": \"W/\\\"882f5e02-ca98-4776-b2f4-edae1396c4af\\\"\",\r\n        \"properties\": {\r\n          \"provisioningState\": \"Succeeded\",\r\n          \"addressPrefix\": \"10.0.0.0/24\"\r\n        }\r\n      }\r\n    ]\r\n  },\r\n  \"location\": \"westeurope\"\r\n}",
      "ResponseHeaders": {
        "Content-Length": [
          "954"
        ],
        "Content-Type": [
          "application/json; charset=utf-8"
        ],
        "Expires": [
          "-1"
        ],
        "Pragma": [
          "no-cache"
        ],
        "x-ms-request-id": [
          "a08228ca-0779-4901-a8b6-e07e773e6d65"
        ],
        "Strict-Transport-Security": [
          "max-age=31536000; includeSubDomains"
        ],
        "Cache-Control": [
          "no-cache"
        ],
        "ETag": [
          "W/\"882f5e02-ca98-4776-b2f4-edae1396c4af\""
        ],
        "Server": [
          "Microsoft-HTTPAPI/2.0",
          "Microsoft-HTTPAPI/2.0"
        ],
        "x-ms-ratelimit-remaining-subscription-reads": [
          "14994"
        ],
        "x-ms-correlation-request-id": [
          "8443b5e7-46f9-458a-b9a3-9de58c440e63"
        ],
        "x-ms-routing-request-id": [
          "CENTRALUS:20150626T223558Z:8443b5e7-46f9-458a-b9a3-9de58c440e63"
        ],
        "Date": [
          "Fri, 26 Jun 2015 22:35:58 GMT"
        ]
      },
      "StatusCode": 200
    },
    {
      "RequestUri": "/subscriptions/61953354-5115-4340-bf80-f4ccd1cb213e/resourceGroups/csmrg9322/providers/Microsoft.Network/virtualnetworks/azsmnet1417?api-version=2015-05-01-preview",
      "EncodedRequestUri": "L3N1YnNjcmlwdGlvbnMvNjE5NTMzNTQtNTExNS00MzQwLWJmODAtZjRjY2QxY2IyMTNlL3Jlc291cmNlR3JvdXBzL2NzbXJnOTMyMi9wcm92aWRlcnMvTWljcm9zb2Z0Lk5ldHdvcmsvdmlydHVhbG5ldHdvcmtzL2F6c21uZXQxNDE3P2FwaS12ZXJzaW9uPTIwMTUtMDUtMDEtcHJldmlldw==",
      "RequestMethod": "GET",
      "RequestBody": "",
      "RequestHeaders": {
        "User-Agent": [
          "Microsoft.Azure.Management.Network.NetworkManagementClient/2.0.0.0"
        ]
      },
      "ResponseBody": "{\r\n  \"name\": \"azsmnet1417\",\r\n  \"id\": \"/subscriptions/61953354-5115-4340-bf80-f4ccd1cb213e/resourceGroups/csmrg9322/providers/Microsoft.Network/virtualNetworks/azsmnet1417\",\r\n  \"etag\": \"W/\\\"882f5e02-ca98-4776-b2f4-edae1396c4af\\\"\",\r\n  \"properties\": {\r\n    \"provisioningState\": \"Succeeded\",\r\n    \"addressSpace\": {\r\n      \"addressPrefixes\": [\r\n        \"10.0.0.0/16\"\r\n      ]\r\n    },\r\n    \"dhcpOptions\": {\r\n      \"dnsServers\": [\r\n        \"10.1.1.1\",\r\n        \"10.1.2.4\"\r\n      ]\r\n    },\r\n    \"subnets\": [\r\n      {\r\n        \"name\": \"GatewaySubnet\",\r\n        \"id\": \"/subscriptions/61953354-5115-4340-bf80-f4ccd1cb213e/resourceGroups/csmrg9322/providers/Microsoft.Network/virtualNetworks/azsmnet1417/subnets/GatewaySubnet\",\r\n        \"etag\": \"W/\\\"882f5e02-ca98-4776-b2f4-edae1396c4af\\\"\",\r\n        \"properties\": {\r\n          \"provisioningState\": \"Succeeded\",\r\n          \"addressPrefix\": \"10.0.0.0/24\"\r\n        }\r\n      }\r\n    ]\r\n  },\r\n  \"location\": \"westeurope\"\r\n}",
      "ResponseHeaders": {
        "Content-Length": [
          "954"
        ],
        "Content-Type": [
          "application/json; charset=utf-8"
        ],
        "Expires": [
          "-1"
        ],
        "Pragma": [
          "no-cache"
        ],
        "x-ms-request-id": [
          "a08228ca-0779-4901-a8b6-e07e773e6d65"
        ],
        "Strict-Transport-Security": [
          "max-age=31536000; includeSubDomains"
        ],
        "Cache-Control": [
          "no-cache"
        ],
        "ETag": [
          "W/\"882f5e02-ca98-4776-b2f4-edae1396c4af\""
        ],
        "Server": [
          "Microsoft-HTTPAPI/2.0",
          "Microsoft-HTTPAPI/2.0"
        ],
        "x-ms-ratelimit-remaining-subscription-reads": [
          "14994"
        ],
        "x-ms-correlation-request-id": [
          "8443b5e7-46f9-458a-b9a3-9de58c440e63"
        ],
        "x-ms-routing-request-id": [
          "CENTRALUS:20150626T223558Z:8443b5e7-46f9-458a-b9a3-9de58c440e63"
        ],
        "Date": [
          "Fri, 26 Jun 2015 22:35:58 GMT"
        ]
      },
      "StatusCode": 200
    },
    {
      "RequestUri": "/subscriptions/61953354-5115-4340-bf80-f4ccd1cb213e/resourceGroups/csmrg9322/providers/Microsoft.Network/virtualnetworks/azsmnet1417?api-version=2015-05-01-preview",
      "EncodedRequestUri": "L3N1YnNjcmlwdGlvbnMvNjE5NTMzNTQtNTExNS00MzQwLWJmODAtZjRjY2QxY2IyMTNlL3Jlc291cmNlR3JvdXBzL2NzbXJnOTMyMi9wcm92aWRlcnMvTWljcm9zb2Z0Lk5ldHdvcmsvdmlydHVhbG5ldHdvcmtzL2F6c21uZXQxNDE3P2FwaS12ZXJzaW9uPTIwMTUtMDUtMDEtcHJldmlldw==",
      "RequestMethod": "GET",
      "RequestBody": "",
      "RequestHeaders": {
        "User-Agent": [
          "Microsoft.Azure.Management.Network.NetworkManagementClient/2.0.0.0"
        ]
      },
      "ResponseBody": "{\r\n  \"name\": \"azsmnet1417\",\r\n  \"id\": \"/subscriptions/61953354-5115-4340-bf80-f4ccd1cb213e/resourceGroups/csmrg9322/providers/Microsoft.Network/virtualNetworks/azsmnet1417\",\r\n  \"etag\": \"W/\\\"882f5e02-ca98-4776-b2f4-edae1396c4af\\\"\",\r\n  \"properties\": {\r\n    \"provisioningState\": \"Succeeded\",\r\n    \"addressSpace\": {\r\n      \"addressPrefixes\": [\r\n        \"10.0.0.0/16\"\r\n      ]\r\n    },\r\n    \"dhcpOptions\": {\r\n      \"dnsServers\": [\r\n        \"10.1.1.1\",\r\n        \"10.1.2.4\"\r\n      ]\r\n    },\r\n    \"subnets\": [\r\n      {\r\n        \"name\": \"GatewaySubnet\",\r\n        \"id\": \"/subscriptions/61953354-5115-4340-bf80-f4ccd1cb213e/resourceGroups/csmrg9322/providers/Microsoft.Network/virtualNetworks/azsmnet1417/subnets/GatewaySubnet\",\r\n        \"etag\": \"W/\\\"882f5e02-ca98-4776-b2f4-edae1396c4af\\\"\",\r\n        \"properties\": {\r\n          \"provisioningState\": \"Succeeded\",\r\n          \"addressPrefix\": \"10.0.0.0/24\"\r\n        }\r\n      }\r\n    ]\r\n  },\r\n  \"location\": \"westeurope\"\r\n}",
      "ResponseHeaders": {
        "Content-Length": [
          "954"
        ],
        "Content-Type": [
          "application/json; charset=utf-8"
        ],
        "Expires": [
          "-1"
        ],
        "Pragma": [
          "no-cache"
        ],
        "x-ms-request-id": [
          "c36e33ac-866d-45b1-a4c8-63e5c1acd5ef"
        ],
        "Strict-Transport-Security": [
          "max-age=31536000; includeSubDomains"
        ],
        "Cache-Control": [
          "no-cache"
        ],
        "ETag": [
          "W/\"882f5e02-ca98-4776-b2f4-edae1396c4af\""
        ],
        "Server": [
          "Microsoft-HTTPAPI/2.0",
          "Microsoft-HTTPAPI/2.0"
        ],
        "x-ms-ratelimit-remaining-subscription-reads": [
          "14993"
        ],
        "x-ms-correlation-request-id": [
          "ec894d1a-0428-4a54-b97a-398c66d1c960"
        ],
        "x-ms-routing-request-id": [
          "CENTRALUS:20150626T223559Z:ec894d1a-0428-4a54-b97a-398c66d1c960"
        ],
        "Date": [
          "Fri, 26 Jun 2015 22:35:58 GMT"
        ]
      },
      "StatusCode": 200
    },
    {
      "RequestUri": "/subscriptions/61953354-5115-4340-bf80-f4ccd1cb213e/resourceGroups/csmrg9322/providers/Microsoft.Network/virtualnetworks/azsmnet1417?api-version=2015-05-01-preview",
      "EncodedRequestUri": "L3N1YnNjcmlwdGlvbnMvNjE5NTMzNTQtNTExNS00MzQwLWJmODAtZjRjY2QxY2IyMTNlL3Jlc291cmNlR3JvdXBzL2NzbXJnOTMyMi9wcm92aWRlcnMvTWljcm9zb2Z0Lk5ldHdvcmsvdmlydHVhbG5ldHdvcmtzL2F6c21uZXQxNDE3P2FwaS12ZXJzaW9uPTIwMTUtMDUtMDEtcHJldmlldw==",
      "RequestMethod": "GET",
      "RequestBody": "",
      "RequestHeaders": {
        "User-Agent": [
          "Microsoft.Azure.Management.Network.NetworkManagementClient/2.0.0.0"
        ]
      },
      "ResponseBody": "{\r\n  \"name\": \"azsmnet1417\",\r\n  \"id\": \"/subscriptions/61953354-5115-4340-bf80-f4ccd1cb213e/resourceGroups/csmrg9322/providers/Microsoft.Network/virtualNetworks/azsmnet1417\",\r\n  \"etag\": \"W/\\\"882f5e02-ca98-4776-b2f4-edae1396c4af\\\"\",\r\n  \"properties\": {\r\n    \"provisioningState\": \"Succeeded\",\r\n    \"addressSpace\": {\r\n      \"addressPrefixes\": [\r\n        \"10.0.0.0/16\"\r\n      ]\r\n    },\r\n    \"dhcpOptions\": {\r\n      \"dnsServers\": [\r\n        \"10.1.1.1\",\r\n        \"10.1.2.4\"\r\n      ]\r\n    },\r\n    \"subnets\": [\r\n      {\r\n        \"name\": \"GatewaySubnet\",\r\n        \"id\": \"/subscriptions/61953354-5115-4340-bf80-f4ccd1cb213e/resourceGroups/csmrg9322/providers/Microsoft.Network/virtualNetworks/azsmnet1417/subnets/GatewaySubnet\",\r\n        \"etag\": \"W/\\\"882f5e02-ca98-4776-b2f4-edae1396c4af\\\"\",\r\n        \"properties\": {\r\n          \"provisioningState\": \"Succeeded\",\r\n          \"addressPrefix\": \"10.0.0.0/24\"\r\n        }\r\n      }\r\n    ]\r\n  },\r\n  \"location\": \"westeurope\"\r\n}",
      "ResponseHeaders": {
        "Content-Length": [
          "954"
        ],
        "Content-Type": [
          "application/json; charset=utf-8"
        ],
        "Expires": [
          "-1"
        ],
        "Pragma": [
          "no-cache"
        ],
        "x-ms-request-id": [
          "c36e33ac-866d-45b1-a4c8-63e5c1acd5ef"
        ],
        "Strict-Transport-Security": [
          "max-age=31536000; includeSubDomains"
        ],
        "Cache-Control": [
          "no-cache"
        ],
        "ETag": [
          "W/\"882f5e02-ca98-4776-b2f4-edae1396c4af\""
        ],
        "Server": [
          "Microsoft-HTTPAPI/2.0",
          "Microsoft-HTTPAPI/2.0"
        ],
        "x-ms-ratelimit-remaining-subscription-reads": [
          "14993"
        ],
        "x-ms-correlation-request-id": [
          "ec894d1a-0428-4a54-b97a-398c66d1c960"
        ],
        "x-ms-routing-request-id": [
          "CENTRALUS:20150626T223559Z:ec894d1a-0428-4a54-b97a-398c66d1c960"
        ],
        "Date": [
          "Fri, 26 Jun 2015 22:35:58 GMT"
        ]
      },
      "StatusCode": 200
    },
    {
      "RequestUri": "/subscriptions/61953354-5115-4340-bf80-f4ccd1cb213e/resourceGroups/csmrg9322/providers/Microsoft.Network/virtualnetworks/azsmnet1417/subnets/GatewaySubnet?api-version=2015-05-01-preview",
      "EncodedRequestUri": "L3N1YnNjcmlwdGlvbnMvNjE5NTMzNTQtNTExNS00MzQwLWJmODAtZjRjY2QxY2IyMTNlL3Jlc291cmNlR3JvdXBzL2NzbXJnOTMyMi9wcm92aWRlcnMvTWljcm9zb2Z0Lk5ldHdvcmsvdmlydHVhbG5ldHdvcmtzL2F6c21uZXQxNDE3L3N1Ym5ldHMvR2F0ZXdheVN1Ym5ldD9hcGktdmVyc2lvbj0yMDE1LTA1LTAxLXByZXZpZXc=",
      "RequestMethod": "GET",
      "RequestBody": "",
      "RequestHeaders": {
        "User-Agent": [
          "Microsoft.Azure.Management.Network.NetworkManagementClient/2.0.0.0"
        ]
      },
      "ResponseBody": "{\r\n  \"name\": \"GatewaySubnet\",\r\n  \"id\": \"/subscriptions/61953354-5115-4340-bf80-f4ccd1cb213e/resourceGroups/csmrg9322/providers/Microsoft.Network/virtualNetworks/azsmnet1417/subnets/GatewaySubnet\",\r\n  \"etag\": \"W/\\\"882f5e02-ca98-4776-b2f4-edae1396c4af\\\"\",\r\n  \"properties\": {\r\n    \"provisioningState\": \"Succeeded\",\r\n    \"addressPrefix\": \"10.0.0.0/24\"\r\n  }\r\n}",
      "ResponseHeaders": {
        "Content-Length": [
          "355"
        ],
        "Content-Type": [
          "application/json; charset=utf-8"
        ],
        "Expires": [
          "-1"
        ],
        "Pragma": [
          "no-cache"
        ],
        "x-ms-request-id": [
          "04acadec-143d-4cf9-b957-585d0ba658ff"
        ],
        "Strict-Transport-Security": [
          "max-age=31536000; includeSubDomains"
        ],
        "Cache-Control": [
          "no-cache"
        ],
        "ETag": [
          "W/\"882f5e02-ca98-4776-b2f4-edae1396c4af\""
        ],
        "Server": [
          "Microsoft-HTTPAPI/2.0",
          "Microsoft-HTTPAPI/2.0"
        ],
        "x-ms-ratelimit-remaining-subscription-reads": [
          "14992"
        ],
        "x-ms-correlation-request-id": [
          "bcdb833a-2344-45ad-94da-1350b0641f5f"
        ],
        "x-ms-routing-request-id": [
          "CENTRALUS:20150626T223559Z:bcdb833a-2344-45ad-94da-1350b0641f5f"
        ],
        "Date": [
          "Fri, 26 Jun 2015 22:35:58 GMT"
        ]
      },
      "StatusCode": 200
    },
    {
      "RequestUri": "/subscriptions/61953354-5115-4340-bf80-f4ccd1cb213e/resourceGroups/csmrg9322/providers/Microsoft.Network/virtualnetworks/azsmnet1417/subnets/GatewaySubnet?api-version=2015-05-01-preview",
      "EncodedRequestUri": "L3N1YnNjcmlwdGlvbnMvNjE5NTMzNTQtNTExNS00MzQwLWJmODAtZjRjY2QxY2IyMTNlL3Jlc291cmNlR3JvdXBzL2NzbXJnOTMyMi9wcm92aWRlcnMvTWljcm9zb2Z0Lk5ldHdvcmsvdmlydHVhbG5ldHdvcmtzL2F6c21uZXQxNDE3L3N1Ym5ldHMvR2F0ZXdheVN1Ym5ldD9hcGktdmVyc2lvbj0yMDE1LTA1LTAxLXByZXZpZXc=",
      "RequestMethod": "GET",
      "RequestBody": "",
      "RequestHeaders": {
        "User-Agent": [
          "Microsoft.Azure.Management.Network.NetworkManagementClient/2.0.0.0"
        ]
      },
      "ResponseBody": "{\r\n  \"name\": \"GatewaySubnet\",\r\n  \"id\": \"/subscriptions/61953354-5115-4340-bf80-f4ccd1cb213e/resourceGroups/csmrg9322/providers/Microsoft.Network/virtualNetworks/azsmnet1417/subnets/GatewaySubnet\",\r\n  \"etag\": \"W/\\\"882f5e02-ca98-4776-b2f4-edae1396c4af\\\"\",\r\n  \"properties\": {\r\n    \"provisioningState\": \"Succeeded\",\r\n    \"addressPrefix\": \"10.0.0.0/24\"\r\n  }\r\n}",
      "ResponseHeaders": {
        "Content-Length": [
          "355"
        ],
        "Content-Type": [
          "application/json; charset=utf-8"
        ],
        "Expires": [
          "-1"
        ],
        "Pragma": [
          "no-cache"
        ],
        "x-ms-request-id": [
          "04acadec-143d-4cf9-b957-585d0ba658ff"
        ],
        "Strict-Transport-Security": [
          "max-age=31536000; includeSubDomains"
        ],
        "Cache-Control": [
          "no-cache"
        ],
        "ETag": [
          "W/\"882f5e02-ca98-4776-b2f4-edae1396c4af\""
        ],
        "Server": [
          "Microsoft-HTTPAPI/2.0",
          "Microsoft-HTTPAPI/2.0"
        ],
        "x-ms-ratelimit-remaining-subscription-reads": [
          "14992"
        ],
        "x-ms-correlation-request-id": [
          "bcdb833a-2344-45ad-94da-1350b0641f5f"
        ],
        "x-ms-routing-request-id": [
          "CENTRALUS:20150626T223559Z:bcdb833a-2344-45ad-94da-1350b0641f5f"
        ],
        "Date": [
          "Fri, 26 Jun 2015 22:35:58 GMT"
        ]
      },
      "StatusCode": 200
    },
    {
      "RequestUri": "/subscriptions/61953354-5115-4340-bf80-f4ccd1cb213e/resourceGroups/csmrg9322/providers/Microsoft.Network/virtualnetworkgateways/azsmnet8482?api-version=2015-05-01-preview",
      "EncodedRequestUri": "L3N1YnNjcmlwdGlvbnMvNjE5NTMzNTQtNTExNS00MzQwLWJmODAtZjRjY2QxY2IyMTNlL3Jlc291cmNlR3JvdXBzL2NzbXJnOTMyMi9wcm92aWRlcnMvTWljcm9zb2Z0Lk5ldHdvcmsvdmlydHVhbG5ldHdvcmtnYXRld2F5cy9henNtbmV0ODQ4Mj9hcGktdmVyc2lvbj0yMDE1LTA1LTAxLXByZXZpZXc=",
      "RequestMethod": "PUT",
      "RequestBody": "{\r\n  \"location\": \"West Europe\",\r\n  \"tags\": {\r\n    \"key\": \"value\"\r\n  },\r\n  \"properties\": {\r\n    \"ipConfigurations\": [\r\n      {\r\n        \"name\": \"azsmnet160\",\r\n        \"properties\": {\r\n          \"privateIPAllocationMethod\": \"Dynamic\",\r\n          \"subnet\": {\r\n            \"id\": \"/subscriptions/61953354-5115-4340-bf80-f4ccd1cb213e/resourceGroups/csmrg9322/providers/Microsoft.Network/virtualNetworks/azsmnet1417/subnets/GatewaySubnet\"\r\n          },\r\n          \"publicIPAddress\": {\r\n            \"id\": \"/subscriptions/61953354-5115-4340-bf80-f4ccd1cb213e/resourceGroups/csmrg9322/providers/Microsoft.Network/publicIPAddresses/azsmnet6219\"\r\n          }\r\n        }\r\n      }\r\n    ],\r\n    \"gatewaySize\": \"Default\",\r\n    \"gatewayType\": \"DynamicRouting\",\r\n    \"enableBgp\": false\r\n  }\r\n}",
      "RequestHeaders": {
        "Content-Type": [
          "application/json; charset=utf-8"
        ],
        "Content-Length": [
          "775"
        ],
        "User-Agent": [
          "Microsoft.Azure.Management.Network.NetworkManagementClient/2.0.0.0"
        ]
      },
      "ResponseBody": "{\r\n  \"error\": {\r\n    \"code\": \"InvalidRequestFormat\",\r\n    \"message\": \"Cannot parse the request.\",\r\n    \"details\": [\r\n      {\r\n        \"code\": \"InvalidJson\",\r\n        \"message\": \"Error converting value \\\"DynamicRouting\\\" to type 'Microsoft.WindowsAzure.Networking.Nrp.Frontend.Contract.Csm.Public.VirtualNetworkGatewayType'. Path 'properties.gatewayType', line 22, position 36.\"\r\n      }\r\n    ],\r\n    \"innerError\": \"Microsoft.WindowsAzure.Networking.Nrp.Frontend.Common.ValidationException: Cannot parse the request.\"\r\n  }\r\n}",
      "ResponseHeaders": {
        "Content-Length": [
          "524"
        ],
        "Content-Type": [
          "application/json; charset=utf-8"
        ],
        "Expires": [
          "-1"
        ],
        "Pragma": [
          "no-cache"
        ],
        "x-ms-request-id": [
          "c3ad3c00-b725-4ce3-b7b4-7d5e6ab88c13"
        ],
        "Strict-Transport-Security": [
          "max-age=31536000; includeSubDomains"
        ],
        "Cache-Control": [
          "no-cache"
        ],
        "Server": [
          "Microsoft-HTTPAPI/2.0",
          "Microsoft-HTTPAPI/2.0"
        ],
        "x-ms-ratelimit-remaining-subscription-writes": [
          "1196"
        ],
        "x-ms-correlation-request-id": [
          "8b66dd7f-6942-42b6-b1e2-9f31bbe0df71"
        ],
        "x-ms-routing-request-id": [
          "CENTRALUS:20150626T223601Z:8b66dd7f-6942-42b6-b1e2-9f31bbe0df71"
        ],
        "Date": [
          "Fri, 26 Jun 2015 22:36:00 GMT"
        ]
      },
      "StatusCode": 400
    },
    {
      "RequestUri": "/subscriptions/61953354-5115-4340-bf80-f4ccd1cb213e/resourceGroups/csmrg9322/providers/Microsoft.Network/virtualnetworkgateways/azsmnet8482?api-version=2015-05-01-preview",
      "EncodedRequestUri": "L3N1YnNjcmlwdGlvbnMvNjE5NTMzNTQtNTExNS00MzQwLWJmODAtZjRjY2QxY2IyMTNlL3Jlc291cmNlR3JvdXBzL2NzbXJnOTMyMi9wcm92aWRlcnMvTWljcm9zb2Z0Lk5ldHdvcmsvdmlydHVhbG5ldHdvcmtnYXRld2F5cy9henNtbmV0ODQ4Mj9hcGktdmVyc2lvbj0yMDE1LTA1LTAxLXByZXZpZXc=",
      "RequestMethod": "PUT",
      "RequestBody": "{\r\n  \"location\": \"West Europe\",\r\n  \"tags\": {\r\n    \"key\": \"value\"\r\n  },\r\n  \"properties\": {\r\n    \"ipConfigurations\": [\r\n      {\r\n        \"name\": \"azsmnet160\",\r\n        \"properties\": {\r\n          \"privateIPAllocationMethod\": \"Dynamic\",\r\n          \"subnet\": {\r\n            \"id\": \"/subscriptions/61953354-5115-4340-bf80-f4ccd1cb213e/resourceGroups/csmrg9322/providers/Microsoft.Network/virtualNetworks/azsmnet1417/subnets/GatewaySubnet\"\r\n          },\r\n          \"publicIPAddress\": {\r\n            \"id\": \"/subscriptions/61953354-5115-4340-bf80-f4ccd1cb213e/resourceGroups/csmrg9322/providers/Microsoft.Network/publicIPAddresses/azsmnet6219\"\r\n          }\r\n        }\r\n      }\r\n    ],\r\n    \"gatewaySize\": \"Default\",\r\n    \"gatewayType\": \"DynamicRouting\",\r\n    \"enableBgp\": false\r\n  }\r\n}",
      "RequestHeaders": {
        "Content-Type": [
          "application/json; charset=utf-8"
        ],
        "Content-Length": [
          "775"
        ],
        "User-Agent": [
          "Microsoft.Azure.Management.Network.NetworkManagementClient/2.0.0.0"
        ]
      },
      "ResponseBody": "{\r\n  \"error\": {\r\n    \"code\": \"InvalidRequestFormat\",\r\n    \"message\": \"Cannot parse the request.\",\r\n    \"details\": [\r\n      {\r\n        \"code\": \"InvalidJson\",\r\n        \"message\": \"Error converting value \\\"DynamicRouting\\\" to type 'Microsoft.WindowsAzure.Networking.Nrp.Frontend.Contract.Csm.Public.VirtualNetworkGatewayType'. Path 'properties.gatewayType', line 22, position 36.\"\r\n      }\r\n    ],\r\n    \"innerError\": \"Microsoft.WindowsAzure.Networking.Nrp.Frontend.Common.ValidationException: Cannot parse the request.\"\r\n  }\r\n}",
      "ResponseHeaders": {
        "Content-Length": [
          "524"
        ],
        "Content-Type": [
          "application/json; charset=utf-8"
        ],
        "Expires": [
          "-1"
        ],
        "Pragma": [
          "no-cache"
        ],
        "x-ms-request-id": [
          "c3ad3c00-b725-4ce3-b7b4-7d5e6ab88c13"
        ],
        "Strict-Transport-Security": [
          "max-age=31536000; includeSubDomains"
        ],
        "Cache-Control": [
          "no-cache"
        ],
        "Server": [
          "Microsoft-HTTPAPI/2.0",
          "Microsoft-HTTPAPI/2.0"
        ],
        "x-ms-ratelimit-remaining-subscription-writes": [
          "1196"
        ],
        "x-ms-correlation-request-id": [
          "8b66dd7f-6942-42b6-b1e2-9f31bbe0df71"
        ],
        "x-ms-routing-request-id": [
          "CENTRALUS:20150626T223601Z:8b66dd7f-6942-42b6-b1e2-9f31bbe0df71"
        ],
        "Date": [
          "Fri, 26 Jun 2015 22:36:00 GMT"
        ]
      },
      "StatusCode": 400
    }
  ],
  "Names": {
    "VirtualNetworkGatewayOperationsApisTest": [
      "csmrg9322",
      "azsmnet6219",
      "azsmnet2670",
      "azsmnet1417",
      "azsmnet8482",
      "azsmnet160"
    ]
  },
  "Variables": {
    "SubscriptionId": "61953354-5115-4340-bf80-f4ccd1cb213e"
  }
}