{
  "Entries": [
    {
      "RequestUri": "/subscriptions/53d9063d-87ae-4ea8-be90-3686c3b8669f/providers/Microsoft.DataLakeStore/register?api-version=2014-04-01-preview",
      "EncodedRequestUri": "L3N1YnNjcmlwdGlvbnMvNTNkOTA2M2QtODdhZS00ZWE4LWJlOTAtMzY4NmMzYjg2NjlmL3Byb3ZpZGVycy9NaWNyb3NvZnQuRGF0YUxha2VTdG9yZS9yZWdpc3Rlcj9hcGktdmVyc2lvbj0yMDE0LTA0LTAxLXByZXZpZXc=",
      "RequestMethod": "POST",
      "RequestBody": "",
      "RequestHeaders": {
        "x-ms-client-request-id": [
          "a7bfa3ba-aee6-4b6b-a87a-401a3861741a"
        ],
        "accept-language": [
          "en-US"
        ],
        "User-Agent": [
          "Microsoft.Azure.Management.Resources.ResourceManagementClient/3.0.0.0"
        ]
      },
      "ResponseBody": "{\r\n  \"id\": \"/subscriptions/53d9063d-87ae-4ea8-be90-3686c3b8669f/providers/Microsoft.DataLakeStore\",\r\n  \"namespace\": \"Microsoft.DataLakeStore\",\r\n  \"resourceTypes\": [\r\n    {\r\n      \"resourceType\": \"accounts\",\r\n      \"locations\": [\r\n        \"East US 2\"\r\n      ],\r\n      \"apiVersions\": [\r\n        \"2015-10-01-preview\"\r\n      ]\r\n    },\r\n    {\r\n      \"resourceType\": \"accounts/firewallRules\",\r\n      \"locations\": [\r\n        \"East US 2\"\r\n      ],\r\n      \"apiVersions\": [\r\n        \"2015-10-01-preview\"\r\n      ]\r\n    },\r\n    {\r\n      \"resourceType\": \"locations\",\r\n      \"locations\": [],\r\n      \"apiVersions\": [\r\n        \"2015-10-01-preview\"\r\n      ]\r\n    },\r\n    {\r\n      \"resourceType\": \"locations/operationresults\",\r\n      \"locations\": [],\r\n      \"apiVersions\": [\r\n        \"2015-10-01-preview\"\r\n      ]\r\n    },\r\n    {\r\n      \"resourceType\": \"operations\",\r\n      \"locations\": [],\r\n      \"apiVersions\": [\r\n        \"2015-10-01-preview\"\r\n      ]\r\n    }\r\n  ],\r\n  \"registrationState\": \"Registered\"\r\n}",
      "ResponseHeaders": {
        "Content-Type": [
          "application/json; charset=utf-8"
        ],
        "Expires": [
          "-1"
        ],
        "Cache-Control": [
          "no-cache"
        ],
        "Date": [
          "Thu, 07 Jan 2016 18:21:25 GMT"
        ],
        "Pragma": [
          "no-cache"
        ],
        "Vary": [
          "Accept-Encoding"
        ],
        "x-ms-ratelimit-remaining-subscription-writes": [
          "1192"
        ],
        "x-ms-request-id": [
          "6a940a07-ef5f-4c4d-9267-f673782a24b5"
        ],
        "x-ms-correlation-request-id": [
          "6a940a07-ef5f-4c4d-9267-f673782a24b5"
        ],
        "x-ms-routing-request-id": [
          "CENTRALUS:20160107T182125Z:6a940a07-ef5f-4c4d-9267-f673782a24b5"
        ],
        "Strict-Transport-Security": [
          "max-age=31536000; includeSubDomains"
        ]
      },
      "StatusCode": 200
    },
    {
      "RequestUri": "/subscriptions/53d9063d-87ae-4ea8-be90-3686c3b8669f/providers/Microsoft.DataLakeStore?api-version=2014-04-01-preview",
      "EncodedRequestUri": "L3N1YnNjcmlwdGlvbnMvNTNkOTA2M2QtODdhZS00ZWE4LWJlOTAtMzY4NmMzYjg2NjlmL3Byb3ZpZGVycy9NaWNyb3NvZnQuRGF0YUxha2VTdG9yZT9hcGktdmVyc2lvbj0yMDE0LTA0LTAxLXByZXZpZXc=",
      "RequestMethod": "GET",
      "RequestBody": "",
      "RequestHeaders": {
        "x-ms-client-request-id": [
          "2246e02e-a4ad-4a31-8722-8d70997dc6a8"
        ],
        "accept-language": [
          "en-US"
        ],
        "User-Agent": [
          "Microsoft.Azure.Management.Resources.ResourceManagementClient/3.0.0.0"
        ]
      },
      "ResponseBody": "{\r\n  \"id\": \"/subscriptions/53d9063d-87ae-4ea8-be90-3686c3b8669f/providers/Microsoft.DataLakeStore\",\r\n  \"namespace\": \"Microsoft.DataLakeStore\",\r\n  \"resourceTypes\": [\r\n    {\r\n      \"resourceType\": \"accounts\",\r\n      \"locations\": [\r\n        \"East US 2\"\r\n      ],\r\n      \"apiVersions\": [\r\n        \"2015-10-01-preview\"\r\n      ]\r\n    },\r\n    {\r\n      \"resourceType\": \"accounts/firewallRules\",\r\n      \"locations\": [\r\n        \"East US 2\"\r\n      ],\r\n      \"apiVersions\": [\r\n        \"2015-10-01-preview\"\r\n      ]\r\n    },\r\n    {\r\n      \"resourceType\": \"locations\",\r\n      \"locations\": [],\r\n      \"apiVersions\": [\r\n        \"2015-10-01-preview\"\r\n      ]\r\n    },\r\n    {\r\n      \"resourceType\": \"locations/operationresults\",\r\n      \"locations\": [],\r\n      \"apiVersions\": [\r\n        \"2015-10-01-preview\"\r\n      ]\r\n    },\r\n    {\r\n      \"resourceType\": \"operations\",\r\n      \"locations\": [],\r\n      \"apiVersions\": [\r\n        \"2015-10-01-preview\"\r\n      ]\r\n    }\r\n  ],\r\n  \"registrationState\": \"Registered\"\r\n}",
      "ResponseHeaders": {
        "Content-Type": [
          "application/json; charset=utf-8"
        ],
        "Expires": [
          "-1"
        ],
        "Cache-Control": [
          "no-cache"
        ],
        "Date": [
          "Thu, 07 Jan 2016 18:21:25 GMT"
        ],
        "Pragma": [
          "no-cache"
        ],
        "Vary": [
          "Accept-Encoding"
        ],
        "x-ms-ratelimit-remaining-subscription-reads": [
          "14986"
        ],
        "x-ms-request-id": [
          "71bf1d3a-a53d-449b-b286-5951d112ed88"
        ],
        "x-ms-correlation-request-id": [
          "71bf1d3a-a53d-449b-b286-5951d112ed88"
        ],
        "x-ms-routing-request-id": [
          "CENTRALUS:20160107T182125Z:71bf1d3a-a53d-449b-b286-5951d112ed88"
        ],
        "Strict-Transport-Security": [
          "max-age=31536000; includeSubDomains"
        ]
      },
      "StatusCode": 200
    },
    {
      "RequestUri": "/subscriptions/53d9063d-87ae-4ea8-be90-3686c3b8669f/providers/Microsoft.Storage/register?api-version=2014-04-01-preview",
      "EncodedRequestUri": "L3N1YnNjcmlwdGlvbnMvNTNkOTA2M2QtODdhZS00ZWE4LWJlOTAtMzY4NmMzYjg2NjlmL3Byb3ZpZGVycy9NaWNyb3NvZnQuU3RvcmFnZS9yZWdpc3Rlcj9hcGktdmVyc2lvbj0yMDE0LTA0LTAxLXByZXZpZXc=",
      "RequestMethod": "POST",
      "RequestBody": "",
      "RequestHeaders": {
        "x-ms-client-request-id": [
          "dfe7ae4b-855c-4bfa-b3db-b693bfc22841"
        ],
        "accept-language": [
          "en-US"
        ],
        "User-Agent": [
          "Microsoft.Azure.Management.Resources.ResourceManagementClient/3.0.0.0"
        ]
      },
      "ResponseBody": "{\r\n  \"id\": \"/subscriptions/53d9063d-87ae-4ea8-be90-3686c3b8669f/providers/Microsoft.Storage\",\r\n  \"namespace\": \"Microsoft.Storage\",\r\n  \"resourceTypes\": [\r\n    {\r\n      \"resourceType\": \"storageAccounts\",\r\n      \"locations\": [\r\n        \"East US\",\r\n        \"East US 2\",\r\n        \"West US\",\r\n        \"West Europe\",\r\n        \"East Asia\",\r\n        \"Southeast Asia\",\r\n        \"Japan East\",\r\n        \"Japan West\",\r\n        \"North Central US\",\r\n        \"South Central US\",\r\n        \"Central US\",\r\n        \"North Europe\",\r\n        \"Brazil South\"\r\n      ],\r\n      \"apiVersions\": [\r\n        \"2015-06-15\",\r\n        \"2015-05-01-preview\"\r\n      ]\r\n    },\r\n    {\r\n      \"resourceType\": \"operations\",\r\n      \"locations\": [],\r\n      \"apiVersions\": [\r\n        \"2015-06-15\",\r\n        \"2015-05-01-preview\"\r\n      ]\r\n    },\r\n    {\r\n      \"resourceType\": \"usages\",\r\n      \"locations\": [],\r\n      \"apiVersions\": [\r\n        \"2015-06-15\",\r\n        \"2015-05-01-preview\"\r\n      ]\r\n    },\r\n    {\r\n      \"resourceType\": \"checkNameAvailability\",\r\n      \"locations\": [],\r\n      \"apiVersions\": [\r\n        \"2015-06-15\",\r\n        \"2015-05-01-preview\"\r\n      ]\r\n    },\r\n    {\r\n      \"resourceType\": \"storageAccounts/services\",\r\n      \"locations\": [\r\n        \"East US\",\r\n        \"West US\",\r\n        \"West Europe\",\r\n        \"North Europe\",\r\n        \"East Asia\",\r\n        \"Southeast Asia\",\r\n        \"Japan East\",\r\n        \"Japan West\",\r\n        \"North Central US\",\r\n        \"South Central US\",\r\n        \"East US 2\",\r\n        \"Central US\",\r\n        \"Brazil South\"\r\n      ],\r\n      \"apiVersions\": [\r\n        \"2014-04-01\"\r\n      ]\r\n    },\r\n    {\r\n      \"resourceType\": \"storageAccounts/services/metricDefinitions\",\r\n      \"locations\": [\r\n        \"East US\",\r\n        \"West US\",\r\n        \"West Europe\",\r\n        \"North Europe\",\r\n        \"East Asia\",\r\n        \"Southeast Asia\",\r\n        \"Japan East\",\r\n        \"Japan West\",\r\n        \"North Central US\",\r\n        \"South Central US\",\r\n        \"East US 2\",\r\n        \"Central US\",\r\n        \"Brazil South\"\r\n      ],\r\n      \"apiVersions\": [\r\n        \"2014-04-01\"\r\n      ]\r\n    }\r\n  ],\r\n  \"registrationState\": \"Registered\"\r\n}",
      "ResponseHeaders": {
        "Content-Type": [
          "application/json; charset=utf-8"
        ],
        "Expires": [
          "-1"
        ],
        "Cache-Control": [
          "no-cache"
        ],
        "Date": [
          "Thu, 07 Jan 2016 18:21:25 GMT"
        ],
        "Pragma": [
          "no-cache"
        ],
        "Vary": [
          "Accept-Encoding"
        ],
        "x-ms-ratelimit-remaining-subscription-writes": [
          "1191"
        ],
        "x-ms-request-id": [
          "12feefec-117a-42fd-b643-5c524798a3bc"
        ],
        "x-ms-correlation-request-id": [
          "12feefec-117a-42fd-b643-5c524798a3bc"
        ],
        "x-ms-routing-request-id": [
          "CENTRALUS:20160107T182125Z:12feefec-117a-42fd-b643-5c524798a3bc"
        ],
        "Strict-Transport-Security": [
          "max-age=31536000; includeSubDomains"
        ]
      },
      "StatusCode": 200
    },
    {
      "RequestUri": "/subscriptions/53d9063d-87ae-4ea8-be90-3686c3b8669f/providers/Microsoft.Storage?api-version=2014-04-01-preview",
      "EncodedRequestUri": "L3N1YnNjcmlwdGlvbnMvNTNkOTA2M2QtODdhZS00ZWE4LWJlOTAtMzY4NmMzYjg2NjlmL3Byb3ZpZGVycy9NaWNyb3NvZnQuU3RvcmFnZT9hcGktdmVyc2lvbj0yMDE0LTA0LTAxLXByZXZpZXc=",
      "RequestMethod": "GET",
      "RequestBody": "",
      "RequestHeaders": {
        "x-ms-client-request-id": [
          "cf29ac07-85fc-45da-ba3c-737c11d94d6d"
        ],
        "accept-language": [
          "en-US"
        ],
        "User-Agent": [
          "Microsoft.Azure.Management.Resources.ResourceManagementClient/3.0.0.0"
        ]
      },
      "ResponseBody": "{\r\n  \"id\": \"/subscriptions/53d9063d-87ae-4ea8-be90-3686c3b8669f/providers/Microsoft.Storage\",\r\n  \"namespace\": \"Microsoft.Storage\",\r\n  \"resourceTypes\": [\r\n    {\r\n      \"resourceType\": \"storageAccounts\",\r\n      \"locations\": [\r\n        \"East US\",\r\n        \"East US 2\",\r\n        \"West US\",\r\n        \"West Europe\",\r\n        \"East Asia\",\r\n        \"Southeast Asia\",\r\n        \"Japan East\",\r\n        \"Japan West\",\r\n        \"North Central US\",\r\n        \"South Central US\",\r\n        \"Central US\",\r\n        \"North Europe\",\r\n        \"Brazil South\"\r\n      ],\r\n      \"apiVersions\": [\r\n        \"2015-06-15\",\r\n        \"2015-05-01-preview\"\r\n      ]\r\n    },\r\n    {\r\n      \"resourceType\": \"operations\",\r\n      \"locations\": [],\r\n      \"apiVersions\": [\r\n        \"2015-06-15\",\r\n        \"2015-05-01-preview\"\r\n      ]\r\n    },\r\n    {\r\n      \"resourceType\": \"usages\",\r\n      \"locations\": [],\r\n      \"apiVersions\": [\r\n        \"2015-06-15\",\r\n        \"2015-05-01-preview\"\r\n      ]\r\n    },\r\n    {\r\n      \"resourceType\": \"checkNameAvailability\",\r\n      \"locations\": [],\r\n      \"apiVersions\": [\r\n        \"2015-06-15\",\r\n        \"2015-05-01-preview\"\r\n      ]\r\n    },\r\n    {\r\n      \"resourceType\": \"storageAccounts/services\",\r\n      \"locations\": [\r\n        \"East US\",\r\n        \"West US\",\r\n        \"West Europe\",\r\n        \"North Europe\",\r\n        \"East Asia\",\r\n        \"Southeast Asia\",\r\n        \"Japan East\",\r\n        \"Japan West\",\r\n        \"North Central US\",\r\n        \"South Central US\",\r\n        \"East US 2\",\r\n        \"Central US\",\r\n        \"Brazil South\"\r\n      ],\r\n      \"apiVersions\": [\r\n        \"2014-04-01\"\r\n      ]\r\n    },\r\n    {\r\n      \"resourceType\": \"storageAccounts/services/metricDefinitions\",\r\n      \"locations\": [\r\n        \"East US\",\r\n        \"West US\",\r\n        \"West Europe\",\r\n        \"North Europe\",\r\n        \"East Asia\",\r\n        \"Southeast Asia\",\r\n        \"Japan East\",\r\n        \"Japan West\",\r\n        \"North Central US\",\r\n        \"South Central US\",\r\n        \"East US 2\",\r\n        \"Central US\",\r\n        \"Brazil South\"\r\n      ],\r\n      \"apiVersions\": [\r\n        \"2014-04-01\"\r\n      ]\r\n    }\r\n  ],\r\n  \"registrationState\": \"Registered\"\r\n}",
      "ResponseHeaders": {
        "Content-Type": [
          "application/json; charset=utf-8"
        ],
        "Expires": [
          "-1"
        ],
        "Cache-Control": [
          "no-cache"
        ],
        "Date": [
          "Thu, 07 Jan 2016 18:21:26 GMT"
        ],
        "Pragma": [
          "no-cache"
        ],
        "Vary": [
          "Accept-Encoding"
        ],
        "x-ms-ratelimit-remaining-subscription-reads": [
          "14985"
        ],
        "x-ms-request-id": [
          "836a53ac-4cf6-4339-9b39-c5a282f885e6"
        ],
        "x-ms-correlation-request-id": [
          "836a53ac-4cf6-4339-9b39-c5a282f885e6"
        ],
        "x-ms-routing-request-id": [
          "CENTRALUS:20160107T182126Z:836a53ac-4cf6-4339-9b39-c5a282f885e6"
        ],
        "Strict-Transport-Security": [
          "max-age=31536000; includeSubDomains"
        ]
      },
      "StatusCode": 200
    },
    {
      "RequestUri": "/subscriptions/53d9063d-87ae-4ea8-be90-3686c3b8669f/resourcegroups/datalakerg17649?api-version=2014-04-01-preview",
      "EncodedRequestUri": "L3N1YnNjcmlwdGlvbnMvNTNkOTA2M2QtODdhZS00ZWE4LWJlOTAtMzY4NmMzYjg2NjlmL3Jlc291cmNlZ3JvdXBzL2RhdGFsYWtlcmcxNzY0OT9hcGktdmVyc2lvbj0yMDE0LTA0LTAxLXByZXZpZXc=",
      "RequestMethod": "GET",
      "RequestBody": "",
      "RequestHeaders": {
        "x-ms-client-request-id": [
          "066e46f3-d48f-4bf5-9ae9-fd8afb07560f"
        ],
        "accept-language": [
          "en-US"
        ],
        "User-Agent": [
          "Microsoft.Azure.Management.Resources.ResourceManagementClient/3.0.0.0"
        ]
      },
      "ResponseBody": "{\r\n  \"error\": {\r\n    \"code\": \"ResourceGroupNotFound\",\r\n    \"message\": \"Resource group 'datalakerg17649' could not be found.\"\r\n  }\r\n}",
      "ResponseHeaders": {
        "Content-Length": [
          "107"
        ],
        "Content-Type": [
          "application/json; charset=utf-8"
        ],
        "Expires": [
          "-1"
        ],
        "Cache-Control": [
          "no-cache"
        ],
        "Date": [
          "Thu, 07 Jan 2016 18:21:26 GMT"
        ],
        "Pragma": [
          "no-cache"
        ],
        "x-ms-failure-cause": [
          "gateway"
        ],
        "x-ms-ratelimit-remaining-subscription-reads": [
          "14984"
        ],
        "x-ms-request-id": [
          "47edfb89-b8b7-403e-99f4-becc8c34b9d6"
        ],
        "x-ms-correlation-request-id": [
          "47edfb89-b8b7-403e-99f4-becc8c34b9d6"
        ],
        "x-ms-routing-request-id": [
          "CENTRALUS:20160107T182126Z:47edfb89-b8b7-403e-99f4-becc8c34b9d6"
        ],
        "Strict-Transport-Security": [
          "max-age=31536000; includeSubDomains"
        ]
      },
      "StatusCode": 404
    },
    {
      "RequestUri": "/subscriptions/53d9063d-87ae-4ea8-be90-3686c3b8669f/resourcegroups/datalakerg17649?api-version=2014-04-01-preview",
      "EncodedRequestUri": "L3N1YnNjcmlwdGlvbnMvNTNkOTA2M2QtODdhZS00ZWE4LWJlOTAtMzY4NmMzYjg2NjlmL3Jlc291cmNlZ3JvdXBzL2RhdGFsYWtlcmcxNzY0OT9hcGktdmVyc2lvbj0yMDE0LTA0LTAxLXByZXZpZXc=",
      "RequestMethod": "GET",
      "RequestBody": "",
      "RequestHeaders": {
        "x-ms-client-request-id": [
          "8048ae03-8708-4604-8bd2-1ace1e884c5c"
        ],
        "accept-language": [
          "en-US"
        ],
        "User-Agent": [
          "Microsoft.Azure.Management.Resources.ResourceManagementClient/3.0.0.0"
        ]
      },
      "ResponseBody": "{\r\n  \"id\": \"/subscriptions/53d9063d-87ae-4ea8-be90-3686c3b8669f/resourceGroups/datalakerg17649\",\r\n  \"name\": \"datalakerg17649\",\r\n  \"location\": \"eastus2\",\r\n  \"properties\": {\r\n    \"provisioningState\": \"Succeeded\"\r\n  }\r\n}",
      "ResponseHeaders": {
        "Content-Type": [
          "application/json; charset=utf-8"
        ],
        "Expires": [
          "-1"
        ],
        "Cache-Control": [
          "no-cache"
        ],
        "Date": [
          "Thu, 07 Jan 2016 18:21:26 GMT"
        ],
        "Pragma": [
          "no-cache"
        ],
        "Vary": [
          "Accept-Encoding"
        ],
        "x-ms-ratelimit-remaining-subscription-reads": [
          "14983"
        ],
        "x-ms-request-id": [
          "3e82f583-c183-4ce3-ac87-5559f92ed3c2"
        ],
        "x-ms-correlation-request-id": [
          "3e82f583-c183-4ce3-ac87-5559f92ed3c2"
        ],
        "x-ms-routing-request-id": [
          "CENTRALUS:20160107T182126Z:3e82f583-c183-4ce3-ac87-5559f92ed3c2"
        ],
        "Strict-Transport-Security": [
          "max-age=31536000; includeSubDomains"
        ]
      },
      "StatusCode": 200
    },
    {
      "RequestUri": "/subscriptions/53d9063d-87ae-4ea8-be90-3686c3b8669f/resourcegroups/datalakerg17649?api-version=2014-04-01-preview",
      "EncodedRequestUri": "L3N1YnNjcmlwdGlvbnMvNTNkOTA2M2QtODdhZS00ZWE4LWJlOTAtMzY4NmMzYjg2NjlmL3Jlc291cmNlZ3JvdXBzL2RhdGFsYWtlcmcxNzY0OT9hcGktdmVyc2lvbj0yMDE0LTA0LTAxLXByZXZpZXc=",
      "RequestMethod": "PUT",
      "RequestBody": "{\r\n  \"location\": \"East US 2\"\r\n}",
      "RequestHeaders": {
        "Content-Type": [
          "application/json; charset=utf-8"
        ],
        "Content-Length": [
          "31"
        ],
        "x-ms-client-request-id": [
          "4203a625-5152-46c9-a974-fd721f1dc467"
        ],
        "accept-language": [
          "en-US"
        ],
        "User-Agent": [
          "Microsoft.Azure.Management.Resources.ResourceManagementClient/3.0.0.0"
        ]
      },
      "ResponseBody": "{\r\n  \"id\": \"/subscriptions/53d9063d-87ae-4ea8-be90-3686c3b8669f/resourceGroups/datalakerg17649\",\r\n  \"name\": \"datalakerg17649\",\r\n  \"location\": \"eastus2\",\r\n  \"properties\": {\r\n    \"provisioningState\": \"Succeeded\"\r\n  }\r\n}",
      "ResponseHeaders": {
        "Content-Length": [
          "184"
        ],
        "Content-Type": [
          "application/json; charset=utf-8"
        ],
        "Expires": [
          "-1"
        ],
        "Cache-Control": [
          "no-cache"
        ],
        "Date": [
          "Thu, 07 Jan 2016 18:21:26 GMT"
        ],
        "Pragma": [
          "no-cache"
        ],
        "x-ms-ratelimit-remaining-subscription-writes": [
          "1190"
        ],
        "x-ms-request-id": [
          "d1c9ff79-c604-469a-beb0-eca3c51f585f"
        ],
        "x-ms-correlation-request-id": [
          "d1c9ff79-c604-469a-beb0-eca3c51f585f"
        ],
        "x-ms-routing-request-id": [
          "CENTRALUS:20160107T182126Z:d1c9ff79-c604-469a-beb0-eca3c51f585f"
        ],
        "Strict-Transport-Security": [
          "max-age=31536000; includeSubDomains"
        ]
      },
      "StatusCode": 201
    },
    {
      "RequestUri": "/subscriptions/53d9063d-87ae-4ea8-be90-3686c3b8669f/resourceGroups/datalakerg17649/providers/Microsoft.DataLakeStore/accounts/testadlfs11626?api-version=2015-10-01-preview",
      "EncodedRequestUri": "L3N1YnNjcmlwdGlvbnMvNTNkOTA2M2QtODdhZS00ZWE4LWJlOTAtMzY4NmMzYjg2NjlmL3Jlc291cmNlR3JvdXBzL2RhdGFsYWtlcmcxNzY0OS9wcm92aWRlcnMvTWljcm9zb2Z0LkRhdGFMYWtlU3RvcmUvYWNjb3VudHMvdGVzdGFkbGZzMTE2MjY/YXBpLXZlcnNpb249MjAxNS0xMC0wMS1wcmV2aWV3",
      "RequestMethod": "GET",
      "RequestBody": "",
      "RequestHeaders": {
        "x-ms-client-request-id": [
          "33cb1308-307b-40a5-924f-cd439821dd02"
        ],
        "accept-language": [
          "en-US"
        ],
        "User-Agent": [
          "Microsoft.Azure.Management.DataLake.Store.DataLakeStoreManagementClient/0.9.3.0"
        ]
      },
      "ResponseBody": "{\r\n  \"error\": {\r\n    \"code\": \"ResourceNotFound\",\r\n    \"message\": \"The Resource 'Microsoft.DataLakeStore/accounts/testadlfs11626' under resource group 'datalakerg17649' was not found.\"\r\n  }\r\n}",
      "ResponseHeaders": {
        "Content-Length": [
          "166"
        ],
        "Content-Type": [
          "application/json; charset=utf-8"
        ],
        "Expires": [
          "-1"
        ],
        "Cache-Control": [
          "no-cache"
        ],
        "Date": [
          "Thu, 07 Jan 2016 18:21:26 GMT"
        ],
        "Pragma": [
          "no-cache"
        ],
        "x-ms-failure-cause": [
          "gateway"
        ],
        "x-ms-request-id": [
          "9ce7fca3-5ad2-4f52-a00a-8efdecf9e28b"
        ],
        "x-ms-correlation-request-id": [
          "9ce7fca3-5ad2-4f52-a00a-8efdecf9e28b"
        ],
        "x-ms-routing-request-id": [
          "CENTRALUS:20160107T182127Z:9ce7fca3-5ad2-4f52-a00a-8efdecf9e28b"
        ],
        "Strict-Transport-Security": [
          "max-age=31536000; includeSubDomains"
        ]
      },
      "StatusCode": 404
    },
    {
      "RequestUri": "/subscriptions/53d9063d-87ae-4ea8-be90-3686c3b8669f/resourceGroups/datalakerg17649/providers/Microsoft.DataLakeStore/accounts/testadlfs11626?api-version=2015-10-01-preview",
      "EncodedRequestUri": "L3N1YnNjcmlwdGlvbnMvNTNkOTA2M2QtODdhZS00ZWE4LWJlOTAtMzY4NmMzYjg2NjlmL3Jlc291cmNlR3JvdXBzL2RhdGFsYWtlcmcxNzY0OS9wcm92aWRlcnMvTWljcm9zb2Z0LkRhdGFMYWtlU3RvcmUvYWNjb3VudHMvdGVzdGFkbGZzMTE2MjY/YXBpLXZlcnNpb249MjAxNS0xMC0wMS1wcmV2aWV3",
      "RequestMethod": "GET",
      "RequestBody": "",
      "RequestHeaders": {
        "User-Agent": [
          "Microsoft.Azure.Management.DataLake.Store.DataLakeStoreManagementClient/0.9.3.0"
        ]
      },
      "ResponseBody": "{\r\n  \"properties\": {\r\n    \"firewallState\": \"Disabled\",\r\n    \"firewallRules\": [],\r\n    \"provisioningState\": \"Succeeded\",\r\n    \"state\": \"Active\",\r\n    \"endpoint\": \"testadlfs11626.azuredatalakestore.net\",\r\n    \"creationTime\": \"2016-01-07T18:21:28.9682557Z\",\r\n    \"lastModifiedTime\": \"2016-01-07T18:21:28.9682557Z\"\r\n  },\r\n  \"location\": \"East US 2\",\r\n  \"tags\": null,\r\n  \"id\": \"/subscriptions/53d9063d-87ae-4ea8-be90-3686c3b8669f/resourceGroups/datalakerg17649/providers/Microsoft.DataLakeStore/accounts/testadlfs11626\",\r\n  \"name\": \"testadlfs11626\",\r\n  \"type\": \"Microsoft.DataLakeStore/accounts\"\r\n}",
      "ResponseHeaders": {
        "Content-Type": [
          "application/json"
        ],
        "Expires": [
          "-1"
        ],
        "Cache-Control": [
          "no-cache"
        ],
        "Date": [
          "Thu, 07 Jan 2016 18:22:08 GMT"
        ],
        "Pragma": [
          "no-cache"
        ],
        "Transfer-Encoding": [
          "chunked"
        ],
        "Server": [
          "Microsoft-IIS/8.5"
        ],
        "Vary": [
          "Accept-Encoding"
        ],
        "x-ms-request-id": [
          "9982c432-9138-44ec-9757-fa4829804cc9"
        ],
        "X-AspNet-Version": [
          "4.0.30319"
        ],
        "X-Powered-By": [
          "ASP.NET"
        ],
        "x-ms-ratelimit-remaining-subscription-reads": [
          "14991"
        ],
        "x-ms-correlation-request-id": [
          "5181d7e1-3169-4b72-93a6-47b3e762e8d2"
        ],
        "x-ms-routing-request-id": [
          "CENTRALUS:20160107T182209Z:5181d7e1-3169-4b72-93a6-47b3e762e8d2"
        ],
        "Strict-Transport-Security": [
          "max-age=31536000; includeSubDomains"
        ]
      },
      "StatusCode": 200
    },
    {
      "RequestUri": "/subscriptions/53d9063d-87ae-4ea8-be90-3686c3b8669f/resourceGroups/datalakerg17649/providers/Microsoft.DataLakeStore/accounts/testadlfs11626?api-version=2015-10-01-preview",
      "EncodedRequestUri": "L3N1YnNjcmlwdGlvbnMvNTNkOTA2M2QtODdhZS00ZWE4LWJlOTAtMzY4NmMzYjg2NjlmL3Jlc291cmNlR3JvdXBzL2RhdGFsYWtlcmcxNzY0OS9wcm92aWRlcnMvTWljcm9zb2Z0LkRhdGFMYWtlU3RvcmUvYWNjb3VudHMvdGVzdGFkbGZzMTE2MjY/YXBpLXZlcnNpb249MjAxNS0xMC0wMS1wcmV2aWV3",
      "RequestMethod": "GET",
      "RequestBody": "",
      "RequestHeaders": {
        "x-ms-client-request-id": [
          "50b7d6c8-5c19-4517-8161-1cb6d2bad194"
        ],
        "accept-language": [
          "en-US"
        ],
        "User-Agent": [
          "Microsoft.Azure.Management.DataLake.Store.DataLakeStoreManagementClient/0.9.3.0"
        ]
      },
      "ResponseBody": "{\r\n  \"properties\": {\r\n    \"firewallState\": \"Disabled\",\r\n    \"firewallRules\": [],\r\n    \"provisioningState\": \"Succeeded\",\r\n    \"state\": \"Active\",\r\n    \"endpoint\": \"testadlfs11626.azuredatalakestore.net\",\r\n    \"creationTime\": \"2016-01-07T18:21:28.9682557Z\",\r\n    \"lastModifiedTime\": \"2016-01-07T18:21:28.9682557Z\"\r\n  },\r\n  \"location\": \"East US 2\",\r\n  \"tags\": null,\r\n  \"id\": \"/subscriptions/53d9063d-87ae-4ea8-be90-3686c3b8669f/resourceGroups/datalakerg17649/providers/Microsoft.DataLakeStore/accounts/testadlfs11626\",\r\n  \"name\": \"testadlfs11626\",\r\n  \"type\": \"Microsoft.DataLakeStore/accounts\"\r\n}",
      "ResponseHeaders": {
        "Content-Type": [
          "application/json"
        ],
        "Expires": [
          "-1"
        ],
        "Cache-Control": [
          "no-cache"
        ],
        "Date": [
          "Thu, 07 Jan 2016 18:22:08 GMT"
        ],
        "Pragma": [
          "no-cache"
        ],
        "Transfer-Encoding": [
          "chunked"
        ],
        "Server": [
          "Microsoft-IIS/8.5"
        ],
        "Vary": [
          "Accept-Encoding"
        ],
        "x-ms-request-id": [
          "1ff67fe4-013f-4134-b65e-8028131acdbb"
        ],
        "X-AspNet-Version": [
          "4.0.30319"
        ],
        "X-Powered-By": [
          "ASP.NET"
        ],
        "x-ms-ratelimit-remaining-subscription-reads": [
          "14990"
        ],
        "x-ms-correlation-request-id": [
          "c4df1e94-17d4-4025-b369-425ae66c1e11"
        ],
        "x-ms-routing-request-id": [
          "CENTRALUS:20160107T182209Z:c4df1e94-17d4-4025-b369-425ae66c1e11"
        ],
        "Strict-Transport-Security": [
          "max-age=31536000; includeSubDomains"
        ]
      },
      "StatusCode": 200
    },
    {
      "RequestUri": "/subscriptions/53d9063d-87ae-4ea8-be90-3686c3b8669f/resourceGroups/datalakerg17649/providers/Microsoft.DataLakeStore/accounts/testadlfs11626?api-version=2015-10-01-preview",
      "EncodedRequestUri": "L3N1YnNjcmlwdGlvbnMvNTNkOTA2M2QtODdhZS00ZWE4LWJlOTAtMzY4NmMzYjg2NjlmL3Jlc291cmNlR3JvdXBzL2RhdGFsYWtlcmcxNzY0OS9wcm92aWRlcnMvTWljcm9zb2Z0LkRhdGFMYWtlU3RvcmUvYWNjb3VudHMvdGVzdGFkbGZzMTE2MjY/YXBpLXZlcnNpb249MjAxNS0xMC0wMS1wcmV2aWV3",
      "RequestMethod": "PUT",
      "RequestBody": "{\r\n  \"location\": \"East US 2\",\r\n  \"name\": \"testadlfs11626\"\r\n}",
      "RequestHeaders": {
        "Content-Type": [
          "application/json; charset=utf-8"
        ],
        "Content-Length": [
          "60"
        ],
        "x-ms-client-request-id": [
          "67a32646-ecc4-451c-9af4-b8ba9bc46a20"
        ],
        "accept-language": [
          "en-US"
        ],
        "User-Agent": [
          "Microsoft.Azure.Management.DataLake.Store.DataLakeStoreManagementClient/0.9.3.0"
        ]
      },
      "ResponseBody": "{\r\n  \"properties\": {\r\n    \"provisioningState\": \"Creating\",\r\n    \"state\": null,\r\n    \"endpoint\": null,\r\n    \"creationTime\": null,\r\n    \"lastModifiedTime\": null\r\n  },\r\n  \"location\": \"East US 2\",\r\n  \"tags\": null,\r\n  \"id\": \"/subscriptions/53d9063d-87ae-4ea8-be90-3686c3b8669f/resourceGroups/datalakerg17649/providers/Microsoft.DataLakeStore/accounts/testadlfs11626\",\r\n  \"name\": \"testadlfs11626\",\r\n  \"type\": \"Microsoft.DataLakeStore/accounts\"\r\n}",
      "ResponseHeaders": {
        "Content-Length": [
          "369"
        ],
        "Content-Type": [
          "application/json"
        ],
        "Expires": [
          "-1"
        ],
        "Cache-Control": [
          "no-cache"
        ],
        "Date": [
          "Thu, 07 Jan 2016 18:21:27 GMT"
        ],
        "Pragma": [
          "no-cache"
        ],
        "Location": [
          "https://management.azure.com/subscriptions/53d9063d-87ae-4ea8-be90-3686c3b8669f/resourcegroups/datalakerg17649/providers/Microsoft.DataLakeStore/accounts/testadlfs11626/operationresults/0?api-version=2015-10-01-preview"
        ],
        "Retry-After": [
          "10"
        ],
        "Server": [
          "Microsoft-IIS/8.5"
        ],
        "Azure-AsyncOperation": [
          "https://management.azure.com/subscriptions/53d9063d-87ae-4ea8-be90-3686c3b8669f/providers/Microsoft.DataLakeStore/locations/EastUS2/operationResults/60fdf749-ec79-4313-929f-fa2cae7245be0?api-version=2015-10-01-preview&expanded=true"
        ],
        "x-ms-request-id": [
          "a107a5cb-a2c6-430c-a572-5f88670e17f4"
        ],
        "X-AspNet-Version": [
          "4.0.30319"
        ],
        "X-Powered-By": [
          "ASP.NET"
        ],
        "x-ms-ratelimit-remaining-subscription-writes": [
          "1197"
        ],
        "x-ms-correlation-request-id": [
          "077b080d-bb60-4264-ad52-7c449297db30"
        ],
        "x-ms-routing-request-id": [
          "CENTRALUS:20160107T182128Z:077b080d-bb60-4264-ad52-7c449297db30"
        ],
        "Strict-Transport-Security": [
          "max-age=31536000; includeSubDomains"
        ]
      },
      "StatusCode": 201
    },
    {
      "RequestUri": "/subscriptions/53d9063d-87ae-4ea8-be90-3686c3b8669f/providers/Microsoft.DataLakeStore/locations/EastUS2/operationResults/60fdf749-ec79-4313-929f-fa2cae7245be0?api-version=2015-10-01-preview&expanded=true",
      "EncodedRequestUri": "L3N1YnNjcmlwdGlvbnMvNTNkOTA2M2QtODdhZS00ZWE4LWJlOTAtMzY4NmMzYjg2NjlmL3Byb3ZpZGVycy9NaWNyb3NvZnQuRGF0YUxha2VTdG9yZS9sb2NhdGlvbnMvRWFzdFVTMi9vcGVyYXRpb25SZXN1bHRzLzYwZmRmNzQ5LWVjNzktNDMxMy05MjlmLWZhMmNhZTcyNDViZTA/YXBpLXZlcnNpb249MjAxNS0xMC0wMS1wcmV2aWV3JmV4cGFuZGVkPXRydWU=",
      "RequestMethod": "GET",
      "RequestBody": "",
      "RequestHeaders": {
        "User-Agent": [
          "Microsoft.Azure.Management.DataLake.Store.DataLakeStoreManagementClient/0.9.3.0"
        ]
      },
      "ResponseBody": "{\r\n  \"status\": \"InProgress\"\r\n}",
      "ResponseHeaders": {
        "Content-Type": [
          "application/json"
        ],
        "Expires": [
          "-1"
        ],
        "Cache-Control": [
          "no-cache"
        ],
        "Date": [
          "Thu, 07 Jan 2016 18:21:38 GMT"
        ],
        "Pragma": [
          "no-cache"
        ],
        "Transfer-Encoding": [
          "chunked"
        ],
        "Server": [
          "Microsoft-IIS/8.5"
        ],
        "Vary": [
          "Accept-Encoding"
        ],
        "x-ms-request-id": [
          "7f916c9d-d380-437c-a7b6-b049fcab7b69"
        ],
        "X-AspNet-Version": [
          "4.0.30319"
        ],
        "X-Powered-By": [
          "ASP.NET"
        ],
        "x-ms-ratelimit-remaining-subscription-reads": [
          "14993"
        ],
        "x-ms-correlation-request-id": [
          "2f797c14-000c-47bf-ad2b-cdce82031e37"
        ],
        "x-ms-routing-request-id": [
          "CENTRALUS:20160107T182138Z:2f797c14-000c-47bf-ad2b-cdce82031e37"
        ],
        "Strict-Transport-Security": [
          "max-age=31536000; includeSubDomains"
        ]
      },
      "StatusCode": 200
    },
    {
      "RequestUri": "/subscriptions/53d9063d-87ae-4ea8-be90-3686c3b8669f/providers/Microsoft.DataLakeStore/locations/EastUS2/operationResults/60fdf749-ec79-4313-929f-fa2cae7245be0?api-version=2015-10-01-preview&expanded=true",
      "EncodedRequestUri": "L3N1YnNjcmlwdGlvbnMvNTNkOTA2M2QtODdhZS00ZWE4LWJlOTAtMzY4NmMzYjg2NjlmL3Byb3ZpZGVycy9NaWNyb3NvZnQuRGF0YUxha2VTdG9yZS9sb2NhdGlvbnMvRWFzdFVTMi9vcGVyYXRpb25SZXN1bHRzLzYwZmRmNzQ5LWVjNzktNDMxMy05MjlmLWZhMmNhZTcyNDViZTA/YXBpLXZlcnNpb249MjAxNS0xMC0wMS1wcmV2aWV3JmV4cGFuZGVkPXRydWU=",
      "RequestMethod": "GET",
      "RequestBody": "",
      "RequestHeaders": {
        "User-Agent": [
          "Microsoft.Azure.Management.DataLake.Store.DataLakeStoreManagementClient/0.9.3.0"
        ]
      },
      "ResponseBody": "{\r\n  \"status\": \"Succeeded\"\r\n}",
      "ResponseHeaders": {
        "Content-Type": [
          "application/json"
        ],
        "Expires": [
          "-1"
        ],
        "Cache-Control": [
          "no-cache"
        ],
        "Date": [
          "Thu, 07 Jan 2016 18:22:08 GMT"
        ],
        "Pragma": [
          "no-cache"
        ],
        "Transfer-Encoding": [
          "chunked"
        ],
        "Server": [
          "Microsoft-IIS/8.5"
        ],
        "Vary": [
          "Accept-Encoding"
        ],
        "x-ms-request-id": [
          "f58eefe7-e4a2-47fa-af1d-93314397c37e"
        ],
        "X-AspNet-Version": [
          "4.0.30319"
        ],
        "X-Powered-By": [
          "ASP.NET"
        ],
        "x-ms-ratelimit-remaining-subscription-reads": [
          "14992"
        ],
        "x-ms-correlation-request-id": [
          "7c9f9e0a-ed4a-4f19-9b39-b1fb6b7e551a"
        ],
        "x-ms-routing-request-id": [
          "CENTRALUS:20160107T182209Z:7c9f9e0a-ed4a-4f19-9b39-b1fb6b7e551a"
        ],
        "Strict-Transport-Security": [
          "max-age=31536000; includeSubDomains"
        ]
      },
      "StatusCode": 200
    },
    {
      "RequestUri": "/subscriptions/53d9063d-87ae-4ea8-be90-3686c3b8669f/resourceGroups/datalakerg17649/providers/Microsoft.DataLakeStore/accounts/testdatalake12969?api-version=2015-10-01-preview",
      "EncodedRequestUri": "L3N1YnNjcmlwdGlvbnMvNTNkOTA2M2QtODdhZS00ZWE4LWJlOTAtMzY4NmMzYjg2NjlmL3Jlc291cmNlR3JvdXBzL2RhdGFsYWtlcmcxNzY0OS9wcm92aWRlcnMvTWljcm9zb2Z0LkRhdGFMYWtlU3RvcmUvYWNjb3VudHMvdGVzdGRhdGFsYWtlMTI5Njk/YXBpLXZlcnNpb249MjAxNS0xMC0wMS1wcmV2aWV3",
      "RequestMethod": "PUT",
      "RequestBody": "{\r\n  \"location\": \"East US 2\",\r\n  \"name\": \"testdatalake12969\",\r\n  \"tags\": {\r\n    \"testkey\": \"testvalue\"\r\n  }\r\n}",
      "RequestHeaders": {
        "Content-Type": [
          "application/json; charset=utf-8"
        ],
        "Content-Length": [
          "110"
        ],
        "x-ms-client-request-id": [
          "9787e67e-23eb-4408-aaae-59e0ea4b2028"
        ],
        "accept-language": [
          "en-US"
        ],
        "User-Agent": [
          "Microsoft.Azure.Management.DataLake.Store.DataLakeStoreManagementClient/0.9.3.0"
        ]
      },
      "ResponseBody": "{\r\n  \"properties\": {\r\n    \"provisioningState\": \"Creating\",\r\n    \"state\": null,\r\n    \"endpoint\": null,\r\n    \"creationTime\": null,\r\n    \"lastModifiedTime\": null\r\n  },\r\n  \"location\": \"East US 2\",\r\n  \"tags\": {\r\n    \"testkey\": \"testvalue\"\r\n  },\r\n  \"id\": \"/subscriptions/53d9063d-87ae-4ea8-be90-3686c3b8669f/resourceGroups/datalakerg17649/providers/Microsoft.DataLakeStore/accounts/testdatalake12969\",\r\n  \"name\": \"testdatalake12969\",\r\n  \"type\": \"Microsoft.DataLakeStore/accounts\"\r\n}",
      "ResponseHeaders": {
        "Content-Length": [
          "394"
        ],
        "Content-Type": [
          "application/json"
        ],
        "Expires": [
          "-1"
        ],
        "Cache-Control": [
          "no-cache"
        ],
        "Date": [
          "Thu, 07 Jan 2016 18:22:11 GMT"
        ],
        "Pragma": [
          "no-cache"
        ],
        "Location": [
          "https://management.azure.com/subscriptions/53d9063d-87ae-4ea8-be90-3686c3b8669f/resourcegroups/datalakerg17649/providers/Microsoft.DataLakeStore/accounts/testdatalake12969/operationresults/0?api-version=2015-10-01-preview"
        ],
        "Retry-After": [
          "10"
        ],
        "Server": [
          "Microsoft-IIS/8.5"
        ],
        "Azure-AsyncOperation": [
          "https://management.azure.com/subscriptions/53d9063d-87ae-4ea8-be90-3686c3b8669f/providers/Microsoft.DataLakeStore/locations/EastUS2/operationResults/51f54135-ec56-43a7-8848-4102cd31b4a50?api-version=2015-10-01-preview&expanded=true"
        ],
        "x-ms-request-id": [
          "f6a81e4e-a6af-4bbb-bc65-8337598e2f8d"
        ],
        "X-AspNet-Version": [
          "4.0.30319"
        ],
        "X-Powered-By": [
          "ASP.NET"
        ],
        "x-ms-ratelimit-remaining-subscription-writes": [
          "1195"
        ],
        "x-ms-correlation-request-id": [
          "f6a2491e-463b-40a8-95e9-f9ac2b8b7844"
        ],
        "x-ms-routing-request-id": [
          "CENTRALUS:20160107T182211Z:f6a2491e-463b-40a8-95e9-f9ac2b8b7844"
        ],
        "Strict-Transport-Security": [
          "max-age=31536000; includeSubDomains"
        ]
      },
      "StatusCode": 201
    },
    {
      "RequestUri": "/subscriptions/53d9063d-87ae-4ea8-be90-3686c3b8669f/providers/Microsoft.DataLakeStore/locations/EastUS2/operationResults/51f54135-ec56-43a7-8848-4102cd31b4a50?api-version=2015-10-01-preview&expanded=true",
      "EncodedRequestUri": "L3N1YnNjcmlwdGlvbnMvNTNkOTA2M2QtODdhZS00ZWE4LWJlOTAtMzY4NmMzYjg2NjlmL3Byb3ZpZGVycy9NaWNyb3NvZnQuRGF0YUxha2VTdG9yZS9sb2NhdGlvbnMvRWFzdFVTMi9vcGVyYXRpb25SZXN1bHRzLzUxZjU0MTM1LWVjNTYtNDNhNy04ODQ4LTQxMDJjZDMxYjRhNTA/YXBpLXZlcnNpb249MjAxNS0xMC0wMS1wcmV2aWV3JmV4cGFuZGVkPXRydWU=",
      "RequestMethod": "GET",
      "RequestBody": "",
      "RequestHeaders": {
        "User-Agent": [
          "Microsoft.Azure.Management.DataLake.Store.DataLakeStoreManagementClient/0.9.3.0"
        ]
      },
      "ResponseBody": "{\r\n  \"status\": \"InProgress\"\r\n}",
      "ResponseHeaders": {
        "Content-Type": [
          "application/json"
        ],
        "Expires": [
          "-1"
        ],
        "Cache-Control": [
          "no-cache"
        ],
        "Date": [
          "Thu, 07 Jan 2016 18:22:21 GMT"
        ],
        "Pragma": [
          "no-cache"
        ],
        "Transfer-Encoding": [
          "chunked"
        ],
        "Server": [
          "Microsoft-IIS/8.5"
        ],
        "Vary": [
          "Accept-Encoding"
        ],
        "x-ms-request-id": [
          "b83a5c3d-b531-4f19-81db-dff66e561a4a"
        ],
        "X-AspNet-Version": [
          "4.0.30319"
        ],
        "X-Powered-By": [
          "ASP.NET"
        ],
        "x-ms-ratelimit-remaining-subscription-reads": [
          "14995"
        ],
        "x-ms-correlation-request-id": [
          "44405f66-a760-4cb7-8db5-af2cc33ec93d"
        ],
        "x-ms-routing-request-id": [
          "CENTRALUS:20160107T182222Z:44405f66-a760-4cb7-8db5-af2cc33ec93d"
        ],
        "Strict-Transport-Security": [
          "max-age=31536000; includeSubDomains"
        ]
      },
      "StatusCode": 200
    },
    {
      "RequestUri": "/subscriptions/53d9063d-87ae-4ea8-be90-3686c3b8669f/providers/Microsoft.DataLakeStore/locations/EastUS2/operationResults/51f54135-ec56-43a7-8848-4102cd31b4a50?api-version=2015-10-01-preview&expanded=true",
      "EncodedRequestUri": "L3N1YnNjcmlwdGlvbnMvNTNkOTA2M2QtODdhZS00ZWE4LWJlOTAtMzY4NmMzYjg2NjlmL3Byb3ZpZGVycy9NaWNyb3NvZnQuRGF0YUxha2VTdG9yZS9sb2NhdGlvbnMvRWFzdFVTMi9vcGVyYXRpb25SZXN1bHRzLzUxZjU0MTM1LWVjNTYtNDNhNy04ODQ4LTQxMDJjZDMxYjRhNTA/YXBpLXZlcnNpb249MjAxNS0xMC0wMS1wcmV2aWV3JmV4cGFuZGVkPXRydWU=",
      "RequestMethod": "GET",
      "RequestBody": "",
      "RequestHeaders": {
        "User-Agent": [
          "Microsoft.Azure.Management.DataLake.Store.DataLakeStoreManagementClient/0.9.3.0"
        ]
      },
      "ResponseBody": "{\r\n  \"status\": \"Succeeded\"\r\n}",
      "ResponseHeaders": {
        "Content-Type": [
          "application/json"
        ],
        "Expires": [
          "-1"
        ],
        "Cache-Control": [
          "no-cache"
        ],
        "Date": [
          "Thu, 07 Jan 2016 18:22:52 GMT"
        ],
        "Pragma": [
          "no-cache"
        ],
        "Transfer-Encoding": [
          "chunked"
        ],
        "Server": [
          "Microsoft-IIS/8.5"
        ],
        "Vary": [
          "Accept-Encoding"
        ],
        "x-ms-request-id": [
          "fbd2b73a-9cad-490d-8876-434c293e4864"
        ],
        "X-AspNet-Version": [
          "4.0.30319"
        ],
        "X-Powered-By": [
          "ASP.NET"
        ],
        "x-ms-ratelimit-remaining-subscription-reads": [
          "14994"
        ],
        "x-ms-correlation-request-id": [
          "cd3d2041-3bb5-474b-a0ac-9cca41b002f3"
        ],
        "x-ms-routing-request-id": [
          "CENTRALUS:20160107T182252Z:cd3d2041-3bb5-474b-a0ac-9cca41b002f3"
        ],
        "Strict-Transport-Security": [
          "max-age=31536000; includeSubDomains"
        ]
      },
      "StatusCode": 200
    },
    {
      "RequestUri": "/subscriptions/53d9063d-87ae-4ea8-be90-3686c3b8669f/resourceGroups/datalakerg17649/providers/Microsoft.DataLakeStore/accounts/testdatalake12969?api-version=2015-10-01-preview",
      "EncodedRequestUri": "L3N1YnNjcmlwdGlvbnMvNTNkOTA2M2QtODdhZS00ZWE4LWJlOTAtMzY4NmMzYjg2NjlmL3Jlc291cmNlR3JvdXBzL2RhdGFsYWtlcmcxNzY0OS9wcm92aWRlcnMvTWljcm9zb2Z0LkRhdGFMYWtlU3RvcmUvYWNjb3VudHMvdGVzdGRhdGFsYWtlMTI5Njk/YXBpLXZlcnNpb249MjAxNS0xMC0wMS1wcmV2aWV3",
      "RequestMethod": "GET",
      "RequestBody": "",
      "RequestHeaders": {
        "User-Agent": [
          "Microsoft.Azure.Management.DataLake.Store.DataLakeStoreManagementClient/0.9.3.0"
        ]
      },
      "ResponseBody": "{\r\n  \"properties\": {\r\n    \"firewallState\": \"Disabled\",\r\n    \"firewallRules\": [],\r\n    \"provisioningState\": \"Succeeded\",\r\n    \"state\": \"Active\",\r\n    \"endpoint\": \"testdatalake12969.azuredatalakestore.net\",\r\n    \"creationTime\": \"2016-01-07T18:22:12.1100365Z\",\r\n    \"lastModifiedTime\": \"2016-01-07T18:22:12.1100365Z\"\r\n  },\r\n  \"location\": \"East US 2\",\r\n  \"tags\": {\r\n    \"testkey\": \"testvalue\"\r\n  },\r\n  \"id\": \"/subscriptions/53d9063d-87ae-4ea8-be90-3686c3b8669f/resourceGroups/datalakerg17649/providers/Microsoft.DataLakeStore/accounts/testdatalake12969\",\r\n  \"name\": \"testdatalake12969\",\r\n  \"type\": \"Microsoft.DataLakeStore/accounts\"\r\n}",
      "ResponseHeaders": {
        "Content-Type": [
          "application/json"
        ],
        "Expires": [
          "-1"
        ],
        "Cache-Control": [
          "no-cache"
        ],
        "Date": [
          "Thu, 07 Jan 2016 18:22:52 GMT"
        ],
        "Pragma": [
          "no-cache"
        ],
        "Transfer-Encoding": [
          "chunked"
        ],
        "Server": [
          "Microsoft-IIS/8.5"
        ],
        "Vary": [
          "Accept-Encoding"
        ],
        "x-ms-request-id": [
          "4b9ba59a-ba7a-4f33-a660-9919b9a83446"
        ],
        "X-AspNet-Version": [
          "4.0.30319"
        ],
        "X-Powered-By": [
          "ASP.NET"
        ],
        "x-ms-ratelimit-remaining-subscription-reads": [
          "14993"
        ],
        "x-ms-correlation-request-id": [
          "f45029dc-efa6-4b42-93b0-e77e84e55bed"
        ],
        "x-ms-routing-request-id": [
          "CENTRALUS:20160107T182252Z:f45029dc-efa6-4b42-93b0-e77e84e55bed"
        ],
        "Strict-Transport-Security": [
          "max-age=31536000; includeSubDomains"
        ]
      },
      "StatusCode": 200
    },
    {
      "RequestUri": "/subscriptions/53d9063d-87ae-4ea8-be90-3686c3b8669f/resourceGroups/datalakerg17649/providers/Microsoft.DataLakeStore/accounts/testdatalake12969?api-version=2015-10-01-preview",
      "EncodedRequestUri": "L3N1YnNjcmlwdGlvbnMvNTNkOTA2M2QtODdhZS00ZWE4LWJlOTAtMzY4NmMzYjg2NjlmL3Jlc291cmNlR3JvdXBzL2RhdGFsYWtlcmcxNzY0OS9wcm92aWRlcnMvTWljcm9zb2Z0LkRhdGFMYWtlU3RvcmUvYWNjb3VudHMvdGVzdGRhdGFsYWtlMTI5Njk/YXBpLXZlcnNpb249MjAxNS0xMC0wMS1wcmV2aWV3",
      "RequestMethod": "GET",
      "RequestBody": "",
      "RequestHeaders": {
        "x-ms-client-request-id": [
          "553ccb9c-aedb-436a-a6ef-afcadf5e434e"
        ],
        "accept-language": [
          "en-US"
        ],
        "User-Agent": [
          "Microsoft.Azure.Management.DataLake.Store.DataLakeStoreManagementClient/0.9.3.0"
        ]
      },
      "ResponseBody": "{\r\n  \"properties\": {\r\n    \"firewallState\": \"Disabled\",\r\n    \"firewallRules\": [],\r\n    \"provisioningState\": \"Succeeded\",\r\n    \"state\": \"Active\",\r\n    \"endpoint\": \"testdatalake12969.azuredatalakestore.net\",\r\n    \"creationTime\": \"2016-01-07T18:22:12.1100365Z\",\r\n    \"lastModifiedTime\": \"2016-01-07T18:22:12.1100365Z\"\r\n  },\r\n  \"location\": \"East US 2\",\r\n  \"tags\": {\r\n    \"testkey\": \"testvalue\"\r\n  },\r\n  \"id\": \"/subscriptions/53d9063d-87ae-4ea8-be90-3686c3b8669f/resourceGroups/datalakerg17649/providers/Microsoft.DataLakeStore/accounts/testdatalake12969\",\r\n  \"name\": \"testdatalake12969\",\r\n  \"type\": \"Microsoft.DataLakeStore/accounts\"\r\n}",
      "ResponseHeaders": {
        "Content-Type": [
          "application/json"
        ],
        "Expires": [
          "-1"
        ],
        "Cache-Control": [
          "no-cache"
        ],
        "Date": [
          "Thu, 07 Jan 2016 18:22:52 GMT"
        ],
        "Pragma": [
          "no-cache"
        ],
        "Transfer-Encoding": [
          "chunked"
        ],
        "Server": [
          "Microsoft-IIS/8.5"
        ],
        "Vary": [
          "Accept-Encoding"
        ],
        "x-ms-request-id": [
          "a70fe9ad-8f54-4fb6-8909-62b7a29239ac"
        ],
        "X-AspNet-Version": [
          "4.0.30319"
        ],
        "X-Powered-By": [
          "ASP.NET"
        ],
        "x-ms-ratelimit-remaining-subscription-reads": [
          "14992"
        ],
        "x-ms-correlation-request-id": [
          "618d511b-5fca-4b26-813c-d7adf673beeb"
        ],
        "x-ms-routing-request-id": [
          "CENTRALUS:20160107T182253Z:618d511b-5fca-4b26-813c-d7adf673beeb"
        ],
        "Strict-Transport-Security": [
          "max-age=31536000; includeSubDomains"
        ]
      },
      "StatusCode": 200
    },
    {
      "RequestUri": "/subscriptions/53d9063d-87ae-4ea8-be90-3686c3b8669f/resourceGroups/datalakerg17649/providers/Microsoft.DataLakeStore/accounts/testdatalake12969?api-version=2015-10-01-preview",
      "EncodedRequestUri": "L3N1YnNjcmlwdGlvbnMvNTNkOTA2M2QtODdhZS00ZWE4LWJlOTAtMzY4NmMzYjg2NjlmL3Jlc291cmNlR3JvdXBzL2RhdGFsYWtlcmcxNzY0OS9wcm92aWRlcnMvTWljcm9zb2Z0LkRhdGFMYWtlU3RvcmUvYWNjb3VudHMvdGVzdGRhdGFsYWtlMTI5Njk/YXBpLXZlcnNpb249MjAxNS0xMC0wMS1wcmV2aWV3",
      "RequestMethod": "GET",
      "RequestBody": "",
      "RequestHeaders": {
        "x-ms-client-request-id": [
          "1fea4472-5294-4a23-88c2-739bfe1767b2"
        ],
        "accept-language": [
          "en-US"
        ],
        "User-Agent": [
          "Microsoft.Azure.Management.DataLake.Store.DataLakeStoreManagementClient/0.9.3.0"
        ]
      },
      "ResponseBody": "{\r\n  \"properties\": {\r\n    \"firewallState\": \"Disabled\",\r\n    \"firewallRules\": [],\r\n    \"provisioningState\": \"Succeeded\",\r\n    \"state\": \"Active\",\r\n    \"endpoint\": \"testdatalake12969.azuredatalakestore.net\",\r\n    \"creationTime\": \"2016-01-07T18:22:12.1100365Z\",\r\n    \"lastModifiedTime\": \"2016-01-07T18:22:53.2955291Z\"\r\n  },\r\n  \"location\": \"East US 2\",\r\n  \"tags\": {\r\n    \"updatedKey\": \"updatedValue\"\r\n  },\r\n  \"id\": \"/subscriptions/53d9063d-87ae-4ea8-be90-3686c3b8669f/resourceGroups/datalakerg17649/providers/Microsoft.DataLakeStore/accounts/testdatalake12969\",\r\n  \"name\": \"testdatalake12969\",\r\n  \"type\": \"Microsoft.DataLakeStore/accounts\"\r\n}",
      "ResponseHeaders": {
        "Content-Type": [
          "application/json"
        ],
        "Expires": [
          "-1"
        ],
        "Cache-Control": [
          "no-cache"
        ],
        "Date": [
          "Thu, 07 Jan 2016 18:22:53 GMT"
        ],
        "Pragma": [
          "no-cache"
        ],
        "Transfer-Encoding": [
          "chunked"
        ],
        "Server": [
          "Microsoft-IIS/8.5"
        ],
        "Vary": [
          "Accept-Encoding"
        ],
        "x-ms-request-id": [
          "a0889187-5566-4f54-94be-6f2e1c4b10c5"
        ],
        "X-AspNet-Version": [
          "4.0.30319"
        ],
        "X-Powered-By": [
          "ASP.NET"
        ],
        "x-ms-ratelimit-remaining-subscription-reads": [
          "14991"
        ],
        "x-ms-correlation-request-id": [
          "afc66237-2af4-4609-b977-c72a38f5f1be"
        ],
        "x-ms-routing-request-id": [
          "CENTRALUS:20160107T182254Z:afc66237-2af4-4609-b977-c72a38f5f1be"
        ],
        "Strict-Transport-Security": [
          "max-age=31536000; includeSubDomains"
        ]
      },
      "StatusCode": 200
    },
    {
      "RequestUri": "/subscriptions/53d9063d-87ae-4ea8-be90-3686c3b8669f/resourceGroups/datalakerg17649/providers/Microsoft.DataLakeStore/accounts/testdatalake12969?api-version=2015-10-01-preview",
      "EncodedRequestUri": "L3N1YnNjcmlwdGlvbnMvNTNkOTA2M2QtODdhZS00ZWE4LWJlOTAtMzY4NmMzYjg2NjlmL3Jlc291cmNlR3JvdXBzL2RhdGFsYWtlcmcxNzY0OS9wcm92aWRlcnMvTWljcm9zb2Z0LkRhdGFMYWtlU3RvcmUvYWNjb3VudHMvdGVzdGRhdGFsYWtlMTI5Njk/YXBpLXZlcnNpb249MjAxNS0xMC0wMS1wcmV2aWV3",
      "RequestMethod": "PATCH",
      "RequestBody": "{\r\n  \"name\": \"testdatalake12969\",\r\n  \"tags\": {\r\n    \"updatedKey\": \"updatedValue\"\r\n  }\r\n}",
      "RequestHeaders": {
        "Content-Type": [
          "application/json; charset=utf-8"
        ],
        "Content-Length": [
          "88"
        ],
        "x-ms-client-request-id": [
          "94c5e65c-06fa-495e-b3bf-780f75d55c7d"
        ],
        "accept-language": [
          "en-US"
        ],
        "User-Agent": [
          "Microsoft.Azure.Management.DataLake.Store.DataLakeStoreManagementClient/0.9.3.0"
        ]
      },
      "ResponseBody": "{\r\n  \"properties\": {\r\n    \"firewallState\": \"Disabled\",\r\n    \"firewallRules\": [],\r\n    \"provisioningState\": \"Succeeded\",\r\n    \"state\": \"Active\",\r\n    \"endpoint\": \"testdatalake12969.azuredatalakestore.net\",\r\n    \"creationTime\": \"2016-01-07T18:22:12.1100365Z\",\r\n    \"lastModifiedTime\": \"2016-01-07T18:22:53.2955291Z\"\r\n  },\r\n  \"location\": \"East US 2\",\r\n  \"tags\": {\r\n    \"updatedKey\": \"updatedValue\"\r\n  },\r\n  \"id\": \"/subscriptions/53d9063d-87ae-4ea8-be90-3686c3b8669f/resourceGroups/datalakerg17649/providers/Microsoft.DataLakeStore/accounts/testdatalake12969\",\r\n  \"name\": \"testdatalake12969\",\r\n  \"type\": \"Microsoft.DataLakeStore/accounts\"\r\n}",
      "ResponseHeaders": {
        "Content-Type": [
          "application/json"
        ],
        "Expires": [
          "-1"
        ],
        "Cache-Control": [
          "no-cache"
        ],
        "Date": [
          "Thu, 07 Jan 2016 18:22:53 GMT"
        ],
        "Pragma": [
          "no-cache"
        ],
        "Transfer-Encoding": [
          "chunked"
        ],
        "Server": [
          "Microsoft-IIS/8.5"
        ],
        "Vary": [
          "Accept-Encoding"
        ],
        "x-ms-request-id": [
          "72215798-5373-44bf-b2e0-d8051da59ddc"
        ],
        "X-AspNet-Version": [
          "4.0.30319"
        ],
        "X-Powered-By": [
          "ASP.NET"
        ],
        "x-ms-ratelimit-remaining-subscription-writes": [
          "1194"
        ],
        "x-ms-correlation-request-id": [
          "a2b2a760-6cf1-4237-b4f0-663bdf0c2159"
        ],
        "x-ms-routing-request-id": [
          "CENTRALUS:20160107T182254Z:a2b2a760-6cf1-4237-b4f0-663bdf0c2159"
        ],
        "Strict-Transport-Security": [
          "max-age=31536000; includeSubDomains"
        ]
      },
      "StatusCode": 200
    },
    {
      "RequestUri": "/subscriptions/53d9063d-87ae-4ea8-be90-3686c3b8669f/resourceGroups/datalakerg17649/providers/Microsoft.DataLakeStore/accounts/testdatalake12969acct2?api-version=2015-10-01-preview",
      "EncodedRequestUri": "L3N1YnNjcmlwdGlvbnMvNTNkOTA2M2QtODdhZS00ZWE4LWJlOTAtMzY4NmMzYjg2NjlmL3Jlc291cmNlR3JvdXBzL2RhdGFsYWtlcmcxNzY0OS9wcm92aWRlcnMvTWljcm9zb2Z0LkRhdGFMYWtlU3RvcmUvYWNjb3VudHMvdGVzdGRhdGFsYWtlMTI5NjlhY2N0Mj9hcGktdmVyc2lvbj0yMDE1LTEwLTAxLXByZXZpZXc=",
      "RequestMethod": "PUT",
      "RequestBody": "{\r\n  \"location\": \"East US 2\",\r\n  \"name\": \"testdatalake12969acct2\",\r\n  \"type\": \"Microsoft.DataLakeStore/accounts\",\r\n  \"id\": \"/subscriptions/53d9063d-87ae-4ea8-be90-3686c3b8669f/resourceGroups/datalakerg17649/providers/Microsoft.DataLakeStore/accounts/testdatalake12969\",\r\n  \"tags\": {\r\n    \"updatedKey\": \"updatedValue\"\r\n  },\r\n  \"properties\": {\r\n    \"creationTime\": \"2016-01-07T18:22:12.1100365Z\",\r\n    \"lastModifiedTime\": \"2016-01-07T18:22:53.2955291Z\",\r\n    \"endpoint\": \"testdatalake12969.azuredatalakestore.net\"\r\n  }\r\n}",
      "RequestHeaders": {
        "Content-Type": [
          "application/json; charset=utf-8"
        ],
        "Content-Length": [
          "519"
        ],
        "x-ms-client-request-id": [
          "caf89b6e-a6ff-4d9b-ac08-0984b90b8c45"
        ],
        "accept-language": [
          "en-US"
        ],
        "User-Agent": [
          "Microsoft.Azure.Management.DataLake.Store.DataLakeStoreManagementClient/0.9.3.0"
        ]
      },
      "ResponseBody": "{\r\n  \"properties\": {\r\n    \"provisioningState\": \"Creating\",\r\n    \"state\": null,\r\n    \"endpoint\": null,\r\n    \"creationTime\": \"2016-01-07T18:22:12.1100365Z\",\r\n    \"lastModifiedTime\": \"2016-01-07T18:22:53.2955291Z\"\r\n  },\r\n  \"location\": \"East US 2\",\r\n  \"tags\": {\r\n    \"updatedKey\": \"updatedValue\"\r\n  },\r\n  \"id\": \"/subscriptions/53d9063d-87ae-4ea8-be90-3686c3b8669f/resourceGroups/datalakerg17649/providers/Microsoft.DataLakeStore/accounts/testdatalake12969acct2\",\r\n  \"name\": \"testdatalake12969acct2\",\r\n  \"type\": \"Microsoft.DataLakeStore/accounts\"\r\n}",
      "ResponseHeaders": {
        "Content-Length": [
          "462"
        ],
        "Content-Type": [
          "application/json"
        ],
        "Expires": [
          "-1"
        ],
        "Cache-Control": [
          "no-cache"
        ],
        "Date": [
          "Thu, 07 Jan 2016 18:22:55 GMT"
        ],
        "Pragma": [
          "no-cache"
        ],
        "Location": [
          "https://management.azure.com/subscriptions/53d9063d-87ae-4ea8-be90-3686c3b8669f/resourcegroups/datalakerg17649/providers/Microsoft.DataLakeStore/accounts/testdatalake12969acct2/operationresults/0?api-version=2015-10-01-preview"
        ],
        "Retry-After": [
          "10"
        ],
        "Server": [
          "Microsoft-IIS/8.5"
        ],
        "Azure-AsyncOperation": [
          "https://management.azure.com/subscriptions/53d9063d-87ae-4ea8-be90-3686c3b8669f/providers/Microsoft.DataLakeStore/locations/EastUS2/operationResults/f1b07d9e-bc8f-4e3c-aeed-c8193a024e0b0?api-version=2015-10-01-preview&expanded=true"
        ],
        "x-ms-request-id": [
          "df86df7e-3028-46bb-87ad-3c767ec3e855"
        ],
        "X-AspNet-Version": [
          "4.0.30319"
        ],
        "X-Powered-By": [
          "ASP.NET"
        ],
        "x-ms-ratelimit-remaining-subscription-writes": [
          "1193"
        ],
        "x-ms-correlation-request-id": [
          "a73cd2e7-4374-4a94-b53a-b32f4859fe1c"
        ],
        "x-ms-routing-request-id": [
          "CENTRALUS:20160107T182255Z:a73cd2e7-4374-4a94-b53a-b32f4859fe1c"
        ],
        "Strict-Transport-Security": [
          "max-age=31536000; includeSubDomains"
        ]
      },
      "StatusCode": 201
    },
    {
      "RequestUri": "/subscriptions/53d9063d-87ae-4ea8-be90-3686c3b8669f/providers/Microsoft.DataLakeStore/locations/EastUS2/operationResults/f1b07d9e-bc8f-4e3c-aeed-c8193a024e0b0?api-version=2015-10-01-preview&expanded=true",
      "EncodedRequestUri": "L3N1YnNjcmlwdGlvbnMvNTNkOTA2M2QtODdhZS00ZWE4LWJlOTAtMzY4NmMzYjg2NjlmL3Byb3ZpZGVycy9NaWNyb3NvZnQuRGF0YUxha2VTdG9yZS9sb2NhdGlvbnMvRWFzdFVTMi9vcGVyYXRpb25SZXN1bHRzL2YxYjA3ZDllLWJjOGYtNGUzYy1hZWVkLWM4MTkzYTAyNGUwYjA/YXBpLXZlcnNpb249MjAxNS0xMC0wMS1wcmV2aWV3JmV4cGFuZGVkPXRydWU=",
      "RequestMethod": "GET",
      "RequestBody": "",
      "RequestHeaders": {
        "User-Agent": [
          "Microsoft.Azure.Management.DataLake.Store.DataLakeStoreManagementClient/0.9.3.0"
        ]
      },
      "ResponseBody": "{\r\n  \"status\": \"InProgress\"\r\n}",
      "ResponseHeaders": {
        "Content-Type": [
          "application/json"
        ],
        "Expires": [
          "-1"
        ],
        "Cache-Control": [
          "no-cache"
        ],
        "Date": [
          "Thu, 07 Jan 2016 18:23:05 GMT"
        ],
        "Pragma": [
          "no-cache"
        ],
        "Transfer-Encoding": [
          "chunked"
        ],
        "Server": [
          "Microsoft-IIS/8.5"
        ],
        "Vary": [
          "Accept-Encoding"
        ],
        "x-ms-request-id": [
          "67bbde9d-15ec-4af3-a6e9-6da344dec4c5"
        ],
        "X-AspNet-Version": [
          "4.0.30319"
        ],
        "X-Powered-By": [
          "ASP.NET"
        ],
        "x-ms-ratelimit-remaining-subscription-reads": [
          "14990"
        ],
        "x-ms-correlation-request-id": [
          "b5b640c9-621f-4be3-b28c-bee54c7a2fb5"
        ],
        "x-ms-routing-request-id": [
          "CENTRALUS:20160107T182305Z:b5b640c9-621f-4be3-b28c-bee54c7a2fb5"
        ],
        "Strict-Transport-Security": [
          "max-age=31536000; includeSubDomains"
        ]
      },
      "StatusCode": 200
    },
    {
      "RequestUri": "/subscriptions/53d9063d-87ae-4ea8-be90-3686c3b8669f/providers/Microsoft.DataLakeStore/locations/EastUS2/operationResults/f1b07d9e-bc8f-4e3c-aeed-c8193a024e0b0?api-version=2015-10-01-preview&expanded=true",
      "EncodedRequestUri": "L3N1YnNjcmlwdGlvbnMvNTNkOTA2M2QtODdhZS00ZWE4LWJlOTAtMzY4NmMzYjg2NjlmL3Byb3ZpZGVycy9NaWNyb3NvZnQuRGF0YUxha2VTdG9yZS9sb2NhdGlvbnMvRWFzdFVTMi9vcGVyYXRpb25SZXN1bHRzL2YxYjA3ZDllLWJjOGYtNGUzYy1hZWVkLWM4MTkzYTAyNGUwYjA/YXBpLXZlcnNpb249MjAxNS0xMC0wMS1wcmV2aWV3JmV4cGFuZGVkPXRydWU=",
      "RequestMethod": "GET",
      "RequestBody": "",
      "RequestHeaders": {
        "User-Agent": [
          "Microsoft.Azure.Management.DataLake.Store.DataLakeStoreManagementClient/0.9.3.0"
        ]
      },
      "ResponseBody": "{\r\n  \"status\": \"Succeeded\"\r\n}",
      "ResponseHeaders": {
        "Content-Type": [
          "application/json"
        ],
        "Expires": [
          "-1"
        ],
        "Cache-Control": [
          "no-cache"
        ],
        "Date": [
          "Thu, 07 Jan 2016 18:23:35 GMT"
        ],
        "Pragma": [
          "no-cache"
        ],
        "Transfer-Encoding": [
          "chunked"
        ],
        "Server": [
          "Microsoft-IIS/8.5"
        ],
        "Vary": [
          "Accept-Encoding"
        ],
        "x-ms-request-id": [
          "761f1a66-dc6a-48a8-9f9e-997c7ce1c926"
        ],
        "X-AspNet-Version": [
          "4.0.30319"
        ],
        "X-Powered-By": [
          "ASP.NET"
        ],
        "x-ms-ratelimit-remaining-subscription-reads": [
          "14989"
        ],
        "x-ms-correlation-request-id": [
          "d25447a2-8af7-491f-a6a3-5bd6b67309d1"
        ],
        "x-ms-routing-request-id": [
          "CENTRALUS:20160107T182336Z:d25447a2-8af7-491f-a6a3-5bd6b67309d1"
        ],
        "Strict-Transport-Security": [
          "max-age=31536000; includeSubDomains"
        ]
      },
      "StatusCode": 200
    },
    {
      "RequestUri": "/subscriptions/53d9063d-87ae-4ea8-be90-3686c3b8669f/resourceGroups/datalakerg17649/providers/Microsoft.DataLakeStore/accounts/testdatalake12969acct2?api-version=2015-10-01-preview",
      "EncodedRequestUri": "L3N1YnNjcmlwdGlvbnMvNTNkOTA2M2QtODdhZS00ZWE4LWJlOTAtMzY4NmMzYjg2NjlmL3Jlc291cmNlR3JvdXBzL2RhdGFsYWtlcmcxNzY0OS9wcm92aWRlcnMvTWljcm9zb2Z0LkRhdGFMYWtlU3RvcmUvYWNjb3VudHMvdGVzdGRhdGFsYWtlMTI5NjlhY2N0Mj9hcGktdmVyc2lvbj0yMDE1LTEwLTAxLXByZXZpZXc=",
      "RequestMethod": "GET",
      "RequestBody": "",
      "RequestHeaders": {
        "User-Agent": [
          "Microsoft.Azure.Management.DataLake.Store.DataLakeStoreManagementClient/0.9.3.0"
        ]
      },
      "ResponseBody": "{\r\n  \"properties\": {\r\n    \"firewallState\": \"Disabled\",\r\n    \"firewallRules\": [],\r\n    \"provisioningState\": \"Succeeded\",\r\n    \"state\": \"Active\",\r\n    \"endpoint\": \"testdatalake12969acct2.azuredatalakestore.net\",\r\n    \"creationTime\": \"2016-01-07T18:22:55.9109765Z\",\r\n    \"lastModifiedTime\": \"2016-01-07T18:22:55.9109765Z\"\r\n  },\r\n  \"location\": \"East US 2\",\r\n  \"tags\": {\r\n    \"updatedKey\": \"updatedValue\"\r\n  },\r\n  \"id\": \"/subscriptions/53d9063d-87ae-4ea8-be90-3686c3b8669f/resourceGroups/datalakerg17649/providers/Microsoft.DataLakeStore/accounts/testdatalake12969acct2\",\r\n  \"name\": \"testdatalake12969acct2\",\r\n  \"type\": \"Microsoft.DataLakeStore/accounts\"\r\n}",
      "ResponseHeaders": {
        "Content-Type": [
          "application/json"
        ],
        "Expires": [
          "-1"
        ],
        "Cache-Control": [
          "no-cache"
        ],
        "Date": [
          "Thu, 07 Jan 2016 18:23:35 GMT"
        ],
        "Pragma": [
          "no-cache"
        ],
        "Transfer-Encoding": [
          "chunked"
        ],
        "Server": [
          "Microsoft-IIS/8.5"
        ],
        "Vary": [
          "Accept-Encoding"
        ],
        "x-ms-request-id": [
          "14090661-e061-4a7e-ba9f-58701e65232b"
        ],
        "X-AspNet-Version": [
          "4.0.30319"
        ],
        "X-Powered-By": [
          "ASP.NET"
        ],
        "x-ms-ratelimit-remaining-subscription-reads": [
          "14988"
        ],
        "x-ms-correlation-request-id": [
          "40d4a916-a21c-4c30-a286-a61f1a2706d7"
        ],
        "x-ms-routing-request-id": [
          "CENTRALUS:20160107T182336Z:40d4a916-a21c-4c30-a286-a61f1a2706d7"
        ],
        "Strict-Transport-Security": [
          "max-age=31536000; includeSubDomains"
        ]
      },
      "StatusCode": 200
    },
    {
      "RequestUri": "/subscriptions/53d9063d-87ae-4ea8-be90-3686c3b8669f/resourceGroups/datalakerg17649/providers/Microsoft.DataLakeStore/accounts?api-version=2015-10-01-preview",
      "EncodedRequestUri": "L3N1YnNjcmlwdGlvbnMvNTNkOTA2M2QtODdhZS00ZWE4LWJlOTAtMzY4NmMzYjg2NjlmL3Jlc291cmNlR3JvdXBzL2RhdGFsYWtlcmcxNzY0OS9wcm92aWRlcnMvTWljcm9zb2Z0LkRhdGFMYWtlU3RvcmUvYWNjb3VudHM/YXBpLXZlcnNpb249MjAxNS0xMC0wMS1wcmV2aWV3",
      "RequestMethod": "GET",
      "RequestBody": "",
      "RequestHeaders": {
        "x-ms-client-request-id": [
          "1753703b-f055-441f-b322-bb9b3189d7a3"
        ],
        "accept-language": [
          "en-US"
        ],
        "User-Agent": [
          "Microsoft.Azure.Management.DataLake.Store.DataLakeStoreManagementClient/0.9.3.0"
        ]
      },
      "ResponseBody": "{\r\n  \"value\": [\r\n    {\r\n      \"properties\": {\r\n        \"provisioningState\": \"Succeeded\",\r\n        \"state\": \"Active\",\r\n        \"endpoint\": \"testadlfs11626.azuredatalakestore.net\",\r\n        \"creationTime\": \"2016-01-07T18:21:28.9682557Z\",\r\n        \"lastModifiedTime\": \"2016-01-07T18:21:28.9682557Z\"\r\n      },\r\n      \"location\": \"East US 2\",\r\n      \"tags\": null,\r\n      \"id\": \"/subscriptions/53d9063d-87ae-4ea8-be90-3686c3b8669f/resourceGroups/datalakerg17649/providers/Microsoft.DataLakeStore/accounts/testadlfs11626\",\r\n      \"name\": \"testadlfs11626\",\r\n      \"type\": \"Microsoft.DataLakeStore/accounts\"\r\n    },\r\n    {\r\n      \"properties\": {\r\n        \"provisioningState\": \"Succeeded\",\r\n        \"state\": \"Active\",\r\n        \"endpoint\": \"testdatalake12969.azuredatalakestore.net\",\r\n        \"creationTime\": \"2016-01-07T18:22:12.1100365Z\",\r\n        \"lastModifiedTime\": \"2016-01-07T18:22:53.2955291Z\"\r\n      },\r\n      \"location\": \"East US 2\",\r\n      \"tags\": {\r\n        \"updatedKey\": \"updatedValue\"\r\n      },\r\n      \"id\": \"/subscriptions/53d9063d-87ae-4ea8-be90-3686c3b8669f/resourceGroups/datalakerg17649/providers/Microsoft.DataLakeStore/accounts/testdatalake12969\",\r\n      \"name\": \"testdatalake12969\",\r\n      \"type\": \"Microsoft.DataLakeStore/accounts\"\r\n    },\r\n    {\r\n      \"properties\": {\r\n        \"provisioningState\": \"Succeeded\",\r\n        \"state\": \"Active\",\r\n        \"endpoint\": \"testdatalake12969acct2.azuredatalakestore.net\",\r\n        \"creationTime\": \"2016-01-07T18:22:55.9109765Z\",\r\n        \"lastModifiedTime\": \"2016-01-07T18:22:55.9109765Z\"\r\n      },\r\n      \"location\": \"East US 2\",\r\n      \"tags\": {\r\n        \"updatedKey\": \"updatedValue\"\r\n      },\r\n      \"id\": \"/subscriptions/53d9063d-87ae-4ea8-be90-3686c3b8669f/resourceGroups/datalakerg17649/providers/Microsoft.DataLakeStore/accounts/testdatalake12969acct2\",\r\n      \"name\": \"testdatalake12969acct2\",\r\n      \"type\": \"Microsoft.DataLakeStore/accounts\"\r\n    }\r\n  ]\r\n}",
      "ResponseHeaders": {
        "Content-Type": [
          "application/json"
        ],
        "Expires": [
          "-1"
        ],
        "Cache-Control": [
          "no-cache"
        ],
        "Date": [
          "Thu, 07 Jan 2016 18:23:35 GMT"
        ],
        "Pragma": [
          "no-cache"
        ],
        "Transfer-Encoding": [
          "chunked"
        ],
        "Server": [
          "Microsoft-IIS/8.5"
        ],
        "Vary": [
          "Accept-Encoding"
        ],
        "x-ms-request-id": [
          "c908470e-9cbd-4fdc-9aea-e44333ca865f"
        ],
        "X-AspNet-Version": [
          "4.0.30319"
        ],
        "X-Powered-By": [
          "ASP.NET"
        ],
        "x-ms-ratelimit-remaining-subscription-reads": [
          "14987"
        ],
        "x-ms-correlation-request-id": [
          "1144f6be-6a6c-46e8-9f32-2e98c0684025"
        ],
        "x-ms-routing-request-id": [
          "CENTRALUS:20160107T182336Z:1144f6be-6a6c-46e8-9f32-2e98c0684025"
        ],
        "Strict-Transport-Security": [
          "max-age=31536000; includeSubDomains"
        ]
      },
      "StatusCode": 200
    },
    {
      "RequestUri": "/subscriptions/53d9063d-87ae-4ea8-be90-3686c3b8669f/resourceGroups/datalakerg17649/providers/Microsoft.DataLakeStore/accounts/testdatalake12969?api-version=2015-10-01-preview",
      "EncodedRequestUri": "L3N1YnNjcmlwdGlvbnMvNTNkOTA2M2QtODdhZS00ZWE4LWJlOTAtMzY4NmMzYjg2NjlmL3Jlc291cmNlR3JvdXBzL2RhdGFsYWtlcmcxNzY0OS9wcm92aWRlcnMvTWljcm9zb2Z0LkRhdGFMYWtlU3RvcmUvYWNjb3VudHMvdGVzdGRhdGFsYWtlMTI5Njk/YXBpLXZlcnNpb249MjAxNS0xMC0wMS1wcmV2aWV3",
      "RequestMethod": "DELETE",
      "RequestBody": "",
      "RequestHeaders": {
        "x-ms-client-request-id": [
          "d08220bd-a683-46ff-85dc-5d0908673174"
        ],
        "accept-language": [
          "en-US"
        ],
        "User-Agent": [
          "Microsoft.Azure.Management.DataLake.Store.DataLakeStoreManagementClient/0.9.3.0"
        ]
      },
      "ResponseBody": "",
      "ResponseHeaders": {
        "Content-Length": [
          "0"
        ],
        "Expires": [
          "-1"
        ],
        "Cache-Control": [
          "no-cache"
        ],
        "Date": [
          "Thu, 07 Jan 2016 18:23:38 GMT"
        ],
        "Pragma": [
          "no-cache"
        ],
        "Server": [
          "Microsoft-IIS/8.5"
        ],
        "x-ms-request-id": [
          "d92050c9-7873-467e-9fce-e51a6382935d"
        ],
        "X-AspNet-Version": [
          "4.0.30319"
        ],
        "X-Powered-By": [
          "ASP.NET"
        ],
        "x-ms-ratelimit-remaining-subscription-writes": [
          "1192"
        ],
        "x-ms-correlation-request-id": [
          "b7edf614-ab57-4e2b-9bdf-2e19c332ed29"
        ],
        "x-ms-routing-request-id": [
          "CENTRALUS:20160107T182339Z:b7edf614-ab57-4e2b-9bdf-2e19c332ed29"
        ],
        "Strict-Transport-Security": [
          "max-age=31536000; includeSubDomains"
        ]
      },
      "StatusCode": 200
    },
    {
      "RequestUri": "/subscriptions/53d9063d-87ae-4ea8-be90-3686c3b8669f/resourceGroups/datalakerg17649/providers/Microsoft.DataLakeStore/accounts/testdatalake12969?api-version=2015-10-01-preview",
      "EncodedRequestUri": "L3N1YnNjcmlwdGlvbnMvNTNkOTA2M2QtODdhZS00ZWE4LWJlOTAtMzY4NmMzYjg2NjlmL3Jlc291cmNlR3JvdXBzL2RhdGFsYWtlcmcxNzY0OS9wcm92aWRlcnMvTWljcm9zb2Z0LkRhdGFMYWtlU3RvcmUvYWNjb3VudHMvdGVzdGRhdGFsYWtlMTI5Njk/YXBpLXZlcnNpb249MjAxNS0xMC0wMS1wcmV2aWV3",
      "RequestMethod": "DELETE",
      "RequestBody": "",
      "RequestHeaders": {
        "x-ms-client-request-id": [
          "8169b3c1-e4fa-4ffa-9938-7abd5c98788e"
        ],
        "accept-language": [
          "en-US"
        ],
        "User-Agent": [
          "Microsoft.Azure.Management.DataLake.Store.DataLakeStoreManagementClient/0.9.3.0"
        ]
      },
      "ResponseBody": "",
      "ResponseHeaders": {
        "Expires": [
          "-1"
        ],
        "Cache-Control": [
          "no-cache"
        ],
        "Date": [
          "Thu, 07 Jan 2016 18:23:38 GMT"
        ],
        "Pragma": [
          "no-cache"
        ],
        "x-ms-ratelimit-remaining-subscription-writes": [
          "1191"
        ],
        "x-ms-request-id": [
          "50163d51-22dd-4434-8212-9ce9fdb780d3"
        ],
        "x-ms-correlation-request-id": [
          "50163d51-22dd-4434-8212-9ce9fdb780d3"
        ],
        "x-ms-routing-request-id": [
          "CENTRALUS:20160107T182339Z:50163d51-22dd-4434-8212-9ce9fdb780d3"
        ],
        "Strict-Transport-Security": [
          "max-age=31536000; includeSubDomains"
        ]
      },
      "StatusCode": 204
    },
    {
      "RequestUri": "/subscriptions/53d9063d-87ae-4ea8-be90-3686c3b8669f/resourceGroups/datalakerg17649/providers/Microsoft.DataLakeStore/accounts/testdatalake12969?api-version=2015-10-01-preview",
      "EncodedRequestUri": "L3N1YnNjcmlwdGlvbnMvNTNkOTA2M2QtODdhZS00ZWE4LWJlOTAtMzY4NmMzYjg2NjlmL3Jlc291cmNlR3JvdXBzL2RhdGFsYWtlcmcxNzY0OS9wcm92aWRlcnMvTWljcm9zb2Z0LkRhdGFMYWtlU3RvcmUvYWNjb3VudHMvdGVzdGRhdGFsYWtlMTI5Njk/YXBpLXZlcnNpb249MjAxNS0xMC0wMS1wcmV2aWV3",
      "RequestMethod": "DELETE",
      "RequestBody": "",
      "RequestHeaders": {
        "x-ms-client-request-id": [
          "d25808fb-2c95-496d-897e-c5a806486124"
        ],
        "accept-language": [
          "en-US"
        ],
        "User-Agent": [
          "Microsoft.Azure.Management.DataLake.Store.DataLakeStoreManagementClient/0.9.3.0"
        ]
      },
      "ResponseBody": "",
      "ResponseHeaders": {
        "Expires": [
          "-1"
        ],
        "Cache-Control": [
          "no-cache"
        ],
        "Date": [
          "Thu, 07 Jan 2016 18:23:39 GMT"
        ],
        "Pragma": [
          "no-cache"
        ],
        "x-ms-ratelimit-remaining-subscription-writes": [
          "1190"
        ],
        "x-ms-request-id": [
          "23a9eeb3-2653-491f-9070-f2413b87e985"
        ],
        "x-ms-correlation-request-id": [
          "23a9eeb3-2653-491f-9070-f2413b87e985"
        ],
        "x-ms-routing-request-id": [
          "CENTRALUS:20160107T182339Z:23a9eeb3-2653-491f-9070-f2413b87e985"
        ],
        "Strict-Transport-Security": [
          "max-age=31536000; includeSubDomains"
        ]
      },
      "StatusCode": 204
    }
  ],
  "Names": {
    ".ctor": [
      "datalakerg17649",
      "testdatalake12969",
      "testadlfs11626"
    ]
  },
  "Variables": {
    "SubscriptionId": "53d9063d-87ae-4ea8-be90-3686c3b8669f"
  }
}