{
  "Entries": [
    {
      "RequestUri": "/subscriptions/6c55a6f0-6593-472f-9b3e-a51a9a757b40/resourceGroups/CS-SouthCentralUS-scheduler/providers/Microsoft.Scheduler/jobCollections/jc1?api-version=2014-08-01-preview",
      "EncodedRequestUri": "L3N1YnNjcmlwdGlvbnMvNmM1NWE2ZjAtNjU5My00NzJmLTliM2UtYTUxYTlhNzU3YjQwL3Jlc291cmNlR3JvdXBzL0NTLVNvdXRoQ2VudHJhbFVTLXNjaGVkdWxlci9wcm92aWRlcnMvTWljcm9zb2Z0LlNjaGVkdWxlci9qb2JDb2xsZWN0aW9ucy9qYzE/YXBpLXZlcnNpb249MjAxNC0wOC0wMS1wcmV2aWV3",
      "RequestMethod": "PUT",
      "RequestBody": "{\r\n  \"name\": \"jc1\",\r\n  \"location\": \"South Central US\",\r\n  \"properties\": {\r\n    \"sku\": {\r\n      \"name\": \"Standard\"\r\n    },\r\n    \"state\": \"Enabled\",\r\n    \"quota\": {\r\n      \"maxJobCount\": 50,\r\n      \"maxRecurrence\": {\r\n        \"frequency\": \"Minute\",\r\n        \"interval\": 1\r\n      }\r\n    }\r\n  }\r\n}",
      "RequestHeaders": {
        "Content-Type": [
          "application/json; charset=utf-8"
        ],
        "Content-Length": [
          "293"
        ],
        "x-ms-client-request-id": [
          "f24c52eb-dec0-40f4-aaf3-91f204d595fa"
        ],
        "accept-language": [
          "en-US"
        ],
        "User-Agent": [
          "Microsoft.Azure.Management.Scheduler.SchedulerManagementClient/0.9.0.0"
        ]
      },
      "ResponseBody": "{\r\n  \"id\": \"/subscriptions/6c55a6f0-6593-472f-9b3e-a51a9a757b40/resourceGroups/CS-SouthCentralUS-scheduler/providers/Microsoft.Scheduler/jobCollections/jc1\",\r\n  \"type\": \"Microsoft.Scheduler/jobCollections\",\r\n  \"name\": \"jc1\",\r\n  \"location\": \"South Central US\",\r\n  \"properties\": {\r\n    \"sku\": {\r\n      \"name\": \"Standard\"\r\n    },\r\n    \"state\": \"Enabled\",\r\n    \"quota\": {\r\n      \"maxJobCount\": 50,\r\n      \"maxRecurrence\": {\r\n        \"frequency\": \"minute\",\r\n        \"interval\": 1\r\n      }\r\n    }\r\n  }\r\n}",
      "ResponseHeaders": {
        "Content-Length": [
          "377"
        ],
        "Content-Type": [
          "application/json; charset=utf-8"
        ],
        "Expires": [
          "-1"
        ],
        "Pragma": [
          "no-cache"
        ],
        "x-ms-request-id": [
          "a2c15aeb-66cf-4c7f-a98f-ebef551d62eb"
        ],
        "x-ms-ratelimit-remaining-subscription-writes": [
          "1199"
        ],
        "x-ms-correlation-request-id": [
          "4c93141d-c724-41b2-aec8-6c8a97d16448"
        ],
        "x-ms-routing-request-id": [
          "WESTUS:20150804T230429Z:4c93141d-c724-41b2-aec8-6c8a97d16448"
        ],
        "Strict-Transport-Security": [
          "max-age=31536000; includeSubDomains"
        ],
        "Cache-Control": [
          "no-cache"
        ],
        "Date": [
          "Tue, 04 Aug 2015 23:04:28 GMT"
        ],
        "Server": [
          "Microsoft-IIS/8.5"
        ],
        "X-AspNet-Version": [
          "4.0.30319"
        ],
        "X-Powered-By": [
          "ASP.NET"
        ]
      },
      "StatusCode": 201
    },
    {
      "RequestUri": "/subscriptions/6c55a6f0-6593-472f-9b3e-a51a9a757b40/resourceGroups/CS-SouthCentralUS-scheduler/providers/Microsoft.Scheduler/jobCollections/jc1/jobs/j1?api-version=2014-08-01-preview",
      "EncodedRequestUri": "L3N1YnNjcmlwdGlvbnMvNmM1NWE2ZjAtNjU5My00NzJmLTliM2UtYTUxYTlhNzU3YjQwL3Jlc291cmNlR3JvdXBzL0NTLVNvdXRoQ2VudHJhbFVTLXNjaGVkdWxlci9wcm92aWRlcnMvTWljcm9zb2Z0LlNjaGVkdWxlci9qb2JDb2xsZWN0aW9ucy9qYzEvam9icy9qMT9hcGktdmVyc2lvbj0yMDE0LTA4LTAxLXByZXZpZXc=",
      "RequestMethod": "PUT",
      "RequestBody": "{\r\n  \"properties\": {\r\n    \"startTime\": \"2015-07-13T00:00:00Z\",\r\n    \"action\": {\r\n      \"type\": \"StorageQueue\",\r\n      \"queueMessage\": {\r\n        \"storageAccount\": \"schedulersdktest\",\r\n        \"queueName\": \"queue1\",\r\n        \"sasToken\": \"lMyYwRg47zzabQvrL1fl0VtFfFCYi7YV80zAbrqT6H9iyj7N4duNHN0Cf7HecpResRCFtZhoCRrFwTIOwJKLhw==\",\r\n        \"message\": \"some message!\"\r\n      },\r\n      \"retryPolicy\": {\r\n        \"retryType\": \"Fixed\",\r\n        \"retryInterval\": \"00:01:00\",\r\n        \"retryCount\": 2\r\n      },\r\n      \"errorAction\": {\r\n        \"type\": \"Http\",\r\n        \"request\": {\r\n          \"uri\": \"http://www.bing.com/\",\r\n          \"method\": \"GET\"\r\n        }\r\n      }\r\n    },\r\n    \"recurrence\": {\r\n      \"frequency\": \"Week\",\r\n      \"interval\": 1,\r\n      \"count\": 10000,\r\n      \"endTime\": \"2015-10-10T10:10:10Z\"\r\n    },\r\n    \"state\": \"Enabled\"\r\n  }\r\n}",
      "RequestHeaders": {
        "Content-Type": [
          "application/json; charset=utf-8"
        ],
        "Content-Length": [
          "844"
        ],
        "x-ms-client-request-id": [
          "80bf5b69-95a9-43cd-88f8-2c5845be0c9d"
        ],
        "accept-language": [
          "en-US"
        ],
        "User-Agent": [
          "Microsoft.Azure.Management.Scheduler.SchedulerManagementClient/0.9.0.0"
        ]
      },
      "ResponseBody": "{\r\n  \"id\": \"/subscriptions/6c55a6f0-6593-472f-9b3e-a51a9a757b40/resourceGroups/CS-SouthCentralUS-scheduler/providers/Microsoft.Scheduler/jobCollections/jc1/jobs/j1\",\r\n  \"type\": \"Microsoft.Scheduler/jobCollections/jobs\",\r\n  \"name\": \"jc1/j1\",\r\n  \"properties\": {\r\n    \"startTime\": \"2015-07-13T00:00:00Z\",\r\n    \"action\": {\r\n      \"queueMessage\": {\r\n        \"storageAccount\": \"schedulersdktest\",\r\n        \"queueName\": \"queue1\",\r\n        \"message\": \"some message!\"\r\n      },\r\n      \"type\": \"StorageQueue\",\r\n      \"retryPolicy\": {\r\n        \"retryType\": \"fixed\",\r\n        \"retryInterval\": \"00:01:00\",\r\n        \"retryCount\": 2\r\n      },\r\n      \"errorAction\": {\r\n        \"request\": {\r\n          \"uri\": \"http://www.bing.com/\",\r\n          \"method\": \"GET\"\r\n        },\r\n        \"type\": \"Http\"\r\n      }\r\n    },\r\n    \"recurrence\": {\r\n      \"frequency\": \"week\",\r\n      \"count\": 10000,\r\n      \"endTime\": \"2015-10-10T10:10:10Z\",\r\n      \"interval\": 1\r\n    },\r\n    \"state\": \"enabled\",\r\n    \"status\": {\r\n      \"nextExecutionTime\": \"2015-08-10T00:00:00Z\",\r\n      \"executionCount\": 0,\r\n      \"failureCount\": 0,\r\n      \"faultedCount\": 0\r\n    }\r\n  }\r\n}",
      "ResponseHeaders": {
        "Content-Length": [
          "791"
        ],
        "Content-Type": [
          "application/json; charset=utf-8"
        ],
        "Expires": [
          "-1"
        ],
        "Pragma": [
          "no-cache"
        ],
        "x-ms-request-id": [
          "00000000-0000-0000-0000-000000000000"
        ],
        "x-ms-ratelimit-remaining-subscription-writes": [
          "1198"
        ],
        "x-ms-correlation-request-id": [
          "2741426c-51a9-4aad-8018-ab673c2b1aad"
        ],
        "x-ms-routing-request-id": [
          "WESTUS:20150804T230430Z:2741426c-51a9-4aad-8018-ab673c2b1aad"
        ],
        "Strict-Transport-Security": [
          "max-age=31536000; includeSubDomains"
        ],
        "Cache-Control": [
          "no-cache"
        ],
        "Date": [
          "Tue, 04 Aug 2015 23:04:29 GMT"
        ],
        "Server": [
          "Microsoft-IIS/8.5"
        ],
        "X-AspNet-Version": [
          "4.0.30319"
        ],
        "X-Powered-By": [
          "ASP.NET"
        ]
      },
      "StatusCode": 201
    },
    {
      "RequestUri": "/subscriptions/6c55a6f0-6593-472f-9b3e-a51a9a757b40/resourceGroups/CS-SouthCentralUS-scheduler/providers/Microsoft.Scheduler/jobCollections/jc1/jobs/j1?api-version=2014-08-01-preview",
      "EncodedRequestUri": "L3N1YnNjcmlwdGlvbnMvNmM1NWE2ZjAtNjU5My00NzJmLTliM2UtYTUxYTlhNzU3YjQwL3Jlc291cmNlR3JvdXBzL0NTLVNvdXRoQ2VudHJhbFVTLXNjaGVkdWxlci9wcm92aWRlcnMvTWljcm9zb2Z0LlNjaGVkdWxlci9qb2JDb2xsZWN0aW9ucy9qYzEvam9icy9qMT9hcGktdmVyc2lvbj0yMDE0LTA4LTAxLXByZXZpZXc=",
      "RequestMethod": "PATCH",
      "RequestBody": "{\r\n  \"properties\": {\r\n    \"startTime\": \"2015-07-14T00:00:00Z\",\r\n    \"recurrence\": {\r\n      \"frequency\": \"Day\",\r\n      \"interval\": 1\r\n    }\r\n  }\r\n}",
      "RequestHeaders": {
        "Content-Type": [
          "application/json; charset=utf-8"
        ],
        "Content-Length": [
          "146"
        ],
        "x-ms-client-request-id": [
          "68baa165-7502-4f22-90de-e4142ce60e45"
        ],
        "accept-language": [
          "en-US"
        ],
        "User-Agent": [
          "Microsoft.Azure.Management.Scheduler.SchedulerManagementClient/0.9.0.0"
        ]
      },
      "ResponseBody": "{\r\n  \"id\": \"/subscriptions/6c55a6f0-6593-472f-9b3e-a51a9a757b40/resourceGroups/CS-SouthCentralUS-scheduler/providers/Microsoft.Scheduler/jobCollections/jc1/jobs/j1\",\r\n  \"type\": \"Microsoft.Scheduler/jobCollections/jobs\",\r\n  \"name\": \"jc1/j1\",\r\n  \"properties\": {\r\n    \"startTime\": \"2015-07-14T00:00:00Z\",\r\n    \"action\": {\r\n      \"queueMessage\": {\r\n        \"storageAccount\": \"schedulersdktest\",\r\n        \"queueName\": \"queue1\",\r\n        \"message\": \"some message!\"\r\n      },\r\n      \"type\": \"StorageQueue\",\r\n      \"retryPolicy\": {\r\n        \"retryType\": \"fixed\",\r\n        \"retryInterval\": \"00:01:00\",\r\n        \"retryCount\": 2\r\n      },\r\n      \"errorAction\": {\r\n        \"request\": {\r\n          \"uri\": \"http://www.bing.com/\",\r\n          \"method\": \"GET\"\r\n        },\r\n        \"type\": \"Http\"\r\n      }\r\n    },\r\n    \"recurrence\": {\r\n      \"frequency\": \"day\",\r\n      \"count\": 10000,\r\n      \"endTime\": \"2015-10-10T10:10:10Z\",\r\n      \"interval\": 1\r\n    },\r\n    \"state\": \"enabled\",\r\n    \"status\": {\r\n      \"nextExecutionTime\": \"2015-08-05T00:00:00Z\",\r\n      \"executionCount\": 0,\r\n      \"failureCount\": 0,\r\n      \"faultedCount\": 0\r\n    }\r\n  }\r\n}",
      "ResponseHeaders": {
        "Content-Length": [
          "790"
        ],
        "Content-Type": [
          "application/json; charset=utf-8"
        ],
        "Expires": [
          "-1"
        ],
        "Pragma": [
          "no-cache"
        ],
        "x-ms-request-id": [
          "00000000-0000-0000-0000-000000000000"
        ],
        "x-ms-ratelimit-remaining-subscription-writes": [
          "1197"
        ],
        "x-ms-correlation-request-id": [
          "77b2da2a-3dc8-4c18-a6b5-ca8c9665ba39"
        ],
        "x-ms-routing-request-id": [
          "WESTUS:20150804T230431Z:77b2da2a-3dc8-4c18-a6b5-ca8c9665ba39"
        ],
        "Strict-Transport-Security": [
          "max-age=31536000; includeSubDomains"
        ],
        "Cache-Control": [
          "no-cache"
        ],
        "Date": [
          "Tue, 04 Aug 2015 23:04:30 GMT"
        ],
        "Server": [
          "Microsoft-IIS/8.5"
        ],
        "X-AspNet-Version": [
          "4.0.30319"
        ],
        "X-Powered-By": [
          "ASP.NET"
        ]
      },
      "StatusCode": 200
    },
    {
      "RequestUri": "/subscriptions/6c55a6f0-6593-472f-9b3e-a51a9a757b40/resourceGroups/CS-SouthCentralUS-scheduler/providers/Microsoft.Scheduler/jobCollections/jc1?api-version=2014-08-01-preview",
      "EncodedRequestUri": "L3N1YnNjcmlwdGlvbnMvNmM1NWE2ZjAtNjU5My00NzJmLTliM2UtYTUxYTlhNzU3YjQwL3Jlc291cmNlR3JvdXBzL0NTLVNvdXRoQ2VudHJhbFVTLXNjaGVkdWxlci9wcm92aWRlcnMvTWljcm9zb2Z0LlNjaGVkdWxlci9qb2JDb2xsZWN0aW9ucy9qYzE/YXBpLXZlcnNpb249MjAxNC0wOC0wMS1wcmV2aWV3",
      "RequestMethod": "DELETE",
      "RequestBody": "",
      "RequestHeaders": {
        "x-ms-client-request-id": [
          "2004b911-4387-430f-b93f-68e52555d37c"
        ],
        "accept-language": [
          "en-US"
        ],
        "User-Agent": [
          "Microsoft.Azure.Management.Scheduler.SchedulerManagementClient/0.9.0.0"
        ]
      },
      "ResponseBody": "",
      "ResponseHeaders": {
        "Content-Length": [
          "0"
        ],
        "Expires": [
          "-1"
        ],
        "Pragma": [
          "no-cache"
        ],
        "x-ms-request-id": [
          "7404ad70-5e6a-437f-883a-0d5cb2febbb6"
        ],
        "x-ms-ratelimit-remaining-subscription-writes": [
          "1196"
        ],
        "x-ms-correlation-request-id": [
          "a0247ecd-eeb4-426e-a605-2c757d699a90"
        ],
        "x-ms-routing-request-id": [
          "WESTUS:20150804T230434Z:a0247ecd-eeb4-426e-a605-2c757d699a90"
        ],
        "Strict-Transport-Security": [
          "max-age=31536000; includeSubDomains"
        ],
        "Cache-Control": [
          "no-cache"
        ],
        "Date": [
          "Tue, 04 Aug 2015 23:04:33 GMT"
        ],
        "Server": [
          "Microsoft-IIS/8.5"
        ],
        "X-AspNet-Version": [
          "4.0.30319"
        ],
        "X-Powered-By": [
          "ASP.NET"
        ]
      },
      "StatusCode": 200
    }
  ],
  "Names": {},
  "Variables": {
    "SubscriptionId": "6c55a6f0-6593-472f-9b3e-a51a9a757b40"
  }
}